Archive member included to satisfy reference by file (symbol)

c:/program files (x86)/microchip/xc32/v2.30/bin/bin/../../lib/gcc/pic32c/6.2.1/../../../../pic32c/lib/v7e-m/fpv4-sp/hard\libpic32c.a(data_init.o)
                              build/LAN9253_D51_SPI_direct_mode/production/_ext/1171490990/startup_xc32.o (__pic32c_data_initialization)
c:/program files (x86)/microchip/xc32/v2.30/bin/bin/../../lib/gcc/pic32c/6.2.1/../../../../pic32c/lib/v7e-m/fpv4-sp/hard\libc.a(lib_a-init.o)
                              build/LAN9253_D51_SPI_direct_mode/production/_ext/1171490990/startup_xc32.o (__libc_init_array)
c:/program files (x86)/microchip/xc32/v2.30/bin/bin/../../lib/gcc/pic32c/6.2.1/../../../../pic32c/lib/v7e-m/fpv4-sp/hard\libc.a(lib_a-malloc.o)
                              build/LAN9253_D51_SPI_direct_mode/production/_ext/108134065/ecatcoe.o (malloc)
c:/program files (x86)/microchip/xc32/v2.30/bin/bin/../../lib/gcc/pic32c/6.2.1/../../../../pic32c/lib/v7e-m/fpv4-sp/hard\libc.a(lib_a-mallocr.o)
                              c:/program files (x86)/microchip/xc32/v2.30/bin/bin/../../lib/gcc/pic32c/6.2.1/../../../../pic32c/lib/v7e-m/fpv4-sp/hard\libc.a(lib_a-malloc.o) (_malloc_r)
c:/program files (x86)/microchip/xc32/v2.30/bin/bin/../../lib/gcc/pic32c/6.2.1/../../../../pic32c/lib/v7e-m/fpv4-sp/hard\libc.a(lib_a-memcpy-stub.o)
                              build/LAN9253_D51_SPI_direct_mode/production/_ext/1593096446/plib_nvmctrl.o (memcpy)
c:/program files (x86)/microchip/xc32/v2.30/bin/bin/../../lib/gcc/pic32c/6.2.1/../../../../pic32c/lib/v7e-m/fpv4-sp/hard\libc.a(lib_a-memset.o)
                              build/LAN9253_D51_SPI_direct_mode/production/_ext/1671622979/Drivers.o (memset)
c:/program files (x86)/microchip/xc32/v2.30/bin/bin/../../lib/gcc/pic32c/6.2.1/../../../../pic32c/lib/v7e-m/fpv4-sp/hard\libc.a(lib_a-mlock.o)
                              c:/program files (x86)/microchip/xc32/v2.30/bin/bin/../../lib/gcc/pic32c/6.2.1/../../../../pic32c/lib/v7e-m/fpv4-sp/hard\libc.a(lib_a-mallocr.o) (__malloc_lock)
c:/program files (x86)/microchip/xc32/v2.30/bin/bin/../../lib/gcc/pic32c/6.2.1/../../../../pic32c/lib/v7e-m/fpv4-sp/hard\libc.a(lib_a-sbrkr.o)
                              c:/program files (x86)/microchip/xc32/v2.30/bin/bin/../../lib/gcc/pic32c/6.2.1/../../../../pic32c/lib/v7e-m/fpv4-sp/hard\libc.a(lib_a-mallocr.o) (_sbrk_r)
c:/program files (x86)/microchip/xc32/v2.30/bin/bin/../../lib/gcc/pic32c/6.2.1/../../../../pic32c/lib/v7e-m/fpv4-sp/hard\libc.a(lib_a-strlen.o)
                              build/LAN9253_D51_SPI_direct_mode/production/_ext/108134065/objdef.o (strlen)
c:/program files (x86)/microchip/xc32/v2.30/bin/bin/../../lib/gcc/pic32c/6.2.1/../../../../pic32c/lib/v7e-m/fpv4-sp/hard\libc.a(lib_a-freer.o)
                              c:/program files (x86)/microchip/xc32/v2.30/bin/bin/../../lib/gcc/pic32c/6.2.1/../../../../pic32c/lib/v7e-m/fpv4-sp/hard\libc.a(lib_a-malloc.o) (_free_r)
c:/program files (x86)/microchip/xc32/v2.30/bin/bin/../../lib/gcc/pic32c/6.2.1/../../../../pic32c/lib/v7e-m/fpv4-sp/hard\libc.a(lib_a-impure.o)
                              c:/program files (x86)/microchip/xc32/v2.30/bin/bin/../../lib/gcc/pic32c/6.2.1/../../../../pic32c/lib/v7e-m/fpv4-sp/hard\libc.a(lib_a-malloc.o) (_impure_ptr)
c:/program files (x86)/microchip/xc32/v2.30/bin/bin/../../lib/gcc/pic32c/6.2.1/../../../../pic32c/lib/v7e-m/fpv4-sp/hard\libc.a(lib_a-reent.o)
                              c:/program files (x86)/microchip/xc32/v2.30/bin/bin/../../lib/gcc/pic32c/6.2.1/../../../../pic32c/lib/v7e-m/fpv4-sp/hard\libc.a(lib_a-sbrkr.o) (errno)
c:/program files (x86)/microchip/xc32/v2.30/bin/bin/../../lib/gcc/pic32c/6.2.1/../../../../pic32c/lib/v7e-m/fpv4-sp/hard\libpic32c.a(sbrk.o)
                              c:/program files (x86)/microchip/xc32/v2.30/bin/bin/../../lib/gcc/pic32c/6.2.1/../../../../pic32c/lib/v7e-m/fpv4-sp/hard\libc.a(lib_a-sbrkr.o) (_sbrk)

Allocating common symbols
Common symbol       size              file

b3BufferMode        0x1               build/LAN9253_D51_SPI_direct_mode/production/_ext/108134065/ecatslv.o
nEcatStateTrans     0x2               build/LAN9253_D51_SPI_direct_mode/production/_ext/108134065/ecatslv.o
EcatWdCounter       0x2               build/LAN9253_D51_SPI_direct_mode/production/_ext/108134065/ecatslv.o
sSendEmcyQueue      0x10              build/LAN9253_D51_SPI_direct_mode/production/_ext/108134065/emcy.o
bApplEsmPending     0x1               build/LAN9253_D51_SPI_direct_mode/production/_ext/108134065/ecatslv.o
pCoeSendStored      0x4               build/LAN9253_D51_SPI_direct_mode/production/_ext/108134065/ecatcoe.o
pAPPL_EEPROM_Store  0x4               build/LAN9253_D51_SPI_direct_mode/production/_ext/108134065/ecatappl.o
nSdoInfoIndex       0x2               build/LAN9253_D51_SPI_direct_mode/production/_ext/108134065/sdoserv.o
pStoreData          0x4               build/LAN9253_D51_SPI_direct_mode/production/_ext/108134065/sdoserv.o
[...]
Memory Configuration

Name             Origin             Length             Attributes
rom              0x00000000         0x00080000         xrl
ram              0x20000000         0x00030000         xw !r
config_00804000  0x00804000         0x00000004
config_00804008  0x00804008         0x00000004
config_00804004  0x00804004         0x00000004
*default*        0x00000000         0xffffffff

Linker script and memory map

LOAD c:/program files (x86)/microchip/xc32/v2.30/bin/bin/../../lib/gcc/pic32c/6.2.1/v7e-m/fpv4-sp/hard/crti.o
LOAD c:/program files (x86)/microchip/xc32/v2.30/bin/bin/../../lib/gcc/pic32c/6.2.1/v7e-m/fpv4-sp/hard/crtbegin.o
LOAD build/LAN9253_D51_SPI_direct_mode/production/_ext/2070931557/drv_spi.o
LOAD build/LAN9253_D51_SPI_direct_mode/production/_ext/1984496892/plib_clock.o
LOAD build/LAN9253_D51_SPI_direct_mode/production/_ext/1865131932/plib_cmcc.o
LOAD build/LAN9253_D51_SPI_direct_mode/production/_ext/1865161661/plib_dmac.o
LOAD build/LAN9253_D51_SPI_direct_mode/production/_ext/60167341/plib_eic.o
LOAD build/LAN9253_D51_SPI_direct_mode/production/_ext/1986646378/plib_evsys.o
LOAD build/LAN9253_D51_SPI_direct_mode/production/_ext/1865468468/plib_nvic.o
LOAD build/LAN9253_D51_SPI_direct_mode/production/_ext/1593096446/plib_nvmctrl.o
LOAD build/LAN9253_D51_SPI_direct_mode/production/_ext/1865521619/plib_port.o
LOAD build/LAN9253_D51_SPI_direct_mode/production/_ext/1865555181/plib_qspi_spi.o
LOAD build/LAN9253_D51_SPI_direct_mode/production/_ext/1865555181/plib_qspi.o
LOAD build/LAN9253_D51_SPI_direct_mode/production/_ext/1827571544/plib_systick.o
LOAD build/LAN9253_D51_SPI_direct_mode/production/_ext/163028504/xc32_monitor.o
LOAD build/LAN9253_D51_SPI_direct_mode/production/_ext/1014039709/sys_cache.o
LOAD build/LAN9253_D51_SPI_direct_mode/production/_ext/14461671/sys_dma.o
LOAD build/LAN9253_D51_SPI_direct_mode/production/_ext/1881668453/sys_int.o
LOAD build/LAN9253_D51_SPI_direct_mode/production/_ext/1171490990/exceptions.o
LOAD build/LAN9253_D51_SPI_direct_mode/production/_ext/1171490990/initialization.o
LOAD build/LAN9253_D51_SPI_direct_mode/production/_ext/1171490990/interrupts.o
LOAD build/LAN9253_D51_SPI_direct_mode/production/_ext/1171490990/libc_syscalls.o
LOAD build/LAN9253_D51_SPI_direct_mode/production/_ext/1171490990/startup_xc32.o
LOAD build/LAN9253_D51_SPI_direct_mode/production/_ext/1171490990/tasks.o
LOAD build/LAN9253_D51_SPI_direct_mode/production/_ext/1671622979/Drivers.o
LOAD build/LAN9253_D51_SPI_direct_mode/production/_ext/108147519/ESC_Utils.o
LOAD build/LAN9253_D51_SPI_direct_mode/production/_ext/108147519/LAN925x.o
LOAD build/LAN9253_D51_SPI_direct_mode/production/_ext/108134065/bootmode.o
LOAD build/LAN9253_D51_SPI_direct_mode/production/_ext/108134065/coeappl.o
LOAD build/LAN9253_D51_SPI_direct_mode/production/_ext/108134065/ecatappl.o
LOAD build/LAN9253_D51_SPI_direct_mode/production/_ext/108134065/ecatcoe.o
LOAD build/LAN9253_D51_SPI_direct_mode/production/_ext/108134065/ecatfoe.o
LOAD build/LAN9253_D51_SPI_direct_mode/production/_ext/108134065/ecatslv.o
LOAD build/LAN9253_D51_SPI_direct_mode/production/_ext/108134065/emcy.o
LOAD build/LAN9253_D51_SPI_direct_mode/production/_ext/108134065/foeappl.o
LOAD build/LAN9253_D51_SPI_direct_mode/production/_ext/108134065/mailbox.o
LOAD build/LAN9253_D51_SPI_direct_mode/production/_ext/108134065/objdef.o
LOAD build/LAN9253_D51_SPI_direct_mode/production/_ext/108134065/sample_app.o
LOAD build/LAN9253_D51_SPI_direct_mode/production/_ext/108134065/sdoserv.o
LOAD build/LAN9253_D51_SPI_direct_mode/production/_ext/1360937237/main.o
LOAD build/LAN9253_D51_SPI_direct_mode/production/_ext/1360937237/app.o
LOAD build/LAN9253_D51_SPI_direct_mode/production/_ext/1360937237/Developer_Test.o
                0x00000001                __MPLAB_BUILD = 0x1
                0x00000200                _min_heap_size = 0x200
START GROUP
LOAD c:/program files (x86)/microchip/xc32/v2.30/bin/bin/../../lib/gcc/pic32c/6.2.1/../../../../pic32c/lib/v7e-m/fpv4-sp/hard\libpic32c.a
LOAD c:/program files (x86)/microchip/xc32/v2.30/bin/bin/../../lib/gcc/pic32c/6.2.1/v7e-m/fpv4-sp/hard\libgcc.a
LOAD c:/program files (x86)/microchip/xc32/v2.30/bin/bin/../../lib/gcc/pic32c/6.2.1/../../../../pic32c/lib/v7e-m/fpv4-sp/hard\libc.a
LOAD c:/program files (x86)/microchip/xc32/v2.30/bin/bin/../../lib/gcc/pic32c/6.2.1/../../../../pic32c/lib/v7e-m/fpv4-sp/hard\libm.a
END GROUP
LOAD c:/program files (x86)/microchip/xc32/v2.30/bin/bin/../../lib/gcc/pic32c/6.2.1/v7e-m/fpv4-sp/hard/crtend.o
LOAD c:/program files (x86)/microchip/xc32/v2.30/bin/bin/../../lib/gcc/pic32c/6.2.1/v7e-m/fpv4-sp/hard/crtn.o
                0x00080000                __rom_end = (ORIGIN (rom) + LENGTH (rom))
                0x20030000                __ram_end = (ORIGIN (ram) + LENGTH (ram))

.config_00804000
 *(.config_00804000)

.config_00804008
 *(.config_00804008)

.config_00804004
 *(.config_00804004)

.vectors        0x00000000      0x260
                0x00000000                . = ALIGN (0x4)
                0x00000000                _sfixed = .
 *(.vectors .vectors.* .vectors_default .vectors_default.*)
 .vectors       0x00000000      0x260 build/LAN9253_D51_SPI_direct_mode/production/_ext/1171490990/interrupts.o
                0x00000000                exception_table
 *(.isr_vector)
 *(.reset*)
 *(.after_vectors)

.text           0x00000260       0x20
                0x00000260                . = ALIGN (0x4)
 *(.glue_7t)
 .glue_7t       0x00000260        0x0 linker stubs
 *(.glue_7)
 .glue_7        0x00000260        0x0 linker stubs
 *(.gnu.linkonce.r.*)
 *(.ARM.extab* .gnu.linkonce.armextab.*)
                0x00000260                . = ALIGN (0x4)
 *(.init)
 .init          0x00000260        0x4 c:/program files (x86)/microchip/xc32/v2.30/bin/bin/../../lib/gcc/pic32c/6.2.1/v7e-m/fpv4-sp/hard/crti.o
                0x00000260                _init
 .init          0x00000264        0x8 c:/program files (x86)/microchip/xc32/v2.30/bin/bin/../../lib/gcc/pic32c/6.2.1/v7e-m/fpv4-sp/hard/crtn.o
                0x0000026c                . = ALIGN (0x4)
                0x0000026c                __preinit_array_start = .
 *(.preinit_array)
                0x0000026c                __preinit_array_end = .
                0x0000026c                . = ALIGN (0x4)
                0x0000026c                __init_array_start = .
 *(SORT(.init_array.*))
 *(.init_array)
 .init_array    0x0000026c        0x4 c:/program files (x86)/microchip/xc32/v2.30/bin/bin/../../lib/gcc/pic32c/6.2.1/v7e-m/fpv4-sp/hard/crtbegin.o
                0x00000270                __init_array_end = .
                0x00000270                . = ALIGN (0x4)
 *crtbegin.o(.ctors)
 *(EXCLUDE_FILE(*crtend.o) .ctors)
 *(SORT(.ctors.*))
 *crtend.o(.ctors)
                0x00000270                . = ALIGN (0x4)
 *(.fini)
 .fini          0x00000270        0x4 c:/program files (x86)/microchip/xc32/v2.30/bin/bin/../../lib/gcc/pic32c/6.2.1/v7e-m/fpv4-sp/hard/crti.o
                0x00000270                _fini
 .fini          0x00000274        0x8 c:/program files (x86)/microchip/xc32/v2.30/bin/bin/../../lib/gcc/pic32c/6.2.1/v7e-m/fpv4-sp/hard/crtn.o
                0x0000027c                . = ALIGN (0x4)
                0x0000027c                __fini_array_start = .
 *(.fini_array)
 .fini_array    0x0000027c        0x4 c:/program files (x86)/microchip/xc32/v2.30/bin/bin/../../lib/gcc/pic32c/6.2.1/v7e-m/fpv4-sp/hard/crtbegin.o
 *(SORT(.fini_array.*))
                0x00000280                __fini_array_end = .
 *crtbegin.o(.dtors)
 *(EXCLUDE_FILE(*crtend.o) .dtors)
 *(SORT(.dtors.*))
 *crtend.o(.dtors)
                0x00000280                . = ALIGN (0x4)
                0x00000280                _efixed = .
                [!provide]                PROVIDE (__exidx_start, .)

.ARM.exidx
 *(.ARM.exidx* .gnu.linkonce.armexidx.*)
                [!provide]                PROVIDE (__exidx_end, .)
                0x00000280                . = ALIGN (0x4)
                0x00000280                _etext = .

.bss            0x20000000     0x359c
                0x20000000                . = ALIGN (0x4)
                0x20000000                __bss_start__ = .
                0x20000000                _sbss = .
                0x20000000                _szero = .
 *(COMMON)
 COMMON         0x20000000       0x20 build/LAN9253_D51_SPI_direct_mode/production/_ext/1865161661/plib_dmac.o
                0x20000000                dmacChannelObj
 COMMON         0x20000020       0xc0 build/LAN9253_D51_SPI_direct_mode/production/_ext/60167341/plib_eic.o
                0x20000020                eicCallbackObject
 COMMON         0x200000e0       0x28 build/LAN9253_D51_SPI_direct_mode/production/_ext/1865555181/plib_qspi_spi.o
                0x200000e0                qspiObj
 COMMON         0x20000108        0xc build/LAN9253_D51_SPI_direct_mode/production/_ext/1827571544/plib_systick.o
                0x20000108                systick
 COMMON         0x20000114        0x2 build/LAN9253_D51_SPI_direct_mode/production/_ext/108147519/LAN925x.o
                0x20000114                gEscALEvent
 *fill*         0x20000116        0x2 
 COMMON         0x20000118        0x8 build/LAN9253_D51_SPI_direct_mode/production/_ext/108134065/coeappl.o
                0x20000118                u32LastDc32Value
                0x2000011c                u32CheckForDcOverrunCnt
 COMMON         0x20000120     0x1258 build/LAN9253_D51_SPI_direct_mode/production/_ext/108134065/ecatappl.o
                0x20000120                pAPPL_EEPROM_Store
                0x20000124                bMinCycleTimeMeasurementStarted
                0x20000128                u32CycleTimeStartValue
                0x2000012c                pAPPL_EEPROM_Read
                0x20000130                pAPPL_EEPROM_Write
                0x20000134                bRunApplication
                0x20000138                u32SystemTimeReadFailure
                0x2000013c                bEcatWaitForInputUpdate
                0x20000140                u32MinCycleTimeValue
                0x20000144                aPdOutputData
                0x20000a44                pAPPL_FoeError
                0x20000a48                u16EepromStoreTimeoutCounter
                0x20000a4a                EepromReadSize
                0x20000a4c                pAPPL_FoeReadData
                0x20000a50                pAPPL_MainLoop
                0x20000a54                bEtherCATErrorLed
                0x20000a58                u32MinCycleTimeStartValue
                0x20000a5c                aPdInputData
                0x2000135c                pEEPROM
                0x20001360                bEtherCATRunLed
                0x20001364                pAPPL_FoeWriteData
                0x20001368                pAPPL_EEPROM_Reload
                0x2000136c                pAPPL_FoeRead
                0x20001370                u16EepromStoreTimeoutValue
                0x20001374                pAPPL_FoeWrite
 COMMON         0x20001378        0x4 build/LAN9253_D51_SPI_direct_mode/production/_ext/108134065/ecatcoe.o
                0x20001378                pCoeSendStored
 COMMON         0x2000137c       0x16 build/LAN9253_D51_SPI_direct_mode/production/_ext/108134065/ecatfoe.o
                0x2000137c                u32FileOffset
                0x20001380                u16FileAccessState
                0x20001384                u32PacketNo
                0x20001388                pFoeSendStored
                0x2000138c                u32LastFileOffset
                0x20001390                u16FoeMaxSendBlockSize
 *fill*         0x20001392        0x2 
 COMMON         0x20001394       0x52 build/LAN9253_D51_SPI_direct_mode/production/_ext/108134065/ecatslv.o
                0x20001394                b3BufferMode
                0x20001396                nEcatStateTrans
                0x20001398                EcatWdCounter
                0x2000139a                bApplEsmPending
                0x2000139b                nAlStatus
                0x2000139c                nPdOutputSize
                0x2000139e                u16LocalErrorCode
                0x200013a0                Sync0WdCounter
                0x200013a2                bLocalErrorFlag
                0x200013a4                LatchInputSync0Counter
                0x200013a6                i16WaitForPllRunningCnt
                0x200013a8                nEscAddrOutputData
                0x200013aa                Sync0WdValue
                0x200013ac                u8EcatRunLed
                0x200013ae                i16WaitForPllRunningTimeout
                0x200013b0                Sync1WdValue
                0x200013b2                u16ALEventMask
                0x200013b4                bDcRunning
                0x200013b8                u32dummy
                0x200013bc                SyncManInfo
                0x200013c4                b32BitDc
                0x200013c6                LatchInputSync0Value
                0x200013c8                bEcatWaitForAlControlRes
                0x200013ca                nPdInputSize
                0x200013cc                u16SmSync0Value
                0x200013ce                nMaxEscAddress
                0x200013d0                bEcatFirstOutputsReceived
                0x200013d1                bSmSyncSequenceValid
                0x200013d2                EsmTimeoutCounter
                0x200013d4                bBootMode
                0x200013d5                bDcSyncActive
                0x200013d6                bEcatOutputUpdateRunning
                0x200013d8                Sync1WdCounter
                0x200013da                EcatWdValue
                0x200013dc                bEcatInputUpdateRunning
                0x200013dd                bEscIntEnabled
                0x200013de                bWdTrigger
                0x200013e0                u16SmSync0Counter
                0x200013e2                nMaxSyncMan
                0x200013e3                u8EcatErrorLed
                0x200013e4                nEscAddrInputData
 *fill*         0x200013e6        0x2 
 COMMON         0x200013e8       0x28 build/LAN9253_D51_SPI_direct_mode/production/_ext/108134065/emcy.o
                0x200013e8                sSendEmcyQueue
                0x200013f8                asEmcy
                0x20001400                sEmptyEmcyQueue
 COMMON         0x20001410       0x94 build/LAN9253_D51_SPI_direct_mode/production/_ext/108134065/mailbox.o
                0x20001410                u8MbxReadCounter
                0x20001414                sMbxSendQueue
                0x20001448                sMbxReceiveQueue
                0x2000147c                bNoMbxMemoryAvailable
                0x2000147d                bSendMbxIsFull
                0x2000147e                bMbxRunning
                0x20001480                u16EscAddrReceiveMbx
                0x20001484                psStoreMbx
                0x20001488                u16SendMbxSize
                0x2000148c                psReadMbx
                0x20001490                bReceiveMbxIsLocked
                0x20001492                u16EscAddrSendMbx
                0x20001494                psWriteMbx
                0x20001498                u8MbxWriteCounter
                0x20001499                u8MailboxSendReqStored
                0x2000149a                u16ReceiveMbxSize
                0x2000149c                bMbxRepeatToggle
                0x200014a0                psRepeatMbx
 COMMON         0x200014a4       0x8c build/LAN9253_D51_SPI_direct_mode/production/_ext/108134065/objdef.o
                0x200014a4                sSyncManInPar
                0x200014e8                sSyncManOutPar
                0x2000152c                bSyncSetByUser
                0x2000152e                sCycleDiag
 COMMON         0x20001530     0x2016 build/LAN9253_D51_SPI_direct_mode/production/_ext/108134065/sample_app.o
                0x20001530                aFileData
                0x20003530                aFileName
 *fill*         0x20003546        0x2 
 COMMON         0x20003548       0x4d build/LAN9253_D51_SPI_direct_mode/production/_ext/108134065/sdoserv.o
                0x20003548                nSdoInfoIndex
                0x2000354c                pStoreData
                0x20003550                nSdoSegBytesToHandle
                0x20003554                bSdoSegAccess
                0x20003555                bSdoSegFollows
                0x20003558                nSdoSegCompleteSize
                0x2000355c                pSdoPendFunc
                0x20003560                u8PendingSdo
                0x20003561                bStoreCompleteAccess
                0x20003562                bSdoSegLastToggle
                0x20003563                nSdoSegService
                0x20003564                pSdoInfoObjEntry
                0x20003568                nSdoInfoFragmentsLeft
                0x2000356c                pSdoResStored
                0x20003570                u32StoreDataSize
                0x20003574                pSdoSegData
                0x20003578                nSdoSegIndex
                0x2000357c                aSdoInfoHeader
                0x2000358c                pSdoSegObjEntry
                0x20003590                nSdoSegSubindex
                0x20003592                u16StoreIndex
                0x20003594                u8StoreSubindex
 COMMON         0x20003595        0x1 build/LAN9253_D51_SPI_direct_mode/production/_ext/1360937237/app.o
                0x20003595                appData
 *fill*         0x20003596        0x2 
 COMMON         0x20003598        0x4 c:/program files (x86)/microchip/xc32/v2.30/bin/bin/../../lib/gcc/pic32c/6.2.1/../../../../pic32c/lib/v7e-m/fpv4-sp/hard\libc.a(lib_a-reent.o)
                0x20003598                errno
                0x2000359c                . = ALIGN (0x4)
                0x2000359c                __bss_end__ = .
                0x2000359c                _ebss = .
                0x2000359c                _ezero = .
                0x2000359c                . = ALIGN (0x4)
                0x2000359c                _end = .
                0x2002ffff                _ram_end_ = ((ORIGIN (ram) + LENGTH (ram)) - 0x1)
OUTPUT(dist/LAN9253_D51_SPI_direct_mode/production/ESF_EVB_LAN9253.production.elf elf32-littlearm)
LOAD stack
LOAD data_init

.ARM.attributes
                0x00000000       0x30
 .ARM.attributes
                0x00000000       0x22 c:/program files (x86)/microchip/xc32/v2.30/bin/bin/../../lib/gcc/pic32c/6.2.1/v7e-m/fpv4-sp/hard/crti.o
 .ARM.attributes
                0x00000022       0x34 c:/program files (x86)/microchip/xc32/v2.30/bin/bin/../../lib/gcc/pic32c/6.2.1/v7e-m/fpv4-sp/hard/crtbegin.o
 .ARM.attributes
                0x00000056       0x39 build/LAN9253_D51_SPI_direct_mode/production/_ext/1984496892/plib_clock.o
 .ARM.attributes
                0x0000008f       0x39 build/LAN9253_D51_SPI_direct_mode/production/_ext/1865161661/plib_dmac.o
 .ARM.attributes
                0x000000c8       0x39 build/LAN9253_D51_SPI_direct_mode/production/_ext/60167341/plib_eic.o
 .ARM.attributes
                0x00000101       0x39 build/LAN9253_D51_SPI_direct_mode/production/_ext/1986646378/plib_evsys.o
 .ARM.attributes
                0x0000013a       0x39 build/LAN9253_D51_SPI_direct_mode/production/_ext/1865468468/plib_nvic.o
 .ARM.attributes
                0x00000173       0x39 build/LAN9253_D51_SPI_direct_mode/production/_ext/1593096446/plib_nvmctrl.o
 .ARM.attributes
                0x000001ac       0x39 build/LAN9253_D51_SPI_direct_mode/production/_ext/1865521619/plib_port.o
 .ARM.attributes
                0x000001e5       0x39 build/LAN9253_D51_SPI_direct_mode/production/_ext/1865555181/plib_qspi_spi.o
 .ARM.attributes
                0x0000021e       0x39 build/LAN9253_D51_SPI_direct_mode/production/_ext/1827571544/plib_systick.o
 .ARM.attributes
                0x00000257       0x39 build/LAN9253_D51_SPI_direct_mode/production/_ext/1171490990/exceptions.o
 .ARM.attributes
                0x00000290       0x39 build/LAN9253_D51_SPI_direct_mode/production/_ext/1171490990/initialization.o
 .ARM.attributes
                0x000002c9       0x39 build/LAN9253_D51_SPI_direct_mode/production/_ext/1171490990/interrupts.o
 .ARM.attributes
                0x00000302       0x39 build/LAN9253_D51_SPI_direct_mode/production/_ext/1171490990/startup_xc32.o
 .ARM.attributes
                0x0000033b       0x39 build/LAN9253_D51_SPI_direct_mode/production/_ext/1171490990/tasks.o
 .ARM.attributes
                0x00000374       0x39 build/LAN9253_D51_SPI_direct_mode/production/_ext/1671622979/Drivers.o
 .ARM.attributes
                0x000003ad       0x39 build/LAN9253_D51_SPI_direct_mode/production/_ext/108147519/ESC_Utils.o
 .ARM.attributes
                0x000003e6       0x39 build/LAN9253_D51_SPI_direct_mode/production/_ext/108147519/LAN925x.o
 .ARM.attributes
                0x0000041f       0x39 build/LAN9253_D51_SPI_direct_mode/production/_ext/108134065/bootmode.o
 .ARM.attributes
                0x00000458       0x39 build/LAN9253_D51_SPI_direct_mode/production/_ext/108134065/coeappl.o
 .ARM.attributes
                0x00000491       0x39 build/LAN9253_D51_SPI_direct_mode/production/_ext/108134065/ecatappl.o
 .ARM.attributes
                0x000004ca       0x39 build/LAN9253_D51_SPI_direct_mode/production/_ext/108134065/ecatcoe.o
 .ARM.attributes
                0x00000503       0x39 build/LAN9253_D51_SPI_direct_mode/production/_ext/108134065/ecatfoe.o
 .ARM.attributes
                0x0000053c       0x39 build/LAN9253_D51_SPI_direct_mode/production/_ext/108134065/ecatslv.o
 .ARM.attributes
                0x00000575       0x39 build/LAN9253_D51_SPI_direct_mode/production/_ext/108134065/emcy.o
 .ARM.attributes
                0x000005ae       0x39 build/LAN9253_D51_SPI_direct_mode/production/_ext/108134065/foeappl.o
 .ARM.attributes
                0x000005e7       0x39 build/LAN9253_D51_SPI_direct_mode/production/_ext/108134065/mailbox.o
 .ARM.attributes
                0x00000620       0x39 build/LAN9253_D51_SPI_direct_mode/production/_ext/108134065/objdef.o
 .ARM.attributes
                0x00000659       0x39 build/LAN9253_D51_SPI_direct_mode/production/_ext/108134065/sample_app.o
 .ARM.attributes
                0x00000692       0x39 build/LAN9253_D51_SPI_direct_mode/production/_ext/108134065/sdoserv.o
 .ARM.attributes
                0x000006cb       0x39 build/LAN9253_D51_SPI_direct_mode/production/_ext/1360937237/main.o
 .ARM.attributes
                0x00000704       0x39 build/LAN9253_D51_SPI_direct_mode/production/_ext/1360937237/app.o
 .ARM.attributes
                0x0000073d       0x34 c:/program files (x86)/microchip/xc32/v2.30/bin/bin/../../lib/gcc/pic32c/6.2.1/../../../../pic32c/lib/v7e-m/fpv4-sp/hard\libpic32c.a(data_init.o)
 .ARM.attributes
                0x00000771       0x34 c:/program files (x86)/microchip/xc32/v2.30/bin/bin/../../lib/gcc/pic32c/6.2.1/../../../../pic32c/lib/v7e-m/fpv4-sp/hard\libc.a(lib_a-init.o)
 .ARM.attributes
                0x000007a5       0x34 c:/program files (x86)/microchip/xc32/v2.30/bin/bin/../../lib/gcc/pic32c/6.2.1/../../../../pic32c/lib/v7e-m/fpv4-sp/hard\libc.a(lib_a-malloc.o)
 .ARM.attributes
                0x000007d9       0x34 c:/program files (x86)/microchip/xc32/v2.30/bin/bin/../../lib/gcc/pic32c/6.2.1/../../../../pic32c/lib/v7e-m/fpv4-sp/hard\libc.a(lib_a-mallocr.o)
 .ARM.attributes
                0x0000080d       0x34 c:/program files (x86)/microchip/xc32/v2.30/bin/bin/../../lib/gcc/pic32c/6.2.1/../../../../pic32c/lib/v7e-m/fpv4-sp/hard\libc.a(lib_a-memcpy-stub.o)
 .ARM.attributes
                0x00000841       0x34 c:/program files (x86)/microchip/xc32/v2.30/bin/bin/../../lib/gcc/pic32c/6.2.1/../../../../pic32c/lib/v7e-m/fpv4-sp/hard\libc.a(lib_a-memset.o)
 .ARM.attributes
                0x00000875       0x34 c:/program files (x86)/microchip/xc32/v2.30/bin/bin/../../lib/gcc/pic32c/6.2.1/../../../../pic32c/lib/v7e-m/fpv4-sp/hard\libc.a(lib_a-mlock.o)
 .ARM.attributes
                0x000008a9       0x34 c:/program files (x86)/microchip/xc32/v2.30/bin/bin/../../lib/gcc/pic32c/6.2.1/../../../../pic32c/lib/v7e-m/fpv4-sp/hard\libc.a(lib_a-sbrkr.o)
 .ARM.attributes
                0x000008dd       0x1b c:/program files (x86)/microchip/xc32/v2.30/bin/bin/../../lib/gcc/pic32c/6.2.1/../../../../pic32c/lib/v7e-m/fpv4-sp/hard\libc.a(lib_a-strlen.o)
 .ARM.attributes
                0x000008f8       0x34 c:/program files (x86)/microchip/xc32/v2.30/bin/bin/../../lib/gcc/pic32c/6.2.1/../../../../pic32c/lib/v7e-m/fpv4-sp/hard\libc.a(lib_a-freer.o)
 .ARM.attributes
                0x0000092c       0x34 c:/program files (x86)/microchip/xc32/v2.30/bin/bin/../../lib/gcc/pic32c/6.2.1/../../../../pic32c/lib/v7e-m/fpv4-sp/hard\libc.a(lib_a-impure.o)
 .ARM.attributes
                0x00000960       0x34 c:/program files (x86)/microchip/xc32/v2.30/bin/bin/../../lib/gcc/pic32c/6.2.1/../../../../pic32c/lib/v7e-m/fpv4-sp/hard\libc.a(lib_a-reent.o)
 .ARM.attributes
                0x00000994       0x34 c:/program files (x86)/microchip/xc32/v2.30/bin/bin/../../lib/gcc/pic32c/6.2.1/../../../../pic32c/lib/v7e-m/fpv4-sp/hard\libpic32c.a(sbrk.o)
 .ARM.attributes
                0x000009c8       0x22 c:/program files (x86)/microchip/xc32/v2.30/bin/bin/../../lib/gcc/pic32c/6.2.1/v7e-m/fpv4-sp/hard/crtn.o

.comment        0x00000000       0x3c
 .comment       0x00000000       0x3c c:/program files (x86)/microchip/xc32/v2.30/bin/bin/../../lib/gcc/pic32c/6.2.1/v7e-m/fpv4-sp/hard/crtbegin.o
                                 0x3d (size before relaxing)
 .comment       0x0000003c       0x3d build/LAN9253_D51_SPI_direct_mode/production/_ext/1984496892/plib_clock.o
 .comment       0x0000003c       0x3d build/LAN9253_D51_SPI_direct_mode/production/_ext/1865161661/plib_dmac.o
 .comment       0x0000003c       0x3d build/LAN9253_D51_SPI_direct_mode/production/_ext/60167341/plib_eic.o
 .comment       0x0000003c       0x3d build/LAN9253_D51_SPI_direct_mode/production/_ext/1986646378/plib_evsys.o
 .comment       0x0000003c       0x3d build/LAN9253_D51_SPI_direct_mode/production/_ext/1865468468/plib_nvic.o
 .comment       0x0000003c       0x3d build/LAN9253_D51_SPI_direct_mode/production/_ext/1593096446/plib_nvmctrl.o
 .comment       0x0000003c       0x3d build/LAN9253_D51_SPI_direct_mode/production/_ext/1865521619/plib_port.o
 .comment       0x0000003c       0x3d build/LAN9253_D51_SPI_direct_mode/production/_ext/1865555181/plib_qspi_spi.o
 .comment       0x0000003c       0x3d build/LAN9253_D51_SPI_direct_mode/production/_ext/1827571544/plib_systick.o
 .comment       0x0000003c       0x3d build/LAN9253_D51_SPI_direct_mode/production/_ext/1171490990/exceptions.o
 .comment       0x0000003c       0x3d build/LAN9253_D51_SPI_direct_mode/production/_ext/1171490990/initialization.o
 .comment       0x0000003c       0x3d build/LAN9253_D51_SPI_direct_mode/production/_ext/1171490990/interrupts.o
 .comment       0x0000003c       0x3d build/LAN9253_D51_SPI_direct_mode/production/_ext/1171490990/startup_xc32.o
 .comment       0x0000003c       0x3d build/LAN9253_D51_SPI_direct_mode/production/_ext/1171490990/tasks.o
 .comment       0x0000003c       0x3d build/LAN9253_D51_SPI_direct_mode/production/_ext/1671622979/Drivers.o
 .comment       0x0000003c       0x3d build/LAN9253_D51_SPI_direct_mode/production/_ext/108147519/ESC_Utils.o
 .comment       0x0000003c       0x3d build/LAN9253_D51_SPI_direct_mode/production/_ext/108147519/LAN925x.o
 .comment       0x0000003c       0x3d build/LAN9253_D51_SPI_direct_mode/production/_ext/108134065/bootmode.o
 .comment       0x0000003c       0x3d build/LAN9253_D51_SPI_direct_mode/production/_ext/108134065/coeappl.o
 .comment       0x0000003c       0x3d build/LAN9253_D51_SPI_direct_mode/production/_ext/108134065/ecatappl.o
 .comment       0x0000003c       0x3d build/LAN9253_D51_SPI_direct_mode/production/_ext/108134065/ecatcoe.o
 .comment       0x0000003c       0x3d build/LAN9253_D51_SPI_direct_mode/production/_ext/108134065/ecatfoe.o
 .comment       0x0000003c       0x3d build/LAN9253_D51_SPI_direct_mode/production/_ext/108134065/ecatslv.o
 .comment       0x0000003c       0x3d build/LAN9253_D51_SPI_direct_mode/production/_ext/108134065/emcy.o
 .comment       0x0000003c       0x3d build/LAN9253_D51_SPI_direct_mode/production/_ext/108134065/foeappl.o
 .comment       0x0000003c       0x3d build/LAN9253_D51_SPI_direct_mode/production/_ext/108134065/mailbox.o
 .comment       0x0000003c       0x3d build/LAN9253_D51_SPI_direct_mode/production/_ext/108134065/objdef.o
 .comment       0x0000003c       0x3d build/LAN9253_D51_SPI_direct_mode/production/_ext/108134065/sample_app.o
 .comment       0x0000003c       0x3d build/LAN9253_D51_SPI_direct_mode/production/_ext/108134065/sdoserv.o
 .comment       0x0000003c       0x3d build/LAN9253_D51_SPI_direct_mode/production/_ext/1360937237/main.o
 .comment       0x0000003c       0x3d build/LAN9253_D51_SPI_direct_mode/production/_ext/1360937237/app.o
 .comment       0x0000003c       0x3d c:/program files (x86)/microchip/xc32/v2.30/bin/bin/../../lib/gcc/pic32c/6.2.1/../../../../pic32c/lib/v7e-m/fpv4-sp/hard\libpic32c.a(data_init.o)
 .comment       0x0000003c       0x3d c:/program files (x86)/microchip/xc32/v2.30/bin/bin/../../lib/gcc/pic32c/6.2.1/../../../../pic32c/lib/v7e-m/fpv4-sp/hard\libc.a(lib_a-init.o)
 .comment       0x0000003c       0x3d c:/program files (x86)/microchip/xc32/v2.30/bin/bin/../../lib/gcc/pic32c/6.2.1/../../../../pic32c/lib/v7e-m/fpv4-sp/hard\libc.a(lib_a-malloc.o)
 .comment       0x0000003c       0x3d c:/program files (x86)/microchip/xc32/v2.30/bin/bin/../../lib/gcc/pic32c/6.2.1/../../../../pic32c/lib/v7e-m/fpv4-sp/hard\libc.a(lib_a-mallocr.o)
 .comment       0x0000003c       0x3d c:/program files (x86)/microchip/xc32/v2.30/bin/bin/../../lib/gcc/pic32c/6.2.1/../../../../pic32c/lib/v7e-m/fpv4-sp/hard\libc.a(lib_a-memcpy-stub.o)
 .comment       0x0000003c       0x3d c:/program files (x86)/microchip/xc32/v2.30/bin/bin/../../lib/gcc/pic32c/6.2.1/../../../../pic32c/lib/v7e-m/fpv4-sp/hard\libc.a(lib_a-memset.o)
 .comment       0x0000003c       0x3d c:/program files (x86)/microchip/xc32/v2.30/bin/bin/../../lib/gcc/pic32c/6.2.1/../../../../pic32c/lib/v7e-m/fpv4-sp/hard\libc.a(lib_a-mlock.o)
 .comment       0x0000003c       0x3d c:/program files (x86)/microchip/xc32/v2.30/bin/bin/../../lib/gcc/pic32c/6.2.1/../../../../pic32c/lib/v7e-m/fpv4-sp/hard\libc.a(lib_a-sbrkr.o)
 .comment       0x0000003c       0x3d c:/program files (x86)/microchip/xc32/v2.30/bin/bin/../../lib/gcc/pic32c/6.2.1/../../../../pic32c/lib/v7e-m/fpv4-sp/hard\libc.a(lib_a-freer.o)
 .comment       0x0000003c       0x3d c:/program files (x86)/microchip/xc32/v2.30/bin/bin/../../lib/gcc/pic32c/6.2.1/../../../../pic32c/lib/v7e-m/fpv4-sp/hard\libc.a(lib_a-impure.o)
 .comment       0x0000003c       0x3d c:/program files (x86)/microchip/xc32/v2.30/bin/bin/../../lib/gcc/pic32c/6.2.1/../../../../pic32c/lib/v7e-m/fpv4-sp/hard\libc.a(lib_a-reent.o)
 .comment       0x0000003c       0x3d c:/program files (x86)/microchip/xc32/v2.30/bin/bin/../../lib/gcc/pic32c/6.2.1/../../../../pic32c/lib/v7e-m/fpv4-sp/hard\libpic32c.a(sbrk.o)

.debug_info     0x00000000    0x5962a
 .debug_info    0x00000000      0xb93 build/LAN9253_D51_SPI_direct_mode/production/_ext/1984496892/plib_clock.o
 .debug_info    0x00000b93     0x2cb5 build/LAN9253_D51_SPI_direct_mode/production/_ext/1865161661/plib_dmac.o
 .debug_info    0x00003848      0x7ed build/LAN9253_D51_SPI_direct_mode/production/_ext/60167341/plib_eic.o
 .debug_info    0x00004035      0x371 build/LAN9253_D51_SPI_direct_mode/production/_ext/1986646378/plib_evsys.o
 .debug_info    0x000043a6     0x12b8 build/LAN9253_D51_SPI_direct_mode/production/_ext/1865468468/plib_nvic.o
 .debug_info    0x0000565e     0x1745 build/LAN9253_D51_SPI_direct_mode/production/_ext/1593096446/plib_nvmctrl.o
 .debug_info    0x00006da3      0x81c build/LAN9253_D51_SPI_direct_mode/production/_ext/1865521619/plib_port.o
 .debug_info    0x000075bf     0x22bf build/LAN9253_D51_SPI_direct_mode/production/_ext/1865555181/plib_qspi_spi.o
 .debug_info    0x0000987e      0x6c3 build/LAN9253_D51_SPI_direct_mode/production/_ext/1827571544/plib_systick.o
 .debug_info    0x00009f41     0x1a0e build/LAN9253_D51_SPI_direct_mode/production/_ext/1171490990/exceptions.o
 .debug_info    0x0000b94f     0x1b1a build/LAN9253_D51_SPI_direct_mode/production/_ext/1171490990/initialization.o
 .debug_info    0x0000d469     0x2cf0 build/LAN9253_D51_SPI_direct_mode/production/_ext/1171490990/interrupts.o
 .debug_info    0x00010159     0x1ed7 build/LAN9253_D51_SPI_direct_mode/production/_ext/1171490990/startup_xc32.o
 .debug_info    0x00012030     0x195f build/LAN9253_D51_SPI_direct_mode/production/_ext/1171490990/tasks.o
 .debug_info    0x0001398f     0x5166 build/LAN9253_D51_SPI_direct_mode/production/_ext/1671622979/Drivers.o
 .debug_info    0x00018af5     0x1c17 build/LAN9253_D51_SPI_direct_mode/production/_ext/108147519/ESC_Utils.o
 .debug_info    0x0001a70c     0x2c3c build/LAN9253_D51_SPI_direct_mode/production/_ext/108147519/LAN925x.o
 .debug_info    0x0001d348     0x125e build/LAN9253_D51_SPI_direct_mode/production/_ext/108134065/bootmode.o
 .debug_info    0x0001e5a6     0x5cf8 build/LAN9253_D51_SPI_direct_mode/production/_ext/108134065/coeappl.o
 .debug_info    0x0002429e     0x5ab2 build/LAN9253_D51_SPI_direct_mode/production/_ext/108134065/ecatappl.o
 .debug_info    0x00029d50     0x170b build/LAN9253_D51_SPI_direct_mode/production/_ext/108134065/ecatcoe.o
 .debug_info    0x0002b45b     0x2550 build/LAN9253_D51_SPI_direct_mode/production/_ext/108134065/ecatfoe.o
 .debug_info    0x0002d9ab     0x645a build/LAN9253_D51_SPI_direct_mode/production/_ext/108134065/ecatslv.o
 .debug_info    0x00033e05     0x2558 build/LAN9253_D51_SPI_direct_mode/production/_ext/108134065/emcy.o
 .debug_info    0x0003635d     0x299f build/LAN9253_D51_SPI_direct_mode/production/_ext/108134065/foeappl.o
 .debug_info    0x00038cfc     0x30f9 build/LAN9253_D51_SPI_direct_mode/production/_ext/108134065/mailbox.o
 .debug_info    0x0003bdf5     0x33f0 build/LAN9253_D51_SPI_direct_mode/production/_ext/108134065/objdef.o
 .debug_info    0x0003f1e5     0x5dba build/LAN9253_D51_SPI_direct_mode/production/_ext/108134065/sample_app.o
 .debug_info    0x00044f9f     0x3931 build/LAN9253_D51_SPI_direct_mode/production/_ext/108134065/sdoserv.o
 .debug_info    0x000488d0     0x196e build/LAN9253_D51_SPI_direct_mode/production/_ext/1360937237/main.o
 .debug_info    0x0004a23e     0x55a4 build/LAN9253_D51_SPI_direct_mode/production/_ext/1360937237/app.o
 .debug_info    0x0004f7e2      0x2a2 c:/program files (x86)/microchip/xc32/v2.30/bin/bin/../../lib/gcc/pic32c/6.2.1/../../../../pic32c/lib/v7e-m/fpv4-sp/hard\libpic32c.a(data_init.o)
 .debug_info    0x0004fa84      0x41a c:/program files (x86)/microchip/xc32/v2.30/bin/bin/../../lib/gcc/pic32c/6.2.1/../../../../pic32c/lib/v7e-m/fpv4-sp/hard\libc.a(lib_a-init.o)
 .debug_info    0x0004fe9e      0xe58 c:/program files (x86)/microchip/xc32/v2.30/bin/bin/../../lib/gcc/pic32c/6.2.1/../../../../pic32c/lib/v7e-m/fpv4-sp/hard\libc.a(lib_a-malloc.o)
 .debug_info    0x00050cf6     0x14ca c:/program files (x86)/microchip/xc32/v2.30/bin/bin/../../lib/gcc/pic32c/6.2.1/../../../../pic32c/lib/v7e-m/fpv4-sp/hard\libc.a(lib_a-mallocr.o)
 .debug_info    0x000521c0      0xe2e c:/program files (x86)/microchip/xc32/v2.30/bin/bin/../../lib/gcc/pic32c/6.2.1/../../../../pic32c/lib/v7e-m/fpv4-sp/hard\libc.a(lib_a-memcpy-stub.o)
 .debug_info    0x00052fee     0x156f c:/program files (x86)/microchip/xc32/v2.30/bin/bin/../../lib/gcc/pic32c/6.2.1/../../../../pic32c/lib/v7e-m/fpv4-sp/hard\libc.a(lib_a-memset.o)
 .debug_info    0x0005455d      0xdf2 c:/program files (x86)/microchip/xc32/v2.30/bin/bin/../../lib/gcc/pic32c/6.2.1/../../../../pic32c/lib/v7e-m/fpv4-sp/hard\libc.a(lib_a-mlock.o)
 .debug_info    0x0005534f      0xea5 c:/program files (x86)/microchip/xc32/v2.30/bin/bin/../../lib/gcc/pic32c/6.2.1/../../../../pic32c/lib/v7e-m/fpv4-sp/hard\libc.a(lib_a-sbrkr.o)
 .debug_info    0x000561f4      0x125 c:/program files (x86)/microchip/xc32/v2.30/bin/bin/../../lib/gcc/pic32c/6.2.1/../../../../pic32c/lib/v7e-m/fpv4-sp/hard\libc.a(lib_a-strlen.o)
 .debug_info    0x00056319     0x137d c:/program files (x86)/microchip/xc32/v2.30/bin/bin/../../lib/gcc/pic32c/6.2.1/../../../../pic32c/lib/v7e-m/fpv4-sp/hard\libc.a(lib_a-freer.o)
 .debug_info    0x00057696      0xdb5 c:/program files (x86)/microchip/xc32/v2.30/bin/bin/../../lib/gcc/pic32c/6.2.1/../../../../pic32c/lib/v7e-m/fpv4-sp/hard\libc.a(lib_a-impure.o)
 .debug_info    0x0005844b      0xf59 c:/program files (x86)/microchip/xc32/v2.30/bin/bin/../../lib/gcc/pic32c/6.2.1/../../../../pic32c/lib/v7e-m/fpv4-sp/hard\libc.a(lib_a-reent.o)
 .debug_info    0x000593a4      0x286 c:/program files (x86)/microchip/xc32/v2.30/bin/bin/../../lib/gcc/pic32c/6.2.1/../../../../pic32c/lib/v7e-m/fpv4-sp/hard\libpic32c.a(sbrk.o)

.debug_abbrev   0x00000000     0x6a8a
 .debug_abbrev  0x00000000      0x107 build/LAN9253_D51_SPI_direct_mode/production/_ext/1984496892/plib_clock.o
 .debug_abbrev  0x00000107      0x3e0 build/LAN9253_D51_SPI_direct_mode/production/_ext/1865161661/plib_dmac.o
 .debug_abbrev  0x000004e7      0x183 build/LAN9253_D51_SPI_direct_mode/production/_ext/60167341/plib_eic.o
 .debug_abbrev  0x0000066a       0x5e build/LAN9253_D51_SPI_direct_mode/production/_ext/1986646378/plib_evsys.o
 .debug_abbrev  0x000006c8      0x197 build/LAN9253_D51_SPI_direct_mode/production/_ext/1865468468/plib_nvic.o
 .debug_abbrev  0x0000085f      0x2ba build/LAN9253_D51_SPI_direct_mode/production/_ext/1593096446/plib_nvmctrl.o
 .debug_abbrev  0x00000b19      0x160 build/LAN9253_D51_SPI_direct_mode/production/_ext/1865521619/plib_port.o
 .debug_abbrev  0x00000c79      0x324 build/LAN9253_D51_SPI_direct_mode/production/_ext/1865555181/plib_qspi_spi.o
 .debug_abbrev  0x00000f9d      0x168 build/LAN9253_D51_SPI_direct_mode/production/_ext/1827571544/plib_systick.o
 .debug_abbrev  0x00001105      0x1d1 build/LAN9253_D51_SPI_direct_mode/production/_ext/1171490990/exceptions.o
 .debug_abbrev  0x000012d6      0x22c build/LAN9253_D51_SPI_direct_mode/production/_ext/1171490990/initialization.o
 .debug_abbrev  0x00001502      0x1d1 build/LAN9253_D51_SPI_direct_mode/production/_ext/1171490990/interrupts.o
 .debug_abbrev  0x000016d3      0x2d3 build/LAN9253_D51_SPI_direct_mode/production/_ext/1171490990/startup_xc32.o
 .debug_abbrev  0x000019a6      0x1f3 build/LAN9253_D51_SPI_direct_mode/production/_ext/1171490990/tasks.o
 .debug_abbrev  0x00001b99      0x5b0 build/LAN9253_D51_SPI_direct_mode/production/_ext/1671622979/Drivers.o
 .debug_abbrev  0x00002149      0x2e2 build/LAN9253_D51_SPI_direct_mode/production/_ext/108147519/ESC_Utils.o
 .debug_abbrev  0x0000242b      0x35b build/LAN9253_D51_SPI_direct_mode/production/_ext/108147519/LAN925x.o
 .debug_abbrev  0x00002786      0x208 build/LAN9253_D51_SPI_direct_mode/production/_ext/108134065/bootmode.o
 .debug_abbrev  0x0000298e      0x3c9 build/LAN9253_D51_SPI_direct_mode/production/_ext/108134065/coeappl.o
 .debug_abbrev  0x00002d57      0x398 build/LAN9253_D51_SPI_direct_mode/production/_ext/108134065/ecatappl.o
 .debug_abbrev  0x000030ef      0x272 build/LAN9253_D51_SPI_direct_mode/production/_ext/108134065/ecatcoe.o
 .debug_abbrev  0x00003361      0x2e7 build/LAN9253_D51_SPI_direct_mode/production/_ext/108134065/ecatfoe.o
 .debug_abbrev  0x00003648      0x468 build/LAN9253_D51_SPI_direct_mode/production/_ext/108134065/ecatslv.o
 .debug_abbrev  0x00003ab0      0x364 build/LAN9253_D51_SPI_direct_mode/production/_ext/108134065/emcy.o
 .debug_abbrev  0x00003e14      0x2f2 build/LAN9253_D51_SPI_direct_mode/production/_ext/108134065/foeappl.o
 .debug_abbrev  0x00004106      0x421 build/LAN9253_D51_SPI_direct_mode/production/_ext/108134065/mailbox.o
 .debug_abbrev  0x00004527      0x406 build/LAN9253_D51_SPI_direct_mode/production/_ext/108134065/objdef.o
 .debug_abbrev  0x0000492d      0x50b build/LAN9253_D51_SPI_direct_mode/production/_ext/108134065/sample_app.o
 .debug_abbrev  0x00004e38      0x3ee build/LAN9253_D51_SPI_direct_mode/production/_ext/108134065/sdoserv.o
 .debug_abbrev  0x00005226      0x20b build/LAN9253_D51_SPI_direct_mode/production/_ext/1360937237/main.o
 .debug_abbrev  0x00005431      0x393 build/LAN9253_D51_SPI_direct_mode/production/_ext/1360937237/app.o
 .debug_abbrev  0x000057c4       0x2a c:/program files (x86)/microchip/xc32/v2.30/bin/bin/../../lib/gcc/pic32c/6.2.1/../../../../pic32c/lib/v7e-m/fpv4-sp/hard\libpic32c.a(data_init.o)
 .debug_abbrev  0x000057ee       0xa3 c:/program files (x86)/microchip/xc32/v2.30/bin/bin/../../lib/gcc/pic32c/6.2.1/../../../../pic32c/lib/v7e-m/fpv4-sp/hard\libc.a(lib_a-init.o)
 .debug_abbrev  0x00005891      0x1f8 c:/program files (x86)/microchip/xc32/v2.30/bin/bin/../../lib/gcc/pic32c/6.2.1/../../../../pic32c/lib/v7e-m/fpv4-sp/hard\libc.a(lib_a-malloc.o)
 .debug_abbrev  0x00005a89      0x29b c:/program files (x86)/microchip/xc32/v2.30/bin/bin/../../lib/gcc/pic32c/6.2.1/../../../../pic32c/lib/v7e-m/fpv4-sp/hard\libc.a(lib_a-mallocr.o)
 .debug_abbrev  0x00005d24      0x1c1 c:/program files (x86)/microchip/xc32/v2.30/bin/bin/../../lib/gcc/pic32c/6.2.1/../../../../pic32c/lib/v7e-m/fpv4-sp/hard\libc.a(lib_a-memcpy-stub.o)
 .debug_abbrev  0x00005ee5      0x1b5 c:/program files (x86)/microchip/xc32/v2.30/bin/bin/../../lib/gcc/pic32c/6.2.1/../../../../pic32c/lib/v7e-m/fpv4-sp/hard\libc.a(lib_a-memset.o)
 .debug_abbrev  0x0000609a      0x1aa c:/program files (x86)/microchip/xc32/v2.30/bin/bin/../../lib/gcc/pic32c/6.2.1/../../../../pic32c/lib/v7e-m/fpv4-sp/hard\libc.a(lib_a-mlock.o)
 .debug_abbrev  0x00006244      0x1ed c:/program files (x86)/microchip/xc32/v2.30/bin/bin/../../lib/gcc/pic32c/6.2.1/../../../../pic32c/lib/v7e-m/fpv4-sp/hard\libc.a(lib_a-sbrkr.o)
 .debug_abbrev  0x00006431       0x14 c:/program files (x86)/microchip/xc32/v2.30/bin/bin/../../lib/gcc/pic32c/6.2.1/../../../../pic32c/lib/v7e-m/fpv4-sp/hard\libc.a(lib_a-strlen.o)
 .debug_abbrev  0x00006445      0x24d c:/program files (x86)/microchip/xc32/v2.30/bin/bin/../../lib/gcc/pic32c/6.2.1/../../../../pic32c/lib/v7e-m/fpv4-sp/hard\libc.a(lib_a-freer.o)
 .debug_abbrev  0x00006692      0x176 c:/program files (x86)/microchip/xc32/v2.30/bin/bin/../../lib/gcc/pic32c/6.2.1/../../../../pic32c/lib/v7e-m/fpv4-sp/hard\libc.a(lib_a-impure.o)
 .debug_abbrev  0x00006808      0x258 c:/program files (x86)/microchip/xc32/v2.30/bin/bin/../../lib/gcc/pic32c/6.2.1/../../../../pic32c/lib/v7e-m/fpv4-sp/hard\libc.a(lib_a-reent.o)
 .debug_abbrev  0x00006a60       0x2a c:/program files (x86)/microchip/xc32/v2.30/bin/bin/../../lib/gcc/pic32c/6.2.1/../../../../pic32c/lib/v7e-m/fpv4-sp/hard\libpic32c.a(sbrk.o)

.debug_aranges  0x00000000      0xcb8
 .debug_aranges
                0x00000000       0x20 build/LAN9253_D51_SPI_direct_mode/production/_ext/1984496892/plib_clock.o
 .debug_aranges
                0x00000020       0xa8 build/LAN9253_D51_SPI_direct_mode/production/_ext/1865161661/plib_dmac.o
 .debug_aranges
                0x000000c8       0x50 build/LAN9253_D51_SPI_direct_mode/production/_ext/60167341/plib_eic.o
 .debug_aranges
                0x00000118       0x20 build/LAN9253_D51_SPI_direct_mode/production/_ext/1986646378/plib_evsys.o
 .debug_aranges
                0x00000138       0x20 build/LAN9253_D51_SPI_direct_mode/production/_ext/1865468468/plib_nvic.o
 .debug_aranges
                0x00000158       0xb0 build/LAN9253_D51_SPI_direct_mode/production/_ext/1593096446/plib_nvmctrl.o
 .debug_aranges
                0x00000208       0x60 build/LAN9253_D51_SPI_direct_mode/production/_ext/1865521619/plib_port.o
 .debug_aranges
                0x00000268       0x58 build/LAN9253_D51_SPI_direct_mode/production/_ext/1865555181/plib_qspi_spi.o
 .debug_aranges
                0x000002c0       0x70 build/LAN9253_D51_SPI_direct_mode/production/_ext/1827571544/plib_systick.o
 .debug_aranges
                0x00000330       0x48 build/LAN9253_D51_SPI_direct_mode/production/_ext/1171490990/exceptions.o
 .debug_aranges
                0x00000378       0x20 build/LAN9253_D51_SPI_direct_mode/production/_ext/1171490990/initialization.o
 .debug_aranges
                0x00000398       0x20 build/LAN9253_D51_SPI_direct_mode/production/_ext/1171490990/interrupts.o
 .debug_aranges
                0x000003b8       0x38 build/LAN9253_D51_SPI_direct_mode/production/_ext/1171490990/startup_xc32.o
 .debug_aranges
                0x000003f0       0x20 build/LAN9253_D51_SPI_direct_mode/production/_ext/1171490990/tasks.o
 .debug_aranges
                0x00000410      0x108 build/LAN9253_D51_SPI_direct_mode/production/_ext/1671622979/Drivers.o
 .debug_aranges
                0x00000518       0x38 build/LAN9253_D51_SPI_direct_mode/production/_ext/108147519/ESC_Utils.o
 .debug_aranges
                0x00000550       0x80 build/LAN9253_D51_SPI_direct_mode/production/_ext/108147519/LAN925x.o
 .debug_aranges
                0x000005d0       0x38 build/LAN9253_D51_SPI_direct_mode/production/_ext/108134065/bootmode.o
 .debug_aranges
                0x00000608       0x70 build/LAN9253_D51_SPI_direct_mode/production/_ext/108134065/coeappl.o
 .debug_aranges
                0x00000678       0x78 build/LAN9253_D51_SPI_direct_mode/production/_ext/108134065/ecatappl.o
 .debug_aranges
                0x000006f0       0x30 build/LAN9253_D51_SPI_direct_mode/production/_ext/108134065/ecatcoe.o
 .debug_aranges
                0x00000720       0x30 build/LAN9253_D51_SPI_direct_mode/production/_ext/108134065/ecatfoe.o
 .debug_aranges
                0x00000750       0xc8 build/LAN9253_D51_SPI_direct_mode/production/_ext/108134065/ecatslv.o
 .debug_aranges
                0x00000818       0x60 build/LAN9253_D51_SPI_direct_mode/production/_ext/108134065/emcy.o
 .debug_aranges
                0x00000878       0x48 build/LAN9253_D51_SPI_direct_mode/production/_ext/108134065/foeappl.o
 .debug_aranges
                0x000008c0       0x80 build/LAN9253_D51_SPI_direct_mode/production/_ext/108134065/mailbox.o
 .debug_aranges
                0x00000940       0x78 build/LAN9253_D51_SPI_direct_mode/production/_ext/108134065/objdef.o
 .debug_aranges
                0x000009b8       0xb0 build/LAN9253_D51_SPI_direct_mode/production/_ext/108134065/sample_app.o
 .debug_aranges
                0x00000a68       0x40 build/LAN9253_D51_SPI_direct_mode/production/_ext/108134065/sdoserv.o
 .debug_aranges
                0x00000aa8       0x20 build/LAN9253_D51_SPI_direct_mode/production/_ext/1360937237/main.o
 .debug_aranges
                0x00000ac8       0x40 build/LAN9253_D51_SPI_direct_mode/production/_ext/1360937237/app.o
 .debug_aranges
                0x00000b08       0x20 c:/program files (x86)/microchip/xc32/v2.30/bin/bin/../../lib/gcc/pic32c/6.2.1/../../../../pic32c/lib/v7e-m/fpv4-sp/hard\libpic32c.a(data_init.o)
 .debug_aranges
                0x00000b28       0x20 c:/program files (x86)/microchip/xc32/v2.30/bin/bin/../../lib/gcc/pic32c/6.2.1/../../../../pic32c/lib/v7e-m/fpv4-sp/hard\libc.a(lib_a-init.o)
 .debug_aranges
                0x00000b48       0x28 c:/program files (x86)/microchip/xc32/v2.30/bin/bin/../../lib/gcc/pic32c/6.2.1/../../../../pic32c/lib/v7e-m/fpv4-sp/hard\libc.a(lib_a-malloc.o)
 .debug_aranges
                0x00000b70       0x20 c:/program files (x86)/microchip/xc32/v2.30/bin/bin/../../lib/gcc/pic32c/6.2.1/../../../../pic32c/lib/v7e-m/fpv4-sp/hard\libc.a(lib_a-mallocr.o)
 .debug_aranges
                0x00000b90       0x20 c:/program files (x86)/microchip/xc32/v2.30/bin/bin/../../lib/gcc/pic32c/6.2.1/../../../../pic32c/lib/v7e-m/fpv4-sp/hard\libc.a(lib_a-memcpy-stub.o)
 .debug_aranges
                0x00000bb0       0x20 c:/program files (x86)/microchip/xc32/v2.30/bin/bin/../../lib/gcc/pic32c/6.2.1/../../../../pic32c/lib/v7e-m/fpv4-sp/hard\libc.a(lib_a-memset.o)
 .debug_aranges
                0x00000bd0       0x20 c:/program files (x86)/microchip/xc32/v2.30/bin/bin/../../lib/gcc/pic32c/6.2.1/../../../../pic32c/lib/v7e-m/fpv4-sp/hard\libc.a(lib_a-mlock.o)
 .debug_aranges
                0x00000bf0       0x20 c:/program files (x86)/microchip/xc32/v2.30/bin/bin/../../lib/gcc/pic32c/6.2.1/../../../../pic32c/lib/v7e-m/fpv4-sp/hard\libc.a(lib_a-sbrkr.o)
 .debug_aranges
                0x00000c10       0x20 c:/program files (x86)/microchip/xc32/v2.30/bin/bin/../../lib/gcc/pic32c/6.2.1/../../../../pic32c/lib/v7e-m/fpv4-sp/hard\libc.a(lib_a-strlen.o)
 .debug_aranges
                0x00000c30       0x28 c:/program files (x86)/microchip/xc32/v2.30/bin/bin/../../lib/gcc/pic32c/6.2.1/../../../../pic32c/lib/v7e-m/fpv4-sp/hard\libc.a(lib_a-freer.o)
 .debug_aranges
                0x00000c58       0x18 c:/program files (x86)/microchip/xc32/v2.30/bin/bin/../../lib/gcc/pic32c/6.2.1/../../../../pic32c/lib/v7e-m/fpv4-sp/hard\libc.a(lib_a-impure.o)
 .debug_aranges
                0x00000c70       0x28 c:/program files (x86)/microchip/xc32/v2.30/bin/bin/../../lib/gcc/pic32c/6.2.1/../../../../pic32c/lib/v7e-m/fpv4-sp/hard\libc.a(lib_a-reent.o)
 .debug_aranges
                0x00000c98       0x20 c:/program files (x86)/microchip/xc32/v2.30/bin/bin/../../lib/gcc/pic32c/6.2.1/../../../../pic32c/lib/v7e-m/fpv4-sp/hard\libpic32c.a(sbrk.o)

.debug_ranges   0x00000000     0x1490
 .debug_ranges  0x00000000       0x10 build/LAN9253_D51_SPI_direct_mode/production/_ext/1984496892/plib_clock.o
 .debug_ranges  0x00000010       0xc8 build/LAN9253_D51_SPI_direct_mode/production/_ext/1865161661/plib_dmac.o
 .debug_ranges  0x000000d8       0x40 build/LAN9253_D51_SPI_direct_mode/production/_ext/60167341/plib_eic.o
 .debug_ranges  0x00000118       0x10 build/LAN9253_D51_SPI_direct_mode/production/_ext/1986646378/plib_evsys.o
 .debug_ranges  0x00000128       0x28 build/LAN9253_D51_SPI_direct_mode/production/_ext/1865468468/plib_nvic.o
 .debug_ranges  0x00000150       0xa0 build/LAN9253_D51_SPI_direct_mode/production/_ext/1593096446/plib_nvmctrl.o
 .debug_ranges  0x000001f0       0x50 build/LAN9253_D51_SPI_direct_mode/production/_ext/1865521619/plib_port.o
 .debug_ranges  0x00000240       0x60 build/LAN9253_D51_SPI_direct_mode/production/_ext/1865555181/plib_qspi_spi.o
 .debug_ranges  0x000002a0       0x60 build/LAN9253_D51_SPI_direct_mode/production/_ext/1827571544/plib_systick.o
 .debug_ranges  0x00000300       0x38 build/LAN9253_D51_SPI_direct_mode/production/_ext/1171490990/exceptions.o
 .debug_ranges  0x00000338       0x10 build/LAN9253_D51_SPI_direct_mode/production/_ext/1171490990/initialization.o
 .debug_ranges  0x00000348       0x10 build/LAN9253_D51_SPI_direct_mode/production/_ext/1171490990/interrupts.o
 .debug_ranges  0x00000358       0x28 build/LAN9253_D51_SPI_direct_mode/production/_ext/1171490990/startup_xc32.o
 .debug_ranges  0x00000380       0x10 build/LAN9253_D51_SPI_direct_mode/production/_ext/1171490990/tasks.o
 .debug_ranges  0x00000390      0x300 build/LAN9253_D51_SPI_direct_mode/production/_ext/1671622979/Drivers.o
 .debug_ranges  0x00000690       0x60 build/LAN9253_D51_SPI_direct_mode/production/_ext/108147519/ESC_Utils.o
 .debug_ranges  0x000006f0       0xd0 build/LAN9253_D51_SPI_direct_mode/production/_ext/108147519/LAN925x.o
 .debug_ranges  0x000007c0       0x28 build/LAN9253_D51_SPI_direct_mode/production/_ext/108134065/bootmode.o
 .debug_ranges  0x000007e8       0x90 build/LAN9253_D51_SPI_direct_mode/production/_ext/108134065/coeappl.o
 .debug_ranges  0x00000878      0x130 build/LAN9253_D51_SPI_direct_mode/production/_ext/108134065/ecatappl.o
 .debug_ranges  0x000009a8       0x20 build/LAN9253_D51_SPI_direct_mode/production/_ext/108134065/ecatcoe.o
 .debug_ranges  0x000009c8       0x80 build/LAN9253_D51_SPI_direct_mode/production/_ext/108134065/ecatfoe.o
 .debug_ranges  0x00000a48      0x188 build/LAN9253_D51_SPI_direct_mode/production/_ext/108134065/ecatslv.o
 .debug_ranges  0x00000bd0       0x50 build/LAN9253_D51_SPI_direct_mode/production/_ext/108134065/emcy.o
 .debug_ranges  0x00000c20       0x38 build/LAN9253_D51_SPI_direct_mode/production/_ext/108134065/foeappl.o
 .debug_ranges  0x00000c58       0xd8 build/LAN9253_D51_SPI_direct_mode/production/_ext/108134065/mailbox.o
 .debug_ranges  0x00000d30      0x340 build/LAN9253_D51_SPI_direct_mode/production/_ext/108134065/objdef.o
 .debug_ranges  0x00001070       0xb8 build/LAN9253_D51_SPI_direct_mode/production/_ext/108134065/sample_app.o
 .debug_ranges  0x00001128      0x200 build/LAN9253_D51_SPI_direct_mode/production/_ext/108134065/sdoserv.o
 .debug_ranges  0x00001328       0x10 build/LAN9253_D51_SPI_direct_mode/production/_ext/1360937237/main.o
 .debug_ranges  0x00001338       0x48 build/LAN9253_D51_SPI_direct_mode/production/_ext/1360937237/app.o
 .debug_ranges  0x00001380       0x10 c:/program files (x86)/microchip/xc32/v2.30/bin/bin/../../lib/gcc/pic32c/6.2.1/../../../../pic32c/lib/v7e-m/fpv4-sp/hard\libpic32c.a(data_init.o)
 .debug_ranges  0x00001390       0x10 c:/program files (x86)/microchip/xc32/v2.30/bin/bin/../../lib/gcc/pic32c/6.2.1/../../../../pic32c/lib/v7e-m/fpv4-sp/hard\libc.a(lib_a-init.o)
 .debug_ranges  0x000013a0       0x18 c:/program files (x86)/microchip/xc32/v2.30/bin/bin/../../lib/gcc/pic32c/6.2.1/../../../../pic32c/lib/v7e-m/fpv4-sp/hard\libc.a(lib_a-malloc.o)
 .debug_ranges  0x000013b8       0x28 c:/program files (x86)/microchip/xc32/v2.30/bin/bin/../../lib/gcc/pic32c/6.2.1/../../../../pic32c/lib/v7e-m/fpv4-sp/hard\libc.a(lib_a-mallocr.o)
 .debug_ranges  0x000013e0       0x10 c:/program files (x86)/microchip/xc32/v2.30/bin/bin/../../lib/gcc/pic32c/6.2.1/../../../../pic32c/lib/v7e-m/fpv4-sp/hard\libc.a(lib_a-memcpy-stub.o)
 .debug_ranges  0x000013f0       0x10 c:/program files (x86)/microchip/xc32/v2.30/bin/bin/../../lib/gcc/pic32c/6.2.1/../../../../pic32c/lib/v7e-m/fpv4-sp/hard\libc.a(lib_a-memset.o)
 .debug_ranges  0x00001400       0x10 c:/program files (x86)/microchip/xc32/v2.30/bin/bin/../../lib/gcc/pic32c/6.2.1/../../../../pic32c/lib/v7e-m/fpv4-sp/hard\libc.a(lib_a-mlock.o)
 .debug_ranges  0x00001410       0x10 c:/program files (x86)/microchip/xc32/v2.30/bin/bin/../../lib/gcc/pic32c/6.2.1/../../../../pic32c/lib/v7e-m/fpv4-sp/hard\libc.a(lib_a-sbrkr.o)
 .debug_ranges  0x00001420       0x18 c:/program files (x86)/microchip/xc32/v2.30/bin/bin/../../lib/gcc/pic32c/6.2.1/../../../../pic32c/lib/v7e-m/fpv4-sp/hard\libc.a(lib_a-freer.o)
 .debug_ranges  0x00001438       0x48 c:/program files (x86)/microchip/xc32/v2.30/bin/bin/../../lib/gcc/pic32c/6.2.1/../../../../pic32c/lib/v7e-m/fpv4-sp/hard\libc.a(lib_a-reent.o)
 .debug_ranges  0x00001480       0x10 c:/program files (x86)/microchip/xc32/v2.30/bin/bin/../../lib/gcc/pic32c/6.2.1/../../../../pic32c/lib/v7e-m/fpv4-sp/hard\libpic32c.a(sbrk.o)

.debug_line     0x00000000     0xa2b7
 .debug_line    0x00000000      0x1ba build/LAN9253_D51_SPI_direct_mode/production/_ext/1984496892/plib_clock.o
 .debug_line    0x000001ba      0x5a2 build/LAN9253_D51_SPI_direct_mode/production/_ext/1865161661/plib_dmac.o
 .debug_line    0x0000075c      0x20c build/LAN9253_D51_SPI_direct_mode/production/_ext/60167341/plib_eic.o
 .debug_line    0x00000968      0x13a build/LAN9253_D51_SPI_direct_mode/production/_ext/1986646378/plib_evsys.o
 .debug_line    0x00000aa2      0x1ca build/LAN9253_D51_SPI_direct_mode/production/_ext/1865468468/plib_nvic.o
 .debug_line    0x00000c6c      0x36f build/LAN9253_D51_SPI_direct_mode/production/_ext/1593096446/plib_nvmctrl.o
 .debug_line    0x00000fdb      0x211 build/LAN9253_D51_SPI_direct_mode/production/_ext/1865521619/plib_port.o
 .debug_line    0x000011ec      0x4e7 build/LAN9253_D51_SPI_direct_mode/production/_ext/1865555181/plib_qspi_spi.o
 .debug_line    0x000016d3      0x20c build/LAN9253_D51_SPI_direct_mode/production/_ext/1827571544/plib_systick.o
 .debug_line    0x000018df      0x398 build/LAN9253_D51_SPI_direct_mode/production/_ext/1171490990/exceptions.o
 .debug_line    0x00001c77      0x557 build/LAN9253_D51_SPI_direct_mode/production/_ext/1171490990/initialization.o
 .debug_line    0x000021ce      0x379 build/LAN9253_D51_SPI_direct_mode/production/_ext/1171490990/interrupts.o
 .debug_line    0x00002547      0x402 build/LAN9253_D51_SPI_direct_mode/production/_ext/1171490990/startup_xc32.o
 .debug_line    0x00002949      0x357 build/LAN9253_D51_SPI_direct_mode/production/_ext/1171490990/tasks.o
 .debug_line    0x00002ca0      0xad7 build/LAN9253_D51_SPI_direct_mode/production/_ext/1671622979/Drivers.o
 .debug_line    0x00003777      0x3f6 build/LAN9253_D51_SPI_direct_mode/production/_ext/108147519/ESC_Utils.o
 .debug_line    0x00003b6d      0x5a7 build/LAN9253_D51_SPI_direct_mode/production/_ext/108147519/LAN925x.o
 .debug_line    0x00004114      0x197 build/LAN9253_D51_SPI_direct_mode/production/_ext/108134065/bootmode.o
 .debug_line    0x000042ab      0x52b build/LAN9253_D51_SPI_direct_mode/production/_ext/108134065/coeappl.o
 .debug_line    0x000047d6      0x670 build/LAN9253_D51_SPI_direct_mode/production/_ext/108134065/ecatappl.o
 .debug_line    0x00004e46      0x1b2 build/LAN9253_D51_SPI_direct_mode/production/_ext/108134065/ecatcoe.o
 .debug_line    0x00004ff8      0x479 build/LAN9253_D51_SPI_direct_mode/production/_ext/108134065/ecatfoe.o
 .debug_line    0x00005471      0xb1e build/LAN9253_D51_SPI_direct_mode/production/_ext/108134065/ecatslv.o
 .debug_line    0x00005f8f      0x44f build/LAN9253_D51_SPI_direct_mode/production/_ext/108134065/emcy.o
 .debug_line    0x000063de      0x416 build/LAN9253_D51_SPI_direct_mode/production/_ext/108134065/foeappl.o
 .debug_line    0x000067f4      0x61e build/LAN9253_D51_SPI_direct_mode/production/_ext/108134065/mailbox.o
 .debug_line    0x00006e12      0x7dd build/LAN9253_D51_SPI_direct_mode/production/_ext/108134065/objdef.o
 .debug_line    0x000075ef      0x60c build/LAN9253_D51_SPI_direct_mode/production/_ext/108134065/sample_app.o
 .debug_line    0x00007bfb      0x70d build/LAN9253_D51_SPI_direct_mode/production/_ext/108134065/sdoserv.o
 .debug_line    0x00008308      0x34b build/LAN9253_D51_SPI_direct_mode/production/_ext/1360937237/main.o
 .debug_line    0x00008653      0x4f6 build/LAN9253_D51_SPI_direct_mode/production/_ext/1360937237/app.o
 .debug_line    0x00008b49       0xd8 c:/program files (x86)/microchip/xc32/v2.30/bin/bin/../../lib/gcc/pic32c/6.2.1/../../../../pic32c/lib/v7e-m/fpv4-sp/hard\libpic32c.a(data_init.o)
 .debug_line    0x00008c21      0x11d c:/program files (x86)/microchip/xc32/v2.30/bin/bin/../../lib/gcc/pic32c/6.2.1/../../../../pic32c/lib/v7e-m/fpv4-sp/hard\libc.a(lib_a-init.o)
 .debug_line    0x00008d3e      0x21e c:/program files (x86)/microchip/xc32/v2.30/bin/bin/../../lib/gcc/pic32c/6.2.1/../../../../pic32c/lib/v7e-m/fpv4-sp/hard\libc.a(lib_a-malloc.o)
 .debug_line    0x00008f5c      0x347 c:/program files (x86)/microchip/xc32/v2.30/bin/bin/../../lib/gcc/pic32c/6.2.1/../../../../pic32c/lib/v7e-m/fpv4-sp/hard\libc.a(lib_a-mallocr.o)
 .debug_line    0x000092a3      0x218 c:/program files (x86)/microchip/xc32/v2.30/bin/bin/../../lib/gcc/pic32c/6.2.1/../../../../pic32c/lib/v7e-m/fpv4-sp/hard\libc.a(lib_a-memcpy-stub.o)
 .debug_line    0x000094bb      0x2ae c:/program files (x86)/microchip/xc32/v2.30/bin/bin/../../lib/gcc/pic32c/6.2.1/../../../../pic32c/lib/v7e-m/fpv4-sp/hard\libc.a(lib_a-memset.o)
 .debug_line    0x00009769      0x18d c:/program files (x86)/microchip/xc32/v2.30/bin/bin/../../lib/gcc/pic32c/6.2.1/../../../../pic32c/lib/v7e-m/fpv4-sp/hard\libc.a(lib_a-mlock.o)
 .debug_line    0x000098f6      0x212 c:/program files (x86)/microchip/xc32/v2.30/bin/bin/../../lib/gcc/pic32c/6.2.1/../../../../pic32c/lib/v7e-m/fpv4-sp/hard\libc.a(lib_a-sbrkr.o)
 .debug_line    0x00009b08       0xb1 c:/program files (x86)/microchip/xc32/v2.30/bin/bin/../../lib/gcc/pic32c/6.2.1/../../../../pic32c/lib/v7e-m/fpv4-sp/hard\libc.a(lib_a-strlen.o)
 .debug_line    0x00009bb9      0x2a1 c:/program files (x86)/microchip/xc32/v2.30/bin/bin/../../lib/gcc/pic32c/6.2.1/../../../../pic32c/lib/v7e-m/fpv4-sp/hard\libc.a(lib_a-freer.o)
 .debug_line    0x00009e5a      0x17e c:/program files (x86)/microchip/xc32/v2.30/bin/bin/../../lib/gcc/pic32c/6.2.1/../../../../pic32c/lib/v7e-m/fpv4-sp/hard\libc.a(lib_a-impure.o)
 .debug_line    0x00009fd8      0x23d c:/program files (x86)/microchip/xc32/v2.30/bin/bin/../../lib/gcc/pic32c/6.2.1/../../../../pic32c/lib/v7e-m/fpv4-sp/hard\libc.a(lib_a-reent.o)
 .debug_line    0x0000a215       0xa2 c:/program files (x86)/microchip/xc32/v2.30/bin/bin/../../lib/gcc/pic32c/6.2.1/../../../../pic32c/lib/v7e-m/fpv4-sp/hard\libpic32c.a(sbrk.o)

.debug_str      0x00000000     0x12d9
 .debug_str     0x00000000       0x1e build/LAN9253_D51_SPI_direct_mode/production/_ext/1984496892/plib_clock.o
 .debug_str     0x0000001e       0x5a build/LAN9253_D51_SPI_direct_mode/production/_ext/1865161661/plib_dmac.o
 .debug_str     0x00000078        0x9 build/LAN9253_D51_SPI_direct_mode/production/_ext/60167341/plib_eic.o
 .debug_str     0x00000081        0x0 build/LAN9253_D51_SPI_direct_mode/production/_ext/1986646378/plib_evsys.o
 .debug_str     0x00000081        0xa build/LAN9253_D51_SPI_direct_mode/production/_ext/1865468468/plib_nvic.o
 .debug_str     0x0000008b       0x29 build/LAN9253_D51_SPI_direct_mode/production/_ext/1593096446/plib_nvmctrl.o
 .debug_str     0x000000b4        0xb build/LAN9253_D51_SPI_direct_mode/production/_ext/1865521619/plib_port.o
 .debug_str     0x000000bf       0x62 build/LAN9253_D51_SPI_direct_mode/production/_ext/1865555181/plib_qspi_spi.o
 .debug_str     0x00000121        0x9 build/LAN9253_D51_SPI_direct_mode/production/_ext/1827571544/plib_systick.o
 .debug_str     0x0000012a        0xe build/LAN9253_D51_SPI_direct_mode/production/_ext/1171490990/exceptions.o
 .debug_str     0x00000138       0xb9 build/LAN9253_D51_SPI_direct_mode/production/_ext/1171490990/initialization.o
 .debug_str     0x000001f1        0xe build/LAN9253_D51_SPI_direct_mode/production/_ext/1171490990/interrupts.o
 .debug_str     0x000001ff       0x79 build/LAN9253_D51_SPI_direct_mode/production/_ext/1171490990/startup_xc32.o
 .debug_str     0x00000278       0x18 build/LAN9253_D51_SPI_direct_mode/production/_ext/1171490990/tasks.o
 .debug_str     0x00000290      0x1d3 build/LAN9253_D51_SPI_direct_mode/production/_ext/1671622979/Drivers.o
 .debug_str     0x00000463       0x30 build/LAN9253_D51_SPI_direct_mode/production/_ext/108147519/ESC_Utils.o
 .debug_str     0x00000493      0x115 build/LAN9253_D51_SPI_direct_mode/production/_ext/108147519/LAN925x.o
 .debug_str     0x000005a8        0xe build/LAN9253_D51_SPI_direct_mode/production/_ext/108134065/bootmode.o
 .debug_str     0x000005b6       0x5f build/LAN9253_D51_SPI_direct_mode/production/_ext/108134065/coeappl.o
 .debug_str     0x00000615      0x1ac build/LAN9253_D51_SPI_direct_mode/production/_ext/108134065/ecatappl.o
 .debug_str     0x000007c1       0x64 build/LAN9253_D51_SPI_direct_mode/production/_ext/108134065/ecatcoe.o
 .debug_str     0x00000825       0x7c build/LAN9253_D51_SPI_direct_mode/production/_ext/108134065/ecatfoe.o
 .debug_str     0x000008a1      0x263 build/LAN9253_D51_SPI_direct_mode/production/_ext/108134065/ecatslv.o
 .debug_str     0x00000b04       0x40 build/LAN9253_D51_SPI_direct_mode/production/_ext/108134065/emcy.o
 .debug_str     0x00000b44       0x31 build/LAN9253_D51_SPI_direct_mode/production/_ext/108134065/foeappl.o
 .debug_str     0x00000b75      0x154 build/LAN9253_D51_SPI_direct_mode/production/_ext/108134065/mailbox.o
 .debug_str     0x00000cc9       0xbd build/LAN9253_D51_SPI_direct_mode/production/_ext/108134065/objdef.o
 .debug_str     0x00000d86      0x105 build/LAN9253_D51_SPI_direct_mode/production/_ext/108134065/sample_app.o
 .debug_str     0x00000e8b      0x147 build/LAN9253_D51_SPI_direct_mode/production/_ext/108134065/sdoserv.o
 .debug_str     0x00000fd2       0x27 build/LAN9253_D51_SPI_direct_mode/production/_ext/1360937237/main.o
 .debug_str     0x00000ff9       0xfd build/LAN9253_D51_SPI_direct_mode/production/_ext/1360937237/app.o
 .debug_str     0x000010f6        0x0 c:/program files (x86)/microchip/xc32/v2.30/bin/bin/../../lib/gcc/pic32c/6.2.1/../../../../pic32c/lib/v7e-m/fpv4-sp/hard\libpic32c.a(data_init.o)
 .debug_str     0x000010f6        0x0 c:/program files (x86)/microchip/xc32/v2.30/bin/bin/../../lib/gcc/pic32c/6.2.1/../../../../pic32c/lib/v7e-m/fpv4-sp/hard\libc.a(lib_a-init.o)
 .debug_str     0x000010f6       0x18 c:/program files (x86)/microchip/xc32/v2.30/bin/bin/../../lib/gcc/pic32c/6.2.1/../../../../pic32c/lib/v7e-m/fpv4-sp/hard\libc.a(lib_a-malloc.o)
 .debug_str     0x0000110e       0x36 c:/program files (x86)/microchip/xc32/v2.30/bin/bin/../../lib/gcc/pic32c/6.2.1/../../../../pic32c/lib/v7e-m/fpv4-sp/hard\libc.a(lib_a-mallocr.o)
 .debug_str     0x00001144        0xe c:/program files (x86)/microchip/xc32/v2.30/bin/bin/../../lib/gcc/pic32c/6.2.1/../../../../pic32c/lib/v7e-m/fpv4-sp/hard\libc.a(lib_a-memcpy-stub.o)
 .debug_str     0x00001152      0x119 c:/program files (x86)/microchip/xc32/v2.30/bin/bin/../../lib/gcc/pic32c/6.2.1/../../../../pic32c/lib/v7e-m/fpv4-sp/hard\libc.a(lib_a-memset.o)
 .debug_str     0x0000126b        0xe c:/program files (x86)/microchip/xc32/v2.30/bin/bin/../../lib/gcc/pic32c/6.2.1/../../../../pic32c/lib/v7e-m/fpv4-sp/hard\libc.a(lib_a-mlock.o)
 .debug_str     0x00001279        0xe c:/program files (x86)/microchip/xc32/v2.30/bin/bin/../../lib/gcc/pic32c/6.2.1/../../../../pic32c/lib/v7e-m/fpv4-sp/hard\libc.a(lib_a-sbrkr.o)
 .debug_str     0x00001287       0x36 c:/program files (x86)/microchip/xc32/v2.30/bin/bin/../../lib/gcc/pic32c/6.2.1/../../../../pic32c/lib/v7e-m/fpv4-sp/hard\libc.a(lib_a-freer.o)
 .debug_str     0x000012bd        0xe c:/program files (x86)/microchip/xc32/v2.30/bin/bin/../../lib/gcc/pic32c/6.2.1/../../../../pic32c/lib/v7e-m/fpv4-sp/hard\libc.a(lib_a-impure.o)
 .debug_str     0x000012cb        0xe c:/program files (x86)/microchip/xc32/v2.30/bin/bin/../../lib/gcc/pic32c/6.2.1/../../../../pic32c/lib/v7e-m/fpv4-sp/hard\libc.a(lib_a-reent.o)
 .debug_str     0x000012d9        0x0 c:/program files (x86)/microchip/xc32/v2.30/bin/bin/../../lib/gcc/pic32c/6.2.1/../../../../pic32c/lib/v7e-m/fpv4-sp/hard\libpic32c.a(sbrk.o)

.debug_frame    0x00000000     0x1d4c
 .debug_frame   0x00000000       0x20 build/LAN9253_D51_SPI_direct_mode/production/_ext/1984496892/plib_clock.o
 .debug_frame   0x00000020      0x174 build/LAN9253_D51_SPI_direct_mode/production/_ext/1865161661/plib_dmac.o
 .debug_frame   0x00000194       0x8c build/LAN9253_D51_SPI_direct_mode/production/_ext/60167341/plib_eic.o
 .debug_frame   0x00000220       0x20 build/LAN9253_D51_SPI_direct_mode/production/_ext/1986646378/plib_evsys.o
 .debug_frame   0x00000240       0x20 build/LAN9253_D51_SPI_direct_mode/production/_ext/1865468468/plib_nvic.o
 .debug_frame   0x00000260      0x160 build/LAN9253_D51_SPI_direct_mode/production/_ext/1593096446/plib_nvmctrl.o
 .debug_frame   0x000003c0       0xa0 build/LAN9253_D51_SPI_direct_mode/production/_ext/1865521619/plib_port.o
 .debug_frame   0x00000460       0xac build/LAN9253_D51_SPI_direct_mode/production/_ext/1865555181/plib_qspi_spi.o
 .debug_frame   0x0000050c       0xc0 build/LAN9253_D51_SPI_direct_mode/production/_ext/1827571544/plib_systick.o
 .debug_frame   0x000005cc       0x70 build/LAN9253_D51_SPI_direct_mode/production/_ext/1171490990/exceptions.o
 .debug_frame   0x0000063c       0x2c build/LAN9253_D51_SPI_direct_mode/production/_ext/1171490990/initialization.o
 .debug_frame   0x00000668       0x20 build/LAN9253_D51_SPI_direct_mode/production/_ext/1171490990/interrupts.o
 .debug_frame   0x00000688       0x58 build/LAN9253_D51_SPI_direct_mode/production/_ext/1171490990/startup_xc32.o
 .debug_frame   0x000006e0       0x20 build/LAN9253_D51_SPI_direct_mode/production/_ext/1171490990/tasks.o
 .debug_frame   0x00000700      0x358 build/LAN9253_D51_SPI_direct_mode/production/_ext/1671622979/Drivers.o
 .debug_frame   0x00000a58       0x64 build/LAN9253_D51_SPI_direct_mode/production/_ext/108147519/ESC_Utils.o
 .debug_frame   0x00000abc      0x188 build/LAN9253_D51_SPI_direct_mode/production/_ext/108147519/LAN925x.o
 .debug_frame   0x00000c44       0x50 build/LAN9253_D51_SPI_direct_mode/production/_ext/108134065/bootmode.o
 .debug_frame   0x00000c94      0x150 build/LAN9253_D51_SPI_direct_mode/production/_ext/108134065/coeappl.o
 .debug_frame   0x00000de4      0x188 build/LAN9253_D51_SPI_direct_mode/production/_ext/108134065/ecatappl.o
 .debug_frame   0x00000f6c       0x4c build/LAN9253_D51_SPI_direct_mode/production/_ext/108134065/ecatcoe.o
 .debug_frame   0x00000fb8       0x54 build/LAN9253_D51_SPI_direct_mode/production/_ext/108134065/ecatfoe.o
 .debug_frame   0x0000100c      0x2c0 build/LAN9253_D51_SPI_direct_mode/production/_ext/108134065/ecatslv.o
 .debug_frame   0x000012cc       0xcc build/LAN9253_D51_SPI_direct_mode/production/_ext/108134065/emcy.o
 .debug_frame   0x00001398       0x8c build/LAN9253_D51_SPI_direct_mode/production/_ext/108134065/foeappl.o
 .debug_frame   0x00001424      0x1bc build/LAN9253_D51_SPI_direct_mode/production/_ext/108134065/mailbox.o
 .debug_frame   0x000015e0      0x1a4 build/LAN9253_D51_SPI_direct_mode/production/_ext/108134065/objdef.o
 .debug_frame   0x00001784      0x1f0 build/LAN9253_D51_SPI_direct_mode/production/_ext/108134065/sample_app.o
 .debug_frame   0x00001974       0xd4 build/LAN9253_D51_SPI_direct_mode/production/_ext/108134065/sdoserv.o
 .debug_frame   0x00001a48       0x28 build/LAN9253_D51_SPI_direct_mode/production/_ext/1360937237/main.o
 .debug_frame   0x00001a70       0x98 build/LAN9253_D51_SPI_direct_mode/production/_ext/1360937237/app.o
 .debug_frame   0x00001b08       0x2c c:/program files (x86)/microchip/xc32/v2.30/bin/bin/../../lib/gcc/pic32c/6.2.1/../../../../pic32c/lib/v7e-m/fpv4-sp/hard\libpic32c.a(data_init.o)
 .debug_frame   0x00001b34       0x2c c:/program files (x86)/microchip/xc32/v2.30/bin/bin/../../lib/gcc/pic32c/6.2.1/../../../../pic32c/lib/v7e-m/fpv4-sp/hard\libc.a(lib_a-init.o)
 .debug_frame   0x00001b60       0x30 c:/program files (x86)/microchip/xc32/v2.30/bin/bin/../../lib/gcc/pic32c/6.2.1/../../../../pic32c/lib/v7e-m/fpv4-sp/hard\libc.a(lib_a-malloc.o)
 .debug_frame   0x00001b90       0x40 c:/program files (x86)/microchip/xc32/v2.30/bin/bin/../../lib/gcc/pic32c/6.2.1/../../../../pic32c/lib/v7e-m/fpv4-sp/hard\libc.a(lib_a-mallocr.o)
 .debug_frame   0x00001bd0       0x28 c:/program files (x86)/microchip/xc32/v2.30/bin/bin/../../lib/gcc/pic32c/6.2.1/../../../../pic32c/lib/v7e-m/fpv4-sp/hard\libc.a(lib_a-memcpy-stub.o)
 .debug_frame   0x00001bf8       0x20 c:/program files (x86)/microchip/xc32/v2.30/bin/bin/../../lib/gcc/pic32c/6.2.1/../../../../pic32c/lib/v7e-m/fpv4-sp/hard\libc.a(lib_a-memset.o)
 .debug_frame   0x00001c18       0x30 c:/program files (x86)/microchip/xc32/v2.30/bin/bin/../../lib/gcc/pic32c/6.2.1/../../../../pic32c/lib/v7e-m/fpv4-sp/hard\libc.a(lib_a-mlock.o)
 .debug_frame   0x00001c48       0x2c c:/program files (x86)/microchip/xc32/v2.30/bin/bin/../../lib/gcc/pic32c/6.2.1/../../../../pic32c/lib/v7e-m/fpv4-sp/hard\libc.a(lib_a-sbrkr.o)
 .debug_frame   0x00001c74       0x5c c:/program files (x86)/microchip/xc32/v2.30/bin/bin/../../lib/gcc/pic32c/6.2.1/../../../../pic32c/lib/v7e-m/fpv4-sp/hard\libc.a(lib_a-freer.o)
 .debug_frame   0x00001cd0       0x5c c:/program files (x86)/microchip/xc32/v2.30/bin/bin/../../lib/gcc/pic32c/6.2.1/../../../../pic32c/lib/v7e-m/fpv4-sp/hard\libc.a(lib_a-reent.o)
 .debug_frame   0x00001d2c       0x20 c:/program files (x86)/microchip/xc32/v2.30/bin/bin/../../lib/gcc/pic32c/6.2.1/../../../../pic32c/lib/v7e-m/fpv4-sp/hard\libpic32c.a(sbrk.o)

.debug_loc      0x00000000     0xa4ef
 .debug_loc     0x00000000      0x69d build/LAN9253_D51_SPI_direct_mode/production/_ext/1865161661/plib_dmac.o
 .debug_loc     0x0000069d       0x62 build/LAN9253_D51_SPI_direct_mode/production/_ext/60167341/plib_eic.o
 .debug_loc     0x000006ff      0x1d2 build/LAN9253_D51_SPI_direct_mode/production/_ext/1865468468/plib_nvic.o
 .debug_loc     0x000008d1      0x37b build/LAN9253_D51_SPI_direct_mode/production/_ext/1593096446/plib_nvmctrl.o
 .debug_loc     0x00000c4c       0x63 build/LAN9253_D51_SPI_direct_mode/production/_ext/1865521619/plib_port.o
 .debug_loc     0x00000caf      0x339 build/LAN9253_D51_SPI_direct_mode/production/_ext/1865555181/plib_qspi_spi.o
 .debug_loc     0x00000fe8       0x67 build/LAN9253_D51_SPI_direct_mode/production/_ext/1827571544/plib_systick.o
 .debug_loc     0x0000104f       0x4d build/LAN9253_D51_SPI_direct_mode/production/_ext/1171490990/initialization.o
 .debug_loc     0x0000109c       0x41 build/LAN9253_D51_SPI_direct_mode/production/_ext/1171490990/startup_xc32.o
 .debug_loc     0x000010dd     0x1347 build/LAN9253_D51_SPI_direct_mode/production/_ext/1671622979/Drivers.o
 .debug_loc     0x00002424      0x2f4 build/LAN9253_D51_SPI_direct_mode/production/_ext/108147519/ESC_Utils.o
 .debug_loc     0x00002718      0x94b build/LAN9253_D51_SPI_direct_mode/production/_ext/108147519/LAN925x.o
 .debug_loc     0x00003063       0x21 build/LAN9253_D51_SPI_direct_mode/production/_ext/108134065/bootmode.o
 .debug_loc     0x00003084      0x48b build/LAN9253_D51_SPI_direct_mode/production/_ext/108134065/coeappl.o
 .debug_loc     0x0000350f      0x498 build/LAN9253_D51_SPI_direct_mode/production/_ext/108134065/ecatappl.o
 .debug_loc     0x000039a7      0x11c build/LAN9253_D51_SPI_direct_mode/production/_ext/108134065/ecatcoe.o
 .debug_loc     0x00003ac3      0x41d build/LAN9253_D51_SPI_direct_mode/production/_ext/108134065/ecatfoe.o
 .debug_loc     0x00003ee0     0x11db build/LAN9253_D51_SPI_direct_mode/production/_ext/108134065/ecatslv.o
 .debug_loc     0x000050bb      0x1ef build/LAN9253_D51_SPI_direct_mode/production/_ext/108134065/emcy.o
 .debug_loc     0x000052aa      0x382 build/LAN9253_D51_SPI_direct_mode/production/_ext/108134065/foeappl.o
 .debug_loc     0x0000562c      0x6cc build/LAN9253_D51_SPI_direct_mode/production/_ext/108134065/mailbox.o
 .debug_loc     0x00005cf8     0x1a7d build/LAN9253_D51_SPI_direct_mode/production/_ext/108134065/objdef.o
 .debug_loc     0x00007775      0x911 build/LAN9253_D51_SPI_direct_mode/production/_ext/108134065/sample_app.o
 .debug_loc     0x00008086     0x10c9 build/LAN9253_D51_SPI_direct_mode/production/_ext/108134065/sdoserv.o
 .debug_loc     0x0000914f       0x20 build/LAN9253_D51_SPI_direct_mode/production/_ext/1360937237/main.o
 .debug_loc     0x0000916f      0x318 build/LAN9253_D51_SPI_direct_mode/production/_ext/1360937237/app.o
 .debug_loc     0x00009487       0x74 c:/program files (x86)/microchip/xc32/v2.30/bin/bin/../../lib/gcc/pic32c/6.2.1/../../../../pic32c/lib/v7e-m/fpv4-sp/hard\libc.a(lib_a-init.o)
 .debug_loc     0x000094fb       0x58 c:/program files (x86)/microchip/xc32/v2.30/bin/bin/../../lib/gcc/pic32c/6.2.1/../../../../pic32c/lib/v7e-m/fpv4-sp/hard\libc.a(lib_a-malloc.o)
 .debug_loc     0x00009553      0x875 c:/program files (x86)/microchip/xc32/v2.30/bin/bin/../../lib/gcc/pic32c/6.2.1/../../../../pic32c/lib/v7e-m/fpv4-sp/hard\libc.a(lib_a-mallocr.o)
 .debug_loc     0x00009dc8       0xb2 c:/program files (x86)/microchip/xc32/v2.30/bin/bin/../../lib/gcc/pic32c/6.2.1/../../../../pic32c/lib/v7e-m/fpv4-sp/hard\libc.a(lib_a-memcpy-stub.o)
 .debug_loc     0x00009e7a       0x4c c:/program files (x86)/microchip/xc32/v2.30/bin/bin/../../lib/gcc/pic32c/6.2.1/../../../../pic32c/lib/v7e-m/fpv4-sp/hard\libc.a(lib_a-memset.o)
 .debug_loc     0x00009ec6       0x6d c:/program files (x86)/microchip/xc32/v2.30/bin/bin/../../lib/gcc/pic32c/6.2.1/../../../../pic32c/lib/v7e-m/fpv4-sp/hard\libc.a(lib_a-sbrkr.o)
 .debug_loc     0x00009f33      0x42d c:/program files (x86)/microchip/xc32/v2.30/bin/bin/../../lib/gcc/pic32c/6.2.1/../../../../pic32c/lib/v7e-m/fpv4-sp/hard\libc.a(lib_a-freer.o)
 .debug_loc     0x0000a360      0x18f c:/program files (x86)/microchip/xc32/v2.30/bin/bin/../../lib/gcc/pic32c/6.2.1/../../../../pic32c/lib/v7e-m/fpv4-sp/hard\libc.a(lib_a-reent.o)

.stack          0x20005438      0x100
 .stack         0x20005438      0x100 stack

.data.aEepromData%1
                0x2000359c      0x800
 .data.aEepromData
                0x2000359c      0x800 build/LAN9253_D51_SPI_direct_mode/production/_ext/1360937237/app.o
                0x2000359c                aEepromData

.data.impure_data%2
                0x20003da0      0x418
 .data.impure_data
                0x20003da0      0x418 c:/program files (x86)/microchip/xc32/v2.30/bin/bin/../../lib/gcc/pic32c/6.2.1/../../../../pic32c/lib/v7e-m/fpv4-sp/hard\libc.a(lib_a-impure.o)

.data.__malloc_av_%3
                0x200041b8      0x408
 .data.__malloc_av_
                0x200041b8      0x408 c:/program files (x86)/microchip/xc32/v2.30/bin/bin/../../lib/gcc/pic32c/6.2.1/../../../../pic32c/lib/v7e-m/fpv4-sp/hard\libc.a(lib_a-mallocr.o)
                0x200041b8                __malloc_av_

.data.Inputs0x6000%4
                0x200045c0      0x204
 .data.Inputs0x6000
                0x200045c0      0x204 build/LAN9253_D51_SPI_direct_mode/production/_ext/108134065/sample_app.o
                0x200045c0                Inputs0x6000

.data.InputsProcessDataMapping0x1A00%5
                0x200047c4      0x204
 .data.InputsProcessDataMapping0x1A00
                0x200047c4      0x204 build/LAN9253_D51_SPI_direct_mode/production/_ext/108134065/sample_app.o
                0x200047c4                InputsProcessDataMapping0x1A00

.data.Outputs0x7010%6
                0x200049c8      0x204
 .data.Outputs0x7010
                0x200049c8      0x204 build/LAN9253_D51_SPI_direct_mode/production/_ext/108134065/sample_app.o
                0x200049c8                Outputs0x7010

.data.OutputsProcessDataMapping0x1601%7
                0x20004bcc      0x204
 .data.OutputsProcessDataMapping0x1601
                0x20004bcc      0x204 build/LAN9253_D51_SPI_direct_mode/production/_ext/108134065/sample_app.o
                0x20004bcc                OutputsProcessDataMapping0x1601

.data.GenObjDic%8
                0x20004dd0      0x1e0
 .data.GenObjDic
                0x20004dd0      0x1e0 build/LAN9253_D51_SPI_direct_mode/production/_ext/108134065/coeappl.o
                0x20004dd0                GenObjDic

.data.ApplicationObjDic%9
                0x20004fb0      0x118
 .data.ApplicationObjDic
                0x20004fb0      0x118 build/LAN9253_D51_SPI_direct_mode/production/_ext/108134065/coeappl.o
                0x20004fb0                ApplicationObjDic

.bss.__malloc_current_mallinfo%10
                0x200050c8       0x28
 .bss.__malloc_current_mallinfo
                0x200050c8       0x28 c:/program files (x86)/microchip/xc32/v2.30/bin/bin/../../lib/gcc/pic32c/6.2.1/../../../../pic32c/lib/v7e-m/fpv4-sp/hard\libc.a(lib_a-mallocr.o)
                0x200050c8                __malloc_current_mallinfo

.data.gau8DummyCntArr%11
                0x200050f0       0x27
 .data.gau8DummyCntArr
                0x200050f0       0x27 build/LAN9253_D51_SPI_direct_mode/production/_ext/108147519/LAN925x.o
                0x200050f0                gau8DummyCntArr

.bss._write_back_section%12
                0x20005118       0x20
 .bss._write_back_section
                0x20005118       0x20 build/LAN9253_D51_SPI_direct_mode/production/_ext/1865161661/plib_dmac.o

.bss.descriptor_section%13
                0x20005138       0x20
 .bss.descriptor_section
                0x20005138       0x20 build/LAN9253_D51_SPI_direct_mode/production/_ext/1865161661/plib_dmac.o

.bss%14         0x20005158       0x1c
 .bss           0x20005158       0x1c c:/program files (x86)/microchip/xc32/v2.30/bin/bin/../../lib/gcc/pic32c/6.2.1/v7e-m/fpv4-sp/hard/crtbegin.o

.data.acDevicename%15
                0x20005174       0x16
 .data.acDevicename
                0x20005174       0x16 build/LAN9253_D51_SPI_direct_mode/production/_ext/108134065/coeappl.o
                0x20005174                acDevicename

.data.sIdentity%16
                0x2000518c       0x14
 .data.sIdentity
                0x2000518c       0x14 build/LAN9253_D51_SPI_direct_mode/production/_ext/108134065/coeappl.o
                0x2000518c                sIdentity

.data.aSubindexDesc%17
                0x200051a0        0xd
 .data.aSubindexDesc
                0x200051a0        0xd build/LAN9253_D51_SPI_direct_mode/production/_ext/108134065/objdef.o
                0x200051a0                aSubindexDesc

.data.sErrorSettings%18
                0x200051b0        0xc
 .data.sErrorSettings
                0x200051b0        0xc build/LAN9253_D51_SPI_direct_mode/production/_ext/108134065/objdef.o
                0x200051b0                sErrorSettings

.bss.u64Timestamp%19
                0x200051c0        0x8
 .bss.u64Timestamp
                0x200051c0        0x8 build/LAN9253_D51_SPI_direct_mode/production/_ext/108134065/coeappl.o
                0x200051c0                u64Timestamp

.data.sSyncmanagertype%20
                0x200051c8        0x6
 .data.sSyncmanagertype
                0x200051c8        0x6 build/LAN9253_D51_SPI_direct_mode/production/_ext/108134065/coeappl.o
                0x200051c8                sSyncmanagertype

.bss.ObjDicList%21
                0x20003d9c        0x4
 .bss.ObjDicList
                0x20003d9c        0x4 build/LAN9253_D51_SPI_direct_mode/production/_ext/108134065/coeappl.o
                0x20003d9c                ObjDicList

.data.acHardwareversion%22
                0x200051bc        0x4
 .data.acHardwareversion
                0x200051bc        0x4 build/LAN9253_D51_SPI_direct_mode/production/_ext/108134065/coeappl.o
                0x200051bc                acHardwareversion

.data.acSoftwareversion%23
                0x200051ce        0x4
 .data.acSoftwareversion
                0x200051ce        0x4 build/LAN9253_D51_SPI_direct_mode/production/_ext/108134065/coeappl.o
                0x200051ce                acSoftwareversion

.data.u32Devicetype%24
                0x200051d4        0x4
 .data.u32Devicetype
                0x200051d4        0x4 build/LAN9253_D51_SPI_direct_mode/production/_ext/108134065/coeappl.o
                0x200051d4                u32Devicetype

.bss.SMActivate%25
                0x200051d8        0x4
 .bss.SMActivate
                0x200051d8        0x4 build/LAN9253_D51_SPI_direct_mode/production/_ext/108134065/ecatslv.o
                0x200051d8                SMActivate

.bss.gTriggerCounterValMeasure%26
                0x200051dc        0x4
 .bss.gTriggerCounterValMeasure
                0x200051dc        0x4 build/LAN9253_D51_SPI_direct_mode/production/_ext/108134065/sample_app.o
                0x200051dc                gTriggerCounterValMeasure

.bss.nFileStartWriteAddress%27
                0x200051e0        0x4
 .bss.nFileStartWriteAddress
                0x200051e0        0x4 build/LAN9253_D51_SPI_direct_mode/production/_ext/108134065/sample_app.o
                0x200051e0                nFileStartWriteAddress

.bss.nFileWriteOffset%28
                0x200051e4        0x4
 .bss.nFileWriteOffset
                0x200051e4        0x4 build/LAN9253_D51_SPI_direct_mode/production/_ext/108134065/sample_app.o
                0x200051e4                nFileWriteOffset

.bss.u32FileSize%29
                0x200051e8        0x4
 .bss.u32FileSize
                0x200051e8        0x4 build/LAN9253_D51_SPI_direct_mode/production/_ext/108134065/sample_app.o
                0x200051e8                u32FileSize

.data.gFOETestFrameSize%30
                0x200051ec        0x4
 .data.gFOETestFrameSize
                0x200051ec        0x4 build/LAN9253_D51_SPI_direct_mode/production/_ext/108134065/sample_app.o
                0x200051ec                gFOETestFrameSize

.data.sRxPDOassign%31
                0x200051f0        0x4
 .data.sRxPDOassign
                0x200051f0        0x4 build/LAN9253_D51_SPI_direct_mode/production/_ext/108134065/sample_app.o
                0x200051f0                sRxPDOassign

.data.sTxPDOassign%32
                0x200051f4        0x4
 .data.sTxPDOassign
                0x200051f4        0x4 build/LAN9253_D51_SPI_direct_mode/production/_ext/108134065/sample_app.o
                0x200051f4                sTxPDOassign

.bss.__malloc_max_sbrked_mem%33
                0x200051f8        0x4
 .bss.__malloc_max_sbrked_mem
                0x200051f8        0x4 c:/program files (x86)/microchip/xc32/v2.30/bin/bin/../../lib/gcc/pic32c/6.2.1/../../../../pic32c/lib/v7e-m/fpv4-sp/hard\libc.a(lib_a-mallocr.o)
                0x200051f8                __malloc_max_sbrked_mem

.bss.__malloc_max_total_mem%34
                0x200051fc        0x4
 .bss.__malloc_max_total_mem
                0x200051fc        0x4 c:/program files (x86)/microchip/xc32/v2.30/bin/bin/../../lib/gcc/pic32c/6.2.1/../../../../pic32c/lib/v7e-m/fpv4-sp/hard\libc.a(lib_a-mallocr.o)
                0x200051fc                __malloc_max_total_mem

.bss.__malloc_top_pad%35
                0x20005200        0x4
 .bss.__malloc_top_pad
                0x20005200        0x4 c:/program files (x86)/microchip/xc32/v2.30/bin/bin/../../lib/gcc/pic32c/6.2.1/../../../../pic32c/lib/v7e-m/fpv4-sp/hard\libc.a(lib_a-mallocr.o)
                0x20005200                __malloc_top_pad

.data.__malloc_sbrk_base%36
                0x20005204        0x4
 .data.__malloc_sbrk_base
                0x20005204        0x4 c:/program files (x86)/microchip/xc32/v2.30/bin/bin/../../lib/gcc/pic32c/6.2.1/../../../../pic32c/lib/v7e-m/fpv4-sp/hard\libc.a(lib_a-mallocr.o)
                0x20005204                __malloc_sbrk_base

.data.__malloc_trim_threshold%37
                0x20005208        0x4
 .data.__malloc_trim_threshold
                0x20005208        0x4 c:/program files (x86)/microchip/xc32/v2.30/bin/bin/../../lib/gcc/pic32c/6.2.1/../../../../pic32c/lib/v7e-m/fpv4-sp/hard\libc.a(lib_a-mallocr.o)
                0x20005208                __malloc_trim_threshold

.data._impure_ptr%38
                0x2000520c        0x4
 .data._impure_ptr
                0x2000520c        0x4 c:/program files (x86)/microchip/xc32/v2.30/bin/bin/../../lib/gcc/pic32c/6.2.1/../../../../pic32c/lib/v7e-m/fpv4-sp/hard\libc.a(lib_a-impure.o)
                0x2000520c                _impure_ptr

.bss%39         0x20005210        0x4
 .bss           0x20005210        0x4 c:/program files (x86)/microchip/xc32/v2.30/bin/bin/../../lib/gcc/pic32c/6.2.1/../../../../pic32c/lib/v7e-m/fpv4-sp/hard\libpic32c.a(sbrk.o)

.bss.nvm_error%40
                0x2000518a        0x2
 .bss.nvm_error
                0x2000518a        0x2 build/LAN9253_D51_SPI_direct_mode/production/_ext/1593096446/plib_nvmctrl.o

.bss.u16ErrorRegister%41
                0x200051d2        0x2
 .bss.u16ErrorRegister
                0x200051d2        0x2 build/LAN9253_D51_SPI_direct_mode/production/_ext/108134065/coeappl.o
                0x200051d2                u16ErrorRegister

.bss.isLastByteTransferInProgress.9865%42
                0x20005117        0x1
 .bss.isLastByteTransferInProgress.9865
                0x20005117        0x1 build/LAN9253_D51_SPI_direct_mode/production/_ext/1865555181/plib_qspi_spi.o

.bss.gchEtherCATQSPITransmission%43
                0x200051ad        0x1
 .bss.gchEtherCATQSPITransmission
                0x200051ad        0x1 build/LAN9253_D51_SPI_direct_mode/production/_ext/1671622979/Drivers.o
                0x200051ad                gchEtherCATQSPITransmission

.bss.gbALEvtOpEnabled%44
                0x200051ae        0x1
 .bss.gbALEvtOpEnabled
                0x200051ae        0x1 build/LAN9253_D51_SPI_direct_mode/production/_ext/108147519/LAN925x.o
                0x200051ae                gbALEvtOpEnabled

.bss.bInitFinished%45
                0x200051af        0x1
 .bss.bInitFinished
                0x200051af        0x1 build/LAN9253_D51_SPI_direct_mode/production/_ext/108134065/ecatappl.o
                0x200051af                bInitFinished

.bss.EepromLoaded%46
                0x20005214        0x1
 .bss.EepromLoaded
                0x20005214        0x1 build/LAN9253_D51_SPI_direct_mode/production/_ext/108134065/ecatslv.o
                0x20005214                EepromLoaded

.bss.gFirmwareDownload_Finished%47
                0x20005215        0x1
 .bss.gFirmwareDownload_Finished
                0x20005215        0x1 build/LAN9253_D51_SPI_direct_mode/production/_ext/108134065/sample_app.o
                0x20005215                gFirmwareDownload_Finished

.bss.gFirmwareDownload_Started%48
                0x20005216        0x1
 .bss.gFirmwareDownload_Started
                0x20005216        0x1 build/LAN9253_D51_SPI_direct_mode/production/_ext/108134065/sample_app.o
                0x20005216                gFirmwareDownload_Started

.bss.bSdoInWork%49
                0x20005217        0x1
 .bss.bSdoInWork
                0x20005217        0x1 build/LAN9253_D51_SPI_direct_mode/production/_ext/108134065/sdoserv.o
                0x20005217                bSdoInWork

.eh_frame%z1    0x00000000        0x0
 .eh_frame      0x00000000        0x0 c:/program files (x86)/microchip/xc32/v2.30/bin/bin/../../lib/gcc/pic32c/6.2.1/v7e-m/fpv4-sp/hard/crtbegin.o

.dinit%50       0x00000280     0x1ef0
 .dinit         0x00000280     0x1ef0 data_init

.text.SDOS_SdoInd%51
                0x00002170      0x6fc
 .text.SDOS_SdoInd
                0x00002170      0x6fc build/LAN9253_D51_SPI_direct_mode/production/_ext/108134065/sdoserv.o
                0x00002170                SDOS_SdoInd

.rodata.aName0x1601%52
                0x0000286c      0x69f
 .rodata.aName0x1601
                0x0000286c      0x69f build/LAN9253_D51_SPI_direct_mode/production/_ext/108134065/coeappl.o
                0x0000286c                aName0x1601

.rodata.aName0x1A00%53
                0x00002f0b      0x69e
 .rodata.aName0x1A00
                0x00002f0b      0x69e build/LAN9253_D51_SPI_direct_mode/production/_ext/108134065/coeappl.o
                0x00002f0b                aName0x1A00

.rodata.aName0x7010%54
                0x000035a9      0x51e
 .rodata.aName0x7010
                0x000035a9      0x51e build/LAN9253_D51_SPI_direct_mode/production/_ext/108134065/coeappl.o
                0x000035a9                aName0x7010

.rodata.aName0x6000%55
                0x00003ac7      0x51c
 .rodata.aName0x6000
                0x00003ac7      0x51c build/LAN9253_D51_SPI_direct_mode/production/_ext/108134065/coeappl.o
                0x00003ac7                aName0x6000

.text.AL_ControlInd%56
                0x00003fe4      0x500
 .text.AL_ControlInd
                0x00003fe4      0x500 build/LAN9253_D51_SPI_direct_mode/production/_ext/108134065/ecatslv.o
                0x00003fe4                AL_ControlInd

.text.StartInputHandler%57
                0x000044e4      0x4c4
 .text.StartInputHandler
                0x000044e4      0x4c4 build/LAN9253_D51_SPI_direct_mode/production/_ext/108134065/ecatslv.o
                0x000044e4                StartInputHandler

.text._malloc_r%58
                0x000049a8      0x438
 .text._malloc_r
                0x000049a8      0x438 c:/program files (x86)/microchip/xc32/v2.30/bin/bin/../../lib/gcc/pic32c/6.2.1/../../../../pic32c/lib/v7e-m/fpv4-sp/hard\libc.a(lib_a-mallocr.o)
                0x000049a8                _malloc_r

.text.OBJ_Write%59
                0x00004de0      0x408
 .text.OBJ_Write
                0x00004de0      0x408 build/LAN9253_D51_SPI_direct_mode/production/_ext/108134065/objdef.o
                0x00004de0                OBJ_Write

.text.OBJ_Read%60
                0x000051e8      0x34c
 .text.OBJ_Read
                0x000051e8      0x34c build/LAN9253_D51_SPI_direct_mode/production/_ext/108134065/objdef.o
                0x000051e8                OBJ_Read

.rodata.asEntryDesc0x1601%61
                0x00005534      0x306
 .rodata.asEntryDesc0x1601
                0x00005534      0x306 build/LAN9253_D51_SPI_direct_mode/production/_ext/108134065/coeappl.o
                0x00005534                asEntryDesc0x1601

.rodata.asEntryDesc0x1A00%62
                0x0000583a      0x306
 .rodata.asEntryDesc0x1A00
                0x0000583a      0x306 build/LAN9253_D51_SPI_direct_mode/production/_ext/108134065/coeappl.o
                0x0000583a                asEntryDesc0x1A00

.rodata.asEntryDesc0x6000%63
                0x00005b40      0x306
 .rodata.asEntryDesc0x6000
                0x00005b40      0x306 build/LAN9253_D51_SPI_direct_mode/production/_ext/108134065/coeappl.o
                0x00005b40                asEntryDesc0x6000

.rodata.asEntryDesc0x7010%64
                0x00005e46      0x306
 .rodata.asEntryDesc0x7010
                0x00005e46      0x306 build/LAN9253_D51_SPI_direct_mode/production/_ext/108134065/coeappl.o
                0x00005e46                asEntryDesc0x7010

.text.SDOS_SdoInfoInd%65
                0x0000614c      0x2b8
 .text.SDOS_SdoInfoInd
                0x0000614c      0x2b8 build/LAN9253_D51_SPI_direct_mode/production/_ext/108134065/sdoserv.o
                0x0000614c                SDOS_SdoInfoInd

.text.FOE_ServiceInd%66
                0x00006404      0x278
 .text.FOE_ServiceInd
                0x00006404      0x278 build/LAN9253_D51_SPI_direct_mode/production/_ext/108134065/ecatfoe.o
                0x00006404                FOE_ServiceInd

.text.AL_ControlRes%67
                0x0000667c      0x214
 .text.AL_ControlRes
                0x0000667c      0x214 build/LAN9253_D51_SPI_direct_mode/production/_ext/108134065/ecatslv.o
                0x0000667c                AL_ControlRes

.text.CheckSmSettings%68
                0x00006890      0x1c0
 .text.CheckSmSettings
                0x00006890      0x1c0 build/LAN9253_D51_SPI_direct_mode/production/_ext/108134065/ecatslv.o
                0x00006890                CheckSmSettings

.text.EEPROM_CommandHandler%69
                0x00006a50      0x1a4
 .text.EEPROM_CommandHandler
                0x00006a50      0x1a4 build/LAN9253_D51_SPI_direct_mode/production/_ext/108134065/ecatappl.o
                0x00006a50                EEPROM_CommandHandler

.text._free_r%70
                0x00006bf4      0x178
 .text._free_r  0x00006bf4      0x178 c:/program files (x86)/microchip/xc32/v2.30/bin/bin/../../lib/gcc/pic32c/6.2.1/../../../../pic32c/lib/v7e-m/fpv4-sp/hard\libc.a(lib_a-freer.o)
                0x00006bf4                _free_r

.text.HandleDataPhase%71
                0x00006d6c      0x130
 .text.HandleDataPhase
                0x00006d6c      0x130 build/LAN9253_D51_SPI_direct_mode/production/_ext/1671622979/Drivers.o
                0x00006d6c                HandleDataPhase

.text.ECAT_Init%72
                0x00006e9c      0x11c
 .text.ECAT_Init