Archive member included to satisfy reference by file (symbol)

c:/program files (x86)/microchip/xc32/v2.30/bin/bin/../../lib/gcc/pic32c/6.2.1/../../../../pic32c/lib/v7e-m/fpv4-sp/hard\libpic32c.a(data_init.o)
                              build/LAN9253_D51_SPI_Beckhoff_mode/production/_ext/1171490990/startup_xc32.o (__pic32c_data_initialization)
c:/program files (x86)/microchip/xc32/v2.30/bin/bin/../../lib/gcc/pic32c/6.2.1/../../../../pic32c/lib/v7e-m/fpv4-sp/hard\libc.a(lib_a-init.o)
                              build/LAN9253_D51_SPI_Beckhoff_mode/production/_ext/1171490990/startup_xc32.o (__libc_init_array)
c:/program files (x86)/microchip/xc32/v2.30/bin/bin/../../lib/gcc/pic32c/6.2.1/../../../../pic32c/lib/v7e-m/fpv4-sp/hard\libc.a(lib_a-malloc.o)
                              build/LAN9253_D51_SPI_Beckhoff_mode/production/_ext/108134065/ecatcoe.o (malloc)
c:/program files (x86)/microchip/xc32/v2.30/bin/bin/../../lib/gcc/pic32c/6.2.1/../../../../pic32c/lib/v7e-m/fpv4-sp/hard\libc.a(lib_a-mallocr.o)
                              c:/program files (x86)/microchip/xc32/v2.30/bin/bin/../../lib/gcc/pic32c/6.2.1/../../../../pic32c/lib/v7e-m/fpv4-sp/hard\libc.a(lib_a-malloc.o) (_malloc_r)
c:/program files (x86)/microchip/xc32/v2.30/bin/bin/../../lib/gcc/pic32c/6.2.1/../../../../pic32c/lib/v7e-m/fpv4-sp/hard\libc.a(lib_a-memcpy-stub.o)
                              build/LAN9253_D51_SPI_Beckhoff_mode/production/_ext/1593096446/plib_nvmctrl.o (memcpy)
c:/program files (x86)/microchip/xc32/v2.30/bin/bin/../../lib/gcc/pic32c/6.2.1/../../../../pic32c/lib/v7e-m/fpv4-sp/hard\libc.a(lib_a-memset.o)
                              build/LAN9253_D51_SPI_Beckhoff_mode/production/_ext/1671622979/Drivers.o (memset)
c:/program files (x86)/microchip/xc32/v2.30/bin/bin/../../lib/gcc/pic32c/6.2.1/../../../../pic32c/lib/v7e-m/fpv4-sp/hard\libc.a(lib_a-mlock.o)
                              c:/program files (x86)/microchip/xc32/v2.30/bin/bin/../../lib/gcc/pic32c/6.2.1/../../../../pic32c/lib/v7e-m/fpv4-sp/hard\libc.a(lib_a-mallocr.o) (__malloc_lock)
c:/program files (x86)/microchip/xc32/v2.30/bin/bin/../../lib/gcc/pic32c/6.2.1/../../../../pic32c/lib/v7e-m/fpv4-sp/hard\libc.a(lib_a-sbrkr.o)
                              c:/program files (x86)/microchip/xc32/v2.30/bin/bin/../../lib/gcc/pic32c/6.2.1/../../../../pic32c/lib/v7e-m/fpv4-sp/hard\libc.a(lib_a-mallocr.o) (_sbrk_r)
c:/program files (x86)/microchip/xc32/v2.30/bin/bin/../../lib/gcc/pic32c/6.2.1/../../../../pic32c/lib/v7e-m/fpv4-sp/hard\libc.a(lib_a-strlen.o)
                              build/LAN9253_D51_SPI_Beckhoff_mode/production/_ext/108134065/objdef.o (strlen)
c:/program files (x86)/microchip/xc32/v2.30/bin/bin/../../lib/gcc/pic32c/6.2.1/../../../../pic32c/lib/v7e-m/fpv4-sp/hard\libc.a(lib_a-freer.o)
                              c:/program files (x86)/microchip/xc32/v2.30/bin/bin/../../lib/gcc/pic32c/6.2.1/../../../../pic32c/lib/v7e-m/fpv4-sp/hard\libc.a(lib_a-malloc.o) (_free_r)
c:/program files (x86)/microchip/xc32/v2.30/bin/bin/../../lib/gcc/pic32c/6.2.1/../../../../pic32c/lib/v7e-m/fpv4-sp/hard\libc.a(lib_a-impure.o)
                              c:/program files (x86)/microchip/xc32/v2.30/bin/bin/../../lib/gcc/pic32c/6.2.1/../../../../pic32c/lib/v7e-m/fpv4-sp/hard\libc.a(lib_a-malloc.o) (_impure_ptr)
c:/program files (x86)/microchip/xc32/v2.30/bin/bin/../../lib/gcc/pic32c/6.2.1/../../../../pic32c/lib/v7e-m/fpv4-sp/hard\libc.a(lib_a-reent.o)
                              c:/program files (x86)/microchip/xc32/v2.30/bin/bin/../../lib/gcc/pic32c/6.2.1/../../../../pic32c/lib/v7e-m/fpv4-sp/hard\libc.a(lib_a-sbrkr.o) (errno)
c:/program files (x86)/microchip/xc32/v2.30/bin/bin/../../lib/gcc/pic32c/6.2.1/../../../../pic32c/lib/v7e-m/fpv4-sp/hard\libpic32c.a(sbrk.o)
                              c:/program files (x86)/microchip/xc32/v2.30/bin/bin/../../lib/gcc/pic32c/6.2.1/../../../../pic32c/lib/v7e-m/fpv4-sp/hard\libc.a(lib_a-sbrkr.o) (_sbrk)

Allocating common symbols
Common symbol       size              file

b3BufferMode        0x1               build/LAN9253_D51_SPI_Beckhoff_mode/production/_ext/108134065/ecatslv.o
nEcatStateTrans     0x2               build/LAN9253_D51_SPI_Beckhoff_mode/production/_ext/108134065/ecatslv.o
EcatWdCounter       0x2               build/LAN9253_D51_SPI_Beckhoff_mode/production/_ext/108134065/ecatslv.o
sSendEmcyQueue      0x10              build/LAN9253_D51_SPI_Beckhoff_mode/production/_ext/108134065/emcy.o
bApplEsmPending     0x1               build/LAN9253_D51_SPI_Beckhoff_mode/production/_ext/108134065/ecatslv.o
pCoeSendStored      0x4               build/LAN9253_D51_SPI_Beckhoff_mode/production/_ext/108134065/ecatcoe.o
pAPPL_EEPROM_Store  0x4               build/LAN9253_D51_SPI_Beckhoff_mode/production/_ext/108134065/ecatappl.o
nSdoInfoIndex       0x2               build/LAN9253_D51_SPI_Beckhoff_mode/production/_ext/108134065/sdoserv.o
[...]
Memory Configuration

Name             Origin             Length             Attributes
rom              0x00000000         0x00080000         xrl
ram              0x20000000         0x00030000         xw !r
config_00804000  0x00804000         0x00000004
config_00804004  0x00804004         0x00000004
config_00804008  0x00804008         0x00000004
*default*        0x00000000         0xffffffff

Linker script and memory map

LOAD c:/program files (x86)/microchip/xc32/v2.30/bin/bin/../../lib/gcc/pic32c/6.2.1/v7e-m/fpv4-sp/hard/crti.o
LOAD c:/program files (x86)/microchip/xc32/v2.30/bin/bin/../../lib/gcc/pic32c/6.2.1/v7e-m/fpv4-sp/hard/crtbegin.o
LOAD build/LAN9253_D51_SPI_Beckhoff_mode/production/_ext/2070931557/drv_spi.o
LOAD build/LAN9253_D51_SPI_Beckhoff_mode/production/_ext/1984496892/plib_clock.o
LOAD build/LAN9253_D51_SPI_Beckhoff_mode/production/_ext/1865131932/plib_cmcc.o
LOAD build/LAN9253_D51_SPI_Beckhoff_mode/production/_ext/1865161661/plib_dmac.o
LOAD build/LAN9253_D51_SPI_Beckhoff_mode/production/_ext/60167341/plib_eic.o
LOAD build/LAN9253_D51_SPI_Beckhoff_mode/production/_ext/1986646378/plib_evsys.o
LOAD build/LAN9253_D51_SPI_Beckhoff_mode/production/_ext/1865468468/plib_nvic.o
LOAD build/LAN9253_D51_SPI_Beckhoff_mode/production/_ext/1593096446/plib_nvmctrl.o
LOAD build/LAN9253_D51_SPI_Beckhoff_mode/production/_ext/1865521619/plib_port.o
LOAD build/LAN9253_D51_SPI_Beckhoff_mode/production/_ext/1865555181/plib_qspi_spi.o
LOAD build/LAN9253_D51_SPI_Beckhoff_mode/production/_ext/1865555181/plib_qspi.o
LOAD build/LAN9253_D51_SPI_Beckhoff_mode/production/_ext/1827571544/plib_systick.o
LOAD build/LAN9253_D51_SPI_Beckhoff_mode/production/_ext/163028504/xc32_monitor.o
LOAD build/LAN9253_D51_SPI_Beckhoff_mode/production/_ext/1014039709/sys_cache.o
LOAD build/LAN9253_D51_SPI_Beckhoff_mode/production/_ext/14461671/sys_dma.o
LOAD build/LAN9253_D51_SPI_Beckhoff_mode/production/_ext/1881668453/sys_int.o
LOAD build/LAN9253_D51_SPI_Beckhoff_mode/production/_ext/1171490990/exceptions.o
LOAD build/LAN9253_D51_SPI_Beckhoff_mode/production/_ext/1171490990/initialization.o
LOAD build/LAN9253_D51_SPI_Beckhoff_mode/production/_ext/1171490990/interrupts.o
LOAD build/LAN9253_D51_SPI_Beckhoff_mode/production/_ext/1171490990/libc_syscalls.o
LOAD build/LAN9253_D51_SPI_Beckhoff_mode/production/_ext/1171490990/startup_xc32.o
LOAD build/LAN9253_D51_SPI_Beckhoff_mode/production/_ext/1171490990/tasks.o
LOAD build/LAN9253_D51_SPI_Beckhoff_mode/production/_ext/1671622979/Drivers.o
LOAD build/LAN9253_D51_SPI_Beckhoff_mode/production/_ext/108147519/ESC_Utils.o
LOAD build/LAN9253_D51_SPI_Beckhoff_mode/production/_ext/108147519/LAN925x.o
LOAD build/LAN9253_D51_SPI_Beckhoff_mode/production/_ext/108134065/bootmode.o
LOAD build/LAN9253_D51_SPI_Beckhoff_mode/production/_ext/108134065/coeappl.o
LOAD build/LAN9253_D51_SPI_Beckhoff_mode/production/_ext/108134065/ecatappl.o
LOAD build/LAN9253_D51_SPI_Beckhoff_mode/production/_ext/108134065/ecatcoe.o
LOAD build/LAN9253_D51_SPI_Beckhoff_mode/production/_ext/108134065/ecatfoe.o
LOAD build/LAN9253_D51_SPI_Beckhoff_mode/production/_ext/108134065/ecatslv.o
LOAD build/LAN9253_D51_SPI_Beckhoff_mode/production/_ext/108134065/emcy.o
LOAD build/LAN9253_D51_SPI_Beckhoff_mode/production/_ext/108134065/foeappl.o
LOAD build/LAN9253_D51_SPI_Beckhoff_mode/production/_ext/108134065/mailbox.o
LOAD build/LAN9253_D51_SPI_Beckhoff_mode/production/_ext/108134065/objdef.o
LOAD build/LAN9253_D51_SPI_Beckhoff_mode/production/_ext/108134065/sample_app.o
LOAD build/LAN9253_D51_SPI_Beckhoff_mode/production/_ext/108134065/sdoserv.o
LOAD build/LAN9253_D51_SPI_Beckhoff_mode/production/_ext/1360937237/main.o
LOAD build/LAN9253_D51_SPI_Beckhoff_mode/production/_ext/1360937237/app.o
LOAD build/LAN9253_D51_SPI_Beckhoff_mode/production/_ext/1360937237/Developer_Test.o
                0x00000001                __MPLAB_BUILD = 0x1
                0x00000200                _min_heap_size = 0x200
START GROUP
LOAD c:/program files (x86)/microchip/xc32/v2.30/bin/bin/../../lib/gcc/pic32c/6.2.1/../../../../pic32c/lib/v7e-m/fpv4-sp/hard\libpic32c.a
LOAD c:/program files (x86)/microchip/xc32/v2.30/bin/bin/../../lib/gcc/pic32c/6.2.1/v7e-m/fpv4-sp/hard\libgcc.a
LOAD c:/program files (x86)/microchip/xc32/v2.30/bin/bin/../../lib/gcc/pic32c/6.2.1/../../../../pic32c/lib/v7e-m/fpv4-sp/hard\libc.a
LOAD c:/program files (x86)/microchip/xc32/v2.30/bin/bin/../../lib/gcc/pic32c/6.2.1/../../../../pic32c/lib/v7e-m/fpv4-sp/hard\libm.a
END GROUP
LOAD c:/program files (x86)/microchip/xc32/v2.30/bin/bin/../../lib/gcc/pic32c/6.2.1/v7e-m/fpv4-sp/hard/crtend.o
LOAD c:/program files (x86)/microchip/xc32/v2.30/bin/bin/../../lib/gcc/pic32c/6.2.1/v7e-m/fpv4-sp/hard/crtn.o
                0x00080000                __rom_end = (ORIGIN (rom) + LENGTH (rom))
                0x20030000                __ram_end = (ORIGIN (ram) + LENGTH (ram))

.config_00804000
 *(.config_00804000)

.config_00804004
 *(.config_00804004)

.config_00804008
 *(.config_00804008)

.vectors        0x00000000      0x260
                0x00000000                . = ALIGN (0x4)
                0x00000000                _sfixed = .
 *(.vectors .vectors.* .vectors_default .vectors_default.*)
 .vectors       0x00000000      0x260 build/LAN9253_D51_SPI_Beckhoff_mode/production/_ext/1171490990/interrupts.o
                0x00000000                exception_table
 *(.isr_vector)
 *(.reset*)
 *(.after_vectors)

.text           0x00000260       0x20
                0x00000260                . = ALIGN (0x4)
 *(.glue_7t)
 .glue_7t       0x00000260        0x0 linker stubs
 *(.glue_7)
 .glue_7        0x00000260        0x0 linker stubs
 *(.gnu.linkonce.r.*)
 *(.ARM.extab* .gnu.linkonce.armextab.*)
                0x00000260                . = ALIGN (0x4)
 *(.init)
 .init          0x00000260        0x4 c:/program files (x86)/microchip/xc32/v2.30/bin/bin/../../lib/gcc/pic32c/6.2.1/v7e-m/fpv4-sp/hard/crti.o
                0x00000260                _init
 .init          0x00000264        0x8 c:/program files (x86)/microchip/xc32/v2.30/bin/bin/../../lib/gcc/pic32c/6.2.1/v7e-m/fpv4-sp/hard/crtn.o
                0x0000026c                . = ALIGN (0x4)
                0x0000026c                __preinit_array_start = .
 *(.preinit_array)
                0x0000026c                __preinit_array_end = .
                0x0000026c                . = ALIGN (0x4)
                0x0000026c                __init_array_start = .
 *(SORT(.init_array.*))
 *(.init_array)
 .init_array    0x0000026c        0x4 c:/program files (x86)/microchip/xc32/v2.30/bin/bin/../../lib/gcc/pic32c/6.2.1/v7e-m/fpv4-sp/hard/crtbegin.o
                0x00000270                __init_array_end = .
                0x00000270                . = ALIGN (0x4)
 *crtbegin.o(.ctors)
 *(EXCLUDE_FILE(*crtend.o) .ctors)
 *(SORT(.ctors.*))
 *crtend.o(.ctors)
                0x00000270                . = ALIGN (0x4)
 *(.fini)
 .fini          0x00000270        0x4 c:/program files (x86)/microchip/xc32/v2.30/bin/bin/../../lib/gcc/pic32c/6.2.1/v7e-m/fpv4-sp/hard/crti.o
                0x00000270                _fini
 .fini          0x00000274        0x8 c:/program files (x86)/microchip/xc32/v2.30/bin/bin/../../lib/gcc/pic32c/6.2.1/v7e-m/fpv4-sp/hard/crtn.o
                0x0000027c                . = ALIGN (0x4)
                0x0000027c                __fini_array_start = .
 *(.fini_array)
 .fini_array    0x0000027c        0x4 c:/program files (x86)/microchip/xc32/v2.30/bin/bin/../../lib/gcc/pic32c/6.2.1/v7e-m/fpv4-sp/hard/crtbegin.o
 *(SORT(.fini_array.*))
                0x00000280                __fini_array_end = .
 *crtbegin.o(.dtors)
 *(EXCLUDE_FILE(*crtend.o) .dtors)
 *(SORT(.dtors.*))
 *crtend.o(.dtors)
                0x00000280                . = ALIGN (0x4)
                0x00000280                _efixed = .
                [!provide]                PROVIDE (__exidx_start, .)

.ARM.exidx
 *(.ARM.exidx* .gnu.linkonce.armexidx.*)
                [!provide]                PROVIDE (__exidx_end, .)
                0x00000280                . = ALIGN (0x4)
                0x00000280                _etext = .

.bss            0x20000000     0x3dd4
                0x20000000                . = ALIGN (0x4)
                0x20000000                __bss_start__ = .
                0x20000000                _sbss = .
                0x20000000                _szero = .
 *(COMMON)
 COMMON         0x20000000       0x20 build/LAN9253_D51_SPI_Beckhoff_mode/production/_ext/2070931557/drv_spi.o
                0x20000000                transferTxHandle
                0x20000004                transferRxHandle
                0x20000008                setup
                0x2000001c                transferTxRxHandle
 COMMON         0x20000020       0x20 build/LAN9253_D51_SPI_Beckhoff_mode/production/_ext/1865161661/plib_dmac.o
                0x20000020                dmacChannelObj
 COMMON         0x20000040       0xc0 build/LAN9253_D51_SPI_Beckhoff_mode/production/_ext/60167341/plib_eic.o
                0x20000040                eicCallbackObject
 COMMON         0x20000100       0x28 build/LAN9253_D51_SPI_Beckhoff_mode/production/_ext/1865555181/plib_qspi_spi.o
                0x20000100                qspiObj
 COMMON         0x20000128        0xc build/LAN9253_D51_SPI_Beckhoff_mode/production/_ext/1827571544/plib_systick.o
                0x20000128                systick
 COMMON         0x20000134        0x8 build/LAN9253_D51_SPI_Beckhoff_mode/production/_ext/1171490990/initialization.o
                0x20000134                handle
                0x20000138                sysObj
 COMMON         0x2000013c      0x805 build/LAN9253_D51_SPI_Beckhoff_mode/production/_ext/1671622979/Drivers.o
                0x2000013c                gau8DmaBuff
                0x2000093c                gau8ALeventstore
 *fill*         0x20000941        0x3 
 COMMON         0x20000944        0x2 build/LAN9253_D51_SPI_Beckhoff_mode/production/_ext/108147519/LAN925x.o
                0x20000944                gEscALEvent
 *fill*         0x20000946        0x2 
 COMMON         0x20000948        0x8 build/LAN9253_D51_SPI_Beckhoff_mode/production/_ext/108134065/coeappl.o
                0x20000948                u32LastDc32Value
                0x2000094c                u32CheckForDcOverrunCnt
 COMMON         0x20000950     0x1258 build/LAN9253_D51_SPI_Beckhoff_mode/production/_ext/108134065/ecatappl.o
                0x20000950                pAPPL_EEPROM_Store
                0x20000954                bMinCycleTimeMeasurementStarted
                0x20000958                u32CycleTimeStartValue
                0x2000095c                pAPPL_EEPROM_Read
                0x20000960                pAPPL_EEPROM_Write
                0x20000964                bRunApplication
                0x20000968                u32SystemTimeReadFailure
                0x2000096c                bEcatWaitForInputUpdate
                0x20000970                u32MinCycleTimeValue
                0x20000974                aPdOutputData
                0x20001274                pAPPL_FoeError
                0x20001278                u16EepromStoreTimeoutCounter
                0x2000127a                EepromReadSize
                0x2000127c                pAPPL_FoeReadData
                0x20001280                pAPPL_MainLoop
                0x20001284                bEtherCATErrorLed
                0x20001288                u32MinCycleTimeStartValue
                0x2000128c                aPdInputData
                0x20001b8c                pEEPROM
                0x20001b90                bEtherCATRunLed
                0x20001b94                pAPPL_FoeWriteData
                0x20001b98                pAPPL_EEPROM_Reload
                0x20001b9c                pAPPL_FoeRead
                0x20001ba0                u16EepromStoreTimeoutValue
                0x20001ba4                pAPPL_FoeWrite
 COMMON         0x20001ba8        0x4 build/LAN9253_D51_SPI_Beckhoff_mode/production/_ext/108134065/ecatcoe.o
                0x20001ba8                pCoeSendStored
 COMMON         0x20001bac       0x16 build/LAN9253_D51_SPI_Beckhoff_mode/production/_ext/108134065/ecatfoe.o
                0x20001bac                u32FileOffset
                0x20001bb0                u16FileAccessState
                0x20001bb4                u32PacketNo
                0x20001bb8                pFoeSendStored
                0x20001bbc                u32LastFileOffset
                0x20001bc0                u16FoeMaxSendBlockSize
 *fill*         0x20001bc2        0x2 
 COMMON         0x20001bc4       0x52 build/LAN9253_D51_SPI_Beckhoff_mode/production/_ext/108134065/ecatslv.o
                0x20001bc4                b3BufferMode
                0x20001bc6                nEcatStateTrans
                0x20001bc8                EcatWdCounter
                0x20001bca                bApplEsmPending
                0x20001bcb                nAlStatus
                0x20001bcc                nPdOutputSize
                0x20001bce                u16LocalErrorCode
                0x20001bd0                Sync0WdCounter
                0x20001bd2                bLocalErrorFlag
                0x20001bd4                LatchInputSync0Counter
                0x20001bd6                i16WaitForPllRunningCnt
                0x20001bd8                nEscAddrOutputData
                0x20001bda                Sync0WdValue
                0x20001bdc                u8EcatRunLed
                0x20001bde                i16WaitForPllRunningTimeout
                0x20001be0                Sync1WdValue
                0x20001be2                u16ALEventMask
                0x20001be4                bDcRunning
                0x20001be8                u32dummy
                0x20001bec                SyncManInfo
                0x20001bf4                b32BitDc
                0x20001bf6                LatchInputSync0Value
                0x20001bf8                bEcatWaitForAlControlRes
                0x20001bfa                nPdInputSize
                0x20001bfc                u16SmSync0Value
                0x20001bfe                nMaxEscAddress
                0x20001c00                bEcatFirstOutputsReceived
                0x20001c01                bSmSyncSequenceValid
                0x20001c02                EsmTimeoutCounter
                0x20001c04                bBootMode
                0x20001c05                bDcSyncActive
                0x20001c06                bEcatOutputUpdateRunning
                0x20001c08                Sync1WdCounter
                0x20001c0a                EcatWdValue
                0x20001c0c                bEcatInputUpdateRunning
                0x20001c0d                bEscIntEnabled
                0x20001c0e                bWdTrigger
                0x20001c10                u16SmSync0Counter
                0x20001c12                nMaxSyncMan
                0x20001c13                u8EcatErrorLed
                0x20001c14                nEscAddrInputData
 *fill*         0x20001c16        0x2 
 COMMON         0x20001c18       0x28 build/LAN9253_D51_SPI_Beckhoff_mode/production/_ext/108134065/emcy.o
                0x20001c18                sSendEmcyQueue
                0x20001c28                asEmcy
                0x20001c30                sEmptyEmcyQueue
 COMMON         0x20001c40       0x94 build/LAN9253_D51_SPI_Beckhoff_mode/production/_ext/108134065/mailbox.o
                0x20001c40                u8MbxReadCounter
                0x20001c44                sMbxSendQueue
                0x20001c78                sMbxReceiveQueue
                0x20001cac                bNoMbxMemoryAvailable
                0x20001cad                bSendMbxIsFull
                0x20001cae                bMbxRunning
                0x20001cb0                u16EscAddrReceiveMbx
                0x20001cb4                psStoreMbx
                0x20001cb8                u16SendMbxSize
                0x20001cbc                psReadMbx
                0x20001cc0                bReceiveMbxIsLocked
                0x20001cc2                u16EscAddrSendMbx
                0x20001cc4                psWriteMbx
                0x20001cc8                u8MbxWriteCounter
                0x20001cc9                u8MailboxSendReqStored
                0x20001cca                u16ReceiveMbxSize
                0x20001ccc                bMbxRepeatToggle
                0x20001cd0                psRepeatMbx
 COMMON         0x20001cd4       0x8e build/LAN9253_D51_SPI_Beckhoff_mode/production/_ext/108134065/objdef.o
                0x20001cd4                sSyncManInPar
                0x20001d18                sSyncManOutPar
                0x20001d5c                bSyncSetByUser
                0x20001d60                sCycleDiag
 *fill*         0x20001d62        0x2 
 COMMON         0x20001d64     0x2016 build/LAN9253_D51_SPI_Beckhoff_mode/production/_ext/108134065/sample_app.o
                0x20001d64                aFileData
                0x20003d64                aFileName
 *fill*         0x20003d7a        0x2 
 COMMON         0x20003d7c       0x4d build/LAN9253_D51_SPI_Beckhoff_mode/production/_ext/108134065/sdoserv.o
                0x20003d7c                nSdoInfoIndex
                0x20003d80                pStoreData
                0x20003d84                nSdoSegBytesToHandle
                0x20003d88                bSdoSegAccess
                0x20003d89                bSdoSegFollows
                0x20003d8c                nSdoSegCompleteSize
                0x20003d90                pSdoPendFunc
                0x20003d94                u8PendingSdo
                0x20003d95                bStoreCompleteAccess
                0x20003d96                bSdoSegLastToggle
                0x20003d97                nSdoSegService
                0x20003d98                pSdoInfoObjEntry
                0x20003d9c                nSdoInfoFragmentsLeft
                0x20003da0                pSdoResStored
                0x20003da4                u32StoreDataSize
                0x20003da8                pSdoSegData
                0x20003dac                nSdoSegIndex
                0x20003db0                aSdoInfoHeader
                0x20003dc0                pSdoSegObjEntry
                0x20003dc4                nSdoSegSubindex
                0x20003dc6                u16StoreIndex
                0x20003dc8                u8StoreSubindex
 *fill*         0x20003dc9        0x3 
 COMMON         0x20003dcc        0x1 build/LAN9253_D51_SPI_Beckhoff_mode/production/_ext/1360937237/app.o
                0x20003dcc                appData
 *fill*         0x20003dcd        0x3 
 COMMON         0x20003dd0        0x4 c:/program files (x86)/microchip/xc32/v2.30/bin/bin/../../lib/gcc/pic32c/6.2.1/../../../../pic32c/lib/v7e-m/fpv4-sp/hard\libc.a(lib_a-reent.o)
                0x20003dd0                errno
                0x20003dd4                . = ALIGN (0x4)
                0x20003dd4                __bss_end__ = .
                0x20003dd4                _ebss = .
                0x20003dd4                _ezero = .
                0x20003dd4                . = ALIGN (0x4)
                0x20003dd4                _end = .
                0x2002ffff                _ram_end_ = ((ORIGIN (ram) + LENGTH (ram)) - 0x1)
OUTPUT(dist/LAN9253_D51_SPI_Beckhoff_mode/production/ESF_EVB_LAN9253.production.elf elf32-littlearm)
LOAD stack
LOAD data_init

.ARM.attributes
                0x00000000       0x30
 .ARM.attributes
                0x00000000       0x22 c:/program files (x86)/microchip/xc32/v2.30/bin/bin/../../lib/gcc/pic32c/6.2.1/v7e-m/fpv4-sp/hard/crti.o
 .ARM.attributes
                0x00000022       0x34 c:/program files (x86)/microchip/xc32/v2.30/bin/bin/../../lib/gcc/pic32c/6.2.1/v7e-m/fpv4-sp/hard/crtbegin.o
 .ARM.attributes
                0x00000056       0x39 build/LAN9253_D51_SPI_Beckhoff_mode/production/_ext/2070931557/drv_spi.o
 .ARM.attributes
                0x0000008f       0x39 build/LAN9253_D51_SPI_Beckhoff_mode/production/_ext/1984496892/plib_clock.o
 .ARM.attributes
                0x000000c8       0x39 build/LAN9253_D51_SPI_Beckhoff_mode/production/_ext/1865161661/plib_dmac.o
 .ARM.attributes
                0x00000101       0x39 build/LAN9253_D51_SPI_Beckhoff_mode/production/_ext/60167341/plib_eic.o
 .ARM.attributes
                0x0000013a       0x39 build/LAN9253_D51_SPI_Beckhoff_mode/production/_ext/1986646378/plib_evsys.o
 .ARM.attributes
                0x00000173       0x39 build/LAN9253_D51_SPI_Beckhoff_mode/production/_ext/1865468468/plib_nvic.o
 .ARM.attributes
                0x000001ac       0x39 build/LAN9253_D51_SPI_Beckhoff_mode/production/_ext/1593096446/plib_nvmctrl.o
 .ARM.attributes
                0x000001e5       0x39 build/LAN9253_D51_SPI_Beckhoff_mode/production/_ext/1865521619/plib_port.o
 .ARM.attributes
                0x0000021e       0x39 build/LAN9253_D51_SPI_Beckhoff_mode/production/_ext/1865555181/plib_qspi_spi.o
 .ARM.attributes
                0x00000257       0x39 build/LAN9253_D51_SPI_Beckhoff_mode/production/_ext/1827571544/plib_systick.o
 .ARM.attributes
                0x00000290       0x39 build/LAN9253_D51_SPI_Beckhoff_mode/production/_ext/14461671/sys_dma.o
 .ARM.attributes
                0x000002c9       0x39 build/LAN9253_D51_SPI_Beckhoff_mode/production/_ext/1881668453/sys_int.o
 .ARM.attributes
                0x00000302       0x39 build/LAN9253_D51_SPI_Beckhoff_mode/production/_ext/1171490990/exceptions.o
 .ARM.attributes
                0x0000033b       0x39 build/LAN9253_D51_SPI_Beckhoff_mode/production/_ext/1171490990/initialization.o
 .ARM.attributes
                0x00000374       0x39 build/LAN9253_D51_SPI_Beckhoff_mode/production/_ext/1171490990/interrupts.o
 .ARM.attributes
                0x000003ad       0x39 build/LAN9253_D51_SPI_Beckhoff_mode/production/_ext/1171490990/startup_xc32.o
 .ARM.attributes
                0x000003e6       0x39 build/LAN9253_D51_SPI_Beckhoff_mode/production/_ext/1171490990/tasks.o
 .ARM.attributes
                0x0000041f       0x39 build/LAN9253_D51_SPI_Beckhoff_mode/production/_ext/1671622979/Drivers.o
 .ARM.attributes
                0x00000458       0x39 build/LAN9253_D51_SPI_Beckhoff_mode/production/_ext/108147519/ESC_Utils.o
 .ARM.attributes
                0x00000491       0x39 build/LAN9253_D51_SPI_Beckhoff_mode/production/_ext/108147519/LAN925x.o
 .ARM.attributes
                0x000004ca       0x39 build/LAN9253_D51_SPI_Beckhoff_mode/production/_ext/108134065/bootmode.o
 .ARM.attributes
                0x00000503       0x39 build/LAN9253_D51_SPI_Beckhoff_mode/production/_ext/108134065/coeappl.o
 .ARM.attributes
                0x0000053c       0x39 build/LAN9253_D51_SPI_Beckhoff_mode/production/_ext/108134065/ecatappl.o
 .ARM.attributes
                0x00000575       0x39 build/LAN9253_D51_SPI_Beckhoff_mode/production/_ext/108134065/ecatcoe.o
 .ARM.attributes
                0x000005ae       0x39 build/LAN9253_D51_SPI_Beckhoff_mode/production/_ext/108134065/ecatfoe.o
 .ARM.attributes
                0x000005e7       0x39 build/LAN9253_D51_SPI_Beckhoff_mode/production/_ext/108134065/ecatslv.o
 .ARM.attributes
                0x00000620       0x39 build/LAN9253_D51_SPI_Beckhoff_mode/production/_ext/108134065/emcy.o
 .ARM.attributes
                0x00000659       0x39 build/LAN9253_D51_SPI_Beckhoff_mode/production/_ext/108134065/foeappl.o
 .ARM.attributes
                0x00000692       0x39 build/LAN9253_D51_SPI_Beckhoff_mode/production/_ext/108134065/mailbox.o
 .ARM.attributes
                0x000006cb       0x39 build/LAN9253_D51_SPI_Beckhoff_mode/production/_ext/108134065/objdef.o
 .ARM.attributes
                0x00000704       0x39 build/LAN9253_D51_SPI_Beckhoff_mode/production/_ext/108134065/sample_app.o
 .ARM.attributes
                0x0000073d       0x39 build/LAN9253_D51_SPI_Beckhoff_mode/production/_ext/108134065/sdoserv.o
 .ARM.attributes
                0x00000776       0x39 build/LAN9253_D51_SPI_Beckhoff_mode/production/_ext/1360937237/main.o
 .ARM.attributes
                0x000007af       0x39 build/LAN9253_D51_SPI_Beckhoff_mode/production/_ext/1360937237/app.o
 .ARM.attributes
                0x000007e8       0x34 c:/program files (x86)/microchip/xc32/v2.30/bin/bin/../../lib/gcc/pic32c/6.2.1/../../../../pic32c/lib/v7e-m/fpv4-sp/hard\libpic32c.a(data_init.o)
 .ARM.attributes
                0x0000081c       0x34 c:/program files (x86)/microchip/xc32/v2.30/bin/bin/../../lib/gcc/pic32c/6.2.1/../../../../pic32c/lib/v7e-m/fpv4-sp/hard\libc.a(lib_a-init.o)
 .ARM.attributes
                0x00000850       0x34 c:/program files (x86)/microchip/xc32/v2.30/bin/bin/../../lib/gcc/pic32c/6.2.1/../../../../pic32c/lib/v7e-m/fpv4-sp/hard\libc.a(lib_a-malloc.o)
 .ARM.attributes
                0x00000884       0x34 c:/program files (x86)/microchip/xc32/v2.30/bin/bin/../../lib/gcc/pic32c/6.2.1/../../../../pic32c/lib/v7e-m/fpv4-sp/hard\libc.a(lib_a-mallocr.o)
 .ARM.attributes
                0x000008b8       0x34 c:/program files (x86)/microchip/xc32/v2.30/bin/bin/../../lib/gcc/pic32c/6.2.1/../../../../pic32c/lib/v7e-m/fpv4-sp/hard\libc.a(lib_a-memcpy-stub.o)
 .ARM.attributes
                0x000008ec       0x34 c:/program files (x86)/microchip/xc32/v2.30/bin/bin/../../lib/gcc/pic32c/6.2.1/../../../../pic32c/lib/v7e-m/fpv4-sp/hard\libc.a(lib_a-memset.o)
 .ARM.attributes
                0x00000920       0x34 c:/program files (x86)/microchip/xc32/v2.30/bin/bin/../../lib/gcc/pic32c/6.2.1/../../../../pic32c/lib/v7e-m/fpv4-sp/hard\libc.a(lib_a-mlock.o)
 .ARM.attributes
                0x00000954       0x34 c:/program files (x86)/microchip/xc32/v2.30/bin/bin/../../lib/gcc/pic32c/6.2.1/../../../../pic32c/lib/v7e-m/fpv4-sp/hard\libc.a(lib_a-sbrkr.o)
 .ARM.attributes
                0x00000988       0x1b c:/program files (x86)/microchip/xc32/v2.30/bin/bin/../../lib/gcc/pic32c/6.2.1/../../../../pic32c/lib/v7e-m/fpv4-sp/hard\libc.a(lib_a-strlen.o)
 .ARM.attributes
                0x000009a3       0x34 c:/program files (x86)/microchip/xc32/v2.30/bin/bin/../../lib/gcc/pic32c/6.2.1/../../../../pic32c/lib/v7e-m/fpv4-sp/hard\libc.a(lib_a-freer.o)
 .ARM.attributes
                0x000009d7       0x34 c:/program files (x86)/microchip/xc32/v2.30/bin/bin/../../lib/gcc/pic32c/6.2.1/../../../../pic32c/lib/v7e-m/fpv4-sp/hard\libc.a(lib_a-impure.o)
 .ARM.attributes
                0x00000a0b       0x34 c:/program files (x86)/microchip/xc32/v2.30/bin/bin/../../lib/gcc/pic32c/6.2.1/../../../../pic32c/lib/v7e-m/fpv4-sp/hard\libc.a(lib_a-reent.o)
 .ARM.attributes
                0x00000a3f       0x34 c:/program files (x86)/microchip/xc32/v2.30/bin/bin/../../lib/gcc/pic32c/6.2.1/../../../../pic32c/lib/v7e-m/fpv4-sp/hard\libpic32c.a(sbrk.o)
 .ARM.attributes
                0x00000a73       0x22 c:/program files (x86)/microchip/xc32/v2.30/bin/bin/../../lib/gcc/pic32c/6.2.1/v7e-m/fpv4-sp/hard/crtn.o

.comment        0x00000000       0x3c
 .comment       0x00000000       0x3c c:/program files (x86)/microchip/xc32/v2.30/bin/bin/../../lib/gcc/pic32c/6.2.1/v7e-m/fpv4-sp/hard/crtbegin.o
                                 0x3d (size before relaxing)
 .comment       0x0000003c       0x3d build/LAN9253_D51_SPI_Beckhoff_mode/production/_ext/2070931557/drv_spi.o
 .comment       0x0000003c       0x3d build/LAN9253_D51_SPI_Beckhoff_mode/production/_ext/1984496892/plib_clock.o
 .comment       0x0000003c       0x3d build/LAN9253_D51_SPI_Beckhoff_mode/production/_ext/1865161661/plib_dmac.o
 .comment       0x0000003c       0x3d build/LAN9253_D51_SPI_Beckhoff_mode/production/_ext/60167341/plib_eic.o
 .comment       0x0000003c       0x3d build/LAN9253_D51_SPI_Beckhoff_mode/production/_ext/1986646378/plib_evsys.o
 .comment       0x0000003c       0x3d build/LAN9253_D51_SPI_Beckhoff_mode/production/_ext/1865468468/plib_nvic.o
 .comment       0x0000003c       0x3d build/LAN9253_D51_SPI_Beckhoff_mode/production/_ext/1593096446/plib_nvmctrl.o
 .comment       0x0000003c       0x3d build/LAN9253_D51_SPI_Beckhoff_mode/production/_ext/1865521619/plib_port.o
 .comment       0x0000003c       0x3d build/LAN9253_D51_SPI_Beckhoff_mode/production/_ext/1865555181/plib_qspi_spi.o
 .comment       0x0000003c       0x3d build/LAN9253_D51_SPI_Beckhoff_mode/production/_ext/1827571544/plib_systick.o
 .comment       0x0000003c       0x3d build/LAN9253_D51_SPI_Beckhoff_mode/production/_ext/14461671/sys_dma.o
 .comment       0x0000003c       0x3d build/LAN9253_D51_SPI_Beckhoff_mode/production/_ext/1881668453/sys_int.o
 .comment       0x0000003c       0x3d build/LAN9253_D51_SPI_Beckhoff_mode/production/_ext/1171490990/exceptions.o
 .comment       0x0000003c       0x3d build/LAN9253_D51_SPI_Beckhoff_mode/production/_ext/1171490990/initialization.o
 .comment       0x0000003c       0x3d build/LAN9253_D51_SPI_Beckhoff_mode/production/_ext/1171490990/interrupts.o
 .comment       0x0000003c       0x3d build/LAN9253_D51_SPI_Beckhoff_mode/production/_ext/1171490990/startup_xc32.o
 .comment       0x0000003c       0x3d build/LAN9253_D51_SPI_Beckhoff_mode/production/_ext/1171490990/tasks.o
 .comment       0x0000003c       0x3d build/LAN9253_D51_SPI_Beckhoff_mode/production/_ext/1671622979/Drivers.o
 .comment       0x0000003c       0x3d build/LAN9253_D51_SPI_Beckhoff_mode/production/_ext/108147519/ESC_Utils.o
 .comment       0x0000003c       0x3d build/LAN9253_D51_SPI_Beckhoff_mode/production/_ext/108147519/LAN925x.o
 .comment       0x0000003c       0x3d build/LAN9253_D51_SPI_Beckhoff_mode/production/_ext/108134065/bootmode.o
 .comment       0x0000003c       0x3d build/LAN9253_D51_SPI_Beckhoff_mode/production/_ext/108134065/coeappl.o
 .comment       0x0000003c       0x3d build/LAN9253_D51_SPI_Beckhoff_mode/production/_ext/108134065/ecatappl.o
 .comment       0x0000003c       0x3d build/LAN9253_D51_SPI_Beckhoff_mode/production/_ext/108134065/ecatcoe.o
 .comment       0x0000003c       0x3d build/LAN9253_D51_SPI_Beckhoff_mode/production/_ext/108134065/ecatfoe.o
 .comment       0x0000003c       0x3d build/LAN9253_D51_SPI_Beckhoff_mode/production/_ext/108134065/ecatslv.o
 .comment       0x0000003c       0x3d build/LAN9253_D51_SPI_Beckhoff_mode/production/_ext/108134065/emcy.o
 .comment       0x0000003c       0x3d build/LAN9253_D51_SPI_Beckhoff_mode/production/_ext/108134065/foeappl.o
 .comment       0x0000003c       0x3d build/LAN9253_D51_SPI_Beckhoff_mode/production/_ext/108134065/mailbox.o
 .comment       0x0000003c       0x3d build/LAN9253_D51_SPI_Beckhoff_mode/production/_ext/108134065/objdef.o
 .comment       0x0000003c       0x3d build/LAN9253_D51_SPI_Beckhoff_mode/production/_ext/108134065/sample_app.o
 .comment       0x0000003c       0x3d build/LAN9253_D51_SPI_Beckhoff_mode/production/_ext/108134065/sdoserv.o
 .comment       0x0000003c       0x3d build/LAN9253_D51_SPI_Beckhoff_mode/production/_ext/1360937237/main.o
 .comment       0x0000003c       0x3d build/LAN9253_D51_SPI_Beckhoff_mode/production/_ext/1360937237/app.o
 .comment       0x0000003c       0x3d c:/program files (x86)/microchip/xc32/v2.30/bin/bin/../../lib/gcc/pic32c/6.2.1/../../../../pic32c/lib/v7e-m/fpv4-sp/hard\libpic32c.a(data_init.o)
 .comment       0x0000003c       0x3d c:/program files (x86)/microchip/xc32/v2.30/bin/bin/../../lib/gcc/pic32c/6.2.1/../../../../pic32c/lib/v7e-m/fpv4-sp/hard\libc.a(lib_a-init.o)
 .comment       0x0000003c       0x3d c:/program files (x86)/microchip/xc32/v2.30/bin/bin/../../lib/gcc/pic32c/6.2.1/../../../../pic32c/lib/v7e-m/fpv4-sp/hard\libc.a(lib_a-malloc.o)
 .comment       0x0000003c       0x3d c:/program files (x86)/microchip/xc32/v2.30/bin/bin/../../lib/gcc/pic32c/6.2.1/../../../../pic32c/lib/v7e-m/fpv4-sp/hard\libc.a(lib_a-mallocr.o)
 .comment       0x0000003c       0x3d c:/program files (x86)/microchip/xc32/v2.30/bin/bin/../../lib/gcc/pic32c/6.2.1/../../../../pic32c/lib/v7e-m/fpv4-sp/hard\libc.a(lib_a-memcpy-stub.o)
 .comment       0x0000003c       0x3d c:/program files (x86)/microchip/xc32/v2.30/bin/bin/../../lib/gcc/pic32c/6.2.1/../../../../pic32c/lib/v7e-m/fpv4-sp/hard\libc.a(lib_a-memset.o)
 .comment       0x0000003c       0x3d c:/program files (x86)/microchip/xc32/v2.30/bin/bin/../../lib/gcc/pic32c/6.2.1/../../../../pic32c/lib/v7e-m/fpv4-sp/hard\libc.a(lib_a-mlock.o)
 .comment       0x0000003c       0x3d c:/program files (x86)/microchip/xc32/v2.30/bin/bin/../../lib/gcc/pic32c/6.2.1/../../../../pic32c/lib/v7e-m/fpv4-sp/hard\libc.a(lib_a-sbrkr.o)
 .comment       0x0000003c       0x3d c:/program files (x86)/microchip/xc32/v2.30/bin/bin/../../lib/gcc/pic32c/6.2.1/../../../../pic32c/lib/v7e-m/fpv4-sp/hard\libc.a(lib_a-freer.o)
 .comment       0x0000003c       0x3d c:/program files (x86)/microchip/xc32/v2.30/bin/bin/../../lib/gcc/pic32c/6.2.1/../../../../pic32c/lib/v7e-m/fpv4-sp/hard\libc.a(lib_a-impure.o)
 .comment       0x0000003c       0x3d c:/program files (x86)/microchip/xc32/v2.30/bin/bin/../../lib/gcc/pic32c/6.2.1/../../../../pic32c/lib/v7e-m/fpv4-sp/hard\libc.a(lib_a-reent.o)
 .comment       0x0000003c       0x3d c:/program files (x86)/microchip/xc32/v2.30/bin/bin/../../lib/gcc/pic32c/6.2.1/../../../../pic32c/lib/v7e-m/fpv4-sp/hard\libpic32c.a(sbrk.o)

.debug_info     0x00000000    0x5e7ac
 .debug_info    0x00000000     0x4e12 build/LAN9253_D51_SPI_Beckhoff_mode/production/_ext/2070931557/drv_spi.o
 .debug_info    0x00004e12      0xba4 build/LAN9253_D51_SPI_Beckhoff_mode/production/_ext/1984496892/plib_clock.o
 .debug_info    0x000059b6     0x2c9f build/LAN9253_D51_SPI_Beckhoff_mode/production/_ext/1865161661/plib_dmac.o
 .debug_info    0x00008655      0x812 build/LAN9253_D51_SPI_Beckhoff_mode/production/_ext/60167341/plib_eic.o
 .debug_info    0x00008e67      0x38d build/LAN9253_D51_SPI_Beckhoff_mode/production/_ext/1986646378/plib_evsys.o
 .debug_info    0x000091f4     0x1120 build/LAN9253_D51_SPI_Beckhoff_mode/production/_ext/1865468468/plib_nvic.o
 .debug_info    0x0000a314     0x16ed build/LAN9253_D51_SPI_Beckhoff_mode/production/_ext/1593096446/plib_nvmctrl.o
 .debug_info    0x0000ba01      0x849 build/LAN9253_D51_SPI_Beckhoff_mode/production/_ext/1865521619/plib_port.o
 .debug_info    0x0000c24a     0x2270 build/LAN9253_D51_SPI_Beckhoff_mode/production/_ext/1865555181/plib_qspi_spi.o
 .debug_info    0x0000e4ba      0x6e8 build/LAN9253_D51_SPI_Beckhoff_mode/production/_ext/1827571544/plib_systick.o
 .debug_info    0x0000eba2     0x14a1 build/LAN9253_D51_SPI_Beckhoff_mode/production/_ext/14461671/sys_dma.o
 .debug_info    0x00010043     0x1126 build/LAN9253_D51_SPI_Beckhoff_mode/production/_ext/1881668453/sys_int.o
 .debug_info    0x00011169     0x1a69 build/LAN9253_D51_SPI_Beckhoff_mode/production/_ext/1171490990/exceptions.o
 .debug_info    0x00012bd2     0x32cd build/LAN9253_D51_SPI_Beckhoff_mode/production/_ext/1171490990/initialization.o
 .debug_info    0x00015e9f     0x2d45 build/LAN9253_D51_SPI_Beckhoff_mode/production/_ext/1171490990/interrupts.o
 .debug_info    0x00018be4     0x1e72 build/LAN9253_D51_SPI_Beckhoff_mode/production/_ext/1171490990/startup_xc32.o
 .debug_info    0x0001aa56     0x1999 build/LAN9253_D51_SPI_Beckhoff_mode/production/_ext/1171490990/tasks.o
 .debug_info    0x0001c3ef     0x3faf build/LAN9253_D51_SPI_Beckhoff_mode/production/_ext/1671622979/Drivers.o
 .debug_info    0x0002039e     0x1bd0 build/LAN9253_D51_SPI_Beckhoff_mode/production/_ext/108147519/ESC_Utils.o
 .debug_info    0x00021f6e     0x2887 build/LAN9253_D51_SPI_Beckhoff_mode/production/_ext/108147519/LAN925x.o
 .debug_info    0x000247f5     0x127f build/LAN9253_D51_SPI_Beckhoff_mode/production/_ext/108134065/bootmode.o
 .debug_info    0x00025a74     0x5b69 build/LAN9253_D51_SPI_Beckhoff_mode/production/_ext/108134065/coeappl.o
 .debug_info    0x0002b5dd     0x563f build/LAN9253_D51_SPI_Beckhoff_mode/production/_ext/108134065/ecatappl.o
 .debug_info    0x00030c1c     0x1697 build/LAN9253_D51_SPI_Beckhoff_mode/production/_ext/108134065/ecatcoe.o
 .debug_info    0x000322b3     0x246a build/LAN9253_D51_SPI_Beckhoff_mode/production/_ext/108134065/ecatfoe.o
 .debug_info    0x0003471d     0x5a10 build/LAN9253_D51_SPI_Beckhoff_mode/production/_ext/108134065/ecatslv.o
 .debug_info    0x0003a12d     0x24f2 build/LAN9253_D51_SPI_Beckhoff_mode/production/_ext/108134065/emcy.o
 .debug_info    0x0003c61f     0x295a build/LAN9253_D51_SPI_Beckhoff_mode/production/_ext/108134065/foeappl.o
 .debug_info    0x0003ef79     0x2baf build/LAN9253_D51_SPI_Beckhoff_mode/production/_ext/108134065/mailbox.o
 .debug_info    0x00041b28     0x31bd build/LAN9253_D51_SPI_Beckhoff_mode/production/_ext/108134065/objdef.o
 .debug_info    0x00044ce5     0x5a4b build/LAN9253_D51_SPI_Beckhoff_mode/production/_ext/108134065/sample_app.o
 .debug_info    0x0004a730     0x34c2 build/LAN9253_D51_SPI_Beckhoff_mode/production/_ext/108134065/sdoserv.o
 .debug_info    0x0004dbf2     0x1988 build/LAN9253_D51_SPI_Beckhoff_mode/production/_ext/1360937237/main.o
 .debug_info    0x0004f57a     0x53ea build/LAN9253_D51_SPI_Beckhoff_mode/production/_ext/1360937237/app.o
 .debug_info    0x00054964      0x2a2 c:/program files (x86)/microchip/xc32/v2.30/bin/bin/../../lib/gcc/pic32c/6.2.1/../../../../pic32c/lib/v7e-m/fpv4-sp/hard\libpic32c.a(data_init.o)
 .debug_info    0x00054c06      0x41a c:/program files (x86)/microchip/xc32/v2.30/bin/bin/../../lib/gcc/pic32c/6.2.1/../../../../pic32c/lib/v7e-m/fpv4-sp/hard\libc.a(lib_a-init.o)
 .debug_info    0x00055020      0xe58 c:/program files (x86)/microchip/xc32/v2.30/bin/bin/../../lib/gcc/pic32c/6.2.1/../../../../pic32c/lib/v7e-m/fpv4-sp/hard\libc.a(lib_a-malloc.o)
 .debug_info    0x00055e78     0x14ca c:/program files (x86)/microchip/xc32/v2.30/bin/bin/../../lib/gcc/pic32c/6.2.1/../../../../pic32c/lib/v7e-m/fpv4-sp/hard\libc.a(lib_a-mallocr.o)
 .debug_info    0x00057342      0xe2e c:/program files (x86)/microchip/xc32/v2.30/bin/bin/../../lib/gcc/pic32c/6.2.1/../../../../pic32c/lib/v7e-m/fpv4-sp/hard\libc.a(lib_a-memcpy-stub.o)
 .debug_info    0x00058170     0x156f c:/program files (x86)/microchip/xc32/v2.30/bin/bin/../../lib/gcc/pic32c/6.2.1/../../../../pic32c/lib/v7e-m/fpv4-sp/hard\libc.a(lib_a-memset.o)
 .debug_info    0x000596df      0xdf2 c:/program files (x86)/microchip/xc32/v2.30/bin/bin/../../lib/gcc/pic32c/6.2.1/../../../../pic32c/lib/v7e-m/fpv4-sp/hard\libc.a(lib_a-mlock.o)
 .debug_info    0x0005a4d1      0xea5 c:/program files (x86)/microchip/xc32/v2.30/bin/bin/../../lib/gcc/pic32c/6.2.1/../../../../pic32c/lib/v7e-m/fpv4-sp/hard\libc.a(lib_a-sbrkr.o)
 .debug_info    0x0005b376      0x125 c:/program files (x86)/microchip/xc32/v2.30/bin/bin/../../lib/gcc/pic32c/6.2.1/../../../../pic32c/lib/v7e-m/fpv4-sp/hard\libc.a(lib_a-strlen.o)
 .debug_info    0x0005b49b     0x137d c:/program files (x86)/microchip/xc32/v2.30/bin/bin/../../lib/gcc/pic32c/6.2.1/../../../../pic32c/lib/v7e-m/fpv4-sp/hard\libc.a(lib_a-freer.o)
 .debug_info    0x0005c818      0xdb5 c:/program files (x86)/microchip/xc32/v2.30/bin/bin/../../lib/gcc/pic32c/6.2.1/../../../../pic32c/lib/v7e-m/fpv4-sp/hard\libc.a(lib_a-impure.o)
 .debug_info    0x0005d5cd      0xf59 c:/program files (x86)/microchip/xc32/v2.30/bin/bin/../../lib/gcc/pic32c/6.2.1/../../../../pic32c/lib/v7e-m/fpv4-sp/hard\libc.a(lib_a-reent.o)
 .debug_info    0x0005e526      0x286 c:/program files (x86)/microchip/xc32/v2.30/bin/bin/../../lib/gcc/pic32c/6.2.1/../../../../pic32c/lib/v7e-m/fpv4-sp/hard\libpic32c.a(sbrk.o)

.debug_abbrev   0x00000000     0x6320
 .debug_abbrev  0x00000000      0x454 build/LAN9253_D51_SPI_Beckhoff_mode/production/_ext/2070931557/drv_spi.o
 .debug_abbrev  0x00000454       0xfd build/LAN9253_D51_SPI_Beckhoff_mode/production/_ext/1984496892/plib_clock.o
 .debug_abbrev  0x00000551      0x345 build/LAN9253_D51_SPI_Beckhoff_mode/production/_ext/1865161661/plib_dmac.o
 .debug_abbrev  0x00000896      0x15d build/LAN9253_D51_SPI_Beckhoff_mode/production/_ext/60167341/plib_eic.o
 .debug_abbrev  0x000009f3       0x5e build/LAN9253_D51_SPI_Beckhoff_mode/production/_ext/1986646378/plib_evsys.o
 .debug_abbrev  0x00000a51      0x14d build/LAN9253_D51_SPI_Beckhoff_mode/production/_ext/1865468468/plib_nvic.o
 .debug_abbrev  0x00000b9e      0x25d build/LAN9253_D51_SPI_Beckhoff_mode/production/_ext/1593096446/plib_nvmctrl.o
 .debug_abbrev  0x00000dfb      0x151 build/LAN9253_D51_SPI_Beckhoff_mode/production/_ext/1865521619/plib_port.o
 .debug_abbrev  0x00000f4c      0x29a build/LAN9253_D51_SPI_Beckhoff_mode/production/_ext/1865555181/plib_qspi_spi.o
 .debug_abbrev  0x000011e6      0x15c build/LAN9253_D51_SPI_Beckhoff_mode/production/_ext/1827571544/plib_systick.o
 .debug_abbrev  0x00001342      0x1e7 build/LAN9253_D51_SPI_Beckhoff_mode/production/_ext/14461671/sys_dma.o
 .debug_abbrev  0x00001529      0x206 build/LAN9253_D51_SPI_Beckhoff_mode/production/_ext/1881668453/sys_int.o
 .debug_abbrev  0x0000172f      0x1d1 build/LAN9253_D51_SPI_Beckhoff_mode/production/_ext/1171490990/exceptions.o
 .debug_abbrev  0x00001900      0x23a build/LAN9253_D51_SPI_Beckhoff_mode/production/_ext/1171490990/initialization.o
 .debug_abbrev  0x00001b3a      0x1d1 build/LAN9253_D51_SPI_Beckhoff_mode/production/_ext/1171490990/interrupts.o
 .debug_abbrev  0x00001d0b      0x2a9 build/LAN9253_D51_SPI_Beckhoff_mode/production/_ext/1171490990/startup_xc32.o
 .debug_abbrev  0x00001fb4      0x1d1 build/LAN9253_D51_SPI_Beckhoff_mode/production/_ext/1171490990/tasks.o
 .debug_abbrev  0x00002185      0x439 build/LAN9253_D51_SPI_Beckhoff_mode/production/_ext/1671622979/Drivers.o
 .debug_abbrev  0x000025be      0x232 build/LAN9253_D51_SPI_Beckhoff_mode/production/_ext/108147519/ESC_Utils.o
 .debug_abbrev  0x000027f0      0x2c3 build/LAN9253_D51_SPI_Beckhoff_mode/production/_ext/108147519/LAN925x.o
 .debug_abbrev  0x00002ab3      0x1f9 build/LAN9253_D51_SPI_Beckhoff_mode/production/_ext/108134065/bootmode.o
 .debug_abbrev  0x00002cac      0x300 build/LAN9253_D51_SPI_Beckhoff_mode/production/_ext/108134065/coeappl.o
 .debug_abbrev  0x00002fac      0x2c6 build/LAN9253_D51_SPI_Beckhoff_mode/production/_ext/108134065/ecatappl.o
 .debug_abbrev  0x00003272      0x1ee build/LAN9253_D51_SPI_Beckhoff_mode/production/_ext/108134065/ecatcoe.o
 .debug_abbrev  0x00003460      0x283 build/LAN9253_D51_SPI_Beckhoff_mode/production/_ext/108134065/ecatfoe.o
 .debug_abbrev  0x000036e3      0x2fb build/LAN9253_D51_SPI_Beckhoff_mode/production/_ext/108134065/ecatslv.o
 .debug_abbrev  0x000039de      0x2c7 build/LAN9253_D51_SPI_Beckhoff_mode/production/_ext/108134065/emcy.o
 .debug_abbrev  0x00003ca5      0x29b build/LAN9253_D51_SPI_Beckhoff_mode/production/_ext/108134065/foeappl.o
 .debug_abbrev  0x00003f40      0x2ba build/LAN9253_D51_SPI_Beckhoff_mode/production/_ext/108134065/mailbox.o
 .debug_abbrev  0x000041fa      0x2ec build/LAN9253_D51_SPI_Beckhoff_mode/production/_ext/108134065/objdef.o
 .debug_abbrev  0x000044e6      0x394 build/LAN9253_D51_SPI_Beckhoff_mode/production/_ext/108134065/sample_app.o
 .debug_abbrev  0x0000487a      0x309 build/LAN9253_D51_SPI_Beckhoff_mode/production/_ext/108134065/sdoserv.o
 .debug_abbrev  0x00004b83      0x1d3 build/LAN9253_D51_SPI_Beckhoff_mode/production/_ext/1360937237/main.o
 .debug_abbrev  0x00004d56      0x304 build/LAN9253_D51_SPI_Beckhoff_mode/production/_ext/1360937237/app.o
 .debug_abbrev  0x0000505a       0x2a c:/program files (x86)/microchip/xc32/v2.30/bin/bin/../../lib/gcc/pic32c/6.2.1/../../../../pic32c/lib/v7e-m/fpv4-sp/hard\libpic32c.a(data_init.o)
 .debug_abbrev  0x00005084       0xa3 c:/program files (x86)/microchip/xc32/v2.30/bin/bin/../../lib/gcc/pic32c/6.2.1/../../../../pic32c/lib/v7e-m/fpv4-sp/hard\libc.a(lib_a-init.o)
 .debug_abbrev  0x00005127      0x1f8 c:/program files (x86)/microchip/xc32/v2.30/bin/bin/../../lib/gcc/pic32c/6.2.1/../../../../pic32c/lib/v7e-m/fpv4-sp/hard\libc.a(lib_a-malloc.o)
 .debug_abbrev  0x0000531f      0x29b c:/program files (x86)/microchip/xc32/v2.30/bin/bin/../../lib/gcc/pic32c/6.2.1/../../../../pic32c/lib/v7e-m/fpv4-sp/hard\libc.a(lib_a-mallocr.o)
 .debug_abbrev  0x000055ba      0x1c1 c:/program files (x86)/microchip/xc32/v2.30/bin/bin/../../lib/gcc/pic32c/6.2.1/../../../../pic32c/lib/v7e-m/fpv4-sp/hard\libc.a(lib_a-memcpy-stub.o)
 .debug_abbrev  0x0000577b      0x1b5 c:/program files (x86)/microchip/xc32/v2.30/bin/bin/../../lib/gcc/pic32c/6.2.1/../../../../pic32c/lib/v7e-m/fpv4-sp/hard\libc.a(lib_a-memset.o)
 .debug_abbrev  0x00005930      0x1aa c:/program files (x86)/microchip/xc32/v2.30/bin/bin/../../lib/gcc/pic32c/6.2.1/../../../../pic32c/lib/v7e-m/fpv4-sp/hard\libc.a(lib_a-mlock.o)
 .debug_abbrev  0x00005ada      0x1ed c:/program files (x86)/microchip/xc32/v2.30/bin/bin/../../lib/gcc/pic32c/6.2.1/../../../../pic32c/lib/v7e-m/fpv4-sp/hard\libc.a(lib_a-sbrkr.o)
 .debug_abbrev  0x00005cc7       0x14 c:/program files (x86)/microchip/xc32/v2.30/bin/bin/../../lib/gcc/pic32c/6.2.1/../../../../pic32c/lib/v7e-m/fpv4-sp/hard\libc.a(lib_a-strlen.o)
 .debug_abbrev  0x00005cdb      0x24d c:/program files (x86)/microchip/xc32/v2.30/bin/bin/../../lib/gcc/pic32c/6.2.1/../../../../pic32c/lib/v7e-m/fpv4-sp/hard\libc.a(lib_a-freer.o)
 .debug_abbrev  0x00005f28      0x176 c:/program files (x86)/microchip/xc32/v2.30/bin/bin/../../lib/gcc/pic32c/6.2.1/../../../../pic32c/lib/v7e-m/fpv4-sp/hard\libc.a(lib_a-impure.o)
 .debug_abbrev  0x0000609e      0x258 c:/program files (x86)/microchip/xc32/v2.30/bin/bin/../../lib/gcc/pic32c/6.2.1/../../../../pic32c/lib/v7e-m/fpv4-sp/hard\libc.a(lib_a-reent.o)
 .debug_abbrev  0x000062f6       0x2a c:/program files (x86)/microchip/xc32/v2.30/bin/bin/../../lib/gcc/pic32c/6.2.1/../../../../pic32c/lib/v7e-m/fpv4-sp/hard\libpic32c.a(sbrk.o)

.debug_loc      0x00000000     0x769e
 .debug_loc     0x00000000      0xd48 build/LAN9253_D51_SPI_Beckhoff_mode/production/_ext/2070931557/drv_spi.o
 .debug_loc     0x00000d48      0x208 build/LAN9253_D51_SPI_Beckhoff_mode/production/_ext/1984496892/plib_clock.o
 .debug_loc     0x00000f50      0x5c4 build/LAN9253_D51_SPI_Beckhoff_mode/production/_ext/1865161661/plib_dmac.o
 .debug_loc     0x00001514      0x1dc build/LAN9253_D51_SPI_Beckhoff_mode/production/_ext/60167341/plib_eic.o
 .debug_loc     0x000016f0       0x44 build/LAN9253_D51_SPI_Beckhoff_mode/production/_ext/1986646378/plib_evsys.o
 .debug_loc     0x00001734      0x140 build/LAN9253_D51_SPI_Beckhoff_mode/production/_ext/1865468468/plib_nvic.o
 .debug_loc     0x00001874      0x5c0 build/LAN9253_D51_SPI_Beckhoff_mode/production/_ext/1593096446/plib_nvmctrl.o
 .debug_loc     0x00001e34      0x324 build/LAN9253_D51_SPI_Beckhoff_mode/production/_ext/1865521619/plib_port.o
 .debug_loc     0x00002158      0x28c build/LAN9253_D51_SPI_Beckhoff_mode/production/_ext/1865555181/plib_qspi_spi.o
 .debug_loc     0x000023e4      0x31c build/LAN9253_D51_SPI_Beckhoff_mode/production/_ext/1827571544/plib_systick.o
 .debug_loc     0x00002700       0xa0 build/LAN9253_D51_SPI_Beckhoff_mode/production/_ext/14461671/sys_dma.o
 .debug_loc     0x000027a0      0x2b0 build/LAN9253_D51_SPI_Beckhoff_mode/production/_ext/1881668453/sys_int.o
 .debug_loc     0x00002a50      0x108 build/LAN9253_D51_SPI_Beckhoff_mode/production/_ext/1171490990/exceptions.o
 .debug_loc     0x00002b58       0x50 build/LAN9253_D51_SPI_Beckhoff_mode/production/_ext/1171490990/initialization.o
 .debug_loc     0x00002ba8      0x11c build/LAN9253_D51_SPI_Beckhoff_mode/production/_ext/1171490990/startup_xc32.o
 .debug_loc     0x00002cc4       0x2c build/LAN9253_D51_SPI_Beckhoff_mode/production/_ext/1171490990/tasks.o
 .debug_loc     0x00002cf0      0xb64 build/LAN9253_D51_SPI_Beckhoff_mode/production/_ext/1671622979/Drivers.o
 .debug_loc     0x00003854      0x130 build/LAN9253_D51_SPI_Beckhoff_mode/production/_ext/108147519/ESC_Utils.o
 .debug_loc     0x00003984      0x4b0 build/LAN9253_D51_SPI_Beckhoff_mode/production/_ext/108147519/LAN925x.o
 .debug_loc     0x00003e34      0x158 build/LAN9253_D51_SPI_Beckhoff_mode/production/_ext/108134065/bootmode.o
 .debug_loc     0x00003f8c      0x370 build/LAN9253_D51_SPI_Beckhoff_mode/production/_ext/108134065/coeappl.o
 .debug_loc     0x000042fc      0x330 build/LAN9253_D51_SPI_Beckhoff_mode/production/_ext/108134065/ecatappl.o
 .debug_loc     0x0000462c       0xe4 build/LAN9253_D51_SPI_Beckhoff_mode/production/_ext/108134065/ecatcoe.o
 .debug_loc     0x00004710       0xe4 build/LAN9253_D51_SPI_Beckhoff_mode/production/_ext/108134065/ecatfoe.o
 .debug_loc     0x000047f4      0x682 build/LAN9253_D51_SPI_Beckhoff_mode/production/_ext/108134065/ecatslv.o
 .debug_loc     0x00004e76      0x2f4 build/LAN9253_D51_SPI_Beckhoff_mode/production/_ext/108134065/emcy.o
 .debug_loc     0x0000516a      0x1e0 build/LAN9253_D51_SPI_Beckhoff_mode/production/_ext/108134065/foeappl.o
 .debug_loc     0x0000534a      0x428 build/LAN9253_D51_SPI_Beckhoff_mode/production/_ext/108134065/mailbox.o
 .debug_loc     0x00005772      0x40e build/LAN9253_D51_SPI_Beckhoff_mode/production/_ext/108134065/objdef.o
 .debug_loc     0x00005b80      0x674 build/LAN9253_D51_SPI_Beckhoff_mode/production/_ext/108134065/sample_app.o
 .debug_loc     0x000061f4      0x210 build/LAN9253_D51_SPI_Beckhoff_mode/production/_ext/108134065/sdoserv.o
 .debug_loc     0x00006404       0x2c build/LAN9253_D51_SPI_Beckhoff_mode/production/_ext/1360937237/main.o
 .debug_loc     0x00006430      0x206 build/LAN9253_D51_SPI_Beckhoff_mode/production/_ext/1360937237/app.o
 .debug_loc     0x00006636       0x74 c:/program files (x86)/microchip/xc32/v2.30/bin/bin/../../lib/gcc/pic32c/6.2.1/../../../../pic32c/lib/v7e-m/fpv4-sp/hard\libc.a(lib_a-init.o)
 .debug_loc     0x000066aa       0x58 c:/program files (x86)/microchip/xc32/v2.30/bin/bin/../../lib/gcc/pic32c/6.2.1/../../../../pic32c/lib/v7e-m/fpv4-sp/hard\libc.a(lib_a-malloc.o)
 .debug_loc     0x00006702      0x875 c:/program files (x86)/microchip/xc32/v2.30/bin/bin/../../lib/gcc/pic32c/6.2.1/../../../../pic32c/lib/v7e-m/fpv4-sp/hard\libc.a(lib_a-mallocr.o)
 .debug_loc     0x00006f77       0xb2 c:/program files (x86)/microchip/xc32/v2.30/bin/bin/../../lib/gcc/pic32c/6.2.1/../../../../pic32c/lib/v7e-m/fpv4-sp/hard\libc.a(lib_a-memcpy-stub.o)
 .debug_loc     0x00007029       0x4c c:/program files (x86)/microchip/xc32/v2.30/bin/bin/../../lib/gcc/pic32c/6.2.1/../../../../pic32c/lib/v7e-m/fpv4-sp/hard\libc.a(lib_a-memset.o)
 .debug_loc     0x00007075       0x6d c:/program files (x86)/microchip/xc32/v2.30/bin/bin/../../lib/gcc/pic32c/6.2.1/../../../../pic32c/lib/v7e-m/fpv4-sp/hard\libc.a(lib_a-sbrkr.o)
 .debug_loc     0x000070e2      0x42d c:/program files (x86)/microchip/xc32/v2.30/bin/bin/../../lib/gcc/pic32c/6.2.1/../../../../pic32c/lib/v7e-m/fpv4-sp/hard\libc.a(lib_a-freer.o)
 .debug_loc     0x0000750f      0x18f c:/program files (x86)/microchip/xc32/v2.30/bin/bin/../../lib/gcc/pic32c/6.2.1/../../../../pic32c/lib/v7e-m/fpv4-sp/hard\libc.a(lib_a-reent.o)

.debug_aranges  0x00000000      0xf80
 .debug_aranges
                0x00000000      0x160 build/LAN9253_D51_SPI_Beckhoff_mode/production/_ext/2070931557/drv_spi.o
 .debug_aranges
                0x00000160       0x58 build/LAN9253_D51_SPI_Beckhoff_mode/production/_ext/1984496892/plib_clock.o
 .debug_aranges
                0x000001b8       0xa8 build/LAN9253_D51_SPI_Beckhoff_mode/production/_ext/1865161661/plib_dmac.o
 .debug_aranges
                0x00000260       0x50 build/LAN9253_D51_SPI_Beckhoff_mode/production/_ext/60167341/plib_eic.o
 .debug_aranges
                0x000002b0       0x20 build/LAN9253_D51_SPI_Beckhoff_mode/production/_ext/1986646378/plib_evsys.o
 .debug_aranges
                0x000002d0       0x38 build/LAN9253_D51_SPI_Beckhoff_mode/production/_ext/1865468468/plib_nvic.o
 .debug_aranges
                0x00000308       0xb0 build/LAN9253_D51_SPI_Beckhoff_mode/production/_ext/1593096446/plib_nvmctrl.o
 .debug_aranges
                0x000003b8       0x60 build/LAN9253_D51_SPI_Beckhoff_mode/production/_ext/1865521619/plib_port.o
 .debug_aranges
                0x00000418       0x58 build/LAN9253_D51_SPI_Beckhoff_mode/production/_ext/1865555181/plib_qspi_spi.o
 .debug_aranges
                0x00000470       0x70 build/LAN9253_D51_SPI_Beckhoff_mode/production/_ext/1827571544/plib_systick.o
 .debug_aranges
                0x000004e0       0x28 build/LAN9253_D51_SPI_Beckhoff_mode/production/_ext/14461671/sys_dma.o
 .debug_aranges
                0x00000508       0x58 build/LAN9253_D51_SPI_Beckhoff_mode/production/_ext/1881668453/sys_int.o
 .debug_aranges
                0x00000560       0x48 build/LAN9253_D51_SPI_Beckhoff_mode/production/_ext/1171490990/exceptions.o
 .debug_aranges
                0x000005a8       0x20 build/LAN9253_D51_SPI_Beckhoff_mode/production/_ext/1171490990/initialization.o
 .debug_aranges
                0x000005c8       0x20 build/LAN9253_D51_SPI_Beckhoff_mode/production/_ext/1171490990/interrupts.o
 .debug_aranges
                0x000005e8       0x38 build/LAN9253_D51_SPI_Beckhoff_mode/production/_ext/1171490990/startup_xc32.o
 .debug_aranges
                0x00000620       0x20 build/LAN9253_D51_SPI_Beckhoff_mode/production/_ext/1171490990/tasks.o
 .debug_aranges
                0x00000640      0x150 build/LAN9253_D51_SPI_Beckhoff_mode/production/_ext/1671622979/Drivers.o
 .debug_aranges
                0x00000790       0x40 build/LAN9253_D51_SPI_Beckhoff_mode/production/_ext/108147519/ESC_Utils.o
 .debug_aranges
                0x000007d0       0x90 build/LAN9253_D51_SPI_Beckhoff_mode/production/_ext/108147519/LAN925x.o
 .debug_aranges
                0x00000860       0x38 build/LAN9253_D51_SPI_Beckhoff_mode/production/_ext/108134065/bootmode.o
 .debug_aranges
                0x00000898       0x70 build/LAN9253_D51_SPI_Beckhoff_mode/production/_ext/108134065/coeappl.o
 .debug_aranges
                0x00000908       0x78 build/LAN9253_D51_SPI_Beckhoff_mode/production/_ext/108134065/ecatappl.o
 .debug_aranges
                0x00000980       0x30 build/LAN9253_D51_SPI_Beckhoff_mode/production/_ext/108134065/ecatcoe.o
 .debug_aranges
                0x000009b0       0x30 build/LAN9253_D51_SPI_Beckhoff_mode/production/_ext/108134065/ecatfoe.o
 .debug_aranges
                0x000009e0       0xc8 build/LAN9253_D51_SPI_Beckhoff_mode/production/_ext/108134065/ecatslv.o
 .debug_aranges
                0x00000aa8       0x60 build/LAN9253_D51_SPI_Beckhoff_mode/production/_ext/108134065/emcy.o
 .debug_aranges
                0x00000b08       0x48 build/LAN9253_D51_SPI_Beckhoff_mode/production/_ext/108134065/foeappl.o
 .debug_aranges
                0x00000b50       0x80 build/LAN9253_D51_SPI_Beckhoff_mode/production/_ext/108134065/mailbox.o
 .debug_aranges
                0x00000bd0       0x78 build/LAN9253_D51_SPI_Beckhoff_mode/production/_ext/108134065/objdef.o
 .debug_aranges
                0x00000c48       0xc8 build/LAN9253_D51_SPI_Beckhoff_mode/production/_ext/108134065/sample_app.o
 .debug_aranges
                0x00000d10       0x50 build/LAN9253_D51_SPI_Beckhoff_mode/production/_ext/108134065/sdoserv.o
 .debug_aranges
                0x00000d60       0x20 build/LAN9253_D51_SPI_Beckhoff_mode/production/_ext/1360937237/main.o
 .debug_aranges
                0x00000d80       0x50 build/LAN9253_D51_SPI_Beckhoff_mode/production/_ext/1360937237/app.o
 .debug_aranges
                0x00000dd0       0x20 c:/program files (x86)/microchip/xc32/v2.30/bin/bin/../../lib/gcc/pic32c/6.2.1/../../../../pic32c/lib/v7e-m/fpv4-sp/hard\libpic32c.a(data_init.o)
 .debug_aranges
                0x00000df0       0x20 c:/program files (x86)/microchip/xc32/v2.30/bin/bin/../../lib/gcc/pic32c/6.2.1/../../../../pic32c/lib/v7e-m/fpv4-sp/hard\libc.a(lib_a-init.o)
 .debug_aranges
                0x00000e10       0x28 c:/program files (x86)/microchip/xc32/v2.30/bin/bin/../../lib/gcc/pic32c/6.2.1/../../../../pic32c/lib/v7e-m/fpv4-sp/hard\libc.a(lib_a-malloc.o)
 .debug_aranges
                0x00000e38       0x20 c:/program files (x86)/microchip/xc32/v2.30/bin/bin/../../lib/gcc/pic32c/6.2.1/../../../../pic32c/lib/v7e-m/fpv4-sp/hard\libc.a(lib_a-mallocr.o)
 .debug_aranges
                0x00000e58       0x20 c:/program files (x86)/microchip/xc32/v2.30/bin/bin/../../lib/gcc/pic32c/6.2.1/../../../../pic32c/lib/v7e-m/fpv4-sp/hard\libc.a(lib_a-memcpy-stub.o)
 .debug_aranges
                0x00000e78       0x20 c:/program files (x86)/microchip/xc32/v2.30/bin/bin/../../lib/gcc/pic32c/6.2.1/../../../../pic32c/lib/v7e-m/fpv4-sp/hard\libc.a(lib_a-memset.o)
 .debug_aranges
                0x00000e98       0x20 c:/program files (x86)/microchip/xc32/v2.30/bin/bin/../../lib/gcc/pic32c/6.2.1/../../../../pic32c/lib/v7e-m/fpv4-sp/hard\libc.a(lib_a-mlock.o)
 .debug_aranges
                0x00000eb8       0x20 c:/program files (x86)/microchip/xc32/v2.30/bin/bin/../../lib/gcc/pic32c/6.2.1/../../../../pic32c/lib/v7e-m/fpv4-sp/hard\libc.a(lib_a-sbrkr.o)
 .debug_aranges
                0x00000ed8       0x20 c:/program files (x86)/microchip/xc32/v2.30/bin/bin/../../lib/gcc/pic32c/6.2.1/../../../../pic32c/lib/v7e-m/fpv4-sp/hard\libc.a(lib_a-strlen.o)
 .debug_aranges
                0x00000ef8       0x28 c:/program files (x86)/microchip/xc32/v2.30/bin/bin/../../lib/gcc/pic32c/6.2.1/../../../../pic32c/lib/v7e-m/fpv4-sp/hard\libc.a(lib_a-freer.o)
 .debug_aranges
                0x00000f20       0x18 c:/program files (x86)/microchip/xc32/v2.30/bin/bin/../../lib/gcc/pic32c/6.2.1/../../../../pic32c/lib/v7e-m/fpv4-sp/hard\libc.a(lib_a-impure.o)
 .debug_aranges
                0x00000f38       0x28 c:/program files (x86)/microchip/xc32/v2.30/bin/bin/../../lib/gcc/pic32c/6.2.1/../../../../pic32c/lib/v7e-m/fpv4-sp/hard\libc.a(lib_a-reent.o)
 .debug_aranges
                0x00000f60       0x20 c:/program files (x86)/microchip/xc32/v2.30/bin/bin/../../lib/gcc/pic32c/6.2.1/../../../../pic32c/lib/v7e-m/fpv4-sp/hard\libpic32c.a(sbrk.o)

.debug_ranges   0x00000000      0xd90
 .debug_ranges  0x00000000      0x150 build/LAN9253_D51_SPI_Beckhoff_mode/production/_ext/2070931557/drv_spi.o
 .debug_ranges  0x00000150       0x48 build/LAN9253_D51_SPI_Beckhoff_mode/production/_ext/1984496892/plib_clock.o
 .debug_ranges  0x00000198       0x98 build/LAN9253_D51_SPI_Beckhoff_mode/production/_ext/1865161661/plib_dmac.o
 .debug_ranges  0x00000230       0x40 build/LAN9253_D51_SPI_Beckhoff_mode/production/_ext/60167341/plib_eic.o
 .debug_ranges  0x00000270       0x10 build/LAN9253_D51_SPI_Beckhoff_mode/production/_ext/1986646378/plib_evsys.o
 .debug_ranges  0x00000280       0x28 build/LAN9253_D51_SPI_Beckhoff_mode/production/_ext/1865468468/plib_nvic.o
 .debug_ranges  0x000002a8       0xa0 build/LAN9253_D51_SPI_Beckhoff_mode/production/_ext/1593096446/plib_nvmctrl.o
 .debug_ranges  0x00000348       0x50 build/LAN9253_D51_SPI_Beckhoff_mode/production/_ext/1865521619/plib_port.o
 .debug_ranges  0x00000398       0x48 build/LAN9253_D51_SPI_Beckhoff_mode/production/_ext/1865555181/plib_qspi_spi.o
 .debug_ranges  0x000003e0       0x60 build/LAN9253_D51_SPI_Beckhoff_mode/production/_ext/1827571544/plib_systick.o
 .debug_ranges  0x00000440       0x18 build/LAN9253_D51_SPI_Beckhoff_mode/production/_ext/14461671/sys_dma.o
 .debug_ranges  0x00000458       0x48 build/LAN9253_D51_SPI_Beckhoff_mode/production/_ext/1881668453/sys_int.o
 .debug_ranges  0x000004a0       0x38 build/LAN9253_D51_SPI_Beckhoff_mode/production/_ext/1171490990/exceptions.o
 .debug_ranges  0x000004d8       0x10 build/LAN9253_D51_SPI_Beckhoff_mode/production/_ext/1171490990/initialization.o
 .debug_ranges  0x000004e8       0x10 build/LAN9253_D51_SPI_Beckhoff_mode/production/_ext/1171490990/interrupts.o
 .debug_ranges  0x000004f8       0x28 build/LAN9253_D51_SPI_Beckhoff_mode/production/_ext/1171490990/startup_xc32.o
 .debug_ranges  0x00000520       0x10 build/LAN9253_D51_SPI_Beckhoff_mode/production/_ext/1171490990/tasks.o
 .debug_ranges  0x00000530      0x140 build/LAN9253_D51_SPI_Beckhoff_mode/production/_ext/1671622979/Drivers.o
 .debug_ranges  0x00000670       0x30 build/LAN9253_D51_SPI_Beckhoff_mode/production/_ext/108147519/ESC_Utils.o
 .debug_ranges  0x000006a0       0x80 build/LAN9253_D51_SPI_Beckhoff_mode/production/_ext/108147519/LAN925x.o
 .debug_ranges  0x00000720       0x28 build/LAN9253_D51_SPI_Beckhoff_mode/production/_ext/108134065/bootmode.o
 .debug_ranges  0x00000748       0x78 build/LAN9253_D51_SPI_Beckhoff_mode/production/_ext/108134065/coeappl.o
 .debug_ranges  0x000007c0       0x80 build/LAN9253_D51_SPI_Beckhoff_mode/production/_ext/108134065/ecatappl.o
 .debug_ranges  0x00000840       0x20 build/LAN9253_D51_SPI_Beckhoff_mode/production/_ext/108134065/ecatcoe.o
 .debug_ranges  0x00000860       0x80 build/LAN9253_D51_SPI_Beckhoff_mode/production/_ext/108134065/ecatfoe.o
 .debug_ranges  0x000008e0       0xb8 build/LAN9253_D51_SPI_Beckhoff_mode/production/_ext/108134065/ecatslv.o
 .debug_ranges  0x00000998       0x50 build/LAN9253_D51_SPI_Beckhoff_mode/production/_ext/108134065/emcy.o
 .debug_ranges  0x000009e8       0x38 build/LAN9253_D51_SPI_Beckhoff_mode/production/_ext/108134065/foeappl.o
 .debug_ranges  0x00000a20       0x70 build/LAN9253_D51_SPI_Beckhoff_mode/production/_ext/108134065/mailbox.o
 .debug_ranges  0x00000a90       0x80 build/LAN9253_D51_SPI_Beckhoff_mode/production/_ext/108134065/objdef.o
 .debug_ranges  0x00000b10       0xb8 build/LAN9253_D51_SPI_Beckhoff_mode/production/_ext/108134065/sample_app.o
 .debug_ranges  0x00000bc8       0x68 build/LAN9253_D51_SPI_Beckhoff_mode/production/_ext/108134065/sdoserv.o
 .debug_ranges  0x00000c30       0x10 build/LAN9253_D51_SPI_Beckhoff_mode/production/_ext/1360937237/main.o
 .debug_ranges  0x00000c40       0x40 build/LAN9253_D51_SPI_Beckhoff_mode/production/_ext/1360937237/app.o
 .debug_ranges  0x00000c80       0x10 c:/program files (x86)/microchip/xc32/v2.30/bin/bin/../../lib/gcc/pic32c/6.2.1/../../../../pic32c/lib/v7e-m/fpv4-sp/hard\libpic32c.a(data_init.o)
 .debug_ranges  0x00000c90       0x10 c:/program files (x86)/microchip/xc32/v2.30/bin/bin/../../lib/gcc/pic32c/6.2.1/../../../../pic32c/lib/v7e-m/fpv4-sp/hard\libc.a(lib_a-init.o)
 .debug_ranges  0x00000ca0       0x18 c:/program files (x86)/microchip/xc32/v2.30/bin/bin/../../lib/gcc/pic32c/6.2.1/../../../../pic32c/lib/v7e-m/fpv4-sp/hard\libc.a(lib_a-malloc.o)
 .debug_ranges  0x00000cb8       0x28 c:/program files (x86)/microchip/xc32/v2.30/bin/bin/../../lib/gcc/pic32c/6.2.1/../../../../pic32c/lib/v7e-m/fpv4-sp/hard\libc.a(lib_a-mallocr.o)
 .debug_ranges  0x00000ce0       0x10 c:/program files (x86)/microchip/xc32/v2.30/bin/bin/../../lib/gcc/pic32c/6.2.1/../../../../pic32c/lib/v7e-m/fpv4-sp/hard\libc.a(lib_a-memcpy-stub.o)
 .debug_ranges  0x00000cf0       0x10 c:/program files (x86)/microchip/xc32/v2.30/bin/bin/../../lib/gcc/pic32c/6.2.1/../../../../pic32c/lib/v7e-m/fpv4-sp/hard\libc.a(lib_a-memset.o)
 .debug_ranges  0x00000d00       0x10 c:/program files (x86)/microchip/xc32/v2.30/bin/bin/../../lib/gcc/pic32c/6.2.1/../../../../pic32c/lib/v7e-m/fpv4-sp/hard\libc.a(lib_a-mlock.o)
 .debug_ranges  0x00000d10       0x10 c:/program files (x86)/microchip/xc32/v2.30/bin/bin/../../lib/gcc/pic32c/6.2.1/../../../../pic32c/lib/v7e-m/fpv4-sp/hard\libc.a(lib_a-sbrkr.o)
 .debug_ranges  0x00000d20       0x18 c:/program files (x86)/microchip/xc32/v2.30/bin/bin/../../lib/gcc/pic32c/6.2.1/../../../../pic32c/lib/v7e-m/fpv4-sp/hard\libc.a(lib_a-freer.o)
 .debug_ranges  0x00000d38       0x48 c:/program files (x86)/microchip/xc32/v2.30/bin/bin/../../lib/gcc/pic32c/6.2.1/../../../../pic32c/lib/v7e-m/fpv4-sp/hard\libc.a(lib_a-reent.o)
 .debug_ranges  0x00000d80       0x10 c:/program files (x86)/microchip/xc32/v2.30/bin/bin/../../lib/gcc/pic32c/6.2.1/../../../../pic32c/lib/v7e-m/fpv4-sp/hard\libpic32c.a(sbrk.o)

.debug_line     0x00000000     0xaac9
 .debug_line    0x00000000      0xb4f build/LAN9253_D51_SPI_Beckhoff_mode/production/_ext/2070931557/drv_spi.o
 .debug_line    0x00000b4f      0x246 build/LAN9253_D51_SPI_Beckhoff_mode/production/_ext/1984496892/plib_clock.o
 .debug_line    0x00000d95      0x588 build/LAN9253_D51_SPI_Beckhoff_mode/production/_ext/1865161661/plib_dmac.o
 .debug_line    0x0000131d      0x20e build/LAN9253_D51_SPI_Beckhoff_mode/production/_ext/60167341/plib_eic.o
 .debug_line    0x0000152b      0x13b build/LAN9253_D51_SPI_Beckhoff_mode/production/_ext/1986646378/plib_evsys.o
 .debug_line    0x00001666      0x1da build/LAN9253_D51_SPI_Beckhoff_mode/production/_ext/1865468468/plib_nvic.o
 .debug_line    0x00001840      0x379 build/LAN9253_D51_SPI_Beckhoff_mode/production/_ext/1593096446/plib_nvmctrl.o
 .debug_line    0x00001bb9      0x219 build/LAN9253_D51_SPI_Beckhoff_mode/production/_ext/1865521619/plib_port.o
 .debug_line    0x00001dd2      0x4b0 build/LAN9253_D51_SPI_Beckhoff_mode/production/_ext/1865555181/plib_qspi_spi.o
 .debug_line    0x00002282      0x216 build/LAN9253_D51_SPI_Beckhoff_mode/production/_ext/1827571544/plib_systick.o
 .debug_line    0x00002498      0x203 build/LAN9253_D51_SPI_Beckhoff_mode/production/_ext/14461671/sys_dma.o
 .debug_line    0x0000269b      0x291 build/LAN9253_D51_SPI_Beckhoff_mode/production/_ext/1881668453/sys_int.o
 .debug_line    0x0000292c      0x39e build/LAN9253_D51_SPI_Beckhoff_mode/production/_ext/1171490990/exceptions.o
 .debug_line    0x00002cca      0x421 build/LAN9253_D51_SPI_Beckhoff_mode/production/_ext/1171490990/initialization.o
 .debug_line    0x000030eb      0x379 build/LAN9253_D51_SPI_Beckhoff_mode/production/_ext/1171490990/interrupts.o
 .debug_line    0x00003464      0x407 build/LAN9253_D51_SPI_Beckhoff_mode/production/_ext/1171490990/startup_xc32.o
 .debug_line    0x0000386b      0x348 build/LAN9253_D51_SPI_Beckhoff_mode/production/_ext/1171490990/tasks.o
 .debug_line    0x00003bb3      0x8bd build/LAN9253_D51_SPI_Beckhoff_mode/production/_ext/1671622979/Drivers.o
 .debug_line    0x00004470      0x402 build/LAN9253_D51_SPI_Beckhoff_mode/production/_ext/108147519/ESC_Utils.o
 .debug_line    0x00004872      0x594 build/LAN9253_D51_SPI_Beckhoff_mode/production/_ext/108147519/LAN925x.o
 .debug_line    0x00004e06      0x19b build/LAN9253_D51_SPI_Beckhoff_mode/production/_ext/108134065/bootmode.o
 .debug_line    0x00004fa1      0x50c build/LAN9253_D51_SPI_Beckhoff_mode/production/_ext/108134065/coeappl.o
 .debug_line    0x000054ad      0x60a build/LAN9253_D51_SPI_Beckhoff_mode/production/_ext/108134065/ecatappl.o
 .debug_line    0x00005ab7      0x1b0 build/LAN9253_D51_SPI_Beckhoff_mode/production/_ext/108134065/ecatcoe.o
 .debug_line    0x00005c67      0x42c build/LAN9253_D51_SPI_Beckhoff_mode/production/_ext/108134065/ecatfoe.o
 .debug_line    0x00006093      0x9b6 build/LAN9253_D51_SPI_Beckhoff_mode/production/_ext/108134065/ecatslv.o
 .debug_line    0x00006a49      0x448 build/LAN9253_D51_SPI_Beckhoff_mode/production/_ext/108134065/emcy.o
 .debug_line    0x00006e91      0x414 build/LAN9253_D51_SPI_Beckhoff_mode/production/_ext/108134065/foeappl.o
 .debug_line    0x000072a5      0x596 build/LAN9253_D51_SPI_Beckhoff_mode/production/_ext/108134065/mailbox.o
 .debug_line    0x0000783b      0x71c build/LAN9253_D51_SPI_Beckhoff_mode/production/_ext/108134065/objdef.o
 .debug_line    0x00007f57      0x5f7 build/LAN9253_D51_SPI_Beckhoff_mode/production/_ext/108134065/sample_app.o
 .debug_line    0x0000854e      0x5fa build/LAN9253_D51_SPI_Beckhoff_mode/production/_ext/108134065/sdoserv.o
 .debug_line    0x00008b48      0x34b build/LAN9253_D51_SPI_Beckhoff_mode/production/_ext/1360937237/main.o
 .debug_line    0x00008e93      0x4c8 build/LAN9253_D51_SPI_Beckhoff_mode/production/_ext/1360937237/app.o
 .debug_line    0x0000935b       0xd8 c:/program files (x86)/microchip/xc32/v2.30/bin/bin/../../lib/gcc/pic32c/6.2.1/../../../../pic32c/lib/v7e-m/fpv4-sp/hard\libpic32c.a(data_init.o)
 .debug_line    0x00009433      0x11d c:/program files (x86)/microchip/xc32/v2.30/bin/bin/../../lib/gcc/pic32c/6.2.1/../../../../pic32c/lib/v7e-m/fpv4-sp/hard\libc.a(lib_a-init.o)
 .debug_line    0x00009550      0x21e c:/program files (x86)/microchip/xc32/v2.30/bin/bin/../../lib/gcc/pic32c/6.2.1/../../../../pic32c/lib/v7e-m/fpv4-sp/hard\libc.a(lib_a-malloc.o)
 .debug_line    0x0000976e      0x347 c:/program files (x86)/microchip/xc32/v2.30/bin/bin/../../lib/gcc/pic32c/6.2.1/../../../../pic32c/lib/v7e-m/fpv4-sp/hard\libc.a(lib_a-mallocr.o)
 .debug_line    0x00009ab5      0x218 c:/program files (x86)/microchip/xc32/v2.30/bin/bin/../../lib/gcc/pic32c/6.2.1/../../../../pic32c/lib/v7e-m/fpv4-sp/hard\libc.a(lib_a-memcpy-stub.o)
 .debug_line    0x00009ccd      0x2ae c:/program files (x86)/microchip/xc32/v2.30/bin/bin/../../lib/gcc/pic32c/6.2.1/../../../../pic32c/lib/v7e-m/fpv4-sp/hard\libc.a(lib_a-memset.o)
 .debug_line    0x00009f7b      0x18d c:/program files (x86)/microchip/xc32/v2.30/bin/bin/../../lib/gcc/pic32c/6.2.1/../../../../pic32c/lib/v7e-m/fpv4-sp/hard\libc.a(lib_a-mlock.o)
 .debug_line    0x0000a108      0x212 c:/program files (x86)/microchip/xc32/v2.30/bin/bin/../../lib/gcc/pic32c/6.2.1/../../../../pic32c/lib/v7e-m/fpv4-sp/hard\libc.a(lib_a-sbrkr.o)
 .debug_line    0x0000a31a       0xb1 c:/program files (x86)/microchip/xc32/v2.30/bin/bin/../../lib/gcc/pic32c/6.2.1/../../../../pic32c/lib/v7e-m/fpv4-sp/hard\libc.a(lib_a-strlen.o)
 .debug_line    0x0000a3cb      0x2a1 c:/program files (x86)/microchip/xc32/v2.30/bin/bin/../../lib/gcc/pic32c/6.2.1/../../../../pic32c/lib/v7e-m/fpv4-sp/hard\libc.a(lib_a-freer.o)
 .debug_line    0x0000a66c      0x17e c:/program files (x86)/microchip/xc32/v2.30/bin/bin/../../lib/gcc/pic32c/6.2.1/../../../../pic32c/lib/v7e-m/fpv4-sp/hard\libc.a(lib_a-impure.o)
 .debug_line    0x0000a7ea      0x23d c:/program files (x86)/microchip/xc32/v2.30/bin/bin/../../lib/gcc/pic32c/6.2.1/../../../../pic32c/lib/v7e-m/fpv4-sp/hard\libc.a(lib_a-reent.o)
 .debug_line    0x0000aa27       0xa2 c:/program files (x86)/microchip/xc32/v2.30/bin/bin/../../lib/gcc/pic32c/6.2.1/../../../../pic32c/lib/v7e-m/fpv4-sp/hard\libpic32c.a(sbrk.o)

.debug_str      0x00000000      0xa68
 .debug_str     0x00000000      0x1b6 build/LAN9253_D51_SPI_Beckhoff_mode/production/_ext/2070931557/drv_spi.o
 .debug_str     0x000001b6       0x1e build/LAN9253_D51_SPI_Beckhoff_mode/production/_ext/1984496892/plib_clock.o
 .debug_str     0x000001d4       0x5a build/LAN9253_D51_SPI_Beckhoff_mode/production/_ext/1865161661/plib_dmac.o
 .debug_str     0x0000022e        0x9 build/LAN9253_D51_SPI_Beckhoff_mode/production/_ext/60167341/plib_eic.o
 .debug_str     0x00000237        0x0 build/LAN9253_D51_SPI_Beckhoff_mode/production/_ext/1986646378/plib_evsys.o
 .debug_str     0x00000237        0xa build/LAN9253_D51_SPI_Beckhoff_mode/production/_ext/1865468468/plib_nvic.o
 .debug_str     0x00000241       0x29 build/LAN9253_D51_SPI_Beckhoff_mode/production/_ext/1593096446/plib_nvmctrl.o
 .debug_str     0x0000026a        0xb build/LAN9253_D51_SPI_Beckhoff_mode/production/_ext/1865521619/plib_port.o
 .debug_str     0x00000275       0x62 build/LAN9253_D51_SPI_Beckhoff_mode/production/_ext/1865555181/plib_qspi_spi.o
 .debug_str     0x000002d7        0x9 build/LAN9253_D51_SPI_Beckhoff_mode/production/_ext/1827571544/plib_systick.o
 .debug_str     0x000002e0        0xe build/LAN9253_D51_SPI_Beckhoff_mode/production/_ext/14461671/sys_dma.o
 .debug_str     0x000002ee       0x10 build/LAN9253_D51_SPI_Beckhoff_mode/production/_ext/1881668453/sys_int.o
 .debug_str     0x000002fe        0xe build/LAN9253_D51_SPI_Beckhoff_mode/production/_ext/1171490990/exceptions.o
 .debug_str     0x0000030c       0x1b build/LAN9253_D51_SPI_Beckhoff_mode/production/_ext/1171490990/initialization.o
 .debug_str     0x00000327        0xe build/LAN9253_D51_SPI_Beckhoff_mode/production/_ext/1171490990/interrupts.o
 .debug_str     0x00000335        0xe build/LAN9253_D51_SPI_Beckhoff_mode/production/_ext/1171490990/startup_xc32.o
 .debug_str     0x00000343        0xe build/LAN9253_D51_SPI_Beckhoff_mode/production/_ext/1171490990/tasks.o
 .debug_str     0x00000351       0xbd build/LAN9253_D51_SPI_Beckhoff_mode/production/_ext/1671622979/Drivers.o
 .debug_str     0x0000040e        0xe build/LAN9253_D51_SPI_Beckhoff_mode/production/_ext/108147519/ESC_Utils.o
 .debug_str     0x0000041c       0x55 build/LAN9253_D51_SPI_Beckhoff_mode/production/_ext/108147519/LAN925x.o
 .debug_str     0x00000471        0xe build/LAN9253_D51_SPI_Beckhoff_mode/production/_ext/108134065/bootmode.o
 .debug_str     0x0000047f       0x48 build/LAN9253_D51_SPI_Beckhoff_mode/production/_ext/108134065/coeappl.o
 .debug_str     0x000004c7       0x4a build/LAN9253_D51_SPI_Beckhoff_mode/production/_ext/108134065/ecatappl.o
 .debug_str     0x00000511       0x35 build/LAN9253_D51_SPI_Beckhoff_mode/production/_ext/108134065/ecatcoe.o
 .debug_str     0x00000546       0x24 build/LAN9253_D51_SPI_Beckhoff_mode/production/_ext/108134065/ecatfoe.o
 .debug_str     0x0000056a       0x6b build/LAN9253_D51_SPI_Beckhoff_mode/production/_ext/108134065/ecatslv.o
 .debug_str     0x000005d5       0x2d build/LAN9253_D51_SPI_Beckhoff_mode/production/_ext/108134065/emcy.o
 .debug_str     0x00000602       0x31 build/LAN9253_D51_SPI_Beckhoff_mode/production/_ext/108134065/foeappl.o
 .debug_str     0x00000633       0x50 build/LAN9253_D51_SPI_Beckhoff_mode/production/_ext/108134065/mailbox.o
 .debug_str     0x00000683       0xa5 build/LAN9253_D51_SPI_Beckhoff_mode/production/_ext/108134065/objdef.o
 .debug_str     0x00000728       0x66 build/LAN9253_D51_SPI_Beckhoff_mode/production/_ext/108134065/sample_app.o
 .debug_str     0x0000078e       0xa8 build/LAN9253_D51_SPI_Beckhoff_mode/production/_ext/108134065/sdoserv.o
 .debug_str     0x00000836        0xe build/LAN9253_D51_SPI_Beckhoff_mode/production/_ext/1360937237/main.o
 .debug_str     0x00000844       0x41 build/LAN9253_D51_SPI_Beckhoff_mode/production/_ext/1360937237/app.o
 .debug_str     0x00000885        0x0 c:/program files (x86)/microchip/xc32/v2.30/bin/bin/../../lib/gcc/pic32c/6.2.1/../../../../pic32c/lib/v7e-m/fpv4-sp/hard\libpic32c.a(data_init.o)
 .debug_str     0x00000885        0x0 c:/program files (x86)/microchip/xc32/v2.30/bin/bin/../../lib/gcc/pic32c/6.2.1/../../../../pic32c/lib/v7e-m/fpv4-sp/hard\libc.a(lib_a-init.o)
 .debug_str     0x00000885       0x18 c:/program files (x86)/microchip/xc32/v2.30/bin/bin/../../lib/gcc/pic32c/6.2.1/../../../../pic32c/lib/v7e-m/fpv4-sp/hard\libc.a(lib_a-malloc.o)
 .debug_str     0x0000089d       0x36 c:/program files (x86)/microchip/xc32/v2.30/bin/bin/../../lib/gcc/pic32c/6.2.1/../../../../pic32c/lib/v7e-m/fpv4-sp/hard\libc.a(lib_a-mallocr.o)
 .debug_str     0x000008d3        0xe c:/program files (x86)/microchip/xc32/v2.30/bin/bin/../../lib/gcc/pic32c/6.2.1/../../../../pic32c/lib/v7e-m/fpv4-sp/hard\libc.a(lib_a-memcpy-stub.o)
 .debug_str     0x000008e1      0x119 c:/program files (x86)/microchip/xc32/v2.30/bin/bin/../../lib/gcc/pic32c/6.2.1/../../../../pic32c/lib/v7e-m/fpv4-sp/hard\libc.a(lib_a-memset.o)
 .debug_str     0x000009fa        0xe c:/program files (x86)/microchip/xc32/v2.30/bin/bin/../../lib/gcc/pic32c/6.2.1/../../../../pic32c/lib/v7e-m/fpv4-sp/hard\libc.a(lib_a-mlock.o)
 .debug_str     0x00000a08        0xe c:/program files (x86)/microchip/xc32/v2.30/bin/bin/../../lib/gcc/pic32c/6.2.1/../../../../pic32c/lib/v7e-m/fpv4-sp/hard\libc.a(lib_a-sbrkr.o)
 .debug_str     0x00000a16       0x36 c:/program files (x86)/microchip/xc32/v2.30/bin/bin/../../lib/gcc/pic32c/6.2.1/../../../../pic32c/lib/v7e-m/fpv4-sp/hard\libc.a(lib_a-freer.o)
 .debug_str     0x00000a4c        0xe c:/program files (x86)/microchip/xc32/v2.30/bin/bin/../../lib/gcc/pic32c/6.2.1/../../../../pic32c/lib/v7e-m/fpv4-sp/hard\libc.a(lib_a-impure.o)
 .debug_str     0x00000a5a        0xe c:/program files (x86)/microchip/xc32/v2.30/bin/bin/../../lib/gcc/pic32c/6.2.1/../../../../pic32c/lib/v7e-m/fpv4-sp/hard\libc.a(lib_a-reent.o)
 .debug_str     0x00000a68        0x0 c:/program files (x86)/microchip/xc32/v2.30/bin/bin/../../lib/gcc/pic32c/6.2.1/../../../../pic32c/lib/v7e-m/fpv4-sp/hard\libpic32c.a(sbrk.o)

.debug_frame    0x00000000     0x33cc
 .debug_frame   0x00000000      0x60c build/LAN9253_D51_SPI_Beckhoff_mode/production/_ext/2070931557/drv_spi.o
 .debug_frame   0x0000060c      0x10c build/LAN9253_D51_SPI_Beckhoff_mode/production/_ext/1984496892/plib_clock.o
 .debug_frame   0x00000718      0x2ac build/LAN9253_D51_SPI_Beckhoff_mode/production/_ext/1865161661/plib_dmac.o
 .debug_frame   0x000009c4       0xfc build/LAN9253_D51_SPI_Beckhoff_mode/production/_ext/60167341/plib_eic.o
 .debug_frame   0x00000ac0       0x30 build/LAN9253_D51_SPI_Beckhoff_mode/production/_ext/1986646378/plib_evsys.o
 .debug_frame   0x00000af0       0xa4 build/LAN9253_D51_SPI_Beckhoff_mode/production/_ext/1865468468/plib_nvic.o
 .debug_frame   0x00000b94      0x2ac build/LAN9253_D51_SPI_Beckhoff_mode/production/_ext/1593096446/plib_nvmctrl.o
 .debug_frame   0x00000e40      0x170 build/LAN9253_D51_SPI_Beckhoff_mode/production/_ext/1865521619/plib_port.o
 .debug_frame   0x00000fb0      0x138 build/LAN9253_D51_SPI_Beckhoff_mode/production/_ext/1865555181/plib_qspi_spi.o
 .debug_frame   0x000010e8      0x184 build/LAN9253_D51_SPI_Beckhoff_mode/production/_ext/1827571544/plib_systick.o
 .debug_frame   0x0000126c       0x58 build/LAN9253_D51_SPI_Beckhoff_mode/production/_ext/14461671/sys_dma.o
 .debug_frame   0x000012c4      0x140 build/LAN9253_D51_SPI_Beckhoff_mode/production/_ext/1881668453/sys_int.o
 .debug_frame   0x00001404       0xa0 build/LAN9253_D51_SPI_Beckhoff_mode/production/_ext/1171490990/exceptions.o
 .debug_frame   0x000014a4       0x34 build/LAN9253_D51_SPI_Beckhoff_mode/production/_ext/1171490990/initialization.o
 .debug_frame   0x000014d8       0x20 build/LAN9253_D51_SPI_Beckhoff_mode/production/_ext/1171490990/interrupts.o
 .debug_frame   0x000014f8       0x98 build/LAN9253_D51_SPI_Beckhoff_mode/production/_ext/1171490990/startup_xc32.o
 .debug_frame   0x00001590       0x2c build/LAN9253_D51_SPI_Beckhoff_mode/production/_ext/1171490990/tasks.o
 .debug_frame   0x000015bc      0x560 build/LAN9253_D51_SPI_Beckhoff_mode/production/_ext/1671622979/Drivers.o
 .debug_frame   0x00001b1c       0xb4 build/LAN9253_D51_SPI_Beckhoff_mode/production/_ext/108147519/ESC_Utils.o
 .debug_frame   0x00001bd0      0x22c build/LAN9253_D51_SPI_Beckhoff_mode/production/_ext/108147519/LAN925x.o
 .debug_frame   0x00001dfc       0xa8 build/LAN9253_D51_SPI_Beckhoff_mode/production/_ext/108134065/bootmode.o
 .debug_frame   0x00001ea4      0x1a8 build/LAN9253_D51_SPI_Beckhoff_mode/production/_ext/108134065/coeappl.o
 .debug_frame   0x0000204c      0x1a8 build/LAN9253_D51_SPI_Beckhoff_mode/production/_ext/108134065/ecatappl.o
 .debug_frame   0x000021f4       0x78 build/LAN9253_D51_SPI_Beckhoff_mode/production/_ext/108134065/ecatcoe.o
 .debug_frame   0x0000226c       0x7c build/LAN9253_D51_SPI_Beckhoff_mode/production/_ext/108134065/ecatfoe.o
 .debug_frame   0x000022e8      0x320 build/LAN9253_D51_SPI_Beckhoff_mode/production/_ext/108134065/ecatslv.o
 .debug_frame   0x00002608      0x160 build/LAN9253_D51_SPI_Beckhoff_mode/production/_ext/108134065/emcy.o
 .debug_frame   0x00002768       0xec build/LAN9253_D51_SPI_Beckhoff_mode/production/_ext/108134065/foeappl.o
 .debug_frame   0x00002854      0x1ec build/LAN9253_D51_SPI_Beckhoff_mode/production/_ext/108134065/mailbox.o
 .debug_frame   0x00002a40      0x1e8 build/LAN9253_D51_SPI_Beckhoff_mode/production/_ext/108134065/objdef.o
 .debug_frame   0x00002c28      0x30c build/LAN9253_D51_SPI_Beckhoff_mode/production/_ext/108134065/sample_app.o
 .debug_frame   0x00002f34      0x120 build/LAN9253_D51_SPI_Beckhoff_mode/production/_ext/108134065/sdoserv.o
 .debug_frame   0x00003054       0x2c build/LAN9253_D51_SPI_Beckhoff_mode/production/_ext/1360937237/main.o
 .debug_frame   0x00003080      0x108 build/LAN9253_D51_SPI_Beckhoff_mode/production/_ext/1360937237/app.o
 .debug_frame   0x00003188       0x2c c:/program files (x86)/microchip/xc32/v2.30/bin/bin/../../lib/gcc/pic32c/6.2.1/../../../../pic32c/lib/v7e-m/fpv4-sp/hard\libpic32c.a(data_init.o)
 .debug_frame   0x000031b4       0x2c c:/program files (x86)/microchip/xc32/v2.30/bin/bin/../../lib/gcc/pic32c/6.2.1/../../../../pic32c/lib/v7e-m/fpv4-sp/hard\libc.a(lib_a-init.o)
 .debug_frame   0x000031e0       0x30 c:/program files (x86)/microchip/xc32/v2.30/bin/bin/../../lib/gcc/pic32c/6.2.1/../../../../pic32c/lib/v7e-m/fpv4-sp/hard\libc.a(lib_a-malloc.o)
 .debug_frame   0x00003210       0x40 c:/program files (x86)/microchip/xc32/v2.30/bin/bin/../../lib/gcc/pic32c/6.2.1/../../../../pic32c/lib/v7e-m/fpv4-sp/hard\libc.a(lib_a-mallocr.o)
 .debug_frame   0x00003250       0x28 c:/program files (x86)/microchip/xc32/v2.30/bin/bin/../../lib/gcc/pic32c/6.2.1/../../../../pic32c/lib/v7e-m/fpv4-sp/hard\libc.a(lib_a-memcpy-stub.o)
 .debug_frame   0x00003278       0x20 c:/program files (x86)/microchip/xc32/v2.30/bin/bin/../../lib/gcc/pic32c/6.2.1/../../../../pic32c/lib/v7e-m/fpv4-sp/hard\libc.a(lib_a-memset.o)
 .debug_frame   0x00003298       0x30 c:/program files (x86)/microchip/xc32/v2.30/bin/bin/../../lib/gcc/pic32c/6.2.1/../../../../pic32c/lib/v7e-m/fpv4-sp/hard\libc.a(lib_a-mlock.o)
 .debug_frame   0x000032c8       0x2c c:/program files (x86)/microchip/xc32/v2.30/bin/bin/../../lib/gcc/pic32c/6.2.1/../../../../pic32c/lib/v7e-m/fpv4-sp/hard\libc.a(lib_a-sbrkr.o)
 .debug_frame   0x000032f4       0x5c c:/program files (x86)/microchip/xc32/v2.30/bin/bin/../../lib/gcc/pic32c/6.2.1/../../../../pic32c/lib/v7e-m/fpv4-sp/hard\libc.a(lib_a-freer.o)
 .debug_frame   0x00003350       0x5c c:/program files (x86)/microchip/xc32/v2.30/bin/bin/../../lib/gcc/pic32c/6.2.1/../../../../pic32c/lib/v7e-m/fpv4-sp/hard\libc.a(lib_a-reent.o)
 .debug_frame   0x000033ac       0x20 c:/program files (x86)/microchip/xc32/v2.30/bin/bin/../../lib/gcc/pic32c/6.2.1/../../../../pic32c/lib/v7e-m/fpv4-sp/hard\libpic32c.a(sbrk.o)

.stack          0x20005d90      0x100
 .stack         0x20005d90      0x100 stack

.data.aEepromData%1
                0x20003dd4      0x800
 .data.aEepromData
                0x20003dd4      0x800 build/LAN9253_D51_SPI_Beckhoff_mode/production/_ext/1360937237/app.o
                0x20003dd4                aEepromData

.data.impure_data%2
                0x200045d8      0x418
 .data.impure_data
                0x200045d8      0x418 c:/program files (x86)/microchip/xc32/v2.30/bin/bin/../../lib/gcc/pic32c/6.2.1/../../../../pic32c/lib/v7e-m/fpv4-sp/hard\libc.a(lib_a-impure.o)

.data.__malloc_av_%3
                0x200049f0      0x408
 .data.__malloc_av_
                0x200049f0      0x408 c:/program files (x86)/microchip/xc32/v2.30/bin/bin/../../lib/gcc/pic32c/6.2.1/../../../../pic32c/lib/v7e-m/fpv4-sp/hard\libc.a(lib_a-mallocr.o)
                0x200049f0                __malloc_av_

.data.OutputsProcessDataMapping0x1601%4
                0x20004df8      0x204
 .data.OutputsProcessDataMapping0x1601
                0x20004df8      0x204 build/LAN9253_D51_SPI_Beckhoff_mode/production/_ext/108134065/sample_app.o
                0x20004df8                OutputsProcessDataMapping0x1601

.data.InputsProcessDataMapping0x1A00%5
                0x20004ffc      0x204
 .data.InputsProcessDataMapping0x1A00
                0x20004ffc      0x204 build/LAN9253_D51_SPI_Beckhoff_mode/production/_ext/108134065/sample_app.o
                0x20004ffc                InputsProcessDataMapping0x1A00

.data.Inputs0x6000%6
                0x20005200      0x204
 .data.Inputs0x6000
                0x20005200      0x204 build/LAN9253_D51_SPI_Beckhoff_mode/production/_ext/108134065/sample_app.o
                0x20005200                Inputs0x6000

.data.Outputs0x7010%7
                0x20005404      0x204
 .data.Outputs0x7010
                0x20005404      0x204 build/LAN9253_D51_SPI_Beckhoff_mode/production/_ext/108134065/sample_app.o
                0x20005404                Outputs0x7010

.data.GenObjDic%8
                0x20005608      0x1e0
 .data.GenObjDic
                0x20005608      0x1e0 build/LAN9253_D51_SPI_Beckhoff_mode/production/_ext/108134065/coeappl.o
                0x20005608                GenObjDic

.data.ApplicationObjDic%9
                0x200057e8      0x118
 .data.ApplicationObjDic
                0x200057e8      0x118 build/LAN9253_D51_SPI_Beckhoff_mode/production/_ext/108134065/coeappl.o
                0x200057e8                ApplicationObjDic

.bss.drvSPI0TransferObjPool%10
                0x20005900       0x90
 .bss.drvSPI0TransferObjPool
                0x20005900       0x90 build/LAN9253_D51_SPI_Beckhoff_mode/production/_ext/1171490990/initialization.o

.bss.gDrvSPIObj%11
                0x20005990       0x6c
 .bss.gDrvSPIObj
                0x20005990       0x6c build/LAN9253_D51_SPI_Beckhoff_mode/production/_ext/2070931557/drv_spi.o

.bss.drvSPI0ClientObjPool%12
                0x200059fc       0x28
 .bss.drvSPI0ClientObjPool
                0x200059fc       0x28 build/LAN9253_D51_SPI_Beckhoff_mode/production/_ext/1171490990/initialization.o

.bss.__malloc_current_mallinfo%13
                0x20005a24       0x28
 .bss.__malloc_current_mallinfo
                0x20005a24       0x28 c:/program files (x86)/microchip/xc32/v2.30/bin/bin/../../lib/gcc/pic32c/6.2.1/../../../../pic32c/lib/v7e-m/fpv4-sp/hard\libc.a(lib_a-mallocr.o)
                0x20005a24                __malloc_current_mallinfo

.bss.txDummyData%14
                0x20005a50       0x20
 .bss.txDummyData
                0x20005a50       0x20 build/LAN9253_D51_SPI_Beckhoff_mode/production/_ext/2070931557/drv_spi.o

.bss._write_back_section%15
                0x20005a70       0x20
 .bss._write_back_section
                0x20005a70       0x20 build/LAN9253_D51_SPI_Beckhoff_mode/production/_ext/1865161661/plib_dmac.o

.bss.descriptor_section%16
                0x20005a90       0x20
 .bss.descriptor_section
                0x20005a90       0x20 build/LAN9253_D51_SPI_Beckhoff_mode/production/_ext/1865161661/plib_dmac.o

.bss%17         0x20005ab0       0x1c
 .bss           0x20005ab0       0x1c c:/program files (x86)/microchip/xc32/v2.30/bin/bin/../../lib/gcc/pic32c/6.2.1/v7e-m/fpv4-sp/hard/crtbegin.o

.data.acDevicename%18
                0x20005acc       0x16
 .data.acDevicename
                0x20005acc       0x16 build/LAN9253_D51_SPI_Beckhoff_mode/production/_ext/108134065/coeappl.o
                0x20005acc                acDevicename

.data.sIdentity%19
                0x20005ae4       0x14
 .data.sIdentity
                0x20005ae4       0x14 build/LAN9253_D51_SPI_Beckhoff_mode/production/_ext/108134065/coeappl.o
                0x20005ae4                sIdentity

.data.aSubindexDesc%20
                0x20005af8        0xd
 .data.aSubindexDesc
                0x20005af8        0xd build/LAN9253_D51_SPI_Beckhoff_mode/production/_ext/108134065/objdef.o
                0x20005af8                aSubindexDesc

.data.sErrorSettings%21
                0x20005b08        0xc
 .data.sErrorSettings
                0x20005b08        0xc build/LAN9253_D51_SPI_Beckhoff_mode/production/_ext/108134065/objdef.o
                0x20005b08                sErrorSettings

.bss.u64Timestamp%22
                0x20005b18        0x8
 .bss.u64Timestamp
                0x20005b18        0x8 build/LAN9253_D51_SPI_Beckhoff_mode/production/_ext/108134065/coeappl.o
                0x20005b18                u64Timestamp

.data.sSyncmanagertype%23
                0x20005b20        0x6
 .data.sSyncmanagertype
                0x20005b20        0x6 build/LAN9253_D51_SPI_Beckhoff_mode/production/_ext/108134065/coeappl.o
                0x20005b20                sSyncmanagertype

.data.u32Devicetype%24
                0x200045d4        0x4
 .data.u32Devicetype
                0x200045d4        0x4 build/LAN9253_D51_SPI_Beckhoff_mode/production/_ext/108134065/coeappl.o
                0x200045d4                u32Devicetype

.data.acHardwareversion%25
                0x20005a4c        0x4
 .data.acHardwareversion
                0x20005a4c        0x4 build/LAN9253_D51_SPI_Beckhoff_mode/production/_ext/108134065/coeappl.o
                0x20005a4c                acHardwareversion

.data.acSoftwareversion%26
                0x20005b14        0x4
 .data.acSoftwareversion
                0x20005b14        0x4 build/LAN9253_D51_SPI_Beckhoff_mode/production/_ext/108134065/coeappl.o
                0x20005b14                acSoftwareversion

.bss.ObjDicList%27
                0x20005b28        0x4
 .bss.ObjDicList
                0x20005b28        0x4 build/LAN9253_D51_SPI_Beckhoff_mode/production/_ext/108134065/coeappl.o
                0x20005b28                ObjDicList

.bss.SMActivate%28
                0x20005b2c        0x4
 .bss.SMActivate
                0x20005b2c        0x4 build/LAN9253_D51_SPI_Beckhoff_mode/production/_ext/108134065/ecatslv.o
                0x20005b2c                SMActivate

.data.sRxPDOassign%29
                0x20005b30        0x4
 .data.sRxPDOassign
                0x20005b30        0x4 build/LAN9253_D51_SPI_Beckhoff_mode/production/_ext/108134065/sample_app.o
                0x20005b30                sRxPDOassign

.data.sTxPDOassign%30
                0x20005b34        0x4
 .data.sTxPDOassign
                0x20005b34        0x4 build/LAN9253_D51_SPI_Beckhoff_mode/production/_ext/108134065/sample_app.o
                0x20005b34                sTxPDOassign

.bss.gTriggerCounterValMeasure%31
                0x20005b38        0x4
 .bss.gTriggerCounterValMeasure
                0x20005b38        0x4 build/LAN9253_D51_SPI_Beckhoff_mode/production/_ext/108134065/sample_app.o
                0x20005b38                gTriggerCounterValMeasure

.data.gFOETestFrameSize%32
                0x20005b3c        0x4
 .data.gFOETestFrameSize
                0x20005b3c        0x4 build/LAN9253_D51_SPI_Beckhoff_mode/production/_ext/108134065/sample_app.o
                0x20005b3c                gFOETestFrameSize

.bss.nFileWriteOffset%33
                0x20005b40        0x4
 .bss.nFileWriteOffset
                0x20005b40        0x4 build/LAN9253_D51_SPI_Beckhoff_mode/production/_ext/108134065/sample_app.o
                0x20005b40                nFileWriteOffset

.bss.nFileStartWriteAddress%34
                0x20005b44        0x4
 .bss.nFileStartWriteAddress
                0x20005b44        0x4 build/LAN9253_D51_SPI_Beckhoff_mode/production/_ext/108134065/sample_app.o
                0x20005b44                nFileStartWriteAddress

.bss.u32FileSize%35
                0x20005b48        0x4
 .bss.u32FileSize
                0x20005b48        0x4 build/LAN9253_D51_SPI_Beckhoff_mode/production/_ext/108134065/sample_app.o
                0x20005b48                u32FileSize

.bss.__malloc_max_sbrked_mem%36
                0x20005b4c        0x4
 .bss.__malloc_max_sbrked_mem
                0x20005b4c        0x4 c:/program files (x86)/microchip/xc32/v2.30/bin/bin/../../lib/gcc/pic32c/6.2.1/../../../../pic32c/lib/v7e-m/fpv4-sp/hard\libc.a(lib_a-mallocr.o)
                0x20005b4c                __malloc_max_sbrked_mem

.bss.__malloc_max_total_mem%37
                0x20005b50        0x4
 .bss.__malloc_max_total_mem
                0x20005b50        0x4 c:/program files (x86)/microchip/xc32/v2.30/bin/bin/../../lib/gcc/pic32c/6.2.1/../../../../pic32c/lib/v7e-m/fpv4-sp/hard\libc.a(lib_a-mallocr.o)
                0x20005b50                __malloc_max_total_mem

.bss.__malloc_top_pad%38
                0x20005b54        0x4
 .bss.__malloc_top_pad
                0x20005b54        0x4 c:/program files (x86)/microchip/xc32/v2.30/bin/bin/../../lib/gcc/pic32c/6.2.1/../../../../pic32c/lib/v7e-m/fpv4-sp/hard\libc.a(lib_a-mallocr.o)
                0x20005b54                __malloc_top_pad

.data.__malloc_sbrk_base%39
                0x20005b58        0x4
 .data.__malloc_sbrk_base
                0x20005b58        0x4 c:/program files (x86)/microchip/xc32/v2.30/bin/bin/../../lib/gcc/pic32c/6.2.1/../../../../pic32c/lib/v7e-m/fpv4-sp/hard\libc.a(lib_a-mallocr.o)
                0x20005b58                __malloc_sbrk_base

.data.__malloc_trim_threshold%40
                0x20005b5c        0x4
 .data.__malloc_trim_threshold
                0x20005b5c        0x4 c:/program files (x86)/microchip/xc32/v2.30/bin/bin/../../lib/gcc/pic32c/6.2.1/../../../../pic32c/lib/v7e-m/fpv4-sp/hard\libc.a(lib_a-mallocr.o)
                0x20005b5c                __malloc_trim_threshold

.data._impure_ptr%41
                0x20005b60        0x4
 .data._impure_ptr
                0x20005b60        0x4 c:/program files (x86)/microchip/xc32/v2.30/bin/bin/../../lib/gcc/pic32c/6.2.1/../../../../pic32c/lib/v7e-m/fpv4-sp/hard\libc.a(lib_a-impure.o)
                0x20005b60                _impure_ptr

.bss%42         0x20005b64        0x4
 .bss           0x20005b64        0x4 c:/program files (x86)/microchip/xc32/v2.30/bin/bin/../../lib/gcc/pic32c/6.2.1/../../../../pic32c/lib/v7e-m/fpv4-sp/hard\libpic32c.a(sbrk.o)

.bss.nvm_error%43
                0x20005ae2        0x2
 .bss.nvm_error
                0x20005ae2        0x2 build/LAN9253_D51_SPI_Beckhoff_mode/production/_ext/1593096446/plib_nvmctrl.o

.bss.u16ErrorRegister%44
                0x20005b26        0x2
 .bss.u16ErrorRegister
                0x20005b26        0x2 build/LAN9253_D51_SPI_Beckhoff_mode/production/_ext/108134065/coeappl.o
                0x20005b26                u16ErrorRegister

.data.gis_Tx_DMAComplete%45
                0x20005b05        0x1
 .data.gis_Tx_DMAComplete
                0x20005b05        0x1 build/LAN9253_D51_SPI_Beckhoff_mode/production/_ext/2070931557/drv_spi.o
                0x20005b05                gis_Tx_DMAComplete

.data.gis_Rx_DMAComplete%46
                0x20005b06        0x1
 .data.gis_Rx_DMAComplete
                0x20005b06        0x1 build/LAN9253_D51_SPI_Beckhoff_mode/production/_ext/2070931557/drv_spi.o
                0x20005b06                gis_Rx_DMAComplete

.data.gis_TxRx_DMAComplete%47
                0x20005b07        0x1
 .data.gis_TxRx_DMAComplete
                0x20005b07        0x1 build/LAN9253_D51_SPI_Beckhoff_mode/production/_ext/2070931557/drv_spi.o
                0x20005b07                gis_TxRx_DMAComplete

.bss.isLastByteTransferInProgress.9868%48
                0x20005b68        0x1
 .bss.isLastByteTransferInProgress.9868
                0x20005b68        0x1 build/LAN9253_D51_SPI_Beckhoff_mode/production/_ext/1865555181/plib_qspi_spi.o

.bss.gchEtherCATQSPITransmission%49
                0x20005b69        0x1
 .bss.gchEtherCATQSPITransmission
                0x20005b69        0x1 build/LAN9253_D51_SPI_Beckhoff_mode/production/_ext/1671622979/Drivers.o
                0x20005b69                gchEtherCATQSPITransmission

.bss.gbALEvtOpEnabled%50
                0x20005b6a        0x1
 .bss.gbALEvtOpEnabled
                0x20005b6a        0x1 build/LAN9253_D51_SPI_Beckhoff_mode/production/_ext/108147519/LAN925x.o
                0x20005b6a                gbALEvtOpEnabled

.bss.bInitFinished%51
                0x20005b6b        0x1
 .bss.bInitFinished