Archive member included to satisfy reference by file (symbol)

c:/program files (x86)/microchip/xc32/v2.30/bin/bin/../../lib/gcc/pic32c/6.2.1/../../../../pic32c/lib/v7e-m/fpv4-sp/hard\libpic32c.a(data_init.o)
                              build/LAN9252_D51_SPI_Indirect_mode/production/_ext/1171490990/startup_xc32.o (__pic32c_data_initialization)
c:/program files (x86)/microchip/xc32/v2.30/bin/bin/../../lib/gcc/pic32c/6.2.1/../../../../pic32c/lib/v7e-m/fpv4-sp/hard\libc.a(lib_a-init.o)
                              build/LAN9252_D51_SPI_Indirect_mode/production/_ext/1171490990/startup_xc32.o (__libc_init_array)
c:/program files (x86)/microchip/xc32/v2.30/bin/bin/../../lib/gcc/pic32c/6.2.1/../../../../pic32c/lib/v7e-m/fpv4-sp/hard\libc.a(lib_a-malloc.o)
                              build/LAN9252_D51_SPI_Indirect_mode/production/_ext/108134065/ecatcoe.o (malloc)
c:/program files (x86)/microchip/xc32/v2.30/bin/bin/../../lib/gcc/pic32c/6.2.1/../../../../pic32c/lib/v7e-m/fpv4-sp/hard\libc.a(lib_a-mallocr.o)
                              c:/program files (x86)/microchip/xc32/v2.30/bin/bin/../../lib/gcc/pic32c/6.2.1/../../../../pic32c/lib/v7e-m/fpv4-sp/hard\libc.a(lib_a-malloc.o) (_malloc_r)
c:/program files (x86)/microchip/xc32/v2.30/bin/bin/../../lib/gcc/pic32c/6.2.1/../../../../pic32c/lib/v7e-m/fpv4-sp/hard\libc.a(lib_a-memcpy-stub.o)
                              build/LAN9252_D51_SPI_Indirect_mode/production/_ext/1593096446/plib_nvmctrl.o (memcpy)
c:/program files (x86)/microchip/xc32/v2.30/bin/bin/../../lib/gcc/pic32c/6.2.1/../../../../pic32c/lib/v7e-m/fpv4-sp/hard\libc.a(lib_a-memset.o)
                              build/LAN9252_D51_SPI_Indirect_mode/production/_ext/668003091/Drivers.o (memset)
c:/program files (x86)/microchip/xc32/v2.30/bin/bin/../../lib/gcc/pic32c/6.2.1/../../../../pic32c/lib/v7e-m/fpv4-sp/hard\libc.a(lib_a-mlock.o)
                              c:/program files (x86)/microchip/xc32/v2.30/bin/bin/../../lib/gcc/pic32c/6.2.1/../../../../pic32c/lib/v7e-m/fpv4-sp/hard\libc.a(lib_a-mallocr.o) (__malloc_lock)
c:/program files (x86)/microchip/xc32/v2.30/bin/bin/../../lib/gcc/pic32c/6.2.1/../../../../pic32c/lib/v7e-m/fpv4-sp/hard\libc.a(lib_a-sbrkr.o)
                              c:/program files (x86)/microchip/xc32/v2.30/bin/bin/../../lib/gcc/pic32c/6.2.1/../../../../pic32c/lib/v7e-m/fpv4-sp/hard\libc.a(lib_a-mallocr.o) (_sbrk_r)
c:/program files (x86)/microchip/xc32/v2.30/bin/bin/../../lib/gcc/pic32c/6.2.1/../../../../pic32c/lib/v7e-m/fpv4-sp/hard\libc.a(lib_a-strlen.o)
                              build/LAN9252_D51_SPI_Indirect_mode/production/_ext/108134065/objdef.o (strlen)
c:/program files (x86)/microchip/xc32/v2.30/bin/bin/../../lib/gcc/pic32c/6.2.1/../../../../pic32c/lib/v7e-m/fpv4-sp/hard\libc.a(lib_a-freer.o)
                              c:/program files (x86)/microchip/xc32/v2.30/bin/bin/../../lib/gcc/pic32c/6.2.1/../../../../pic32c/lib/v7e-m/fpv4-sp/hard\libc.a(lib_a-malloc.o) (_free_r)
c:/program files (x86)/microchip/xc32/v2.30/bin/bin/../../lib/gcc/pic32c/6.2.1/../../../../pic32c/lib/v7e-m/fpv4-sp/hard\libc.a(lib_a-impure.o)
                              c:/program files (x86)/microchip/xc32/v2.30/bin/bin/../../lib/gcc/pic32c/6.2.1/../../../../pic32c/lib/v7e-m/fpv4-sp/hard\libc.a(lib_a-malloc.o) (_impure_ptr)
c:/program files (x86)/microchip/xc32/v2.30/bin/bin/../../lib/gcc/pic32c/6.2.1/../../../../pic32c/lib/v7e-m/fpv4-sp/hard\libc.a(lib_a-reent.o)
                              c:/program files (x86)/microchip/xc32/v2.30/bin/bin/../../lib/gcc/pic32c/6.2.1/../../../../pic32c/lib/v7e-m/fpv4-sp/hard\libc.a(lib_a-sbrkr.o) (errno)
c:/program files (x86)/microchip/xc32/v2.30/bin/bin/../../lib/gcc/pic32c/6.2.1/../../../../pic32c/lib/v7e-m/fpv4-sp/hard\libpic32c.a(sbrk.o)
                              c:/program files (x86)/microchip/xc32/v2.30/bin/bin/../../lib/gcc/pic32c/6.2.1/../../../../pic32c/lib/v7e-m/fpv4-sp/hard\libc.a(lib_a-sbrkr.o) (_sbrk)

Allocating common symbols
Common symbol       size              file

b3BufferMode        0x1               build/LAN9252_D51_SPI_Indirect_mode/production/_ext/108134065/ecatslv.o
nEcatStateTrans     0x2               build/LAN9252_D51_SPI_Indirect_mode/production/_ext/108134065/ecatslv.o
EcatWdCounter       0x2               build/LAN9252_D51_SPI_Indirect_mode/production/_ext/108134065/ecatslv.o
sSendEmcyQueue      0x10              build/LAN9252_D51_SPI_Indirect_mode/production/_ext/108134065/emcy.o
bApplEsmPending     0x1               build/LAN9252_D51_SPI_Indirect_mode/production/_ext/108134065/ecatslv.o
pCoeSendStored      0x4               build/LAN9252_D51_SPI_Indirect_mode/production/_ext/108134065/ecatcoe.o
nSdoInfoIndex       0x2               build/LAN9252_D51_SPI_Indirect_mode/production/_ext/108134065/sdoserv.o
pStoreData          0x4               build/LAN9252_D51_SPI_Indirect_mode/production/_ext/108134065/sdoserv.o
[...]
Memory Configuration

Name             Origin             Length             Attributes
rom              0x00000000         0x00080000         xrl
ram              0x20000000         0x00030000         xw !r
config_00804000  0x00804000         0x00000004
config_00804004  0x00804004         0x00000004
config_00804008  0x00804008         0x00000004
*default*        0x00000000         0xffffffff

Linker script and memory map

LOAD c:/program files (x86)/microchip/xc32/v2.30/bin/bin/../../lib/gcc/pic32c/6.2.1/v7e-m/fpv4-sp/hard/crti.o
LOAD c:/program files (x86)/microchip/xc32/v2.30/bin/bin/../../lib/gcc/pic32c/6.2.1/v7e-m/fpv4-sp/hard/crtbegin.o
LOAD build/LAN9252_D51_SPI_Indirect_mode/production/_ext/2070931557/drv_spi.o
LOAD build/LAN9252_D51_SPI_Indirect_mode/production/_ext/1984496892/plib_clock.o
LOAD build/LAN9252_D51_SPI_Indirect_mode/production/_ext/1865131932/plib_cmcc.o
LOAD build/LAN9252_D51_SPI_Indirect_mode/production/_ext/1865161661/plib_dmac.o
LOAD build/LAN9252_D51_SPI_Indirect_mode/production/_ext/60167341/plib_eic.o
LOAD build/LAN9252_D51_SPI_Indirect_mode/production/_ext/1986646378/plib_evsys.o
LOAD build/LAN9252_D51_SPI_Indirect_mode/production/_ext/1865468468/plib_nvic.o
LOAD build/LAN9252_D51_SPI_Indirect_mode/production/_ext/1593096446/plib_nvmctrl.o
LOAD build/LAN9252_D51_SPI_Indirect_mode/production/_ext/1865521619/plib_port.o
LOAD build/LAN9252_D51_SPI_Indirect_mode/production/_ext/1865555181/plib_qspi_spi.o
LOAD build/LAN9252_D51_SPI_Indirect_mode/production/_ext/1865555181/plib_qspi.o
LOAD build/LAN9252_D51_SPI_Indirect_mode/production/_ext/1827571544/plib_systick.o
LOAD build/LAN9252_D51_SPI_Indirect_mode/production/_ext/163028504/xc32_monitor.o
LOAD build/LAN9252_D51_SPI_Indirect_mode/production/_ext/1014039709/sys_cache.o
LOAD build/LAN9252_D51_SPI_Indirect_mode/production/_ext/14461671/sys_dma.o
LOAD build/LAN9252_D51_SPI_Indirect_mode/production/_ext/1881668453/sys_int.o
LOAD build/LAN9252_D51_SPI_Indirect_mode/production/_ext/1171490990/exceptions.o
LOAD build/LAN9252_D51_SPI_Indirect_mode/production/_ext/1171490990/initialization.o
LOAD build/LAN9252_D51_SPI_Indirect_mode/production/_ext/1171490990/interrupts.o
LOAD build/LAN9252_D51_SPI_Indirect_mode/production/_ext/1171490990/libc_syscalls.o
LOAD build/LAN9252_D51_SPI_Indirect_mode/production/_ext/1171490990/startup_xc32.o
LOAD build/LAN9252_D51_SPI_Indirect_mode/production/_ext/1171490990/tasks.o
LOAD build/LAN9252_D51_SPI_Indirect_mode/production/_ext/668003091/Drivers.o
LOAD build/LAN9252_D51_SPI_Indirect_mode/production/_ext/108147519/ESC_Utils.o
LOAD build/LAN9252_D51_SPI_Indirect_mode/production/_ext/108147519/LAN925x.o
LOAD build/LAN9252_D51_SPI_Indirect_mode/production/_ext/108134065/bootmode.o
LOAD build/LAN9252_D51_SPI_Indirect_mode/production/_ext/108134065/coeappl.o
LOAD build/LAN9252_D51_SPI_Indirect_mode/production/_ext/108134065/ecatappl.o
LOAD build/LAN9252_D51_SPI_Indirect_mode/production/_ext/108134065/ecatcoe.o
LOAD build/LAN9252_D51_SPI_Indirect_mode/production/_ext/108134065/ecatfoe.o
LOAD build/LAN9252_D51_SPI_Indirect_mode/production/_ext/108134065/ecatslv.o
LOAD build/LAN9252_D51_SPI_Indirect_mode/production/_ext/108134065/emcy.o
LOAD build/LAN9252_D51_SPI_Indirect_mode/production/_ext/108134065/foeappl.o
LOAD build/LAN9252_D51_SPI_Indirect_mode/production/_ext/108134065/mailbox.o
LOAD build/LAN9252_D51_SPI_Indirect_mode/production/_ext/108134065/objdef.o
LOAD build/LAN9252_D51_SPI_Indirect_mode/production/_ext/108134065/sample_app.o
LOAD build/LAN9252_D51_SPI_Indirect_mode/production/_ext/108134065/sdoserv.o
LOAD build/LAN9252_D51_SPI_Indirect_mode/production/_ext/1360937237/main.o
LOAD build/LAN9252_D51_SPI_Indirect_mode/production/_ext/1360937237/app.o
LOAD build/LAN9252_D51_SPI_Indirect_mode/production/_ext/1360937237/Developer_Test.o
                0x00000001                __MPLAB_BUILD = 0x1
                0x00000200                _min_heap_size = 0x200
START GROUP
LOAD c:/program files (x86)/microchip/xc32/v2.30/bin/bin/../../lib/gcc/pic32c/6.2.1/../../../../pic32c/lib/v7e-m/fpv4-sp/hard\libpic32c.a
LOAD c:/program files (x86)/microchip/xc32/v2.30/bin/bin/../../lib/gcc/pic32c/6.2.1/v7e-m/fpv4-sp/hard\libgcc.a
LOAD c:/program files (x86)/microchip/xc32/v2.30/bin/bin/../../lib/gcc/pic32c/6.2.1/../../../../pic32c/lib/v7e-m/fpv4-sp/hard\libc.a
LOAD c:/program files (x86)/microchip/xc32/v2.30/bin/bin/../../lib/gcc/pic32c/6.2.1/../../../../pic32c/lib/v7e-m/fpv4-sp/hard\libm.a
END GROUP
LOAD c:/program files (x86)/microchip/xc32/v2.30/bin/bin/../../lib/gcc/pic32c/6.2.1/v7e-m/fpv4-sp/hard/crtend.o
LOAD c:/program files (x86)/microchip/xc32/v2.30/bin/bin/../../lib/gcc/pic32c/6.2.1/v7e-m/fpv4-sp/hard/crtn.o
                0x00080000                __rom_end = (ORIGIN (rom) + LENGTH (rom))
                0x20030000                __ram_end = (ORIGIN (ram) + LENGTH (ram))

.config_00804000
 *(.config_00804000)

.config_00804004
 *(.config_00804004)

.config_00804008
 *(.config_00804008)

.vectors        0x00000000      0x260
                0x00000000                . = ALIGN (0x4)
                0x00000000                _sfixed = .
 *(.vectors .vectors.* .vectors_default .vectors_default.*)
 .vectors       0x00000000      0x260 build/LAN9252_D51_SPI_Indirect_mode/production/_ext/1171490990/interrupts.o
                0x00000000                exception_table
 *(.isr_vector)
 *(.reset*)
 *(.after_vectors)

.text           0x00000260       0x20
                0x00000260                . = ALIGN (0x4)
 *(.glue_7t)
 .glue_7t       0x00000260        0x0 linker stubs
 *(.glue_7)
 .glue_7        0x00000260        0x0 linker stubs
 *(.gnu.linkonce.r.*)
 *(.ARM.extab* .gnu.linkonce.armextab.*)
                0x00000260                . = ALIGN (0x4)
 *(.init)
 .init          0x00000260        0x4 c:/program files (x86)/microchip/xc32/v2.30/bin/bin/../../lib/gcc/pic32c/6.2.1/v7e-m/fpv4-sp/hard/crti.o
                0x00000260                _init
 .init          0x00000264        0x8 c:/program files (x86)/microchip/xc32/v2.30/bin/bin/../../lib/gcc/pic32c/6.2.1/v7e-m/fpv4-sp/hard/crtn.o
                0x0000026c                . = ALIGN (0x4)
                0x0000026c                __preinit_array_start = .
 *(.preinit_array)
                0x0000026c                __preinit_array_end = .
                0x0000026c                . = ALIGN (0x4)
                0x0000026c                __init_array_start = .
 *(SORT(.init_array.*))
 *(.init_array)
 .init_array    0x0000026c        0x4 c:/program files (x86)/microchip/xc32/v2.30/bin/bin/../../lib/gcc/pic32c/6.2.1/v7e-m/fpv4-sp/hard/crtbegin.o
                0x00000270                __init_array_end = .
                0x00000270                . = ALIGN (0x4)
 *crtbegin.o(.ctors)
 *(EXCLUDE_FILE(*crtend.o) .ctors)
 *(SORT(.ctors.*))
 *crtend.o(.ctors)
                0x00000270                . = ALIGN (0x4)
 *(.fini)
 .fini          0x00000270        0x4 c:/program files (x86)/microchip/xc32/v2.30/bin/bin/../../lib/gcc/pic32c/6.2.1/v7e-m/fpv4-sp/hard/crti.o
                0x00000270                _fini
 .fini          0x00000274        0x8 c:/program files (x86)/microchip/xc32/v2.30/bin/bin/../../lib/gcc/pic32c/6.2.1/v7e-m/fpv4-sp/hard/crtn.o
                0x0000027c                . = ALIGN (0x4)
                0x0000027c                __fini_array_start = .
 *(.fini_array)
 .fini_array    0x0000027c        0x4 c:/program files (x86)/microchip/xc32/v2.30/bin/bin/../../lib/gcc/pic32c/6.2.1/v7e-m/fpv4-sp/hard/crtbegin.o
 *(SORT(.fini_array.*))
                0x00000280                __fini_array_end = .
 *crtbegin.o(.dtors)
 *(EXCLUDE_FILE(*crtend.o) .dtors)
 *(SORT(.dtors.*))
 *crtend.o(.dtors)
                0x00000280                . = ALIGN (0x4)
                0x00000280                _efixed = .
                [!provide]                PROVIDE (__exidx_start, .)

.ARM.exidx
 *(.ARM.exidx* .gnu.linkonce.armexidx.*)
                [!provide]                PROVIDE (__exidx_end, .)
                0x00000280                . = ALIGN (0x4)
                0x00000280                _etext = .

.bss            0x20000000     0x2410
                0x20000000                . = ALIGN (0x4)
                0x20000000                __bss_start__ = .
                0x20000000                _sbss = .
                0x20000000                _szero = .
 *(COMMON)
 COMMON         0x20000000       0x20 build/LAN9252_D51_SPI_Indirect_mode/production/_ext/1865161661/plib_dmac.o
                0x20000000                dmacChannelObj
 COMMON         0x20000020       0xc0 build/LAN9252_D51_SPI_Indirect_mode/production/_ext/60167341/plib_eic.o
                0x20000020                eicCallbackObject
 COMMON         0x200000e0       0x28 build/LAN9252_D51_SPI_Indirect_mode/production/_ext/1865555181/plib_qspi_spi.o
                0x200000e0                qspiObj
 COMMON         0x20000108        0xc build/LAN9252_D51_SPI_Indirect_mode/production/_ext/1827571544/plib_systick.o
                0x20000108                systick
 COMMON         0x20000114        0x2 build/LAN9252_D51_SPI_Indirect_mode/production/_ext/108147519/LAN925x.o
                0x20000114                gEscALEvent
 *fill*         0x20000116        0x2 
 COMMON         0x20000118        0x8 build/LAN9252_D51_SPI_Indirect_mode/production/_ext/108134065/coeappl.o
                0x20000118                u32LastDc32Value
                0x2000011c                u32CheckForDcOverrunCnt
 COMMON         0x20000120       0xc4 build/LAN9252_D51_SPI_Indirect_mode/production/_ext/108134065/ecatappl.o
                0x20000120                bMinCycleTimeMeasurementStarted
                0x20000124                u32CycleTimeStartValue
                0x20000128                bRunApplication
                0x2000012c                u32SystemTimeReadFailure
                0x20000130                bEcatWaitForInputUpdate
                0x20000134                u32MinCycleTimeValue
                0x20000138                aPdOutputData
                0x2000017c                pAPPL_FoeError
                0x20000180                pAPPL_FoeReadData
                0x20000184                pAPPL_MainLoop
                0x20000188                bEtherCATErrorLed
                0x2000018c                u32MinCycleTimeStartValue
                0x20000190                aPdInputData
                0x200001d4                bEtherCATRunLed
                0x200001d8                pAPPL_FoeWriteData
                0x200001dc                pAPPL_FoeRead
                0x200001e0                pAPPL_FoeWrite
 COMMON         0x200001e4        0x4 build/LAN9252_D51_SPI_Indirect_mode/production/_ext/108134065/ecatcoe.o
                0x200001e4                pCoeSendStored
 COMMON         0x200001e8       0x16 build/LAN9252_D51_SPI_Indirect_mode/production/_ext/108134065/ecatfoe.o
                0x200001e8                u32FileOffset
                0x200001ec                u16FileAccessState
                0x200001f0                u32PacketNo
                0x200001f4                pFoeSendStored
                0x200001f8                u32LastFileOffset
                0x200001fc                u16FoeMaxSendBlockSize
 *fill*         0x200001fe        0x2 
 COMMON         0x20000200       0x52 build/LAN9252_D51_SPI_Indirect_mode/production/_ext/108134065/ecatslv.o
                0x20000200                b3BufferMode
                0x20000202                nEcatStateTrans
                0x20000204                EcatWdCounter
                0x20000206                bApplEsmPending
                0x20000207                nAlStatus
                0x20000208                nPdOutputSize
                0x2000020a                u16LocalErrorCode
                0x2000020c                Sync0WdCounter
                0x2000020e                bLocalErrorFlag
                0x20000210                LatchInputSync0Counter
                0x20000212                i16WaitForPllRunningCnt
                0x20000214                nEscAddrOutputData
                0x20000216                Sync0WdValue
                0x20000218                u8EcatRunLed
                0x2000021a                i16WaitForPllRunningTimeout
                0x2000021c                Sync1WdValue
                0x2000021e                u16ALEventMask
                0x20000220                bDcRunning
                0x20000224                u32dummy
                0x20000228                SyncManInfo
                0x20000230                b32BitDc
                0x20000232                LatchInputSync0Value
                0x20000234                bEcatWaitForAlControlRes
                0x20000236                nPdInputSize
                0x20000238                u16SmSync0Value
                0x2000023a                nMaxEscAddress
                0x2000023c                bEcatFirstOutputsReceived
                0x2000023d                bSmSyncSequenceValid
                0x2000023e                EsmTimeoutCounter
                0x20000240                bBootMode
                0x20000241                bDcSyncActive
                0x20000242                bEcatOutputUpdateRunning
                0x20000244                Sync1WdCounter
                0x20000246                EcatWdValue
                0x20000248                bEcatInputUpdateRunning
                0x20000249                bEscIntEnabled
                0x2000024a                bWdTrigger
                0x2000024c                u16SmSync0Counter
                0x2000024e                nMaxSyncMan
                0x2000024f                u8EcatErrorLed
                0x20000250                nEscAddrInputData
 *fill*         0x20000252        0x2 
 COMMON         0x20000254       0x28 build/LAN9252_D51_SPI_Indirect_mode/production/_ext/108134065/emcy.o
                0x20000254                sSendEmcyQueue
                0x20000264                asEmcy
                0x2000026c                sEmptyEmcyQueue
 COMMON         0x2000027c       0x94 build/LAN9252_D51_SPI_Indirect_mode/production/_ext/108134065/mailbox.o
                0x2000027c                u8MbxReadCounter
                0x20000280                sMbxSendQueue
                0x200002b4                sMbxReceiveQueue
                0x200002e8                bNoMbxMemoryAvailable
                0x200002e9                bSendMbxIsFull
                0x200002ea                bMbxRunning
                0x200002ec                u16EscAddrReceiveMbx
                0x200002f0                psStoreMbx
                0x200002f4                u16SendMbxSize
                0x200002f8                psReadMbx
                0x200002fc                bReceiveMbxIsLocked
                0x200002fe                u16EscAddrSendMbx
                0x20000300                psWriteMbx
                0x20000304                u8MbxWriteCounter
                0x20000305                u8MailboxSendReqStored
                0x20000306                u16ReceiveMbxSize
                0x20000308                bMbxRepeatToggle
                0x2000030c                psRepeatMbx
 COMMON         0x20000310       0x8e build/LAN9252_D51_SPI_Indirect_mode/production/_ext/108134065/objdef.o
                0x20000310                sSyncManInPar
                0x20000354                sSyncManOutPar
                0x20000398                bSyncSetByUser
                0x2000039c                sCycleDiag
 *fill*         0x2000039e        0x2 
 COMMON         0x200003a0     0x2016 build/LAN9252_D51_SPI_Indirect_mode/production/_ext/108134065/sample_app.o
                0x200003a0                aFileData
                0x200023a0                aFileName
 *fill*         0x200023b6        0x2 
 COMMON         0x200023b8       0x4d build/LAN9252_D51_SPI_Indirect_mode/production/_ext/108134065/sdoserv.o
                0x200023b8                nSdoInfoIndex
                0x200023bc                pStoreData
                0x200023c0                nSdoSegBytesToHandle
                0x200023c4                bSdoSegAccess
                0x200023c5                bSdoSegFollows
                0x200023c8                nSdoSegCompleteSize
                0x200023cc                pSdoPendFunc
                0x200023d0                u8PendingSdo
                0x200023d1                bStoreCompleteAccess
                0x200023d2                bSdoSegLastToggle
                0x200023d3                nSdoSegService
                0x200023d4                pSdoInfoObjEntry
                0x200023d8                nSdoInfoFragmentsLeft
                0x200023dc                pSdoResStored
                0x200023e0                u32StoreDataSize
                0x200023e4                pSdoSegData
                0x200023e8                nSdoSegIndex
                0x200023ec                aSdoInfoHeader
                0x200023fc                pSdoSegObjEntry
                0x20002400                nSdoSegSubindex
                0x20002402                u16StoreIndex
                0x20002404                u8StoreSubindex
 *fill*         0x20002405        0x3 
 COMMON         0x20002408        0x1 build/LAN9252_D51_SPI_Indirect_mode/production/_ext/1360937237/app.o
                0x20002408                appData
 *fill*         0x20002409        0x3 
 COMMON         0x2000240c        0x4 c:/program files (x86)/microchip/xc32/v2.30/bin/bin/../../lib/gcc/pic32c/6.2.1/../../../../pic32c/lib/v7e-m/fpv4-sp/hard\libc.a(lib_a-reent.o)
                0x2000240c                errno
                0x20002410                . = ALIGN (0x4)
                0x20002410                __bss_end__ = .
                0x20002410                _ebss = .
                0x20002410                _ezero = .
                0x20002410                . = ALIGN (0x4)
                0x20002410                _end = .
                0x2002ffff                _ram_end_ = ((ORIGIN (ram) + LENGTH (ram)) - 0x1)
OUTPUT(dist/LAN9252_D51_SPI_Indirect_mode/production/ESF_EVB_LAN9252.production.elf elf32-littlearm)
LOAD stack
LOAD data_init

.ARM.attributes
                0x00000000       0x30
 .ARM.attributes
                0x00000000       0x22 c:/program files (x86)/microchip/xc32/v2.30/bin/bin/../../lib/gcc/pic32c/6.2.1/v7e-m/fpv4-sp/hard/crti.o
 .ARM.attributes
                0x00000022       0x34 c:/program files (x86)/microchip/xc32/v2.30/bin/bin/../../lib/gcc/pic32c/6.2.1/v7e-m/fpv4-sp/hard/crtbegin.o
 .ARM.attributes
                0x00000056       0x39 build/LAN9252_D51_SPI_Indirect_mode/production/_ext/1984496892/plib_clock.o
 .ARM.attributes
                0x0000008f       0x39 build/LAN9252_D51_SPI_Indirect_mode/production/_ext/1865161661/plib_dmac.o
 .ARM.attributes
                0x000000c8       0x39 build/LAN9252_D51_SPI_Indirect_mode/production/_ext/60167341/plib_eic.o
 .ARM.attributes
                0x00000101       0x39 build/LAN9252_D51_SPI_Indirect_mode/production/_ext/1986646378/plib_evsys.o
 .ARM.attributes
                0x0000013a       0x39 build/LAN9252_D51_SPI_Indirect_mode/production/_ext/1865468468/plib_nvic.o
 .ARM.attributes
                0x00000173       0x39 build/LAN9252_D51_SPI_Indirect_mode/production/_ext/1593096446/plib_nvmctrl.o
 .ARM.attributes
                0x000001ac       0x39 build/LAN9252_D51_SPI_Indirect_mode/production/_ext/1865521619/plib_port.o
 .ARM.attributes
                0x000001e5       0x39 build/LAN9252_D51_SPI_Indirect_mode/production/_ext/1865555181/plib_qspi_spi.o
 .ARM.attributes
                0x0000021e       0x39 build/LAN9252_D51_SPI_Indirect_mode/production/_ext/1827571544/plib_systick.o
 .ARM.attributes
                0x00000257       0x39 build/LAN9252_D51_SPI_Indirect_mode/production/_ext/1171490990/exceptions.o
 .ARM.attributes
                0x00000290       0x39 build/LAN9252_D51_SPI_Indirect_mode/production/_ext/1171490990/initialization.o
 .ARM.attributes
                0x000002c9       0x39 build/LAN9252_D51_SPI_Indirect_mode/production/_ext/1171490990/interrupts.o
 .ARM.attributes
                0x00000302       0x39 build/LAN9252_D51_SPI_Indirect_mode/production/_ext/1171490990/startup_xc32.o
 .ARM.attributes
                0x0000033b       0x39 build/LAN9252_D51_SPI_Indirect_mode/production/_ext/1171490990/tasks.o
 .ARM.attributes
                0x00000374       0x39 build/LAN9252_D51_SPI_Indirect_mode/production/_ext/668003091/Drivers.o
 .ARM.attributes
                0x000003ad       0x39 build/LAN9252_D51_SPI_Indirect_mode/production/_ext/108147519/ESC_Utils.o
 .ARM.attributes
                0x000003e6       0x39 build/LAN9252_D51_SPI_Indirect_mode/production/_ext/108147519/LAN925x.o
 .ARM.attributes
                0x0000041f       0x39 build/LAN9252_D51_SPI_Indirect_mode/production/_ext/108134065/bootmode.o
 .ARM.attributes
                0x00000458       0x39 build/LAN9252_D51_SPI_Indirect_mode/production/_ext/108134065/coeappl.o
 .ARM.attributes
                0x00000491       0x39 build/LAN9252_D51_SPI_Indirect_mode/production/_ext/108134065/ecatappl.o
 .ARM.attributes
                0x000004ca       0x39 build/LAN9252_D51_SPI_Indirect_mode/production/_ext/108134065/ecatcoe.o
 .ARM.attributes
                0x00000503       0x39 build/LAN9252_D51_SPI_Indirect_mode/production/_ext/108134065/ecatfoe.o
 .ARM.attributes
                0x0000053c       0x39 build/LAN9252_D51_SPI_Indirect_mode/production/_ext/108134065/ecatslv.o
 .ARM.attributes
                0x00000575       0x39 build/LAN9252_D51_SPI_Indirect_mode/production/_ext/108134065/emcy.o
 .ARM.attributes
                0x000005ae       0x39 build/LAN9252_D51_SPI_Indirect_mode/production/_ext/108134065/foeappl.o
 .ARM.attributes
                0x000005e7       0x39 build/LAN9252_D51_SPI_Indirect_mode/production/_ext/108134065/mailbox.o
 .ARM.attributes
                0x00000620       0x39 build/LAN9252_D51_SPI_Indirect_mode/production/_ext/108134065/objdef.o
 .ARM.attributes
                0x00000659       0x39 build/LAN9252_D51_SPI_Indirect_mode/production/_ext/108134065/sample_app.o
 .ARM.attributes
                0x00000692       0x39 build/LAN9252_D51_SPI_Indirect_mode/production/_ext/108134065/sdoserv.o
 .ARM.attributes
                0x000006cb       0x39 build/LAN9252_D51_SPI_Indirect_mode/production/_ext/1360937237/main.o
 .ARM.attributes
                0x00000704       0x39 build/LAN9252_D51_SPI_Indirect_mode/production/_ext/1360937237/app.o
 .ARM.attributes
                0x0000073d       0x34 c:/program files (x86)/microchip/xc32/v2.30/bin/bin/../../lib/gcc/pic32c/6.2.1/../../../../pic32c/lib/v7e-m/fpv4-sp/hard\libpic32c.a(data_init.o)
 .ARM.attributes
                0x00000771       0x34 c:/program files (x86)/microchip/xc32/v2.30/bin/bin/../../lib/gcc/pic32c/6.2.1/../../../../pic32c/lib/v7e-m/fpv4-sp/hard\libc.a(lib_a-init.o)
 .ARM.attributes
                0x000007a5       0x34 c:/program files (x86)/microchip/xc32/v2.30/bin/bin/../../lib/gcc/pic32c/6.2.1/../../../../pic32c/lib/v7e-m/fpv4-sp/hard\libc.a(lib_a-malloc.o)
 .ARM.attributes
                0x000007d9       0x34 c:/program files (x86)/microchip/xc32/v2.30/bin/bin/../../lib/gcc/pic32c/6.2.1/../../../../pic32c/lib/v7e-m/fpv4-sp/hard\libc.a(lib_a-mallocr.o)
 .ARM.attributes
                0x0000080d       0x34 c:/program files (x86)/microchip/xc32/v2.30/bin/bin/../../lib/gcc/pic32c/6.2.1/../../../../pic32c/lib/v7e-m/fpv4-sp/hard\libc.a(lib_a-memcpy-stub.o)
 .ARM.attributes
                0x00000841       0x34 c:/program files (x86)/microchip/xc32/v2.30/bin/bin/../../lib/gcc/pic32c/6.2.1/../../../../pic32c/lib/v7e-m/fpv4-sp/hard\libc.a(lib_a-memset.o)
 .ARM.attributes
                0x00000875       0x34 c:/program files (x86)/microchip/xc32/v2.30/bin/bin/../../lib/gcc/pic32c/6.2.1/../../../../pic32c/lib/v7e-m/fpv4-sp/hard\libc.a(lib_a-mlock.o)
 .ARM.attributes
                0x000008a9       0x34 c:/program files (x86)/microchip/xc32/v2.30/bin/bin/../../lib/gcc/pic32c/6.2.1/../../../../pic32c/lib/v7e-m/fpv4-sp/hard\libc.a(lib_a-sbrkr.o)
 .ARM.attributes
                0x000008dd       0x1b c:/program files (x86)/microchip/xc32/v2.30/bin/bin/../../lib/gcc/pic32c/6.2.1/../../../../pic32c/lib/v7e-m/fpv4-sp/hard\libc.a(lib_a-strlen.o)
 .ARM.attributes
                0x000008f8       0x34 c:/program files (x86)/microchip/xc32/v2.30/bin/bin/../../lib/gcc/pic32c/6.2.1/../../../../pic32c/lib/v7e-m/fpv4-sp/hard\libc.a(lib_a-freer.o)
 .ARM.attributes
                0x0000092c       0x34 c:/program files (x86)/microchip/xc32/v2.30/bin/bin/../../lib/gcc/pic32c/6.2.1/../../../../pic32c/lib/v7e-m/fpv4-sp/hard\libc.a(lib_a-impure.o)
 .ARM.attributes
                0x00000960       0x34 c:/program files (x86)/microchip/xc32/v2.30/bin/bin/../../lib/gcc/pic32c/6.2.1/../../../../pic32c/lib/v7e-m/fpv4-sp/hard\libc.a(lib_a-reent.o)
 .ARM.attributes
                0x00000994       0x34 c:/program files (x86)/microchip/xc32/v2.30/bin/bin/../../lib/gcc/pic32c/6.2.1/../../../../pic32c/lib/v7e-m/fpv4-sp/hard\libpic32c.a(sbrk.o)
 .ARM.attributes
                0x000009c8       0x22 c:/program files (x86)/microchip/xc32/v2.30/bin/bin/../../lib/gcc/pic32c/6.2.1/v7e-m/fpv4-sp/hard/crtn.o

.comment        0x00000000       0x3c
 .comment       0x00000000       0x3c c:/program files (x86)/microchip/xc32/v2.30/bin/bin/../../lib/gcc/pic32c/6.2.1/v7e-m/fpv4-sp/hard/crtbegin.o
                                 0x3d (size before relaxing)
 .comment       0x0000003c       0x3d build/LAN9252_D51_SPI_Indirect_mode/production/_ext/1984496892/plib_clock.o
 .comment       0x0000003c       0x3d build/LAN9252_D51_SPI_Indirect_mode/production/_ext/1865161661/plib_dmac.o
 .comment       0x0000003c       0x3d build/LAN9252_D51_SPI_Indirect_mode/production/_ext/60167341/plib_eic.o
 .comment       0x0000003c       0x3d build/LAN9252_D51_SPI_Indirect_mode/production/_ext/1986646378/plib_evsys.o
 .comment       0x0000003c       0x3d build/LAN9252_D51_SPI_Indirect_mode/production/_ext/1865468468/plib_nvic.o
 .comment       0x0000003c       0x3d build/LAN9252_D51_SPI_Indirect_mode/production/_ext/1593096446/plib_nvmctrl.o
 .comment       0x0000003c       0x3d build/LAN9252_D51_SPI_Indirect_mode/production/_ext/1865521619/plib_port.o
 .comment       0x0000003c       0x3d build/LAN9252_D51_SPI_Indirect_mode/production/_ext/1865555181/plib_qspi_spi.o
 .comment       0x0000003c       0x3d build/LAN9252_D51_SPI_Indirect_mode/production/_ext/1827571544/plib_systick.o
 .comment       0x0000003c       0x3d build/LAN9252_D51_SPI_Indirect_mode/production/_ext/1171490990/exceptions.o
 .comment       0x0000003c       0x3d build/LAN9252_D51_SPI_Indirect_mode/production/_ext/1171490990/initialization.o
 .comment       0x0000003c       0x3d build/LAN9252_D51_SPI_Indirect_mode/production/_ext/1171490990/interrupts.o
 .comment       0x0000003c       0x3d build/LAN9252_D51_SPI_Indirect_mode/production/_ext/1171490990/startup_xc32.o
 .comment       0x0000003c       0x3d build/LAN9252_D51_SPI_Indirect_mode/production/_ext/1171490990/tasks.o
 .comment       0x0000003c       0x3d build/LAN9252_D51_SPI_Indirect_mode/production/_ext/668003091/Drivers.o
 .comment       0x0000003c       0x3d build/LAN9252_D51_SPI_Indirect_mode/production/_ext/108147519/ESC_Utils.o
 .comment       0x0000003c       0x3d build/LAN9252_D51_SPI_Indirect_mode/production/_ext/108147519/LAN925x.o
 .comment       0x0000003c       0x3d build/LAN9252_D51_SPI_Indirect_mode/production/_ext/108134065/bootmode.o
 .comment       0x0000003c       0x3d build/LAN9252_D51_SPI_Indirect_mode/production/_ext/108134065/coeappl.o
 .comment       0x0000003c       0x3d build/LAN9252_D51_SPI_Indirect_mode/production/_ext/108134065/ecatappl.o
 .comment       0x0000003c       0x3d build/LAN9252_D51_SPI_Indirect_mode/production/_ext/108134065/ecatcoe.o
 .comment       0x0000003c       0x3d build/LAN9252_D51_SPI_Indirect_mode/production/_ext/108134065/ecatfoe.o
 .comment       0x0000003c       0x3d build/LAN9252_D51_SPI_Indirect_mode/production/_ext/108134065/ecatslv.o
 .comment       0x0000003c       0x3d build/LAN9252_D51_SPI_Indirect_mode/production/_ext/108134065/emcy.o
 .comment       0x0000003c       0x3d build/LAN9252_D51_SPI_Indirect_mode/production/_ext/108134065/foeappl.o
 .comment       0x0000003c       0x3d build/LAN9252_D51_SPI_Indirect_mode/production/_ext/108134065/mailbox.o
 .comment       0x0000003c       0x3d build/LAN9252_D51_SPI_Indirect_mode/production/_ext/108134065/objdef.o
 .comment       0x0000003c       0x3d build/LAN9252_D51_SPI_Indirect_mode/production/_ext/108134065/sample_app.o
 .comment       0x0000003c       0x3d build/LAN9252_D51_SPI_Indirect_mode/production/_ext/108134065/sdoserv.o
 .comment       0x0000003c       0x3d build/LAN9252_D51_SPI_Indirect_mode/production/_ext/1360937237/main.o
 .comment       0x0000003c       0x3d build/LAN9252_D51_SPI_Indirect_mode/production/_ext/1360937237/app.o
 .comment       0x0000003c       0x3d c:/program files (x86)/microchip/xc32/v2.30/bin/bin/../../lib/gcc/pic32c/6.2.1/../../../../pic32c/lib/v7e-m/fpv4-sp/hard\libpic32c.a(data_init.o)
 .comment       0x0000003c       0x3d c:/program files (x86)/microchip/xc32/v2.30/bin/bin/../../lib/gcc/pic32c/6.2.1/../../../../pic32c/lib/v7e-m/fpv4-sp/hard\libc.a(lib_a-init.o)
 .comment       0x0000003c       0x3d c:/program files (x86)/microchip/xc32/v2.30/bin/bin/../../lib/gcc/pic32c/6.2.1/../../../../pic32c/lib/v7e-m/fpv4-sp/hard\libc.a(lib_a-malloc.o)
 .comment       0x0000003c       0x3d c:/program files (x86)/microchip/xc32/v2.30/bin/bin/../../lib/gcc/pic32c/6.2.1/../../../../pic32c/lib/v7e-m/fpv4-sp/hard\libc.a(lib_a-mallocr.o)
 .comment       0x0000003c       0x3d c:/program files (x86)/microchip/xc32/v2.30/bin/bin/../../lib/gcc/pic32c/6.2.1/../../../../pic32c/lib/v7e-m/fpv4-sp/hard\libc.a(lib_a-memcpy-stub.o)
 .comment       0x0000003c       0x3d c:/program files (x86)/microchip/xc32/v2.30/bin/bin/../../lib/gcc/pic32c/6.2.1/../../../../pic32c/lib/v7e-m/fpv4-sp/hard\libc.a(lib_a-memset.o)
 .comment       0x0000003c       0x3d c:/program files (x86)/microchip/xc32/v2.30/bin/bin/../../lib/gcc/pic32c/6.2.1/../../../../pic32c/lib/v7e-m/fpv4-sp/hard\libc.a(lib_a-mlock.o)
 .comment       0x0000003c       0x3d c:/program files (x86)/microchip/xc32/v2.30/bin/bin/../../lib/gcc/pic32c/6.2.1/../../../../pic32c/lib/v7e-m/fpv4-sp/hard\libc.a(lib_a-sbrkr.o)
 .comment       0x0000003c       0x3d c:/program files (x86)/microchip/xc32/v2.30/bin/bin/../../lib/gcc/pic32c/6.2.1/../../../../pic32c/lib/v7e-m/fpv4-sp/hard\libc.a(lib_a-freer.o)
 .comment       0x0000003c       0x3d c:/program files (x86)/microchip/xc32/v2.30/bin/bin/../../lib/gcc/pic32c/6.2.1/../../../../pic32c/lib/v7e-m/fpv4-sp/hard\libc.a(lib_a-impure.o)
 .comment       0x0000003c       0x3d c:/program files (x86)/microchip/xc32/v2.30/bin/bin/../../lib/gcc/pic32c/6.2.1/../../../../pic32c/lib/v7e-m/fpv4-sp/hard\libc.a(lib_a-reent.o)
 .comment       0x0000003c       0x3d c:/program files (x86)/microchip/xc32/v2.30/bin/bin/../../lib/gcc/pic32c/6.2.1/../../../../pic32c/lib/v7e-m/fpv4-sp/hard\libpic32c.a(sbrk.o)

.debug_info     0x00000000    0x495ab
 .debug_info    0x00000000      0xb9a build/LAN9252_D51_SPI_Indirect_mode/production/_ext/1984496892/plib_clock.o
 .debug_info    0x00000b9a     0x2c6c build/LAN9252_D51_SPI_Indirect_mode/production/_ext/1865161661/plib_dmac.o
 .debug_info    0x00003806      0x808 build/LAN9252_D51_SPI_Indirect_mode/production/_ext/60167341/plib_eic.o
 .debug_info    0x0000400e      0x383 build/LAN9252_D51_SPI_Indirect_mode/production/_ext/1986646378/plib_evsys.o
 .debug_info    0x00004391     0x1116 build/LAN9252_D51_SPI_Indirect_mode/production/_ext/1865468468/plib_nvic.o
 .debug_info    0x000054a7     0x16e3 build/LAN9252_D51_SPI_Indirect_mode/production/_ext/1593096446/plib_nvmctrl.o
 .debug_info    0x00006b8a      0x83f build/LAN9252_D51_SPI_Indirect_mode/production/_ext/1865521619/plib_port.o
 .debug_info    0x000073c9     0x223d build/LAN9252_D51_SPI_Indirect_mode/production/_ext/1865555181/plib_qspi_spi.o
 .debug_info    0x00009606      0x6de build/LAN9252_D51_SPI_Indirect_mode/production/_ext/1827571544/plib_systick.o
 .debug_info    0x00009ce4     0x1a36 build/LAN9252_D51_SPI_Indirect_mode/production/_ext/1171490990/exceptions.o
 .debug_info    0x0000b71a     0x1a59 build/LAN9252_D51_SPI_Indirect_mode/production/_ext/1171490990/initialization.o
 .debug_info    0x0000d173     0x2d12 build/LAN9252_D51_SPI_Indirect_mode/production/_ext/1171490990/interrupts.o
 .debug_info    0x0000fe85     0x1e3f build/LAN9252_D51_SPI_Indirect_mode/production/_ext/1171490990/startup_xc32.o
 .debug_info    0x00011cc4     0x1966 build/LAN9252_D51_SPI_Indirect_mode/production/_ext/1171490990/tasks.o
 .debug_info    0x0001362a     0x4652 build/LAN9252_D51_SPI_Indirect_mode/production/_ext/668003091/Drivers.o
 .debug_info    0x00017c7c     0x1b9d build/LAN9252_D51_SPI_Indirect_mode/production/_ext/108147519/ESC_Utils.o
 .debug_info    0x00019819     0x2854 build/LAN9252_D51_SPI_Indirect_mode/production/_ext/108147519/LAN925x.o
 .debug_info    0x0001c06d     0x1275 build/LAN9252_D51_SPI_Indirect_mode/production/_ext/108134065/bootmode.o
 .debug_info    0x0001d2e2     0x3440 build/LAN9252_D51_SPI_Indirect_mode/production/_ext/108134065/coeappl.o
 .debug_info    0x00020722     0x2d27 build/LAN9252_D51_SPI_Indirect_mode/production/_ext/108134065/ecatappl.o
 .debug_info    0x00023449     0x168d build/LAN9252_D51_SPI_Indirect_mode/production/_ext/108134065/ecatcoe.o
 .debug_info    0x00024ad6     0x2437 build/LAN9252_D51_SPI_Indirect_mode/production/_ext/108134065/ecatfoe.o
 .debug_info    0x00026f0d     0x3333 build/LAN9252_D51_SPI_Indirect_mode/production/_ext/108134065/ecatslv.o
 .debug_info    0x0002a240     0x24bf build/LAN9252_D51_SPI_Indirect_mode/production/_ext/108134065/emcy.o
 .debug_info    0x0002c6ff     0x2895 build/LAN9252_D51_SPI_Indirect_mode/production/_ext/108134065/foeappl.o
 .debug_info    0x0002ef94     0x2b7c build/LAN9252_D51_SPI_Indirect_mode/production/_ext/108134065/mailbox.o
 .debug_info    0x00031b10     0x318a build/LAN9252_D51_SPI_Indirect_mode/production/_ext/108134065/objdef.o
 .debug_info    0x00034c9a     0x31b1 build/LAN9252_D51_SPI_Indirect_mode/production/_ext/108134065/sample_app.o
 .debug_info    0x00037e4b     0x348f build/LAN9252_D51_SPI_Indirect_mode/production/_ext/108134065/sdoserv.o
 .debug_info    0x0003b2da     0x1955 build/LAN9252_D51_SPI_Indirect_mode/production/_ext/1360937237/main.o
 .debug_info    0x0003cc2f     0x2b34 build/LAN9252_D51_SPI_Indirect_mode/production/_ext/1360937237/app.o
 .debug_info    0x0003f763      0x2a2 c:/program files (x86)/microchip/xc32/v2.30/bin/bin/../../lib/gcc/pic32c/6.2.1/../../../../pic32c/lib/v7e-m/fpv4-sp/hard\libpic32c.a(data_init.o)
 .debug_info    0x0003fa05      0x41a c:/program files (x86)/microchip/xc32/v2.30/bin/bin/../../lib/gcc/pic32c/6.2.1/../../../../pic32c/lib/v7e-m/fpv4-sp/hard\libc.a(lib_a-init.o)
 .debug_info    0x0003fe1f      0xe58 c:/program files (x86)/microchip/xc32/v2.30/bin/bin/../../lib/gcc/pic32c/6.2.1/../../../../pic32c/lib/v7e-m/fpv4-sp/hard\libc.a(lib_a-malloc.o)
 .debug_info    0x00040c77     0x14ca c:/program files (x86)/microchip/xc32/v2.30/bin/bin/../../lib/gcc/pic32c/6.2.1/../../../../pic32c/lib/v7e-m/fpv4-sp/hard\libc.a(lib_a-mallocr.o)
 .debug_info    0x00042141      0xe2e c:/program files (x86)/microchip/xc32/v2.30/bin/bin/../../lib/gcc/pic32c/6.2.1/../../../../pic32c/lib/v7e-m/fpv4-sp/hard\libc.a(lib_a-memcpy-stub.o)
 .debug_info    0x00042f6f     0x156f c:/program files (x86)/microchip/xc32/v2.30/bin/bin/../../lib/gcc/pic32c/6.2.1/../../../../pic32c/lib/v7e-m/fpv4-sp/hard\libc.a(lib_a-memset.o)
 .debug_info    0x000444de      0xdf2 c:/program files (x86)/microchip/xc32/v2.30/bin/bin/../../lib/gcc/pic32c/6.2.1/../../../../pic32c/lib/v7e-m/fpv4-sp/hard\libc.a(lib_a-mlock.o)
 .debug_info    0x000452d0      0xea5 c:/program files (x86)/microchip/xc32/v2.30/bin/bin/../../lib/gcc/pic32c/6.2.1/../../../../pic32c/lib/v7e-m/fpv4-sp/hard\libc.a(lib_a-sbrkr.o)
 .debug_info    0x00046175      0x125 c:/program files (x86)/microchip/xc32/v2.30/bin/bin/../../lib/gcc/pic32c/6.2.1/../../../../pic32c/lib/v7e-m/fpv4-sp/hard\libc.a(lib_a-strlen.o)
 .debug_info    0x0004629a     0x137d c:/program files (x86)/microchip/xc32/v2.30/bin/bin/../../lib/gcc/pic32c/6.2.1/../../../../pic32c/lib/v7e-m/fpv4-sp/hard\libc.a(lib_a-freer.o)
 .debug_info    0x00047617      0xdb5 c:/program files (x86)/microchip/xc32/v2.30/bin/bin/../../lib/gcc/pic32c/6.2.1/../../../../pic32c/lib/v7e-m/fpv4-sp/hard\libc.a(lib_a-impure.o)
 .debug_info    0x000483cc      0xf59 c:/program files (x86)/microchip/xc32/v2.30/bin/bin/../../lib/gcc/pic32c/6.2.1/../../../../pic32c/lib/v7e-m/fpv4-sp/hard\libc.a(lib_a-reent.o)
 .debug_info    0x00049325      0x286 c:/program files (x86)/microchip/xc32/v2.30/bin/bin/../../lib/gcc/pic32c/6.2.1/../../../../pic32c/lib/v7e-m/fpv4-sp/hard\libpic32c.a(sbrk.o)

.debug_abbrev   0x00000000     0x5996
 .debug_abbrev  0x00000000       0xfd build/LAN9252_D51_SPI_Indirect_mode/production/_ext/1984496892/plib_clock.o
 .debug_abbrev  0x000000fd      0x345 build/LAN9252_D51_SPI_Indirect_mode/production/_ext/1865161661/plib_dmac.o
 .debug_abbrev  0x00000442      0x15d build/LAN9252_D51_SPI_Indirect_mode/production/_ext/60167341/plib_eic.o
 .debug_abbrev  0x0000059f       0x5e build/LAN9252_D51_SPI_Indirect_mode/production/_ext/1986646378/plib_evsys.o
 .debug_abbrev  0x000005fd      0x14d build/LAN9252_D51_SPI_Indirect_mode/production/_ext/1865468468/plib_nvic.o
 .debug_abbrev  0x0000074a      0x25d build/LAN9252_D51_SPI_Indirect_mode/production/_ext/1593096446/plib_nvmctrl.o
 .debug_abbrev  0x000009a7      0x151 build/LAN9252_D51_SPI_Indirect_mode/production/_ext/1865521619/plib_port.o
 .debug_abbrev  0x00000af8      0x29a build/LAN9252_D51_SPI_Indirect_mode/production/_ext/1865555181/plib_qspi_spi.o
 .debug_abbrev  0x00000d92      0x15c build/LAN9252_D51_SPI_Indirect_mode/production/_ext/1827571544/plib_systick.o
 .debug_abbrev  0x00000eee      0x1d1 build/LAN9252_D51_SPI_Indirect_mode/production/_ext/1171490990/exceptions.o
 .debug_abbrev  0x000010bf      0x1ed build/LAN9252_D51_SPI_Indirect_mode/production/_ext/1171490990/initialization.o
 .debug_abbrev  0x000012ac      0x1d1 build/LAN9252_D51_SPI_Indirect_mode/production/_ext/1171490990/interrupts.o
 .debug_abbrev  0x0000147d      0x2a9 build/LAN9252_D51_SPI_Indirect_mode/production/_ext/1171490990/startup_xc32.o
 .debug_abbrev  0x00001726      0x1d1 build/LAN9252_D51_SPI_Indirect_mode/production/_ext/1171490990/tasks.o
 .debug_abbrev  0x000018f7      0x418 build/LAN9252_D51_SPI_Indirect_mode/production/_ext/668003091/Drivers.o
 .debug_abbrev  0x00001d0f      0x232 build/LAN9252_D51_SPI_Indirect_mode/production/_ext/108147519/ESC_Utils.o
 .debug_abbrev  0x00001f41      0x2c3 build/LAN9252_D51_SPI_Indirect_mode/production/_ext/108147519/LAN925x.o
 .debug_abbrev  0x00002204      0x1f9 build/LAN9252_D51_SPI_Indirect_mode/production/_ext/108134065/bootmode.o
 .debug_abbrev  0x000023fd      0x2ea build/LAN9252_D51_SPI_Indirect_mode/production/_ext/108134065/coeappl.o
 .debug_abbrev  0x000026e7      0x29c build/LAN9252_D51_SPI_Indirect_mode/production/_ext/108134065/ecatappl.o
 .debug_abbrev  0x00002983      0x1ee build/LAN9252_D51_SPI_Indirect_mode/production/_ext/108134065/ecatcoe.o
 .debug_abbrev  0x00002b71      0x283 build/LAN9252_D51_SPI_Indirect_mode/production/_ext/108134065/ecatfoe.o
 .debug_abbrev  0x00002df4      0x2ee build/LAN9252_D51_SPI_Indirect_mode/production/_ext/108134065/ecatslv.o
 .debug_abbrev  0x000030e2      0x2c7 build/LAN9252_D51_SPI_Indirect_mode/production/_ext/108134065/emcy.o
 .debug_abbrev  0x000033a9      0x292 build/LAN9252_D51_SPI_Indirect_mode/production/_ext/108134065/foeappl.o
 .debug_abbrev  0x0000363b      0x2ba build/LAN9252_D51_SPI_Indirect_mode/production/_ext/108134065/mailbox.o
 .debug_abbrev  0x000038f5      0x2ec build/LAN9252_D51_SPI_Indirect_mode/production/_ext/108134065/objdef.o
 .debug_abbrev  0x00003be1      0x368 build/LAN9252_D51_SPI_Indirect_mode/production/_ext/108134065/sample_app.o
 .debug_abbrev  0x00003f49      0x309 build/LAN9252_D51_SPI_Indirect_mode/production/_ext/108134065/sdoserv.o
 .debug_abbrev  0x00004252      0x1d3 build/LAN9252_D51_SPI_Indirect_mode/production/_ext/1360937237/main.o
 .debug_abbrev  0x00004425      0x2ab build/LAN9252_D51_SPI_Indirect_mode/production/_ext/1360937237/app.o
 .debug_abbrev  0x000046d0       0x2a c:/program files (x86)/microchip/xc32/v2.30/bin/bin/../../lib/gcc/pic32c/6.2.1/../../../../pic32c/lib/v7e-m/fpv4-sp/hard\libpic32c.a(data_init.o)
 .debug_abbrev  0x000046fa       0xa3 c:/program files (x86)/microchip/xc32/v2.30/bin/bin/../../lib/gcc/pic32c/6.2.1/../../../../pic32c/lib/v7e-m/fpv4-sp/hard\libc.a(lib_a-init.o)
 .debug_abbrev  0x0000479d      0x1f8 c:/program files (x86)/microchip/xc32/v2.30/bin/bin/../../lib/gcc/pic32c/6.2.1/../../../../pic32c/lib/v7e-m/fpv4-sp/hard\libc.a(lib_a-malloc.o)
 .debug_abbrev  0x00004995      0x29b c:/program files (x86)/microchip/xc32/v2.30/bin/bin/../../lib/gcc/pic32c/6.2.1/../../../../pic32c/lib/v7e-m/fpv4-sp/hard\libc.a(lib_a-mallocr.o)
 .debug_abbrev  0x00004c30      0x1c1 c:/program files (x86)/microchip/xc32/v2.30/bin/bin/../../lib/gcc/pic32c/6.2.1/../../../../pic32c/lib/v7e-m/fpv4-sp/hard\libc.a(lib_a-memcpy-stub.o)
 .debug_abbrev  0x00004df1      0x1b5 c:/program files (x86)/microchip/xc32/v2.30/bin/bin/../../lib/gcc/pic32c/6.2.1/../../../../pic32c/lib/v7e-m/fpv4-sp/hard\libc.a(lib_a-memset.o)
 .debug_abbrev  0x00004fa6      0x1aa c:/program files (x86)/microchip/xc32/v2.30/bin/bin/../../lib/gcc/pic32c/6.2.1/../../../../pic32c/lib/v7e-m/fpv4-sp/hard\libc.a(lib_a-mlock.o)
 .debug_abbrev  0x00005150      0x1ed c:/program files (x86)/microchip/xc32/v2.30/bin/bin/../../lib/gcc/pic32c/6.2.1/../../../../pic32c/lib/v7e-m/fpv4-sp/hard\libc.a(lib_a-sbrkr.o)
 .debug_abbrev  0x0000533d       0x14 c:/program files (x86)/microchip/xc32/v2.30/bin/bin/../../lib/gcc/pic32c/6.2.1/../../../../pic32c/lib/v7e-m/fpv4-sp/hard\libc.a(lib_a-strlen.o)
 .debug_abbrev  0x00005351      0x24d c:/program files (x86)/microchip/xc32/v2.30/bin/bin/../../lib/gcc/pic32c/6.2.1/../../../../pic32c/lib/v7e-m/fpv4-sp/hard\libc.a(lib_a-freer.o)
 .debug_abbrev  0x0000559e      0x176 c:/program files (x86)/microchip/xc32/v2.30/bin/bin/../../lib/gcc/pic32c/6.2.1/../../../../pic32c/lib/v7e-m/fpv4-sp/hard\libc.a(lib_a-impure.o)
 .debug_abbrev  0x00005714      0x258 c:/program files (x86)/microchip/xc32/v2.30/bin/bin/../../lib/gcc/pic32c/6.2.1/../../../../pic32c/lib/v7e-m/fpv4-sp/hard\libc.a(lib_a-reent.o)
 .debug_abbrev  0x0000596c       0x2a c:/program files (x86)/microchip/xc32/v2.30/bin/bin/../../lib/gcc/pic32c/6.2.1/../../../../pic32c/lib/v7e-m/fpv4-sp/hard\libpic32c.a(sbrk.o)

.debug_loc      0x00000000     0x66f0
 .debug_loc     0x00000000      0x208 build/LAN9252_D51_SPI_Indirect_mode/production/_ext/1984496892/plib_clock.o
 .debug_loc     0x00000208      0x5c4 build/LAN9252_D51_SPI_Indirect_mode/production/_ext/1865161661/plib_dmac.o
 .debug_loc     0x000007cc      0x1dc build/LAN9252_D51_SPI_Indirect_mode/production/_ext/60167341/plib_eic.o
 .debug_loc     0x000009a8       0x44 build/LAN9252_D51_SPI_Indirect_mode/production/_ext/1986646378/plib_evsys.o
 .debug_loc     0x000009ec      0x140 build/LAN9252_D51_SPI_Indirect_mode/production/_ext/1865468468/plib_nvic.o
 .debug_loc     0x00000b2c      0x5c0 build/LAN9252_D51_SPI_Indirect_mode/production/_ext/1593096446/plib_nvmctrl.o
 .debug_loc     0x000010ec      0x324 build/LAN9252_D51_SPI_Indirect_mode/production/_ext/1865521619/plib_port.o
 .debug_loc     0x00001410      0x28c build/LAN9252_D51_SPI_Indirect_mode/production/_ext/1865555181/plib_qspi_spi.o
 .debug_loc     0x0000169c      0x31c build/LAN9252_D51_SPI_Indirect_mode/production/_ext/1827571544/plib_systick.o
 .debug_loc     0x000019b8      0x108 build/LAN9252_D51_SPI_Indirect_mode/production/_ext/1171490990/exceptions.o
 .debug_loc     0x00001ac0       0x50 build/LAN9252_D51_SPI_Indirect_mode/production/_ext/1171490990/initialization.o
 .debug_loc     0x00001b10      0x11c build/LAN9252_D51_SPI_Indirect_mode/production/_ext/1171490990/startup_xc32.o
 .debug_loc     0x00001c2c       0x2c build/LAN9252_D51_SPI_Indirect_mode/production/_ext/1171490990/tasks.o
 .debug_loc     0x00001c58      0xdfc build/LAN9252_D51_SPI_Indirect_mode/production/_ext/668003091/Drivers.o
 .debug_loc     0x00002a54      0x130 build/LAN9252_D51_SPI_Indirect_mode/production/_ext/108147519/ESC_Utils.o
 .debug_loc     0x00002b84      0x4b0 build/LAN9252_D51_SPI_Indirect_mode/production/_ext/108147519/LAN925x.o
 .debug_loc     0x00003034      0x158 build/LAN9252_D51_SPI_Indirect_mode/production/_ext/108134065/bootmode.o
 .debug_loc     0x0000318c      0x370 build/LAN9252_D51_SPI_Indirect_mode/production/_ext/108134065/coeappl.o
 .debug_loc     0x000034fc      0x2e0 build/LAN9252_D51_SPI_Indirect_mode/production/_ext/108134065/ecatappl.o
 .debug_loc     0x000037dc       0xe4 build/LAN9252_D51_SPI_Indirect_mode/production/_ext/108134065/ecatcoe.o
 .debug_loc     0x000038c0       0xe4 build/LAN9252_D51_SPI_Indirect_mode/production/_ext/108134065/ecatfoe.o
 .debug_loc     0x000039a4      0x682 build/LAN9252_D51_SPI_Indirect_mode/production/_ext/108134065/ecatslv.o
 .debug_loc     0x00004026      0x2f4 build/LAN9252_D51_SPI_Indirect_mode/production/_ext/108134065/emcy.o
 .debug_loc     0x0000431a      0x1e0 build/LAN9252_D51_SPI_Indirect_mode/production/_ext/108134065/foeappl.o
 .debug_loc     0x000044fa      0x428 build/LAN9252_D51_SPI_Indirect_mode/production/_ext/108134065/mailbox.o
 .debug_loc     0x00004922      0x40e build/LAN9252_D51_SPI_Indirect_mode/production/_ext/108134065/objdef.o
 .debug_loc     0x00004d30      0x5d4 build/LAN9252_D51_SPI_Indirect_mode/production/_ext/108134065/sample_app.o
 .debug_loc     0x00005304      0x210 build/LAN9252_D51_SPI_Indirect_mode/production/_ext/108134065/sdoserv.o
 .debug_loc     0x00005514       0x2c build/LAN9252_D51_SPI_Indirect_mode/production/_ext/1360937237/main.o
 .debug_loc     0x00005540      0x148 build/LAN9252_D51_SPI_Indirect_mode/production/_ext/1360937237/app.o
 .debug_loc     0x00005688       0x74 c:/program files (x86)/microchip/xc32/v2.30/bin/bin/../../lib/gcc/pic32c/6.2.1/../../../../pic32c/lib/v7e-m/fpv4-sp/hard\libc.a(lib_a-init.o)
 .debug_loc     0x000056fc       0x58 c:/program files (x86)/microchip/xc32/v2.30/bin/bin/../../lib/gcc/pic32c/6.2.1/../../../../pic32c/lib/v7e-m/fpv4-sp/hard\libc.a(lib_a-malloc.o)
 .debug_loc     0x00005754      0x875 c:/program files (x86)/microchip/xc32/v2.30/bin/bin/../../lib/gcc/pic32c/6.2.1/../../../../pic32c/lib/v7e-m/fpv4-sp/hard\libc.a(lib_a-mallocr.o)
 .debug_loc     0x00005fc9       0xb2 c:/program files (x86)/microchip/xc32/v2.30/bin/bin/../../lib/gcc/pic32c/6.2.1/../../../../pic32c/lib/v7e-m/fpv4-sp/hard\libc.a(lib_a-memcpy-stub.o)
 .debug_loc     0x0000607b       0x4c c:/program files (x86)/microchip/xc32/v2.30/bin/bin/../../lib/gcc/pic32c/6.2.1/../../../../pic32c/lib/v7e-m/fpv4-sp/hard\libc.a(lib_a-memset.o)
 .debug_loc     0x000060c7       0x6d c:/program files (x86)/microchip/xc32/v2.30/bin/bin/../../lib/gcc/pic32c/6.2.1/../../../../pic32c/lib/v7e-m/fpv4-sp/hard\libc.a(lib_a-sbrkr.o)
 .debug_loc     0x00006134      0x42d c:/program files (x86)/microchip/xc32/v2.30/bin/bin/../../lib/gcc/pic32c/6.2.1/../../../../pic32c/lib/v7e-m/fpv4-sp/hard\libc.a(lib_a-freer.o)
 .debug_loc     0x00006561      0x18f c:/program files (x86)/microchip/xc32/v2.30/bin/bin/../../lib/gcc/pic32c/6.2.1/../../../../pic32c/lib/v7e-m/fpv4-sp/hard\libc.a(lib_a-reent.o)

.debug_aranges  0x00000000      0xdb8
 .debug_aranges
                0x00000000       0x58 build/LAN9252_D51_SPI_Indirect_mode/production/_ext/1984496892/plib_clock.o
 .debug_aranges
                0x00000058       0xa8 build/LAN9252_D51_SPI_Indirect_mode/production/_ext/1865161661/plib_dmac.o
 .debug_aranges
                0x00000100       0x50 build/LAN9252_D51_SPI_Indirect_mode/production/_ext/60167341/plib_eic.o
 .debug_aranges
                0x00000150       0x20 build/LAN9252_D51_SPI_Indirect_mode/production/_ext/1986646378/plib_evsys.o
 .debug_aranges
                0x00000170       0x38 build/LAN9252_D51_SPI_Indirect_mode/production/_ext/1865468468/plib_nvic.o
 .debug_aranges
                0x000001a8       0xb0 build/LAN9252_D51_SPI_Indirect_mode/production/_ext/1593096446/plib_nvmctrl.o
 .debug_aranges
                0x00000258       0x60 build/LAN9252_D51_SPI_Indirect_mode/production/_ext/1865521619/plib_port.o
 .debug_aranges
                0x000002b8       0x58 build/LAN9252_D51_SPI_Indirect_mode/production/_ext/1865555181/plib_qspi_spi.o
 .debug_aranges
                0x00000310       0x70 build/LAN9252_D51_SPI_Indirect_mode/production/_ext/1827571544/plib_systick.o
 .debug_aranges
                0x00000380       0x48 build/LAN9252_D51_SPI_Indirect_mode/production/_ext/1171490990/exceptions.o
 .debug_aranges
                0x000003c8       0x20 build/LAN9252_D51_SPI_Indirect_mode/production/_ext/1171490990/initialization.o
 .debug_aranges
                0x000003e8       0x20 build/LAN9252_D51_SPI_Indirect_mode/production/_ext/1171490990/interrupts.o
 .debug_aranges
                0x00000408       0x38 build/LAN9252_D51_SPI_Indirect_mode/production/_ext/1171490990/startup_xc32.o
 .debug_aranges
                0x00000440       0x20 build/LAN9252_D51_SPI_Indirect_mode/production/_ext/1171490990/tasks.o
 .debug_aranges
                0x00000460      0x190 build/LAN9252_D51_SPI_Indirect_mode/production/_ext/668003091/Drivers.o
 .debug_aranges
                0x000005f0       0x40 build/LAN9252_D51_SPI_Indirect_mode/production/_ext/108147519/ESC_Utils.o
 .debug_aranges
                0x00000630       0x90 build/LAN9252_D51_SPI_Indirect_mode/production/_ext/108147519/LAN925x.o
 .debug_aranges
                0x000006c0       0x38 build/LAN9252_D51_SPI_Indirect_mode/production/_ext/108134065/bootmode.o
 .debug_aranges
                0x000006f8       0x70 build/LAN9252_D51_SPI_Indirect_mode/production/_ext/108134065/coeappl.o
 .debug_aranges
                0x00000768       0x70 build/LAN9252_D51_SPI_Indirect_mode/production/_ext/108134065/ecatappl.o
 .debug_aranges
                0x000007d8       0x30 build/LAN9252_D51_SPI_Indirect_mode/production/_ext/108134065/ecatcoe.o
 .debug_aranges
                0x00000808       0x30 build/LAN9252_D51_SPI_Indirect_mode/production/_ext/108134065/ecatfoe.o
 .debug_aranges
                0x00000838       0xc8 build/LAN9252_D51_SPI_Indirect_mode/production/_ext/108134065/ecatslv.o
 .debug_aranges
                0x00000900       0x60 build/LAN9252_D51_SPI_Indirect_mode/production/_ext/108134065/emcy.o
 .debug_aranges
                0x00000960       0x48 build/LAN9252_D51_SPI_Indirect_mode/production/_ext/108134065/foeappl.o
 .debug_aranges
                0x000009a8       0x80 build/LAN9252_D51_SPI_Indirect_mode/production/_ext/108134065/mailbox.o
 .debug_aranges
                0x00000a28       0x78 build/LAN9252_D51_SPI_Indirect_mode/production/_ext/108134065/objdef.o
 .debug_aranges
                0x00000aa0       0xb8 build/LAN9252_D51_SPI_Indirect_mode/production/_ext/108134065/sample_app.o
 .debug_aranges
                0x00000b58       0x50 build/LAN9252_D51_SPI_Indirect_mode/production/_ext/108134065/sdoserv.o
 .debug_aranges
                0x00000ba8       0x20 build/LAN9252_D51_SPI_Indirect_mode/production/_ext/1360937237/main.o
 .debug_aranges
                0x00000bc8       0x40 build/LAN9252_D51_SPI_Indirect_mode/production/_ext/1360937237/app.o
 .debug_aranges
                0x00000c08       0x20 c:/program files (x86)/microchip/xc32/v2.30/bin/bin/../../lib/gcc/pic32c/6.2.1/../../../../pic32c/lib/v7e-m/fpv4-sp/hard\libpic32c.a(data_init.o)
 .debug_aranges
                0x00000c28       0x20 c:/program files (x86)/microchip/xc32/v2.30/bin/bin/../../lib/gcc/pic32c/6.2.1/../../../../pic32c/lib/v7e-m/fpv4-sp/hard\libc.a(lib_a-init.o)
 .debug_aranges
                0x00000c48       0x28 c:/program files (x86)/microchip/xc32/v2.30/bin/bin/../../lib/gcc/pic32c/6.2.1/../../../../pic32c/lib/v7e-m/fpv4-sp/hard\libc.a(lib_a-malloc.o)
 .debug_aranges
                0x00000c70       0x20 c:/program files (x86)/microchip/xc32/v2.30/bin/bin/../../lib/gcc/pic32c/6.2.1/../../../../pic32c/lib/v7e-m/fpv4-sp/hard\libc.a(lib_a-mallocr.o)
 .debug_aranges
                0x00000c90       0x20 c:/program files (x86)/microchip/xc32/v2.30/bin/bin/../../lib/gcc/pic32c/6.2.1/../../../../pic32c/lib/v7e-m/fpv4-sp/hard\libc.a(lib_a-memcpy-stub.o)
 .debug_aranges
                0x00000cb0       0x20 c:/program files (x86)/microchip/xc32/v2.30/bin/bin/../../lib/gcc/pic32c/6.2.1/../../../../pic32c/lib/v7e-m/fpv4-sp/hard\libc.a(lib_a-memset.o)
 .debug_aranges
                0x00000cd0       0x20 c:/program files (x86)/microchip/xc32/v2.30/bin/bin/../../lib/gcc/pic32c/6.2.1/../../../../pic32c/lib/v7e-m/fpv4-sp/hard\libc.a(lib_a-mlock.o)
 .debug_aranges
                0x00000cf0       0x20 c:/program files (x86)/microchip/xc32/v2.30/bin/bin/../../lib/gcc/pic32c/6.2.1/../../../../pic32c/lib/v7e-m/fpv4-sp/hard\libc.a(lib_a-sbrkr.o)
 .debug_aranges
                0x00000d10       0x20 c:/program files (x86)/microchip/xc32/v2.30/bin/bin/../../lib/gcc/pic32c/6.2.1/../../../../pic32c/lib/v7e-m/fpv4-sp/hard\libc.a(lib_a-strlen.o)
 .debug_aranges
                0x00000d30       0x28 c:/program files (x86)/microchip/xc32/v2.30/bin/bin/../../lib/gcc/pic32c/6.2.1/../../../../pic32c/lib/v7e-m/fpv4-sp/hard\libc.a(lib_a-freer.o)
 .debug_aranges
                0x00000d58       0x18 c:/program files (x86)/microchip/xc32/v2.30/bin/bin/../../lib/gcc/pic32c/6.2.1/../../../../pic32c/lib/v7e-m/fpv4-sp/hard\libc.a(lib_a-impure.o)
 .debug_aranges
                0x00000d70       0x28 c:/program files (x86)/microchip/xc32/v2.30/bin/bin/../../lib/gcc/pic32c/6.2.1/../../../../pic32c/lib/v7e-m/fpv4-sp/hard\libc.a(lib_a-reent.o)
 .debug_aranges
                0x00000d98       0x20 c:/program files (x86)/microchip/xc32/v2.30/bin/bin/../../lib/gcc/pic32c/6.2.1/../../../../pic32c/lib/v7e-m/fpv4-sp/hard\libpic32c.a(sbrk.o)

.debug_ranges   0x00000000      0xbf8
 .debug_ranges  0x00000000       0x48 build/LAN9252_D51_SPI_Indirect_mode/production/_ext/1984496892/plib_clock.o
 .debug_ranges  0x00000048       0x98 build/LAN9252_D51_SPI_Indirect_mode/production/_ext/1865161661/plib_dmac.o
 .debug_ranges  0x000000e0       0x40 build/LAN9252_D51_SPI_Indirect_mode/production/_ext/60167341/plib_eic.o
 .debug_ranges  0x00000120       0x10 build/LAN9252_D51_SPI_Indirect_mode/production/_ext/1986646378/plib_evsys.o
 .debug_ranges  0x00000130       0x28 build/LAN9252_D51_SPI_Indirect_mode/production/_ext/1865468468/plib_nvic.o
 .debug_ranges  0x00000158       0xa0 build/LAN9252_D51_SPI_Indirect_mode/production/_ext/1593096446/plib_nvmctrl.o
 .debug_ranges  0x000001f8       0x50 build/LAN9252_D51_SPI_Indirect_mode/production/_ext/1865521619/plib_port.o
 .debug_ranges  0x00000248       0x48 build/LAN9252_D51_SPI_Indirect_mode/production/_ext/1865555181/plib_qspi_spi.o
 .debug_ranges  0x00000290       0x60 build/LAN9252_D51_SPI_Indirect_mode/production/_ext/1827571544/plib_systick.o
 .debug_ranges  0x000002f0       0x38 build/LAN9252_D51_SPI_Indirect_mode/production/_ext/1171490990/exceptions.o
 .debug_ranges  0x00000328       0x10 build/LAN9252_D51_SPI_Indirect_mode/production/_ext/1171490990/initialization.o
 .debug_ranges  0x00000338       0x10 build/LAN9252_D51_SPI_Indirect_mode/production/_ext/1171490990/interrupts.o
 .debug_ranges  0x00000348       0x28 build/LAN9252_D51_SPI_Indirect_mode/production/_ext/1171490990/startup_xc32.o
 .debug_ranges  0x00000370       0x10 build/LAN9252_D51_SPI_Indirect_mode/production/_ext/1171490990/tasks.o
 .debug_ranges  0x00000380      0x180 build/LAN9252_D51_SPI_Indirect_mode/production/_ext/668003091/Drivers.o
 .debug_ranges  0x00000500       0x30 build/LAN9252_D51_SPI_Indirect_mode/production/_ext/108147519/ESC_Utils.o
 .debug_ranges  0x00000530       0x80 build/LAN9252_D51_SPI_Indirect_mode/production/_ext/108147519/LAN925x.o
 .debug_ranges  0x000005b0       0x28 build/LAN9252_D51_SPI_Indirect_mode/production/_ext/108134065/bootmode.o
 .debug_ranges  0x000005d8       0x78 build/LAN9252_D51_SPI_Indirect_mode/production/_ext/108134065/coeappl.o
 .debug_ranges  0x00000650       0x78 build/LAN9252_D51_SPI_Indirect_mode/production/_ext/108134065/ecatappl.o
 .debug_ranges  0x000006c8       0x20 build/LAN9252_D51_SPI_Indirect_mode/production/_ext/108134065/ecatcoe.o
 .debug_ranges  0x000006e8       0x80 build/LAN9252_D51_SPI_Indirect_mode/production/_ext/108134065/ecatfoe.o
 .debug_ranges  0x00000768       0xb8 build/LAN9252_D51_SPI_Indirect_mode/production/_ext/108134065/ecatslv.o
 .debug_ranges  0x00000820       0x50 build/LAN9252_D51_SPI_Indirect_mode/production/_ext/108134065/emcy.o
 .debug_ranges  0x00000870       0x38 build/LAN9252_D51_SPI_Indirect_mode/production/_ext/108134065/foeappl.o
 .debug_ranges  0x000008a8       0x70 build/LAN9252_D51_SPI_Indirect_mode/production/_ext/108134065/mailbox.o
 .debug_ranges  0x00000918       0x80 build/LAN9252_D51_SPI_Indirect_mode/production/_ext/108134065/objdef.o
 .debug_ranges  0x00000998       0xa8 build/LAN9252_D51_SPI_Indirect_mode/production/_ext/108134065/sample_app.o
 .debug_ranges  0x00000a40       0x68 build/LAN9252_D51_SPI_Indirect_mode/production/_ext/108134065/sdoserv.o
 .debug_ranges  0x00000aa8       0x10 build/LAN9252_D51_SPI_Indirect_mode/production/_ext/1360937237/main.o
 .debug_ranges  0x00000ab8       0x30 build/LAN9252_D51_SPI_Indirect_mode/production/_ext/1360937237/app.o
 .debug_ranges  0x00000ae8       0x10 c:/program files (x86)/microchip/xc32/v2.30/bin/bin/../../lib/gcc/pic32c/6.2.1/../../../../pic32c/lib/v7e-m/fpv4-sp/hard\libpic32c.a(data_init.o)
 .debug_ranges  0x00000af8       0x10 c:/program files (x86)/microchip/xc32/v2.30/bin/bin/../../lib/gcc/pic32c/6.2.1/../../../../pic32c/lib/v7e-m/fpv4-sp/hard\libc.a(lib_a-init.o)
 .debug_ranges  0x00000b08       0x18 c:/program files (x86)/microchip/xc32/v2.30/bin/bin/../../lib/gcc/pic32c/6.2.1/../../../../pic32c/lib/v7e-m/fpv4-sp/hard\libc.a(lib_a-malloc.o)
 .debug_ranges  0x00000b20       0x28 c:/program files (x86)/microchip/xc32/v2.30/bin/bin/../../lib/gcc/pic32c/6.2.1/../../../../pic32c/lib/v7e-m/fpv4-sp/hard\libc.a(lib_a-mallocr.o)
 .debug_ranges  0x00000b48       0x10 c:/program files (x86)/microchip/xc32/v2.30/bin/bin/../../lib/gcc/pic32c/6.2.1/../../../../pic32c/lib/v7e-m/fpv4-sp/hard\libc.a(lib_a-memcpy-stub.o)
 .debug_ranges  0x00000b58       0x10 c:/program files (x86)/microchip/xc32/v2.30/bin/bin/../../lib/gcc/pic32c/6.2.1/../../../../pic32c/lib/v7e-m/fpv4-sp/hard\libc.a(lib_a-memset.o)
 .debug_ranges  0x00000b68       0x10 c:/program files (x86)/microchip/xc32/v2.30/bin/bin/../../lib/gcc/pic32c/6.2.1/../../../../pic32c/lib/v7e-m/fpv4-sp/hard\libc.a(lib_a-mlock.o)
 .debug_ranges  0x00000b78       0x10 c:/program files (x86)/microchip/xc32/v2.30/bin/bin/../../lib/gcc/pic32c/6.2.1/../../../../pic32c/lib/v7e-m/fpv4-sp/hard\libc.a(lib_a-sbrkr.o)
 .debug_ranges  0x00000b88       0x18 c:/program files (x86)/microchip/xc32/v2.30/bin/bin/../../lib/gcc/pic32c/6.2.1/../../../../pic32c/lib/v7e-m/fpv4-sp/hard\libc.a(lib_a-freer.o)
 .debug_ranges  0x00000ba0       0x48 c:/program files (x86)/microchip/xc32/v2.30/bin/bin/../../lib/gcc/pic32c/6.2.1/../../../../pic32c/lib/v7e-m/fpv4-sp/hard\libc.a(lib_a-reent.o)
 .debug_ranges  0x00000be8       0x10 c:/program files (x86)/microchip/xc32/v2.30/bin/bin/../../lib/gcc/pic32c/6.2.1/../../../../pic32c/lib/v7e-m/fpv4-sp/hard\libpic32c.a(sbrk.o)

.debug_line     0x00000000     0x9abc
 .debug_line    0x00000000      0x246 build/LAN9252_D51_SPI_Indirect_mode/production/_ext/1984496892/plib_clock.o
 .debug_line    0x00000246      0x588 build/LAN9252_D51_SPI_Indirect_mode/production/_ext/1865161661/plib_dmac.o
 .debug_line    0x000007ce      0x20e build/LAN9252_D51_SPI_Indirect_mode/production/_ext/60167341/plib_eic.o
 .debug_line    0x000009dc      0x13b build/LAN9252_D51_SPI_Indirect_mode/production/_ext/1986646378/plib_evsys.o
 .debug_line    0x00000b17      0x1da build/LAN9252_D51_SPI_Indirect_mode/production/_ext/1865468468/plib_nvic.o
 .debug_line    0x00000cf1      0x379 build/LAN9252_D51_SPI_Indirect_mode/production/_ext/1593096446/plib_nvmctrl.o
 .debug_line    0x0000106a      0x219 build/LAN9252_D51_SPI_Indirect_mode/production/_ext/1865521619/plib_port.o
 .debug_line    0x00001283      0x4b0 build/LAN9252_D51_SPI_Indirect_mode/production/_ext/1865555181/plib_qspi_spi.o
 .debug_line    0x00001733      0x216 build/LAN9252_D51_SPI_Indirect_mode/production/_ext/1827571544/plib_systick.o
 .debug_line    0x00001949      0x39e build/LAN9252_D51_SPI_Indirect_mode/production/_ext/1171490990/exceptions.o
 .debug_line    0x00001ce7      0x358 build/LAN9252_D51_SPI_Indirect_mode/production/_ext/1171490990/initialization.o
 .debug_line    0x0000203f      0x379 build/LAN9252_D51_SPI_Indirect_mode/production/_ext/1171490990/interrupts.o
 .debug_line    0x000023b8      0x407 build/LAN9252_D51_SPI_Indirect_mode/production/_ext/1171490990/startup_xc32.o
 .debug_line    0x000027bf      0x348 build/LAN9252_D51_SPI_Indirect_mode/production/_ext/1171490990/tasks.o
 .debug_line    0x00002b07      0xa7d build/LAN9252_D51_SPI_Indirect_mode/production/_ext/668003091/Drivers.o
 .debug_line    0x00003584      0x402 build/LAN9252_D51_SPI_Indirect_mode/production/_ext/108147519/ESC_Utils.o
 .debug_line    0x00003986      0x5b9 build/LAN9252_D51_SPI_Indirect_mode/production/_ext/108147519/LAN925x.o
 .debug_line    0x00003f3f      0x19b build/LAN9252_D51_SPI_Indirect_mode/production/_ext/108134065/bootmode.o
 .debug_line    0x000040da      0x50c build/LAN9252_D51_SPI_Indirect_mode/production/_ext/108134065/coeappl.o
 .debug_line    0x000045e6      0x56e build/LAN9252_D51_SPI_Indirect_mode/production/_ext/108134065/ecatappl.o
 .debug_line    0x00004b54      0x1b0 build/LAN9252_D51_SPI_Indirect_mode/production/_ext/108134065/ecatcoe.o
 .debug_line    0x00004d04      0x42c build/LAN9252_D51_SPI_Indirect_mode/production/_ext/108134065/ecatfoe.o
 .debug_line    0x00005130      0x9b3 build/LAN9252_D51_SPI_Indirect_mode/production/_ext/108134065/ecatslv.o
 .debug_line    0x00005ae3      0x448 build/LAN9252_D51_SPI_Indirect_mode/production/_ext/108134065/emcy.o
 .debug_line    0x00005f2b      0x414 build/LAN9252_D51_SPI_Indirect_mode/production/_ext/108134065/foeappl.o
 .debug_line    0x0000633f      0x596 build/LAN9252_D51_SPI_Indirect_mode/production/_ext/108134065/mailbox.o
 .debug_line    0x000068d5      0x71c build/LAN9252_D51_SPI_Indirect_mode/production/_ext/108134065/objdef.o
 .debug_line    0x00006ff1      0x5ac build/LAN9252_D51_SPI_Indirect_mode/production/_ext/108134065/sample_app.o
 .debug_line    0x0000759d      0x5fa build/LAN9252_D51_SPI_Indirect_mode/production/_ext/108134065/sdoserv.o
 .debug_line    0x00007b97      0x34b build/LAN9252_D51_SPI_Indirect_mode/production/_ext/1360937237/main.o
 .debug_line    0x00007ee2      0x46c build/LAN9252_D51_SPI_Indirect_mode/production/_ext/1360937237/app.o
 .debug_line    0x0000834e       0xd8 c:/program files (x86)/microchip/xc32/v2.30/bin/bin/../../lib/gcc/pic32c/6.2.1/../../../../pic32c/lib/v7e-m/fpv4-sp/hard\libpic32c.a(data_init.o)
 .debug_line    0x00008426      0x11d c:/program files (x86)/microchip/xc32/v2.30/bin/bin/../../lib/gcc/pic32c/6.2.1/../../../../pic32c/lib/v7e-m/fpv4-sp/hard\libc.a(lib_a-init.o)
 .debug_line    0x00008543      0x21e c:/program files (x86)/microchip/xc32/v2.30/bin/bin/../../lib/gcc/pic32c/6.2.1/../../../../pic32c/lib/v7e-m/fpv4-sp/hard\libc.a(lib_a-malloc.o)
 .debug_line    0x00008761      0x347 c:/program files (x86)/microchip/xc32/v2.30/bin/bin/../../lib/gcc/pic32c/6.2.1/../../../../pic32c/lib/v7e-m/fpv4-sp/hard\libc.a(lib_a-mallocr.o)
 .debug_line    0x00008aa8      0x218 c:/program files (x86)/microchip/xc32/v2.30/bin/bin/../../lib/gcc/pic32c/6.2.1/../../../../pic32c/lib/v7e-m/fpv4-sp/hard\libc.a(lib_a-memcpy-stub.o)
 .debug_line    0x00008cc0      0x2ae c:/program files (x86)/microchip/xc32/v2.30/bin/bin/../../lib/gcc/pic32c/6.2.1/../../../../pic32c/lib/v7e-m/fpv4-sp/hard\libc.a(lib_a-memset.o)
 .debug_line    0x00008f6e      0x18d c:/program files (x86)/microchip/xc32/v2.30/bin/bin/../../lib/gcc/pic32c/6.2.1/../../../../pic32c/lib/v7e-m/fpv4-sp/hard\libc.a(lib_a-mlock.o)
 .debug_line    0x000090fb      0x212 c:/program files (x86)/microchip/xc32/v2.30/bin/bin/../../lib/gcc/pic32c/6.2.1/../../../../pic32c/lib/v7e-m/fpv4-sp/hard\libc.a(lib_a-sbrkr.o)
 .debug_line    0x0000930d       0xb1 c:/program files (x86)/microchip/xc32/v2.30/bin/bin/../../lib/gcc/pic32c/6.2.1/../../../../pic32c/lib/v7e-m/fpv4-sp/hard\libc.a(lib_a-strlen.o)
 .debug_line    0x000093be      0x2a1 c:/program files (x86)/microchip/xc32/v2.30/bin/bin/../../lib/gcc/pic32c/6.2.1/../../../../pic32c/lib/v7e-m/fpv4-sp/hard\libc.a(lib_a-freer.o)
 .debug_line    0x0000965f      0x17e c:/program files (x86)/microchip/xc32/v2.30/bin/bin/../../lib/gcc/pic32c/6.2.1/../../../../pic32c/lib/v7e-m/fpv4-sp/hard\libc.a(lib_a-impure.o)
 .debug_line    0x000097dd      0x23d c:/program files (x86)/microchip/xc32/v2.30/bin/bin/../../lib/gcc/pic32c/6.2.1/../../../../pic32c/lib/v7e-m/fpv4-sp/hard\libc.a(lib_a-reent.o)
 .debug_line    0x00009a1a       0xa2 c:/program files (x86)/microchip/xc32/v2.30/bin/bin/../../lib/gcc/pic32c/6.2.1/../../../../pic32c/lib/v7e-m/fpv4-sp/hard\libpic32c.a(sbrk.o)

.debug_str      0x00000000      0x886
 .debug_str     0x00000000       0x1e build/LAN9252_D51_SPI_Indirect_mode/production/_ext/1984496892/plib_clock.o
 .debug_str     0x0000001e       0x5a build/LAN9252_D51_SPI_Indirect_mode/production/_ext/1865161661/plib_dmac.o
 .debug_str     0x00000078        0x9 build/LAN9252_D51_SPI_Indirect_mode/production/_ext/60167341/plib_eic.o
 .debug_str     0x00000081        0x0 build/LAN9252_D51_SPI_Indirect_mode/production/_ext/1986646378/plib_evsys.o
 .debug_str     0x00000081        0xa build/LAN9252_D51_SPI_Indirect_mode/production/_ext/1865468468/plib_nvic.o
 .debug_str     0x0000008b       0x29 build/LAN9252_D51_SPI_Indirect_mode/production/_ext/1593096446/plib_nvmctrl.o
 .debug_str     0x000000b4        0xb build/LAN9252_D51_SPI_Indirect_mode/production/_ext/1865521619/plib_port.o
 .debug_str     0x000000bf       0x62 build/LAN9252_D51_SPI_Indirect_mode/production/_ext/1865555181/plib_qspi_spi.o
 .debug_str     0x00000121        0x9 build/LAN9252_D51_SPI_Indirect_mode/production/_ext/1827571544/plib_systick.o
 .debug_str     0x0000012a        0xe build/LAN9252_D51_SPI_Indirect_mode/production/_ext/1171490990/exceptions.o
 .debug_str     0x00000138        0xe build/LAN9252_D51_SPI_Indirect_mode/production/_ext/1171490990/initialization.o
 .debug_str     0x00000146        0xe build/LAN9252_D51_SPI_Indirect_mode/production/_ext/1171490990/interrupts.o
 .debug_str     0x00000154        0xe build/LAN9252_D51_SPI_Indirect_mode/production/_ext/1171490990/startup_xc32.o
 .debug_str     0x00000162        0xe build/LAN9252_D51_SPI_Indirect_mode/production/_ext/1171490990/tasks.o
 .debug_str     0x00000170       0xeb build/LAN9252_D51_SPI_Indirect_mode/production/_ext/668003091/Drivers.o
 .debug_str     0x0000025b        0xe build/LAN9252_D51_SPI_Indirect_mode/production/_ext/108147519/ESC_Utils.o
 .debug_str     0x00000269       0x55 build/LAN9252_D51_SPI_Indirect_mode/production/_ext/108147519/LAN925x.o
 .debug_str     0x000002be        0xe build/LAN9252_D51_SPI_Indirect_mode/production/_ext/108134065/bootmode.o
 .debug_str     0x000002cc       0x48 build/LAN9252_D51_SPI_Indirect_mode/production/_ext/108134065/coeappl.o
 .debug_str     0x00000314       0x42 build/LAN9252_D51_SPI_Indirect_mode/production/_ext/108134065/ecatappl.o
 .debug_str     0x00000356       0x35 build/LAN9252_D51_SPI_Indirect_mode/production/_ext/108134065/ecatcoe.o
 .debug_str     0x0000038b       0x24 build/LAN9252_D51_SPI_Indirect_mode/production/_ext/108134065/ecatfoe.o
 .debug_str     0x000003af       0x6b build/LAN9252_D51_SPI_Indirect_mode/production/_ext/108134065/ecatslv.o
 .debug_str     0x0000041a       0x2d build/LAN9252_D51_SPI_Indirect_mode/production/_ext/108134065/emcy.o
 .debug_str     0x00000447       0x31 build/LAN9252_D51_SPI_Indirect_mode/production/_ext/108134065/foeappl.o
 .debug_str     0x00000478       0x50 build/LAN9252_D51_SPI_Indirect_mode/production/_ext/108134065/mailbox.o
 .debug_str     0x000004c8       0xa5 build/LAN9252_D51_SPI_Indirect_mode/production/_ext/108134065/objdef.o
 .debug_str     0x0000056d       0x5c build/LAN9252_D51_SPI_Indirect_mode/production/_ext/108134065/sample_app.o
 .debug_str     0x000005c9       0xa8 build/LAN9252_D51_SPI_Indirect_mode/production/_ext/108134065/sdoserv.o
 .debug_str     0x00000671        0xe build/LAN9252_D51_SPI_Indirect_mode/production/_ext/1360937237/main.o
 .debug_str     0x0000067f       0x24 build/LAN9252_D51_SPI_Indirect_mode/production/_ext/1360937237/app.o
 .debug_str     0x000006a3        0x0 c:/program files (x86)/microchip/xc32/v2.30/bin/bin/../../lib/gcc/pic32c/6.2.1/../../../../pic32c/lib/v7e-m/fpv4-sp/hard\libpic32c.a(data_init.o)
 .debug_str     0x000006a3        0x0 c:/program files (x86)/microchip/xc32/v2.30/bin/bin/../../lib/gcc/pic32c/6.2.1/../../../../pic32c/lib/v7e-m/fpv4-sp/hard\libc.a(lib_a-init.o)
 .debug_str     0x000006a3       0x18 c:/program files (x86)/microchip/xc32/v2.30/bin/bin/../../lib/gcc/pic32c/6.2.1/../../../../pic32c/lib/v7e-m/fpv4-sp/hard\libc.a(lib_a-malloc.o)
 .debug_str     0x000006bb       0x36 c:/program files (x86)/microchip/xc32/v2.30/bin/bin/../../lib/gcc/pic32c/6.2.1/../../../../pic32c/lib/v7e-m/fpv4-sp/hard\libc.a(lib_a-mallocr.o)
 .debug_str     0x000006f1        0xe c:/program files (x86)/microchip/xc32/v2.30/bin/bin/../../lib/gcc/pic32c/6.2.1/../../../../pic32c/lib/v7e-m/fpv4-sp/hard\libc.a(lib_a-memcpy-stub.o)
 .debug_str     0x000006ff      0x119 c:/program files (x86)/microchip/xc32/v2.30/bin/bin/../../lib/gcc/pic32c/6.2.1/../../../../pic32c/lib/v7e-m/fpv4-sp/hard\libc.a(lib_a-memset.o)
 .debug_str     0x00000818        0xe c:/program files (x86)/microchip/xc32/v2.30/bin/bin/../../lib/gcc/pic32c/6.2.1/../../../../pic32c/lib/v7e-m/fpv4-sp/hard\libc.a(lib_a-mlock.o)
 .debug_str     0x00000826        0xe c:/program files (x86)/microchip/xc32/v2.30/bin/bin/../../lib/gcc/pic32c/6.2.1/../../../../pic32c/lib/v7e-m/fpv4-sp/hard\libc.a(lib_a-sbrkr.o)
 .debug_str     0x00000834       0x36 c:/program files (x86)/microchip/xc32/v2.30/bin/bin/../../lib/gcc/pic32c/6.2.1/../../../../pic32c/lib/v7e-m/fpv4-sp/hard\libc.a(lib_a-freer.o)
 .debug_str     0x0000086a        0xe c:/program files (x86)/microchip/xc32/v2.30/bin/bin/../../lib/gcc/pic32c/6.2.1/../../../../pic32c/lib/v7e-m/fpv4-sp/hard\libc.a(lib_a-impure.o)
 .debug_str     0x00000878        0xe c:/program files (x86)/microchip/xc32/v2.30/bin/bin/../../lib/gcc/pic32c/6.2.1/../../../../pic32c/lib/v7e-m/fpv4-sp/hard\libc.a(lib_a-reent.o)
 .debug_str     0x00000886        0x0 c:/program files (x86)/microchip/xc32/v2.30/bin/bin/../../lib/gcc/pic32c/6.2.1/../../../../pic32c/lib/v7e-m/fpv4-sp/hard\libpic32c.a(sbrk.o)

.debug_frame    0x00000000     0x2cac
 .debug_frame   0x00000000      0x10c build/LAN9252_D51_SPI_Indirect_mode/production/_ext/1984496892/plib_clock.o
 .debug_frame   0x0000010c      0x2ac build/LAN9252_D51_SPI_Indirect_mode/production/_ext/1865161661/plib_dmac.o
 .debug_frame   0x000003b8       0xfc build/LAN9252_D51_SPI_Indirect_mode/production/_ext/60167341/plib_eic.o
 .debug_frame   0x000004b4       0x30 build/LAN9252_D51_SPI_Indirect_mode/production/_ext/1986646378/plib_evsys.o
 .debug_frame   0x000004e4       0xa4 build/LAN9252_D51_SPI_Indirect_mode/production/_ext/1865468468/plib_nvic.o
 .debug_frame   0x00000588      0x2ac build/LAN9252_D51_SPI_Indirect_mode/production/_ext/1593096446/plib_nvmctrl.o
 .debug_frame   0x00000834      0x170 build/LAN9252_D51_SPI_Indirect_mode/production/_ext/1865521619/plib_port.o
 .debug_frame   0x000009a4      0x138 build/LAN9252_D51_SPI_Indirect_mode/production/_ext/1865555181/plib_qspi_spi.o
 .debug_frame   0x00000adc      0x184 build/LAN9252_D51_SPI_Indirect_mode/production/_ext/1827571544/plib_systick.o
 .debug_frame   0x00000c60       0xa0 build/LAN9252_D51_SPI_Indirect_mode/production/_ext/1171490990/exceptions.o
 .debug_frame   0x00000d00       0x34 build/LAN9252_D51_SPI_Indirect_mode/production/_ext/1171490990/initialization.o
 .debug_frame   0x00000d34       0x20 build/LAN9252_D51_SPI_Indirect_mode/production/_ext/1171490990/interrupts.o
 .debug_frame   0x00000d54       0x98 build/LAN9252_D51_SPI_Indirect_mode/production/_ext/1171490990/startup_xc32.o
 .debug_frame   0x00000dec       0x2c build/LAN9252_D51_SPI_Indirect_mode/production/_ext/1171490990/tasks.o
 .debug_frame   0x00000e18      0x6a8 build/LAN9252_D51_SPI_Indirect_mode/production/_ext/668003091/Drivers.o
 .debug_frame   0x000014c0       0xb4 build/LAN9252_D51_SPI_Indirect_mode/production/_ext/108147519/ESC_Utils.o
 .debug_frame   0x00001574      0x22c build/LAN9252_D51_SPI_Indirect_mode/production/_ext/108147519/LAN925x.o
 .debug_frame   0x000017a0       0xa8 build/LAN9252_D51_SPI_Indirect_mode/production/_ext/108134065/bootmode.o
 .debug_frame   0x00001848      0x1a8 build/LAN9252_D51_SPI_Indirect_mode/production/_ext/108134065/coeappl.o
 .debug_frame   0x000019f0      0x180 build/LAN9252_D51_SPI_Indirect_mode/production/_ext/108134065/ecatappl.o
 .debug_frame   0x00001b70       0x78 build/LAN9252_D51_SPI_Indirect_mode/production/_ext/108134065/ecatcoe.o
 .debug_frame   0x00001be8       0x7c build/LAN9252_D51_SPI_Indirect_mode/production/_ext/108134065/ecatfoe.o
 .debug_frame   0x00001c64      0x320 build/LAN9252_D51_SPI_Indirect_mode/production/_ext/108134065/ecatslv.o
 .debug_frame   0x00001f84      0x160 build/LAN9252_D51_SPI_Indirect_mode/production/_ext/108134065/emcy.o
 .debug_frame   0x000020e4       0xec build/LAN9252_D51_SPI_Indirect_mode/production/_ext/108134065/foeappl.o
 .debug_frame   0x000021d0      0x1ec build/LAN9252_D51_SPI_Indirect_mode/production/_ext/108134065/mailbox.o
 .debug_frame   0x000023bc      0x1e8 build/LAN9252_D51_SPI_Indirect_mode/production/_ext/108134065/objdef.o
 .debug_frame   0x000025a4      0x2c4 build/LAN9252_D51_SPI_Indirect_mode/production/_ext/108134065/sample_app.o
 .debug_frame   0x00002868      0x120 build/LAN9252_D51_SPI_Indirect_mode/production/_ext/108134065/sdoserv.o
 .debug_frame   0x00002988       0x2c build/LAN9252_D51_SPI_Indirect_mode/production/_ext/1360937237/main.o
 .debug_frame   0x000029b4       0xb4 build/LAN9252_D51_SPI_Indirect_mode/production/_ext/1360937237/app.o
 .debug_frame   0x00002a68       0x2c c:/program files (x86)/microchip/xc32/v2.30/bin/bin/../../lib/gcc/pic32c/6.2.1/../../../../pic32c/lib/v7e-m/fpv4-sp/hard\libpic32c.a(data_init.o)
 .debug_frame   0x00002a94       0x2c c:/program files (x86)/microchip/xc32/v2.30/bin/bin/../../lib/gcc/pic32c/6.2.1/../../../../pic32c/lib/v7e-m/fpv4-sp/hard\libc.a(lib_a-init.o)
 .debug_frame   0x00002ac0       0x30 c:/program files (x86)/microchip/xc32/v2.30/bin/bin/../../lib/gcc/pic32c/6.2.1/../../../../pic32c/lib/v7e-m/fpv4-sp/hard\libc.a(lib_a-malloc.o)
 .debug_frame   0x00002af0       0x40 c:/program files (x86)/microchip/xc32/v2.30/bin/bin/../../lib/gcc/pic32c/6.2.1/../../../../pic32c/lib/v7e-m/fpv4-sp/hard\libc.a(lib_a-mallocr.o)
 .debug_frame   0x00002b30       0x28 c:/program files (x86)/microchip/xc32/v2.30/bin/bin/../../lib/gcc/pic32c/6.2.1/../../../../pic32c/lib/v7e-m/fpv4-sp/hard\libc.a(lib_a-memcpy-stub.o)
 .debug_frame   0x00002b58       0x20 c:/program files (x86)/microchip/xc32/v2.30/bin/bin/../../lib/gcc/pic32c/6.2.1/../../../../pic32c/lib/v7e-m/fpv4-sp/hard\libc.a(lib_a-memset.o)
 .debug_frame   0x00002b78       0x30 c:/program files (x86)/microchip/xc32/v2.30/bin/bin/../../lib/gcc/pic32c/6.2.1/../../../../pic32c/lib/v7e-m/fpv4-sp/hard\libc.a(lib_a-mlock.o)
 .debug_frame   0x00002ba8       0x2c c:/program files (x86)/microchip/xc32/v2.30/bin/bin/../../lib/gcc/pic32c/6.2.1/../../../../pic32c/lib/v7e-m/fpv4-sp/hard\libc.a(lib_a-sbrkr.o)
 .debug_frame   0x00002bd4       0x5c c:/program files (x86)/microchip/xc32/v2.30/bin/bin/../../lib/gcc/pic32c/6.2.1/../../../../pic32c/lib/v7e-m/fpv4-sp/hard\libc.a(lib_a-freer.o)
 .debug_frame   0x00002c30       0x5c c:/program files (x86)/microchip/xc32/v2.30/bin/bin/../../lib/gcc/pic32c/6.2.1/../../../../pic32c/lib/v7e-m/fpv4-sp/hard\libc.a(lib_a-reent.o)
 .debug_frame   0x00002c8c       0x20 c:/program files (x86)/microchip/xc32/v2.30/bin/bin/../../lib/gcc/pic32c/6.2.1/../../../../pic32c/lib/v7e-m/fpv4-sp/hard\libpic32c.a(sbrk.o)

.stack          0x200032b8      0x100
 .stack         0x200032b8      0x100 stack

.data.impure_data%1
                0x20002410      0x418
 .data.impure_data
                0x20002410      0x418 c:/program files (x86)/microchip/xc32/v2.30/bin/bin/../../lib/gcc/pic32c/6.2.1/../../../../pic32c/lib/v7e-m/fpv4-sp/hard\libc.a(lib_a-impure.o)

.data.__malloc_av_%2
                0x20002828      0x408
 .data.__malloc_av_
                0x20002828      0x408 c:/program files (x86)/microchip/xc32/v2.30/bin/bin/../../lib/gcc/pic32c/6.2.1/../../../../pic32c/lib/v7e-m/fpv4-sp/hard\libc.a(lib_a-mallocr.o)
                0x20002828                __malloc_av_

.data.GenObjDic%3
                0x20002c30      0x1e0
 .data.GenObjDic
                0x20002c30      0x1e0 build/LAN9252_D51_SPI_Indirect_mode/production/_ext/108134065/coeappl.o
                0x20002c30                GenObjDic

.data.ApplicationObjDic%4
                0x20002e10      0x118
 .data.ApplicationObjDic
                0x20002e10      0x118 build/LAN9252_D51_SPI_Indirect_mode/production/_ext/108134065/coeappl.o
                0x20002e10                ApplicationObjDic

.bss.__malloc_current_mallinfo%5
                0x20002f28       0x28
 .bss.__malloc_current_mallinfo
                0x20002f28       0x28 c:/program files (x86)/microchip/xc32/v2.30/bin/bin/../../lib/gcc/pic32c/6.2.1/../../../../pic32c/lib/v7e-m/fpv4-sp/hard\libc.a(lib_a-mallocr.o)
                0x20002f28                __malloc_current_mallinfo

.data.gau8DummyCntArr%6
                0x20002f50       0x27
 .data.gau8DummyCntArr
                0x20002f50       0x27 build/LAN9252_D51_SPI_Indirect_mode/production/_ext/108147519/LAN925x.o
                0x20002f50                gau8DummyCntArr

.bss._write_back_section%7
                0x20002f78       0x20
 .bss._write_back_section
                0x20002f78       0x20 build/LAN9252_D51_SPI_Indirect_mode/production/_ext/1865161661/plib_dmac.o

.bss.descriptor_section%8
                0x20002f98       0x20
 .bss.descriptor_section
                0x20002f98       0x20 build/LAN9252_D51_SPI_Indirect_mode/production/_ext/1865161661/plib_dmac.o

.bss%9          0x20002fb8       0x1c
 .bss           0x20002fb8       0x1c c:/program files (x86)/microchip/xc32/v2.30/bin/bin/../../lib/gcc/pic32c/6.2.1/v7e-m/fpv4-sp/hard/crtbegin.o

.data.acDevicename%10
                0x20002fd4       0x16
 .data.acDevicename
                0x20002fd4       0x16 build/LAN9252_D51_SPI_Indirect_mode/production/_ext/108134065/coeappl.o
                0x20002fd4                acDevicename

.data.sIdentity%11
                0x20002fec       0x14
 .data.sIdentity
                0x20002fec       0x14 build/LAN9252_D51_SPI_Indirect_mode/production/_ext/108134065/coeappl.o
                0x20002fec                sIdentity

.data.aSubindexDesc%12
                0x20003000        0xd
 .data.aSubindexDesc
                0x20003000        0xd build/LAN9252_D51_SPI_Indirect_mode/production/_ext/108134065/objdef.o
                0x20003000                aSubindexDesc

.data.sErrorSettings%13
                0x20003010        0xc
 .data.sErrorSettings
                0x20003010        0xc build/LAN9252_D51_SPI_Indirect_mode/production/_ext/108134065/objdef.o
                0x20003010                sErrorSettings

.bss.u64Timestamp%14
                0x20003020        0x8
 .bss.u64Timestamp
                0x20003020        0x8 build/LAN9252_D51_SPI_Indirect_mode/production/_ext/108134065/coeappl.o
                0x20003020                u64Timestamp

.data.OutputsProcessDataMapping0x1601%15
                0x20003028        0x8
 .data.OutputsProcessDataMapping0x1601
                0x20003028        0x8 build/LAN9252_D51_SPI_Indirect_mode/production/_ext/108134065/sample_app.o
                0x20003028                OutputsProcessDataMapping0x1601

.data.InputsProcessDataMapping0x1A00%16
                0x20003030        0x8
 .data.InputsProcessDataMapping0x1A00
                0x20003030        0x8 build/LAN9252_D51_SPI_Indirect_mode/production/_ext/108134065/sample_app.o
                0x20003030                InputsProcessDataMapping0x1A00

.data.Inputs0x6000%17
                0x20003038        0x8
 .data.Inputs0x6000
                0x20003038        0x8 build/LAN9252_D51_SPI_Indirect_mode/production/_ext/108134065/sample_app.o
                0x20003038                Inputs0x6000

.data.Outputs0x7010%18
                0x20003040        0x8
 .data.Outputs0x7010
                0x20003040        0x8 build/LAN9252_D51_SPI_Indirect_mode/production/_ext/108134065/sample_app.o
                0x20003040                Outputs0x7010

.data.sSyncmanagertype%19
                0x20003048        0x6
 .data.sSyncmanagertype
                0x20003048        0x6 build/LAN9252_D51_SPI_Indirect_mode/production/_ext/108134065/coeappl.o
                0x20003048                sSyncmanagertype

.data.u32Devicetype%20
                0x2000301c        0x4
 .data.u32Devicetype
                0x2000301c        0x4 build/LAN9252_D51_SPI_Indirect_mode/production/_ext/108134065/coeappl.o
                0x2000301c                u32Devicetype

.data.acHardwareversion%21
                0x20003050        0x4
 .data.acHardwareversion
                0x20003050        0x4 build/LAN9252_D51_SPI_Indirect_mode/production/_ext/108134065/coeappl.o
                0x20003050                acHardwareversion

.data.acSoftwareversion%22
                0x20003054        0x4
 .data.acSoftwareversion
                0x20003054        0x4 build/LAN9252_D51_SPI_Indirect_mode/production/_ext/108134065/coeappl.o
                0x20003054                acSoftwareversion

.bss.ObjDicList%23
                0x20003058        0x4
 .bss.ObjDicList
                0x20003058        0x4 build/LAN9252_D51_SPI_Indirect_mode/production/_ext/108134065/coeappl.o
                0x20003058                ObjDicList

.bss.SMActivate%24
                0x2000305c        0x4
 .bss.SMActivate
                0x2000305c        0x4 build/LAN9252_D51_SPI_Indirect_mode/production/_ext/108134065/ecatslv.o
                0x2000305c                SMActivate

.data.sRxPDOassign%25
                0x20003060        0x4
 .data.sRxPDOassign
                0x20003060        0x4 build/LAN9252_D51_SPI_Indirect_mode/production/_ext/108134065/sample_app.o
                0x20003060                sRxPDOassign

.data.sTxPDOassign%26
                0x20003064        0x4
 .data.sTxPDOassign
                0x20003064        0x4 build/LAN9252_D51_SPI_Indirect_mode/production/_ext/108134065/sample_app.o
                0x20003064                sTxPDOassign

.bss.gTriggerCounterValMeasure%27
                0x20003068        0x4
 .bss.gTriggerCounterValMeasure
                0x20003068        0x4 build/LAN9252_D51_SPI_Indirect_mode/production/_ext/108134065/sample_app.o
                0x20003068                gTriggerCounterValMeasure

.data.gFOETestFrameSize%28
                0x2000306c        0x4
 .data.gFOETestFrameSize
                0x2000306c        0x4 build/LAN9252_D51_SPI_Indirect_mode/production/_ext/108134065/sample_app.o
                0x2000306c                gFOETestFrameSize

.bss.nFileWriteOffset%29
                0x20003070        0x4
 .bss.nFileWriteOffset
                0x20003070        0x4 build/LAN9252_D51_SPI_Indirect_mode/production/_ext/108134065/sample_app.o
                0x20003070                nFileWriteOffset

.bss.nFileStartWriteAddress%30
                0x20003074        0x4
 .bss.nFileStartWriteAddress
                0x20003074        0x4 build/LAN9252_D51_SPI_Indirect_mode/production/_ext/108134065/sample_app.o
                0x20003074                nFileStartWriteAddress

.bss.u32FileSize%31
                0x20003078        0x4
 .bss.u32FileSize
                0x20003078        0x4 build/LAN9252_D51_SPI_Indirect_mode/production/_ext/108134065/sample_app.o
                0x20003078                u32FileSize

.bss.__malloc_max_sbrked_mem%32
                0x2000307c        0x4
 .bss.__malloc_max_sbrked_mem
                0x2000307c        0x4 c:/program files (x86)/microchip/xc32/v2.30/bin/bin/../../lib/gcc/pic32c/6.2.1/../../../../pic32c/lib/v7e-m/fpv4-sp/hard\libc.a(lib_a-mallocr.o)
                0x2000307c                __malloc_max_sbrked_mem

.bss.__malloc_max_total_mem%33
                0x20003080        0x4
 .bss.__malloc_max_total_mem
                0x20003080        0x4 c:/program files (x86)/microchip/xc32/v2.30/bin/bin/../../lib/gcc/pic32c/6.2.1/../../../../pic32c/lib/v7e-m/fpv4-sp/hard\libc.a(lib_a-mallocr.o)
                0x20003080                __malloc_max_total_mem

.bss.__malloc_top_pad%34
                0x20003084        0x4
 .bss.__malloc_top_pad
                0x20003084        0x4 c:/program files (x86)/microchip/xc32/v2.30/bin/bin/../../lib/gcc/pic32c/6.2.1/../../../../pic32c/lib/v7e-m/fpv4-sp/hard\libc.a(lib_a-mallocr.o)
                0x20003084                __malloc_top_pad

.data.__malloc_sbrk_base%35
                0x20003088        0x4
 .data.__malloc_sbrk_base
                0x20003088        0x4 c:/program files (x86)/microchip/xc32/v2.30/bin/bin/../../lib/gcc/pic32c/6.2.1/../../../../pic32c/lib/v7e-m/fpv4-sp/hard\libc.a(lib_a-mallocr.o)
                0x20003088                __malloc_sbrk_base

.data.__malloc_trim_threshold%36
                0x2000308c        0x4
 .data.__malloc_trim_threshold
                0x2000308c        0x4 c:/program files (x86)/microchip/xc32/v2.30/bin/bin/../../lib/gcc/pic32c/6.2.1/../../../../pic32c/lib/v7e-m/fpv4-sp/hard\libc.a(lib_a-mallocr.o)
                0x2000308c                __malloc_trim_threshold

.data._impure_ptr%37
                0x20003090        0x4
 .data._impure_ptr
                0x20003090        0x4 c:/program files (x86)/microchip/xc32/v2.30/bin/bin/../../lib/gcc/pic32c/6.2.1/../../../../pic32c/lib/v7e-m/fpv4-sp/hard\libc.a(lib_a-impure.o)
                0x20003090                _impure_ptr

.bss%38         0x20003094        0x4
 .bss           0x20003094        0x4 c:/program files (x86)/microchip/xc32/v2.30/bin/bin/../../lib/gcc/pic32c/6.2.1/../../../../pic32c/lib/v7e-m/fpv4-sp/hard\libpic32c.a(sbrk.o)

.bss.nvm_error%39
                0x20002fea        0x2
 .bss.nvm_error
                0x20002fea        0x2 build/LAN9252_D51_SPI_Indirect_mode/production/_ext/1593096446/plib_nvmctrl.o

.bss.u16ErrorRegister%40
                0x2000304e        0x2
 .bss.u16ErrorRegister
                0x2000304e        0x2 build/LAN9252_D51_SPI_Indirect_mode/production/_ext/108134065/coeappl.o
                0x2000304e                u16ErrorRegister

.bss.isLastByteTransferInProgress.9890%41
                0x20002f77        0x1
 .bss.isLastByteTransferInProgress.9890
                0x20002f77        0x1 build/LAN9252_D51_SPI_Indirect_mode/production/_ext/1865555181/plib_qspi_spi.o

.bss.gchEtherCATQSPITransmission%42
                0x2000300d        0x1
 .bss.gchEtherCATQSPITransmission
                0x2000300d        0x1 build/LAN9252_D51_SPI_Indirect_mode/production/_ext/668003091/Drivers.o
                0x2000300d                gchEtherCATQSPITransmission

.bss.gbALEvtOpEnabled%43
                0x2000300e        0x1
 .bss.gbALEvtOpEnabled
                0x2000300e        0x1 build/LAN9252_D51_SPI_Indirect_mode/production/_ext/108147519/LAN925x.o
                0x2000300e                gbALEvtOpEnabled

.bss.bInitFinished%44
                0x2000300f        0x1
 .bss.bInitFinished
                0x2000300f        0x1 build/LAN9252_D51_SPI_Indirect_mode/production/_ext/108134065/ecatappl.o
                0x2000300f                bInitFinished

.bss.EepromLoaded%45
                0x20003098        0x1
 .bss.EepromLoaded
                0x20003098        0x1 build/LAN9252_D51_SPI_Indirect_mode/production/_ext/108134065/ecatslv.o
                0x20003098                EepromLoaded

.bss.gFirmwareDownload_Started%46
                0x20003099        0x1
 .bss.gFirmwareDownload_Started
                0x20003099        0x1 build/LAN9252_D51_SPI_Indirect_mode/production/_ext/108134065/sample_app.o
                0x20003099                gFirmwareDownload_Started

.bss.gFirmwareDownload_Finished%47
                0x2000309a        0x1
 .bss.gFirmwareDownload_Finished
                0x2000309a        0x1 build/LAN9252_D51_SPI_Indirect_mode/production/_ext/108134065/sample_app.o
                0x2000309a                gFirmwareDownload_Finished

.bss.bSdoInWork%48
                0x2000309b        0x1
 .bss.bSdoInWork
                0x2000309b        0x1 build/LAN9252_D51_SPI_Indirect_mode/production/_ext/108134065/sdoserv.o
                0x2000309b                bSdoInWork

.eh_frame%z1    0x00000000        0x0
 .eh_frame      0x00000000        0x0 c:/program files (x86)/microchip/xc32/v2.30/bin/bin/../../lib/gcc/pic32c/6.2.1/v7e-m/fpv4-sp/hard/crtbegin.o

.dinit%49       0x00000280      0xef0
 .dinit         0x00000280      0xef0 data_init

.text.StartInputHandler%50
                0x00001170      0x7e4
 .text.StartInputHandler
                0x00001170      0x7e4 build/LAN9252_D51_SPI_Indirect_mode/production/_ext/108134065/ecatslv.o
                0x00001170                StartInputHandler

.text.AL_ControlInd%51
                0x00001954      0x790
 .text.AL_ControlInd
                0x00001954      0x790 build/LAN9252_D51_SPI_Indirect_mode/production/_ext/108134065/ecatslv.o
                0x00001954                AL_ControlInd

.text.OBJ_Write%52
                0x000020e4      0x710
 .text.OBJ_Write
                0x000020e4      0x710 build/LAN9252_D51_SPI_Indirect_mode/production/_ext/108134065/objdef.o
                0x000020e4                OBJ_Write

.text.OBJ_Read%53
                0x000027f4      0x67c
 .text.OBJ_Read
                0x000027f4      0x67c build/LAN9252_D51_SPI_Indirect_mode/production/_ext/108134065/objdef.o
                0x000027f4                OBJ_Read

.text.SDOS_SdoInd%54
                0x00002e70      0x5e4
 .text.SDOS_SdoInd
                0x00002e70      0x5e4 build/LAN9252_D51_SPI_Indirect_mode/production/_ext/108134065/sdoserv.o
                0x00002e70                SDOS_SdoInd

.text.FOE_ServiceInd%55
                0x00003454      0x488
 .text.FOE_ServiceInd
                0x00003454      0x488 build/LAN9252_D51_SPI_Indirect_mode/production/_ext/108134065/ecatfoe.o
                0x00003454                FOE_ServiceInd

.text._malloc_r%56
                0x000038dc      0x438
 .text._malloc_r
                0x000038dc      0x438 c:/program files (x86)/microchip/xc32/v2.30/bin/bin/../../lib/gcc/pic32c/6.2.1/../../../../pic32c/lib/v7e-m/fpv4-sp/hard\libc.a(lib_a-mallocr.o)
                0x000038dc                _malloc_r

.text.SDOS_SdoInfoInd%57
                0x00003d14      0x434
 .text.SDOS_SdoInfoInd
                0x00003d14      0x434 build/LAN9252_D51_SPI_Indirect_mode/production/_ext/108134065/sdoserv.o
                0x00003d14                SDOS_SdoInfoInd

.text.SdoDownloadSegmentInd%58
                0x00004148      0x3b4
 .text.SdoDownloadSegmentInd
                0x00004148      0x3b4 build/LAN9252_D51_SPI_Indirect_mode/production/_ext/108134065/sdoserv.o

.text.CheckSmSettings%59
                0x000044fc      0x3a0
 .text.CheckSmSettings
                0x000044fc      0x3a0 build/LAN9252_D51_SPI_Indirect_mode/production/_ext/108134065/ecatslv.o
                0x000044fc                CheckSmSettings

.text.AL_ControlRes%60
                0x0000489c      0x2bc
 .text.AL_ControlRes
                0x0000489c      0x2bc build/LAN9252_D51_SPI_Indirect_mode/production/_ext/108134065/ecatslv.o
                0x0000489c                AL_ControlRes

.text.SdoUploadSegmentInd%61
                0x00004b58      0x260
 .text.SdoUploadSegmentInd
                0x00004b58      0x260 build/LAN9252_D51_SPI_Indirect_mode/production/_ext/108134065/sdoserv.o

.text.SendSmFailedEmergency%62
                0x00004db8      0x1e0
 .text.SendSmFailedEmergency
                0x00004db8      0x1e0 build/LAN9252_D51_SPI_Indirect_mode/production/_ext/108134065/ecatslv.o
                0x00004db8                SendSmFailedEmergency

.text.LAN9252SPI_FastReadPDRAM%63
                0x00004f98      0x1d8
 .text.LAN9252SPI_FastReadPDRAM
                0x00004f98      0x1d8 build/LAN9252_D51_SPI_Indirect_mode/production/_ext/668003091/Drivers.o
                0x00004f98                LAN9252SPI_FastReadPDRAM

.text.SdoRes%64
                0x00005170      0x1bc
 .text.SdoRes   0x00005170      0x1bc build/LAN9252_D51_SPI_Indirect_mode/production/_ext/108134065/sdoserv.o
                0x00005170                SdoRes

.text.CheckSyncTypeValue%65
                0x0000532c      0x1b4
 .text.CheckSyncTypeValue
                0x0000532c      0x1b4 build/LAN9252_D51_SPI_Indirect_mode/production/_ext/108134065/objdef.o
                0x0000532c                CheckSyncTypeValue

.text.ECAT_Main%66
                0x000054e0      0x1a8
 .text.ECAT_Main
                0x000054e0      0x1a8 build/LAN9252_D51_SPI_Indirect_mode/production/_ext/108134065/ecatslv.o
                0x000054e0                ECAT_Main

.text.QSPI_Handler%67
                0x00005688      0x1a0
 .text.QSPI_Handler
                0x00005688      0x1a0 build/LAN9252_D51_SPI_Indirect_mode/production/_ext/1865555181/plib_qspi_spi.o
                0x00005688                QSPI_Handler

.text.QSPI_WriteRead%68
                0x00005828      0x17c
 .text.QSPI_WriteRead
                0x00005828      0x17c build/LAN9252_D51_SPI_Indirect_mode/production/_ext/1865555181/plib_qspi_spi.o
                0x00005828                QSPI_WriteRead

.text.OBJ_GetEntryOffset%69
                0x000059a4      0x178
 .text.OBJ_GetEntryOffset