Archive member included to satisfy reference by file (symbol)

c:/program files (x86)/microchip/xc32/v2.30/bin/bin/../../lib/gcc/pic32c/6.2.1/../../../../pic32c/lib/v7e-m/fpv4-sp/hard\libpic32c.a(data_init.o)
                              build/LAN9253_D51_SPI_Indirect_mode/production/_ext/1171490990/startup_xc32.o (__pic32c_data_initialization)
c:/program files (x86)/microchip/xc32/v2.30/bin/bin/../../lib/gcc/pic32c/6.2.1/../../../../pic32c/lib/v7e-m/fpv4-sp/hard\libc.a(lib_a-init.o)
                              build/LAN9253_D51_SPI_Indirect_mode/production/_ext/1171490990/startup_xc32.o (__libc_init_array)
c:/program files (x86)/microchip/xc32/v2.30/bin/bin/../../lib/gcc/pic32c/6.2.1/../../../../pic32c/lib/v7e-m/fpv4-sp/hard\libc.a(lib_a-malloc.o)
                              build/LAN9253_D51_SPI_Indirect_mode/production/_ext/108134065/ecatcoe.o (malloc)
c:/program files (x86)/microchip/xc32/v2.30/bin/bin/../../lib/gcc/pic32c/6.2.1/../../../../pic32c/lib/v7e-m/fpv4-sp/hard\libc.a(lib_a-mallocr.o)
                              c:/program files (x86)/microchip/xc32/v2.30/bin/bin/../../lib/gcc/pic32c/6.2.1/../../../../pic32c/lib/v7e-m/fpv4-sp/hard\libc.a(lib_a-malloc.o) (_malloc_r)
c:/program files (x86)/microchip/xc32/v2.30/bin/bin/../../lib/gcc/pic32c/6.2.1/../../../../pic32c/lib/v7e-m/fpv4-sp/hard\libc.a(lib_a-memcpy-stub.o)
                              build/LAN9253_D51_SPI_Indirect_mode/production/_ext/1593096446/plib_nvmctrl.o (memcpy)
c:/program files (x86)/microchip/xc32/v2.30/bin/bin/../../lib/gcc/pic32c/6.2.1/../../../../pic32c/lib/v7e-m/fpv4-sp/hard\libc.a(lib_a-memset.o)
                              build/LAN9253_D51_SPI_Indirect_mode/production/_ext/1671622979/Drivers.o (memset)
c:/program files (x86)/microchip/xc32/v2.30/bin/bin/../../lib/gcc/pic32c/6.2.1/../../../../pic32c/lib/v7e-m/fpv4-sp/hard\libc.a(lib_a-mlock.o)
                              c:/program files (x86)/microchip/xc32/v2.30/bin/bin/../../lib/gcc/pic32c/6.2.1/../../../../pic32c/lib/v7e-m/fpv4-sp/hard\libc.a(lib_a-mallocr.o) (__malloc_lock)
c:/program files (x86)/microchip/xc32/v2.30/bin/bin/../../lib/gcc/pic32c/6.2.1/../../../../pic32c/lib/v7e-m/fpv4-sp/hard\libc.a(lib_a-sbrkr.o)
                              c:/program files (x86)/microchip/xc32/v2.30/bin/bin/../../lib/gcc/pic32c/6.2.1/../../../../pic32c/lib/v7e-m/fpv4-sp/hard\libc.a(lib_a-mallocr.o) (_sbrk_r)
c:/program files (x86)/microchip/xc32/v2.30/bin/bin/../../lib/gcc/pic32c/6.2.1/../../../../pic32c/lib/v7e-m/fpv4-sp/hard\libc.a(lib_a-strlen.o)
                              build/LAN9253_D51_SPI_Indirect_mode/production/_ext/108134065/objdef.o (strlen)
c:/program files (x86)/microchip/xc32/v2.30/bin/bin/../../lib/gcc/pic32c/6.2.1/../../../../pic32c/lib/v7e-m/fpv4-sp/hard\libc.a(lib_a-freer.o)
                              c:/program files (x86)/microchip/xc32/v2.30/bin/bin/../../lib/gcc/pic32c/6.2.1/../../../../pic32c/lib/v7e-m/fpv4-sp/hard\libc.a(lib_a-malloc.o) (_free_r)
c:/program files (x86)/microchip/xc32/v2.30/bin/bin/../../lib/gcc/pic32c/6.2.1/../../../../pic32c/lib/v7e-m/fpv4-sp/hard\libc.a(lib_a-impure.o)
                              c:/program files (x86)/microchip/xc32/v2.30/bin/bin/../../lib/gcc/pic32c/6.2.1/../../../../pic32c/lib/v7e-m/fpv4-sp/hard\libc.a(lib_a-malloc.o) (_impure_ptr)
c:/program files (x86)/microchip/xc32/v2.30/bin/bin/../../lib/gcc/pic32c/6.2.1/../../../../pic32c/lib/v7e-m/fpv4-sp/hard\libc.a(lib_a-reent.o)
                              c:/program files (x86)/microchip/xc32/v2.30/bin/bin/../../lib/gcc/pic32c/6.2.1/../../../../pic32c/lib/v7e-m/fpv4-sp/hard\libc.a(lib_a-sbrkr.o) (errno)
c:/program files (x86)/microchip/xc32/v2.30/bin/bin/../../lib/gcc/pic32c/6.2.1/../../../../pic32c/lib/v7e-m/fpv4-sp/hard\libpic32c.a(sbrk.o)
                              c:/program files (x86)/microchip/xc32/v2.30/bin/bin/../../lib/gcc/pic32c/6.2.1/../../../../pic32c/lib/v7e-m/fpv4-sp/hard\libc.a(lib_a-sbrkr.o) (_sbrk)

Allocating common symbols
Common symbol       size              file

b3BufferMode        0x1               build/LAN9253_D51_SPI_Indirect_mode/production/_ext/108134065/ecatslv.o
nEcatStateTrans     0x2               build/LAN9253_D51_SPI_Indirect_mode/production/_ext/108134065/ecatslv.o
EcatWdCounter       0x2               build/LAN9253_D51_SPI_Indirect_mode/production/_ext/108134065/ecatslv.o
sSendEmcyQueue      0x10              build/LAN9253_D51_SPI_Indirect_mode/production/_ext/108134065/emcy.o
bApplEsmPending     0x1               build/LAN9253_D51_SPI_Indirect_mode/production/_ext/108134065/ecatslv.o
pCoeSendStored      0x4               build/LAN9253_D51_SPI_Indirect_mode/production/_ext/108134065/ecatcoe.o
pAPPL_EEPROM_Store  0x4               build/LAN9253_D51_SPI_Indirect_mode/production/_ext/108134065/ecatappl.o
nSdoInfoIndex       0x2               build/LAN9253_D51_SPI_Indirect_mode/production/_ext/108134065/sdoserv.o
[...]
Memory Configuration

Name             Origin             Length             Attributes
rom              0x00000000         0x00080000         xrl
ram              0x20000000         0x00030000         xw !r
config_00804000  0x00804000         0x00000004
config_00804004  0x00804004         0x00000004
config_00804008  0x00804008         0x00000004
*default*        0x00000000         0xffffffff

Linker script and memory map

LOAD c:/program files (x86)/microchip/xc32/v2.30/bin/bin/../../lib/gcc/pic32c/6.2.1/v7e-m/fpv4-sp/hard/crti.o
LOAD c:/program files (x86)/microchip/xc32/v2.30/bin/bin/../../lib/gcc/pic32c/6.2.1/v7e-m/fpv4-sp/hard/crtbegin.o
LOAD build/LAN9253_D51_SPI_Indirect_mode/production/_ext/2070931557/drv_spi.o
LOAD build/LAN9253_D51_SPI_Indirect_mode/production/_ext/1984496892/plib_clock.o
LOAD build/LAN9253_D51_SPI_Indirect_mode/production/_ext/1865131932/plib_cmcc.o
LOAD build/LAN9253_D51_SPI_Indirect_mode/production/_ext/1865161661/plib_dmac.o
LOAD build/LAN9253_D51_SPI_Indirect_mode/production/_ext/60167341/plib_eic.o
LOAD build/LAN9253_D51_SPI_Indirect_mode/production/_ext/1986646378/plib_evsys.o
LOAD build/LAN9253_D51_SPI_Indirect_mode/production/_ext/1865468468/plib_nvic.o
LOAD build/LAN9253_D51_SPI_Indirect_mode/production/_ext/1593096446/plib_nvmctrl.o
LOAD build/LAN9253_D51_SPI_Indirect_mode/production/_ext/1865521619/plib_port.o
LOAD build/LAN9253_D51_SPI_Indirect_mode/production/_ext/1865555181/plib_qspi_spi.o
LOAD build/LAN9253_D51_SPI_Indirect_mode/production/_ext/1865555181/plib_qspi.o
LOAD build/LAN9253_D51_SPI_Indirect_mode/production/_ext/1827571544/plib_systick.o
LOAD build/LAN9253_D51_SPI_Indirect_mode/production/_ext/163028504/xc32_monitor.o
LOAD build/LAN9253_D51_SPI_Indirect_mode/production/_ext/1014039709/sys_cache.o
LOAD build/LAN9253_D51_SPI_Indirect_mode/production/_ext/14461671/sys_dma.o
LOAD build/LAN9253_D51_SPI_Indirect_mode/production/_ext/1881668453/sys_int.o
LOAD build/LAN9253_D51_SPI_Indirect_mode/production/_ext/1171490990/exceptions.o
LOAD build/LAN9253_D51_SPI_Indirect_mode/production/_ext/1171490990/initialization.o
LOAD build/LAN9253_D51_SPI_Indirect_mode/production/_ext/1171490990/interrupts.o
LOAD build/LAN9253_D51_SPI_Indirect_mode/production/_ext/1171490990/libc_syscalls.o
LOAD build/LAN9253_D51_SPI_Indirect_mode/production/_ext/1171490990/startup_xc32.o
LOAD build/LAN9253_D51_SPI_Indirect_mode/production/_ext/1171490990/tasks.o
LOAD build/LAN9253_D51_SPI_Indirect_mode/production/_ext/1671622979/Drivers.o
LOAD build/LAN9253_D51_SPI_Indirect_mode/production/_ext/108147519/ESC_Utils.o
LOAD build/LAN9253_D51_SPI_Indirect_mode/production/_ext/108147519/LAN925x.o
LOAD build/LAN9253_D51_SPI_Indirect_mode/production/_ext/108134065/bootmode.o
LOAD build/LAN9253_D51_SPI_Indirect_mode/production/_ext/108134065/coeappl.o
LOAD build/LAN9253_D51_SPI_Indirect_mode/production/_ext/108134065/ecatappl.o
LOAD build/LAN9253_D51_SPI_Indirect_mode/production/_ext/108134065/ecatcoe.o
LOAD build/LAN9253_D51_SPI_Indirect_mode/production/_ext/108134065/ecatfoe.o
LOAD build/LAN9253_D51_SPI_Indirect_mode/production/_ext/108134065/ecatslv.o
LOAD build/LAN9253_D51_SPI_Indirect_mode/production/_ext/108134065/emcy.o
LOAD build/LAN9253_D51_SPI_Indirect_mode/production/_ext/108134065/foeappl.o
LOAD build/LAN9253_D51_SPI_Indirect_mode/production/_ext/108134065/mailbox.o
LOAD build/LAN9253_D51_SPI_Indirect_mode/production/_ext/108134065/objdef.o
LOAD build/LAN9253_D51_SPI_Indirect_mode/production/_ext/108134065/sample_app.o
LOAD build/LAN9253_D51_SPI_Indirect_mode/production/_ext/108134065/sdoserv.o
LOAD build/LAN9253_D51_SPI_Indirect_mode/production/_ext/1360937237/main.o
LOAD build/LAN9253_D51_SPI_Indirect_mode/production/_ext/1360937237/app.o
LOAD build/LAN9253_D51_SPI_Indirect_mode/production/_ext/1360937237/Developer_Test.o
                0x00000001                __MPLAB_BUILD = 0x1
                0x00000200                _min_heap_size = 0x200
START GROUP
LOAD c:/program files (x86)/microchip/xc32/v2.30/bin/bin/../../lib/gcc/pic32c/6.2.1/../../../../pic32c/lib/v7e-m/fpv4-sp/hard\libpic32c.a
LOAD c:/program files (x86)/microchip/xc32/v2.30/bin/bin/../../lib/gcc/pic32c/6.2.1/v7e-m/fpv4-sp/hard\libgcc.a
LOAD c:/program files (x86)/microchip/xc32/v2.30/bin/bin/../../lib/gcc/pic32c/6.2.1/../../../../pic32c/lib/v7e-m/fpv4-sp/hard\libc.a
LOAD c:/program files (x86)/microchip/xc32/v2.30/bin/bin/../../lib/gcc/pic32c/6.2.1/../../../../pic32c/lib/v7e-m/fpv4-sp/hard\libm.a
END GROUP
LOAD c:/program files (x86)/microchip/xc32/v2.30/bin/bin/../../lib/gcc/pic32c/6.2.1/v7e-m/fpv4-sp/hard/crtend.o
LOAD c:/program files (x86)/microchip/xc32/v2.30/bin/bin/../../lib/gcc/pic32c/6.2.1/v7e-m/fpv4-sp/hard/crtn.o
                0x00080000                __rom_end = (ORIGIN (rom) + LENGTH (rom))
                0x20030000                __ram_end = (ORIGIN (ram) + LENGTH (ram))

.config_00804000
 *(.config_00804000)

.config_00804004
 *(.config_00804004)

.config_00804008
 *(.config_00804008)

.vectors        0x00000000      0x260
                0x00000000                . = ALIGN (0x4)
                0x00000000                _sfixed = .
 *(.vectors .vectors.* .vectors_default .vectors_default.*)
 .vectors       0x00000000      0x260 build/LAN9253_D51_SPI_Indirect_mode/production/_ext/1171490990/interrupts.o
                0x00000000                exception_table
 *(.isr_vector)
 *(.reset*)
 *(.after_vectors)

.text           0x00000260       0x20
                0x00000260                . = ALIGN (0x4)
 *(.glue_7t)
 .glue_7t       0x00000260        0x0 linker stubs
 *(.glue_7)
 .glue_7        0x00000260        0x0 linker stubs
 *(.gnu.linkonce.r.*)
 *(.ARM.extab* .gnu.linkonce.armextab.*)
                0x00000260                . = ALIGN (0x4)
 *(.init)
 .init          0x00000260        0x4 c:/program files (x86)/microchip/xc32/v2.30/bin/bin/../../lib/gcc/pic32c/6.2.1/v7e-m/fpv4-sp/hard/crti.o
                0x00000260                _init
 .init          0x00000264        0x8 c:/program files (x86)/microchip/xc32/v2.30/bin/bin/../../lib/gcc/pic32c/6.2.1/v7e-m/fpv4-sp/hard/crtn.o
                0x0000026c                . = ALIGN (0x4)
                0x0000026c                __preinit_array_start = .
 *(.preinit_array)
                0x0000026c                __preinit_array_end = .
                0x0000026c                . = ALIGN (0x4)
                0x0000026c                __init_array_start = .
 *(SORT(.init_array.*))
 *(.init_array)
 .init_array    0x0000026c        0x4 c:/program files (x86)/microchip/xc32/v2.30/bin/bin/../../lib/gcc/pic32c/6.2.1/v7e-m/fpv4-sp/hard/crtbegin.o
                0x00000270                __init_array_end = .
                0x00000270                . = ALIGN (0x4)
 *crtbegin.o(.ctors)
 *(EXCLUDE_FILE(*crtend.o) .ctors)
 *(SORT(.ctors.*))
 *crtend.o(.ctors)
                0x00000270                . = ALIGN (0x4)
 *(.fini)
 .fini          0x00000270        0x4 c:/program files (x86)/microchip/xc32/v2.30/bin/bin/../../lib/gcc/pic32c/6.2.1/v7e-m/fpv4-sp/hard/crti.o
                0x00000270                _fini
 .fini          0x00000274        0x8 c:/program files (x86)/microchip/xc32/v2.30/bin/bin/../../lib/gcc/pic32c/6.2.1/v7e-m/fpv4-sp/hard/crtn.o
                0x0000027c                . = ALIGN (0x4)
                0x0000027c                __fini_array_start = .
 *(.fini_array)
 .fini_array    0x0000027c        0x4 c:/program files (x86)/microchip/xc32/v2.30/bin/bin/../../lib/gcc/pic32c/6.2.1/v7e-m/fpv4-sp/hard/crtbegin.o
 *(SORT(.fini_array.*))
                0x00000280                __fini_array_end = .
 *crtbegin.o(.dtors)
 *(EXCLUDE_FILE(*crtend.o) .dtors)
 *(SORT(.dtors.*))
 *crtend.o(.dtors)
                0x00000280                . = ALIGN (0x4)
                0x00000280                _efixed = .
                [!provide]                PROVIDE (__exidx_start, .)

.ARM.exidx
 *(.ARM.exidx* .gnu.linkonce.armexidx.*)
                [!provide]                PROVIDE (__exidx_end, .)
                0x00000280                . = ALIGN (0x4)
                0x00000280                _etext = .

.bss            0x20000000     0x35a4
                0x20000000                . = ALIGN (0x4)
                0x20000000                __bss_start__ = .
                0x20000000                _sbss = .
                0x20000000                _szero = .
 *(COMMON)
 COMMON         0x20000000       0x20 build/LAN9253_D51_SPI_Indirect_mode/production/_ext/1865161661/plib_dmac.o
                0x20000000                dmacChannelObj
 COMMON         0x20000020       0xc0 build/LAN9253_D51_SPI_Indirect_mode/production/_ext/60167341/plib_eic.o
                0x20000020                eicCallbackObject
 COMMON         0x200000e0       0x28 build/LAN9253_D51_SPI_Indirect_mode/production/_ext/1865555181/plib_qspi_spi.o
                0x200000e0                qspiObj
 COMMON         0x20000108        0xc build/LAN9253_D51_SPI_Indirect_mode/production/_ext/1827571544/plib_systick.o
                0x20000108                systick
 COMMON         0x20000114        0x2 build/LAN9253_D51_SPI_Indirect_mode/production/_ext/108147519/LAN925x.o
                0x20000114                gEscALEvent
 *fill*         0x20000116        0x2 
 COMMON         0x20000118        0x8 build/LAN9253_D51_SPI_Indirect_mode/production/_ext/108134065/coeappl.o
                0x20000118                u32LastDc32Value
                0x2000011c                u32CheckForDcOverrunCnt
 COMMON         0x20000120     0x1258 build/LAN9253_D51_SPI_Indirect_mode/production/_ext/108134065/ecatappl.o
                0x20000120                pAPPL_EEPROM_Store
                0x20000124                bMinCycleTimeMeasurementStarted
                0x20000128                u32CycleTimeStartValue
                0x2000012c                pAPPL_EEPROM_Read
                0x20000130                pAPPL_EEPROM_Write
                0x20000134                bRunApplication
                0x20000138                u32SystemTimeReadFailure
                0x2000013c                bEcatWaitForInputUpdate
                0x20000140                u32MinCycleTimeValue
                0x20000144                aPdOutputData
                0x20000a44                pAPPL_FoeError
                0x20000a48                u16EepromStoreTimeoutCounter
                0x20000a4a                EepromReadSize
                0x20000a4c                pAPPL_FoeReadData
                0x20000a50                pAPPL_MainLoop
                0x20000a54                bEtherCATErrorLed
                0x20000a58                u32MinCycleTimeStartValue
                0x20000a5c                aPdInputData
                0x2000135c                pEEPROM
                0x20001360                bEtherCATRunLed
                0x20001364                pAPPL_FoeWriteData
                0x20001368                pAPPL_EEPROM_Reload
                0x2000136c                pAPPL_FoeRead
                0x20001370                u16EepromStoreTimeoutValue
                0x20001374                pAPPL_FoeWrite
 COMMON         0x20001378        0x4 build/LAN9253_D51_SPI_Indirect_mode/production/_ext/108134065/ecatcoe.o
                0x20001378                pCoeSendStored
 COMMON         0x2000137c       0x16 build/LAN9253_D51_SPI_Indirect_mode/production/_ext/108134065/ecatfoe.o
                0x2000137c                u32FileOffset
                0x20001380                u16FileAccessState
                0x20001384                u32PacketNo
                0x20001388                pFoeSendStored
                0x2000138c                u32LastFileOffset
                0x20001390                u16FoeMaxSendBlockSize
 *fill*         0x20001392        0x2 
 COMMON         0x20001394       0x52 build/LAN9253_D51_SPI_Indirect_mode/production/_ext/108134065/ecatslv.o
                0x20001394                b3BufferMode
                0x20001396                nEcatStateTrans
                0x20001398                EcatWdCounter
                0x2000139a                bApplEsmPending
                0x2000139b                nAlStatus
                0x2000139c                nPdOutputSize
                0x2000139e                u16LocalErrorCode
                0x200013a0                Sync0WdCounter
                0x200013a2                bLocalErrorFlag
                0x200013a4                LatchInputSync0Counter
                0x200013a6                i16WaitForPllRunningCnt
                0x200013a8                nEscAddrOutputData
                0x200013aa                Sync0WdValue
                0x200013ac                u8EcatRunLed
                0x200013ae                i16WaitForPllRunningTimeout
                0x200013b0                Sync1WdValue
                0x200013b2                u16ALEventMask
                0x200013b4                bDcRunning
                0x200013b8                u32dummy
                0x200013bc                SyncManInfo
                0x200013c4                b32BitDc
                0x200013c6                LatchInputSync0Value
                0x200013c8                bEcatWaitForAlControlRes
                0x200013ca                nPdInputSize
                0x200013cc                u16SmSync0Value
                0x200013ce                nMaxEscAddress
                0x200013d0                bEcatFirstOutputsReceived
                0x200013d1                bSmSyncSequenceValid
                0x200013d2                EsmTimeoutCounter
                0x200013d4                bBootMode
                0x200013d5                bDcSyncActive
                0x200013d6                bEcatOutputUpdateRunning
                0x200013d8                Sync1WdCounter
                0x200013da                EcatWdValue
                0x200013dc                bEcatInputUpdateRunning
                0x200013dd                bEscIntEnabled
                0x200013de                bWdTrigger
                0x200013e0                u16SmSync0Counter
                0x200013e2                nMaxSyncMan
                0x200013e3                u8EcatErrorLed
                0x200013e4                nEscAddrInputData
 *fill*         0x200013e6        0x2 
 COMMON         0x200013e8       0x28 build/LAN9253_D51_SPI_Indirect_mode/production/_ext/108134065/emcy.o
                0x200013e8                sSendEmcyQueue
                0x200013f8                asEmcy
                0x20001400                sEmptyEmcyQueue
 COMMON         0x20001410       0x94 build/LAN9253_D51_SPI_Indirect_mode/production/_ext/108134065/mailbox.o
                0x20001410                u8MbxReadCounter
                0x20001414                sMbxSendQueue
                0x20001448                sMbxReceiveQueue
                0x2000147c                bNoMbxMemoryAvailable
                0x2000147d                bSendMbxIsFull
                0x2000147e                bMbxRunning
                0x20001480                u16EscAddrReceiveMbx
                0x20001484                psStoreMbx
                0x20001488                u16SendMbxSize
                0x2000148c                psReadMbx
                0x20001490                bReceiveMbxIsLocked
                0x20001492                u16EscAddrSendMbx
                0x20001494                psWriteMbx
                0x20001498                u8MbxWriteCounter
                0x20001499                u8MailboxSendReqStored
                0x2000149a                u16ReceiveMbxSize
                0x2000149c                bMbxRepeatToggle
                0x200014a0                psRepeatMbx
 COMMON         0x200014a4       0x8e build/LAN9253_D51_SPI_Indirect_mode/production/_ext/108134065/objdef.o
                0x200014a4                sSyncManInPar
                0x200014e8                sSyncManOutPar
                0x2000152c                bSyncSetByUser
                0x20001530                sCycleDiag
 *fill*         0x20001532        0x2 
 COMMON         0x20001534     0x2016 build/LAN9253_D51_SPI_Indirect_mode/production/_ext/108134065/sample_app.o
                0x20001534                aFileData
                0x20003534                aFileName
 *fill*         0x2000354a        0x2 
 COMMON         0x2000354c       0x4d build/LAN9253_D51_SPI_Indirect_mode/production/_ext/108134065/sdoserv.o
                0x2000354c                nSdoInfoIndex
                0x20003550                pStoreData
                0x20003554                nSdoSegBytesToHandle
                0x20003558                bSdoSegAccess
                0x20003559                bSdoSegFollows
                0x2000355c                nSdoSegCompleteSize
                0x20003560                pSdoPendFunc
                0x20003564                u8PendingSdo
                0x20003565                bStoreCompleteAccess
                0x20003566                bSdoSegLastToggle
                0x20003567                nSdoSegService
                0x20003568                pSdoInfoObjEntry
                0x2000356c                nSdoInfoFragmentsLeft
                0x20003570                pSdoResStored
                0x20003574                u32StoreDataSize
                0x20003578                pSdoSegData
                0x2000357c                nSdoSegIndex
                0x20003580                aSdoInfoHeader
                0x20003590                pSdoSegObjEntry
                0x20003594                nSdoSegSubindex
                0x20003596                u16StoreIndex
                0x20003598                u8StoreSubindex
 *fill*         0x20003599        0x3 
 COMMON         0x2000359c        0x1 build/LAN9253_D51_SPI_Indirect_mode/production/_ext/1360937237/app.o
                0x2000359c                appData
 *fill*         0x2000359d        0x3 
 COMMON         0x200035a0        0x4 c:/program files (x86)/microchip/xc32/v2.30/bin/bin/../../lib/gcc/pic32c/6.2.1/../../../../pic32c/lib/v7e-m/fpv4-sp/hard\libc.a(lib_a-reent.o)
                0x200035a0                errno
                0x200035a4                . = ALIGN (0x4)
                0x200035a4                __bss_end__ = .
                0x200035a4                _ebss = .
                0x200035a4                _ezero = .
                0x200035a4                . = ALIGN (0x4)
                0x200035a4                _end = .
                0x2002ffff                _ram_end_ = ((ORIGIN (ram) + LENGTH (ram)) - 0x1)
OUTPUT(dist/LAN9253_D51_SPI_Indirect_mode/production/ESF_EVB_LAN9253.production.elf elf32-littlearm)
LOAD stack
LOAD data_init

.ARM.attributes
                0x00000000       0x30
 .ARM.attributes
                0x00000000       0x22 c:/program files (x86)/microchip/xc32/v2.30/bin/bin/../../lib/gcc/pic32c/6.2.1/v7e-m/fpv4-sp/hard/crti.o
 .ARM.attributes
                0x00000022       0x34 c:/program files (x86)/microchip/xc32/v2.30/bin/bin/../../lib/gcc/pic32c/6.2.1/v7e-m/fpv4-sp/hard/crtbegin.o
 .ARM.attributes
                0x00000056       0x39 build/LAN9253_D51_SPI_Indirect_mode/production/_ext/1984496892/plib_clock.o
 .ARM.attributes
                0x0000008f       0x39 build/LAN9253_D51_SPI_Indirect_mode/production/_ext/1865161661/plib_dmac.o
 .ARM.attributes
                0x000000c8       0x39 build/LAN9253_D51_SPI_Indirect_mode/production/_ext/60167341/plib_eic.o
 .ARM.attributes
                0x00000101       0x39 build/LAN9253_D51_SPI_Indirect_mode/production/_ext/1986646378/plib_evsys.o
 .ARM.attributes
                0x0000013a       0x39 build/LAN9253_D51_SPI_Indirect_mode/production/_ext/1865468468/plib_nvic.o
 .ARM.attributes
                0x00000173       0x39 build/LAN9253_D51_SPI_Indirect_mode/production/_ext/1593096446/plib_nvmctrl.o
 .ARM.attributes
                0x000001ac       0x39 build/LAN9253_D51_SPI_Indirect_mode/production/_ext/1865521619/plib_port.o
 .ARM.attributes
                0x000001e5       0x39 build/LAN9253_D51_SPI_Indirect_mode/production/_ext/1865555181/plib_qspi_spi.o
 .ARM.attributes
                0x0000021e       0x39 build/LAN9253_D51_SPI_Indirect_mode/production/_ext/1827571544/plib_systick.o
 .ARM.attributes
                0x00000257       0x39 build/LAN9253_D51_SPI_Indirect_mode/production/_ext/1171490990/exceptions.o
 .ARM.attributes
                0x00000290       0x39 build/LAN9253_D51_SPI_Indirect_mode/production/_ext/1171490990/initialization.o
 .ARM.attributes
                0x000002c9       0x39 build/LAN9253_D51_SPI_Indirect_mode/production/_ext/1171490990/interrupts.o
 .ARM.attributes
                0x00000302       0x39 build/LAN9253_D51_SPI_Indirect_mode/production/_ext/1171490990/startup_xc32.o
 .ARM.attributes
                0x0000033b       0x39 build/LAN9253_D51_SPI_Indirect_mode/production/_ext/1171490990/tasks.o
 .ARM.attributes
                0x00000374       0x39 build/LAN9253_D51_SPI_Indirect_mode/production/_ext/1671622979/Drivers.o
 .ARM.attributes
                0x000003ad       0x39 build/LAN9253_D51_SPI_Indirect_mode/production/_ext/108147519/ESC_Utils.o
 .ARM.attributes
                0x000003e6       0x39 build/LAN9253_D51_SPI_Indirect_mode/production/_ext/108147519/LAN925x.o
 .ARM.attributes
                0x0000041f       0x39 build/LAN9253_D51_SPI_Indirect_mode/production/_ext/108134065/bootmode.o
 .ARM.attributes
                0x00000458       0x39 build/LAN9253_D51_SPI_Indirect_mode/production/_ext/108134065/coeappl.o
 .ARM.attributes
                0x00000491       0x39 build/LAN9253_D51_SPI_Indirect_mode/production/_ext/108134065/ecatappl.o
 .ARM.attributes
                0x000004ca       0x39 build/LAN9253_D51_SPI_Indirect_mode/production/_ext/108134065/ecatcoe.o
 .ARM.attributes
                0x00000503       0x39 build/LAN9253_D51_SPI_Indirect_mode/production/_ext/108134065/ecatfoe.o
 .ARM.attributes
                0x0000053c       0x39 build/LAN9253_D51_SPI_Indirect_mode/production/_ext/108134065/ecatslv.o
 .ARM.attributes
                0x00000575       0x39 build/LAN9253_D51_SPI_Indirect_mode/production/_ext/108134065/emcy.o
 .ARM.attributes
                0x000005ae       0x39 build/LAN9253_D51_SPI_Indirect_mode/production/_ext/108134065/foeappl.o
 .ARM.attributes
                0x000005e7       0x39 build/LAN9253_D51_SPI_Indirect_mode/production/_ext/108134065/mailbox.o
 .ARM.attributes
                0x00000620       0x39 build/LAN9253_D51_SPI_Indirect_mode/production/_ext/108134065/objdef.o
 .ARM.attributes
                0x00000659       0x39 build/LAN9253_D51_SPI_Indirect_mode/production/_ext/108134065/sample_app.o
 .ARM.attributes
                0x00000692       0x39 build/LAN9253_D51_SPI_Indirect_mode/production/_ext/108134065/sdoserv.o
 .ARM.attributes
                0x000006cb       0x39 build/LAN9253_D51_SPI_Indirect_mode/production/_ext/1360937237/main.o
 .ARM.attributes
                0x00000704       0x39 build/LAN9253_D51_SPI_Indirect_mode/production/_ext/1360937237/app.o
 .ARM.attributes
                0x0000073d       0x34 c:/program files (x86)/microchip/xc32/v2.30/bin/bin/../../lib/gcc/pic32c/6.2.1/../../../../pic32c/lib/v7e-m/fpv4-sp/hard\libpic32c.a(data_init.o)
 .ARM.attributes
                0x00000771       0x34 c:/program files (x86)/microchip/xc32/v2.30/bin/bin/../../lib/gcc/pic32c/6.2.1/../../../../pic32c/lib/v7e-m/fpv4-sp/hard\libc.a(lib_a-init.o)
 .ARM.attributes
                0x000007a5       0x34 c:/program files (x86)/microchip/xc32/v2.30/bin/bin/../../lib/gcc/pic32c/6.2.1/../../../../pic32c/lib/v7e-m/fpv4-sp/hard\libc.a(lib_a-malloc.o)
 .ARM.attributes
                0x000007d9       0x34 c:/program files (x86)/microchip/xc32/v2.30/bin/bin/../../lib/gcc/pic32c/6.2.1/../../../../pic32c/lib/v7e-m/fpv4-sp/hard\libc.a(lib_a-mallocr.o)
 .ARM.attributes
                0x0000080d       0x34 c:/program files (x86)/microchip/xc32/v2.30/bin/bin/../../lib/gcc/pic32c/6.2.1/../../../../pic32c/lib/v7e-m/fpv4-sp/hard\libc.a(lib_a-memcpy-stub.o)
 .ARM.attributes
                0x00000841       0x34 c:/program files (x86)/microchip/xc32/v2.30/bin/bin/../../lib/gcc/pic32c/6.2.1/../../../../pic32c/lib/v7e-m/fpv4-sp/hard\libc.a(lib_a-memset.o)
 .ARM.attributes
                0x00000875       0x34 c:/program files (x86)/microchip/xc32/v2.30/bin/bin/../../lib/gcc/pic32c/6.2.1/../../../../pic32c/lib/v7e-m/fpv4-sp/hard\libc.a(lib_a-mlock.o)
 .ARM.attributes
                0x000008a9       0x34 c:/program files (x86)/microchip/xc32/v2.30/bin/bin/../../lib/gcc/pic32c/6.2.1/../../../../pic32c/lib/v7e-m/fpv4-sp/hard\libc.a(lib_a-sbrkr.o)
 .ARM.attributes
                0x000008dd       0x1b c:/program files (x86)/microchip/xc32/v2.30/bin/bin/../../lib/gcc/pic32c/6.2.1/../../../../pic32c/lib/v7e-m/fpv4-sp/hard\libc.a(lib_a-strlen.o)
 .ARM.attributes
                0x000008f8       0x34 c:/program files (x86)/microchip/xc32/v2.30/bin/bin/../../lib/gcc/pic32c/6.2.1/../../../../pic32c/lib/v7e-m/fpv4-sp/hard\libc.a(lib_a-freer.o)
 .ARM.attributes
                0x0000092c       0x34 c:/program files (x86)/microchip/xc32/v2.30/bin/bin/../../lib/gcc/pic32c/6.2.1/../../../../pic32c/lib/v7e-m/fpv4-sp/hard\libc.a(lib_a-impure.o)
 .ARM.attributes
                0x00000960       0x34 c:/program files (x86)/microchip/xc32/v2.30/bin/bin/../../lib/gcc/pic32c/6.2.1/../../../../pic32c/lib/v7e-m/fpv4-sp/hard\libc.a(lib_a-reent.o)
 .ARM.attributes
                0x00000994       0x34 c:/program files (x86)/microchip/xc32/v2.30/bin/bin/../../lib/gcc/pic32c/6.2.1/../../../../pic32c/lib/v7e-m/fpv4-sp/hard\libpic32c.a(sbrk.o)
 .ARM.attributes
                0x000009c8       0x22 c:/program files (x86)/microchip/xc32/v2.30/bin/bin/../../lib/gcc/pic32c/6.2.1/v7e-m/fpv4-sp/hard/crtn.o

.comment        0x00000000       0x3c
 .comment       0x00000000       0x3c c:/program files (x86)/microchip/xc32/v2.30/bin/bin/../../lib/gcc/pic32c/6.2.1/v7e-m/fpv4-sp/hard/crtbegin.o
                                 0x3d (size before relaxing)
 .comment       0x0000003c       0x3d build/LAN9253_D51_SPI_Indirect_mode/production/_ext/1984496892/plib_clock.o
 .comment       0x0000003c       0x3d build/LAN9253_D51_SPI_Indirect_mode/production/_ext/1865161661/plib_dmac.o
 .comment       0x0000003c       0x3d build/LAN9253_D51_SPI_Indirect_mode/production/_ext/60167341/plib_eic.o
 .comment       0x0000003c       0x3d build/LAN9253_D51_SPI_Indirect_mode/production/_ext/1986646378/plib_evsys.o
 .comment       0x0000003c       0x3d build/LAN9253_D51_SPI_Indirect_mode/production/_ext/1865468468/plib_nvic.o
 .comment       0x0000003c       0x3d build/LAN9253_D51_SPI_Indirect_mode/production/_ext/1593096446/plib_nvmctrl.o
 .comment       0x0000003c       0x3d build/LAN9253_D51_SPI_Indirect_mode/production/_ext/1865521619/plib_port.o
 .comment       0x0000003c       0x3d build/LAN9253_D51_SPI_Indirect_mode/production/_ext/1865555181/plib_qspi_spi.o
 .comment       0x0000003c       0x3d build/LAN9253_D51_SPI_Indirect_mode/production/_ext/1827571544/plib_systick.o
 .comment       0x0000003c       0x3d build/LAN9253_D51_SPI_Indirect_mode/production/_ext/1171490990/exceptions.o
 .comment       0x0000003c       0x3d build/LAN9253_D51_SPI_Indirect_mode/production/_ext/1171490990/initialization.o
 .comment       0x0000003c       0x3d build/LAN9253_D51_SPI_Indirect_mode/production/_ext/1171490990/interrupts.o
 .comment       0x0000003c       0x3d build/LAN9253_D51_SPI_Indirect_mode/production/_ext/1171490990/startup_xc32.o
 .comment       0x0000003c       0x3d build/LAN9253_D51_SPI_Indirect_mode/production/_ext/1171490990/tasks.o
 .comment       0x0000003c       0x3d build/LAN9253_D51_SPI_Indirect_mode/production/_ext/1671622979/Drivers.o
 .comment       0x0000003c       0x3d build/LAN9253_D51_SPI_Indirect_mode/production/_ext/108147519/ESC_Utils.o
 .comment       0x0000003c       0x3d build/LAN9253_D51_SPI_Indirect_mode/production/_ext/108147519/LAN925x.o
 .comment       0x0000003c       0x3d build/LAN9253_D51_SPI_Indirect_mode/production/_ext/108134065/bootmode.o
 .comment       0x0000003c       0x3d build/LAN9253_D51_SPI_Indirect_mode/production/_ext/108134065/coeappl.o
 .comment       0x0000003c       0x3d build/LAN9253_D51_SPI_Indirect_mode/production/_ext/108134065/ecatappl.o
 .comment       0x0000003c       0x3d build/LAN9253_D51_SPI_Indirect_mode/production/_ext/108134065/ecatcoe.o
 .comment       0x0000003c       0x3d build/LAN9253_D51_SPI_Indirect_mode/production/_ext/108134065/ecatfoe.o
 .comment       0x0000003c       0x3d build/LAN9253_D51_SPI_Indirect_mode/production/_ext/108134065/ecatslv.o
 .comment       0x0000003c       0x3d build/LAN9253_D51_SPI_Indirect_mode/production/_ext/108134065/emcy.o
 .comment       0x0000003c       0x3d build/LAN9253_D51_SPI_Indirect_mode/production/_ext/108134065/foeappl.o
 .comment       0x0000003c       0x3d build/LAN9253_D51_SPI_Indirect_mode/production/_ext/108134065/mailbox.o
 .comment       0x0000003c       0x3d build/LAN9253_D51_SPI_Indirect_mode/production/_ext/108134065/objdef.o
 .comment       0x0000003c       0x3d build/LAN9253_D51_SPI_Indirect_mode/production/_ext/108134065/sample_app.o
 .comment       0x0000003c       0x3d build/LAN9253_D51_SPI_Indirect_mode/production/_ext/108134065/sdoserv.o
 .comment       0x0000003c       0x3d build/LAN9253_D51_SPI_Indirect_mode/production/_ext/1360937237/main.o
 .comment       0x0000003c       0x3d build/LAN9253_D51_SPI_Indirect_mode/production/_ext/1360937237/app.o
 .comment       0x0000003c       0x3d c:/program files (x86)/microchip/xc32/v2.30/bin/bin/../../lib/gcc/pic32c/6.2.1/../../../../pic32c/lib/v7e-m/fpv4-sp/hard\libpic32c.a(data_init.o)
 .comment       0x0000003c       0x3d c:/program files (x86)/microchip/xc32/v2.30/bin/bin/../../lib/gcc/pic32c/6.2.1/../../../../pic32c/lib/v7e-m/fpv4-sp/hard\libc.a(lib_a-init.o)
 .comment       0x0000003c       0x3d c:/program files (x86)/microchip/xc32/v2.30/bin/bin/../../lib/gcc/pic32c/6.2.1/../../../../pic32c/lib/v7e-m/fpv4-sp/hard\libc.a(lib_a-malloc.o)
 .comment       0x0000003c       0x3d c:/program files (x86)/microchip/xc32/v2.30/bin/bin/../../lib/gcc/pic32c/6.2.1/../../../../pic32c/lib/v7e-m/fpv4-sp/hard\libc.a(lib_a-mallocr.o)
 .comment       0x0000003c       0x3d c:/program files (x86)/microchip/xc32/v2.30/bin/bin/../../lib/gcc/pic32c/6.2.1/../../../../pic32c/lib/v7e-m/fpv4-sp/hard\libc.a(lib_a-memcpy-stub.o)
 .comment       0x0000003c       0x3d c:/program files (x86)/microchip/xc32/v2.30/bin/bin/../../lib/gcc/pic32c/6.2.1/../../../../pic32c/lib/v7e-m/fpv4-sp/hard\libc.a(lib_a-memset.o)
 .comment       0x0000003c       0x3d c:/program files (x86)/microchip/xc32/v2.30/bin/bin/../../lib/gcc/pic32c/6.2.1/../../../../pic32c/lib/v7e-m/fpv4-sp/hard\libc.a(lib_a-mlock.o)
 .comment       0x0000003c       0x3d c:/program files (x86)/microchip/xc32/v2.30/bin/bin/../../lib/gcc/pic32c/6.2.1/../../../../pic32c/lib/v7e-m/fpv4-sp/hard\libc.a(lib_a-sbrkr.o)
 .comment       0x0000003c       0x3d c:/program files (x86)/microchip/xc32/v2.30/bin/bin/../../lib/gcc/pic32c/6.2.1/../../../../pic32c/lib/v7e-m/fpv4-sp/hard\libc.a(lib_a-freer.o)
 .comment       0x0000003c       0x3d c:/program files (x86)/microchip/xc32/v2.30/bin/bin/../../lib/gcc/pic32c/6.2.1/../../../../pic32c/lib/v7e-m/fpv4-sp/hard\libc.a(lib_a-impure.o)
 .comment       0x0000003c       0x3d c:/program files (x86)/microchip/xc32/v2.30/bin/bin/../../lib/gcc/pic32c/6.2.1/../../../../pic32c/lib/v7e-m/fpv4-sp/hard\libc.a(lib_a-reent.o)
 .comment       0x0000003c       0x3d c:/program files (x86)/microchip/xc32/v2.30/bin/bin/../../lib/gcc/pic32c/6.2.1/../../../../pic32c/lib/v7e-m/fpv4-sp/hard\libpic32c.a(sbrk.o)

.debug_info     0x00000000    0x55554
 .debug_info    0x00000000      0xb61 build/LAN9253_D51_SPI_Indirect_mode/production/_ext/1984496892/plib_clock.o
 .debug_info    0x00000b61     0x2c22 build/LAN9253_D51_SPI_Indirect_mode/production/_ext/1865161661/plib_dmac.o
 .debug_info    0x00003783      0x7cf build/LAN9253_D51_SPI_Indirect_mode/production/_ext/60167341/plib_eic.o
 .debug_info    0x00003f52      0x34a build/LAN9253_D51_SPI_Indirect_mode/production/_ext/1986646378/plib_evsys.o
 .debug_info    0x0000429c     0x10dd build/LAN9253_D51_SPI_Indirect_mode/production/_ext/1865468468/plib_nvic.o
 .debug_info    0x00005379     0x16aa build/LAN9253_D51_SPI_Indirect_mode/production/_ext/1593096446/plib_nvmctrl.o
 .debug_info    0x00006a23      0x806 build/LAN9253_D51_SPI_Indirect_mode/production/_ext/1865521619/plib_port.o
 .debug_info    0x00007229     0x21f3 build/LAN9253_D51_SPI_Indirect_mode/production/_ext/1865555181/plib_qspi_spi.o
 .debug_info    0x0000941c      0x6a5 build/LAN9253_D51_SPI_Indirect_mode/production/_ext/1827571544/plib_systick.o
 .debug_info    0x00009ac1     0x19ec build/LAN9253_D51_SPI_Indirect_mode/production/_ext/1171490990/exceptions.o
 .debug_info    0x0000b4ad     0x1a0f build/LAN9253_D51_SPI_Indirect_mode/production/_ext/1171490990/initialization.o
 .debug_info    0x0000cebc     0x2cc8 build/LAN9253_D51_SPI_Indirect_mode/production/_ext/1171490990/interrupts.o
 .debug_info    0x0000fb84     0x1df5 build/LAN9253_D51_SPI_Indirect_mode/production/_ext/1171490990/startup_xc32.o
 .debug_info    0x00011979     0x191c build/LAN9253_D51_SPI_Indirect_mode/production/_ext/1171490990/tasks.o
 .debug_info    0x00013295     0x460d build/LAN9253_D51_SPI_Indirect_mode/production/_ext/1671622979/Drivers.o
 .debug_info    0x000178a2     0x1b53 build/LAN9253_D51_SPI_Indirect_mode/production/_ext/108147519/ESC_Utils.o
 .debug_info    0x000193f5     0x280a build/LAN9253_D51_SPI_Indirect_mode/production/_ext/108147519/LAN925x.o
 .debug_info    0x0001bbff     0x123c build/LAN9253_D51_SPI_Indirect_mode/production/_ext/108134065/bootmode.o
 .debug_info    0x0001ce3b     0x5aec build/LAN9253_D51_SPI_Indirect_mode/production/_ext/108134065/coeappl.o
 .debug_info    0x00022927     0x55c2 build/LAN9253_D51_SPI_Indirect_mode/production/_ext/108134065/ecatappl.o
 .debug_info    0x00027ee9     0x1654 build/LAN9253_D51_SPI_Indirect_mode/production/_ext/108134065/ecatcoe.o
 .debug_info    0x0002953d     0x23ed build/LAN9253_D51_SPI_Indirect_mode/production/_ext/108134065/ecatfoe.o
 .debug_info    0x0002b92a     0x5993 build/LAN9253_D51_SPI_Indirect_mode/production/_ext/108134065/ecatslv.o
 .debug_info    0x000312bd     0x2475 build/LAN9253_D51_SPI_Indirect_mode/production/_ext/108134065/emcy.o
 .debug_info    0x00033732     0x28dd build/LAN9253_D51_SPI_Indirect_mode/production/_ext/108134065/foeappl.o
 .debug_info    0x0003600f     0x2b32 build/LAN9253_D51_SPI_Indirect_mode/production/_ext/108134065/mailbox.o
 .debug_info    0x00038b41     0x3140 build/LAN9253_D51_SPI_Indirect_mode/production/_ext/108134065/objdef.o
 .debug_info    0x0003bc81     0x59ce build/LAN9253_D51_SPI_Indirect_mode/production/_ext/108134065/sample_app.o
 .debug_info    0x0004164f     0x3445 build/LAN9253_D51_SPI_Indirect_mode/production/_ext/108134065/sdoserv.o
 .debug_info    0x00044a94     0x190b build/LAN9253_D51_SPI_Indirect_mode/production/_ext/1360937237/main.o
 .debug_info    0x0004639f     0x536d build/LAN9253_D51_SPI_Indirect_mode/production/_ext/1360937237/app.o
 .debug_info    0x0004b70c      0x2a2 c:/program files (x86)/microchip/xc32/v2.30/bin/bin/../../lib/gcc/pic32c/6.2.1/../../../../pic32c/lib/v7e-m/fpv4-sp/hard\libpic32c.a(data_init.o)
 .debug_info    0x0004b9ae      0x41a c:/program files (x86)/microchip/xc32/v2.30/bin/bin/../../lib/gcc/pic32c/6.2.1/../../../../pic32c/lib/v7e-m/fpv4-sp/hard\libc.a(lib_a-init.o)
 .debug_info    0x0004bdc8      0xe58 c:/program files (x86)/microchip/xc32/v2.30/bin/bin/../../lib/gcc/pic32c/6.2.1/../../../../pic32c/lib/v7e-m/fpv4-sp/hard\libc.a(lib_a-malloc.o)
 .debug_info    0x0004cc20     0x14ca c:/program files (x86)/microchip/xc32/v2.30/bin/bin/../../lib/gcc/pic32c/6.2.1/../../../../pic32c/lib/v7e-m/fpv4-sp/hard\libc.a(lib_a-mallocr.o)
 .debug_info    0x0004e0ea      0xe2e c:/program files (x86)/microchip/xc32/v2.30/bin/bin/../../lib/gcc/pic32c/6.2.1/../../../../pic32c/lib/v7e-m/fpv4-sp/hard\libc.a(lib_a-memcpy-stub.o)
 .debug_info    0x0004ef18     0x156f c:/program files (x86)/microchip/xc32/v2.30/bin/bin/../../lib/gcc/pic32c/6.2.1/../../../../pic32c/lib/v7e-m/fpv4-sp/hard\libc.a(lib_a-memset.o)
 .debug_info    0x00050487      0xdf2 c:/program files (x86)/microchip/xc32/v2.30/bin/bin/../../lib/gcc/pic32c/6.2.1/../../../../pic32c/lib/v7e-m/fpv4-sp/hard\libc.a(lib_a-mlock.o)
 .debug_info    0x00051279      0xea5 c:/program files (x86)/microchip/xc32/v2.30/bin/bin/../../lib/gcc/pic32c/6.2.1/../../../../pic32c/lib/v7e-m/fpv4-sp/hard\libc.a(lib_a-sbrkr.o)
 .debug_info    0x0005211e      0x125 c:/program files (x86)/microchip/xc32/v2.30/bin/bin/../../lib/gcc/pic32c/6.2.1/../../../../pic32c/lib/v7e-m/fpv4-sp/hard\libc.a(lib_a-strlen.o)
 .debug_info    0x00052243     0x137d c:/program files (x86)/microchip/xc32/v2.30/bin/bin/../../lib/gcc/pic32c/6.2.1/../../../../pic32c/lib/v7e-m/fpv4-sp/hard\libc.a(lib_a-freer.o)
 .debug_info    0x000535c0      0xdb5 c:/program files (x86)/microchip/xc32/v2.30/bin/bin/../../lib/gcc/pic32c/6.2.1/../../../../pic32c/lib/v7e-m/fpv4-sp/hard\libc.a(lib_a-impure.o)
 .debug_info    0x00054375      0xf59 c:/program files (x86)/microchip/xc32/v2.30/bin/bin/../../lib/gcc/pic32c/6.2.1/../../../../pic32c/lib/v7e-m/fpv4-sp/hard\libc.a(lib_a-reent.o)
 .debug_info    0x000552ce      0x286 c:/program files (x86)/microchip/xc32/v2.30/bin/bin/../../lib/gcc/pic32c/6.2.1/../../../../pic32c/lib/v7e-m/fpv4-sp/hard\libpic32c.a(sbrk.o)

.debug_abbrev   0x00000000     0x5a71
 .debug_abbrev  0x00000000       0xfd build/LAN9253_D51_SPI_Indirect_mode/production/_ext/1984496892/plib_clock.o
 .debug_abbrev  0x000000fd      0x345 build/LAN9253_D51_SPI_Indirect_mode/production/_ext/1865161661/plib_dmac.o
 .debug_abbrev  0x00000442      0x15d build/LAN9253_D51_SPI_Indirect_mode/production/_ext/60167341/plib_eic.o
 .debug_abbrev  0x0000059f       0x5e build/LAN9253_D51_SPI_Indirect_mode/production/_ext/1986646378/plib_evsys.o
 .debug_abbrev  0x000005fd      0x14d build/LAN9253_D51_SPI_Indirect_mode/production/_ext/1865468468/plib_nvic.o
 .debug_abbrev  0x0000074a      0x25d build/LAN9253_D51_SPI_Indirect_mode/production/_ext/1593096446/plib_nvmctrl.o
 .debug_abbrev  0x000009a7      0x151 build/LAN9253_D51_SPI_Indirect_mode/production/_ext/1865521619/plib_port.o
 .debug_abbrev  0x00000af8      0x29a build/LAN9253_D51_SPI_Indirect_mode/production/_ext/1865555181/plib_qspi_spi.o
 .debug_abbrev  0x00000d92      0x15c build/LAN9253_D51_SPI_Indirect_mode/production/_ext/1827571544/plib_systick.o
 .debug_abbrev  0x00000eee      0x1d1 build/LAN9253_D51_SPI_Indirect_mode/production/_ext/1171490990/exceptions.o
 .debug_abbrev  0x000010bf      0x1ed build/LAN9253_D51_SPI_Indirect_mode/production/_ext/1171490990/initialization.o
 .debug_abbrev  0x000012ac      0x1d1 build/LAN9253_D51_SPI_Indirect_mode/production/_ext/1171490990/interrupts.o
 .debug_abbrev  0x0000147d      0x2a9 build/LAN9253_D51_SPI_Indirect_mode/production/_ext/1171490990/startup_xc32.o
 .debug_abbrev  0x00001726      0x1d1 build/LAN9253_D51_SPI_Indirect_mode/production/_ext/1171490990/tasks.o
 .debug_abbrev  0x000018f7      0x418 build/LAN9253_D51_SPI_Indirect_mode/production/_ext/1671622979/Drivers.o
 .debug_abbrev  0x00001d0f      0x232 build/LAN9253_D51_SPI_Indirect_mode/production/_ext/108147519/ESC_Utils.o
 .debug_abbrev  0x00001f41      0x2c3 build/LAN9253_D51_SPI_Indirect_mode/production/_ext/108147519/LAN925x.o
 .debug_abbrev  0x00002204      0x1f9 build/LAN9253_D51_SPI_Indirect_mode/production/_ext/108134065/bootmode.o
 .debug_abbrev  0x000023fd      0x300 build/LAN9253_D51_SPI_Indirect_mode/production/_ext/108134065/coeappl.o
 .debug_abbrev  0x000026fd      0x2c6 build/LAN9253_D51_SPI_Indirect_mode/production/_ext/108134065/ecatappl.o
 .debug_abbrev  0x000029c3      0x1ee build/LAN9253_D51_SPI_Indirect_mode/production/_ext/108134065/ecatcoe.o
 .debug_abbrev  0x00002bb1      0x283 build/LAN9253_D51_SPI_Indirect_mode/production/_ext/108134065/ecatfoe.o
 .debug_abbrev  0x00002e34      0x2fb build/LAN9253_D51_SPI_Indirect_mode/production/_ext/108134065/ecatslv.o
 .debug_abbrev  0x0000312f      0x2c7 build/LAN9253_D51_SPI_Indirect_mode/production/_ext/108134065/emcy.o
 .debug_abbrev  0x000033f6      0x29b build/LAN9253_D51_SPI_Indirect_mode/production/_ext/108134065/foeappl.o
 .debug_abbrev  0x00003691      0x2ba build/LAN9253_D51_SPI_Indirect_mode/production/_ext/108134065/mailbox.o
 .debug_abbrev  0x0000394b      0x2ec build/LAN9253_D51_SPI_Indirect_mode/production/_ext/108134065/objdef.o
 .debug_abbrev  0x00003c37      0x394 build/LAN9253_D51_SPI_Indirect_mode/production/_ext/108134065/sample_app.o
 .debug_abbrev  0x00003fcb      0x309 build/LAN9253_D51_SPI_Indirect_mode/production/_ext/108134065/sdoserv.o
 .debug_abbrev  0x000042d4      0x1d3 build/LAN9253_D51_SPI_Indirect_mode/production/_ext/1360937237/main.o
 .debug_abbrev  0x000044a7      0x304 build/LAN9253_D51_SPI_Indirect_mode/production/_ext/1360937237/app.o
 .debug_abbrev  0x000047ab       0x2a c:/program files (x86)/microchip/xc32/v2.30/bin/bin/../../lib/gcc/pic32c/6.2.1/../../../../pic32c/lib/v7e-m/fpv4-sp/hard\libpic32c.a(data_init.o)
 .debug_abbrev  0x000047d5       0xa3 c:/program files (x86)/microchip/xc32/v2.30/bin/bin/../../lib/gcc/pic32c/6.2.1/../../../../pic32c/lib/v7e-m/fpv4-sp/hard\libc.a(lib_a-init.o)
 .debug_abbrev  0x00004878      0x1f8 c:/program files (x86)/microchip/xc32/v2.30/bin/bin/../../lib/gcc/pic32c/6.2.1/../../../../pic32c/lib/v7e-m/fpv4-sp/hard\libc.a(lib_a-malloc.o)
 .debug_abbrev  0x00004a70      0x29b c:/program files (x86)/microchip/xc32/v2.30/bin/bin/../../lib/gcc/pic32c/6.2.1/../../../../pic32c/lib/v7e-m/fpv4-sp/hard\libc.a(lib_a-mallocr.o)
 .debug_abbrev  0x00004d0b      0x1c1 c:/program files (x86)/microchip/xc32/v2.30/bin/bin/../../lib/gcc/pic32c/6.2.1/../../../../pic32c/lib/v7e-m/fpv4-sp/hard\libc.a(lib_a-memcpy-stub.o)
 .debug_abbrev  0x00004ecc      0x1b5 c:/program files (x86)/microchip/xc32/v2.30/bin/bin/../../lib/gcc/pic32c/6.2.1/../../../../pic32c/lib/v7e-m/fpv4-sp/hard\libc.a(lib_a-memset.o)
 .debug_abbrev  0x00005081      0x1aa c:/program files (x86)/microchip/xc32/v2.30/bin/bin/../../lib/gcc/pic32c/6.2.1/../../../../pic32c/lib/v7e-m/fpv4-sp/hard\libc.a(lib_a-mlock.o)
 .debug_abbrev  0x0000522b      0x1ed c:/program files (x86)/microchip/xc32/v2.30/bin/bin/../../lib/gcc/pic32c/6.2.1/../../../../pic32c/lib/v7e-m/fpv4-sp/hard\libc.a(lib_a-sbrkr.o)
 .debug_abbrev  0x00005418       0x14 c:/program files (x86)/microchip/xc32/v2.30/bin/bin/../../lib/gcc/pic32c/6.2.1/../../../../pic32c/lib/v7e-m/fpv4-sp/hard\libc.a(lib_a-strlen.o)
 .debug_abbrev  0x0000542c      0x24d c:/program files (x86)/microchip/xc32/v2.30/bin/bin/../../lib/gcc/pic32c/6.2.1/../../../../pic32c/lib/v7e-m/fpv4-sp/hard\libc.a(lib_a-freer.o)
 .debug_abbrev  0x00005679      0x176 c:/program files (x86)/microchip/xc32/v2.30/bin/bin/../../lib/gcc/pic32c/6.2.1/../../../../pic32c/lib/v7e-m/fpv4-sp/hard\libc.a(lib_a-impure.o)
 .debug_abbrev  0x000057ef      0x258 c:/program files (x86)/microchip/xc32/v2.30/bin/bin/../../lib/gcc/pic32c/6.2.1/../../../../pic32c/lib/v7e-m/fpv4-sp/hard\libc.a(lib_a-reent.o)
 .debug_abbrev  0x00005a47       0x2a c:/program files (x86)/microchip/xc32/v2.30/bin/bin/../../lib/gcc/pic32c/6.2.1/../../../../pic32c/lib/v7e-m/fpv4-sp/hard\libpic32c.a(sbrk.o)

.debug_loc      0x00000000     0x689e
 .debug_loc     0x00000000      0x208 build/LAN9253_D51_SPI_Indirect_mode/production/_ext/1984496892/plib_clock.o
 .debug_loc     0x00000208      0x5c4 build/LAN9253_D51_SPI_Indirect_mode/production/_ext/1865161661/plib_dmac.o
 .debug_loc     0x000007cc      0x1dc build/LAN9253_D51_SPI_Indirect_mode/production/_ext/60167341/plib_eic.o
 .debug_loc     0x000009a8       0x44 build/LAN9253_D51_SPI_Indirect_mode/production/_ext/1986646378/plib_evsys.o
 .debug_loc     0x000009ec      0x140 build/LAN9253_D51_SPI_Indirect_mode/production/_ext/1865468468/plib_nvic.o
 .debug_loc     0x00000b2c      0x5c0 build/LAN9253_D51_SPI_Indirect_mode/production/_ext/1593096446/plib_nvmctrl.o
 .debug_loc     0x000010ec      0x324 build/LAN9253_D51_SPI_Indirect_mode/production/_ext/1865521619/plib_port.o
 .debug_loc     0x00001410      0x28c build/LAN9253_D51_SPI_Indirect_mode/production/_ext/1865555181/plib_qspi_spi.o
 .debug_loc     0x0000169c      0x31c build/LAN9253_D51_SPI_Indirect_mode/production/_ext/1827571544/plib_systick.o
 .debug_loc     0x000019b8      0x108 build/LAN9253_D51_SPI_Indirect_mode/production/_ext/1171490990/exceptions.o
 .debug_loc     0x00001ac0       0x50 build/LAN9253_D51_SPI_Indirect_mode/production/_ext/1171490990/initialization.o
 .debug_loc     0x00001b10      0x11c build/LAN9253_D51_SPI_Indirect_mode/production/_ext/1171490990/startup_xc32.o
 .debug_loc     0x00001c2c       0x2c build/LAN9253_D51_SPI_Indirect_mode/production/_ext/1171490990/tasks.o
 .debug_loc     0x00001c58      0xdfc build/LAN9253_D51_SPI_Indirect_mode/production/_ext/1671622979/Drivers.o
 .debug_loc     0x00002a54      0x130 build/LAN9253_D51_SPI_Indirect_mode/production/_ext/108147519/ESC_Utils.o
 .debug_loc     0x00002b84      0x4b0 build/LAN9253_D51_SPI_Indirect_mode/production/_ext/108147519/LAN925x.o
 .debug_loc     0x00003034      0x158 build/LAN9253_D51_SPI_Indirect_mode/production/_ext/108134065/bootmode.o
 .debug_loc     0x0000318c      0x370 build/LAN9253_D51_SPI_Indirect_mode/production/_ext/108134065/coeappl.o
 .debug_loc     0x000034fc      0x330 build/LAN9253_D51_SPI_Indirect_mode/production/_ext/108134065/ecatappl.o
 .debug_loc     0x0000382c       0xe4 build/LAN9253_D51_SPI_Indirect_mode/production/_ext/108134065/ecatcoe.o
 .debug_loc     0x00003910       0xe4 build/LAN9253_D51_SPI_Indirect_mode/production/_ext/108134065/ecatfoe.o
 .debug_loc     0x000039f4      0x682 build/LAN9253_D51_SPI_Indirect_mode/production/_ext/108134065/ecatslv.o
 .debug_loc     0x00004076      0x2f4 build/LAN9253_D51_SPI_Indirect_mode/production/_ext/108134065/emcy.o
 .debug_loc     0x0000436a      0x1e0 build/LAN9253_D51_SPI_Indirect_mode/production/_ext/108134065/foeappl.o
 .debug_loc     0x0000454a      0x428 build/LAN9253_D51_SPI_Indirect_mode/production/_ext/108134065/mailbox.o
 .debug_loc     0x00004972      0x40e build/LAN9253_D51_SPI_Indirect_mode/production/_ext/108134065/objdef.o
 .debug_loc     0x00004d80      0x674 build/LAN9253_D51_SPI_Indirect_mode/production/_ext/108134065/sample_app.o
 .debug_loc     0x000053f4      0x210 build/LAN9253_D51_SPI_Indirect_mode/production/_ext/108134065/sdoserv.o
 .debug_loc     0x00005604       0x2c build/LAN9253_D51_SPI_Indirect_mode/production/_ext/1360937237/main.o
 .debug_loc     0x00005630      0x206 build/LAN9253_D51_SPI_Indirect_mode/production/_ext/1360937237/app.o
 .debug_loc     0x00005836       0x74 c:/program files (x86)/microchip/xc32/v2.30/bin/bin/../../lib/gcc/pic32c/6.2.1/../../../../pic32c/lib/v7e-m/fpv4-sp/hard\libc.a(lib_a-init.o)
 .debug_loc     0x000058aa       0x58 c:/program files (x86)/microchip/xc32/v2.30/bin/bin/../../lib/gcc/pic32c/6.2.1/../../../../pic32c/lib/v7e-m/fpv4-sp/hard\libc.a(lib_a-malloc.o)
 .debug_loc     0x00005902      0x875 c:/program files (x86)/microchip/xc32/v2.30/bin/bin/../../lib/gcc/pic32c/6.2.1/../../../../pic32c/lib/v7e-m/fpv4-sp/hard\libc.a(lib_a-mallocr.o)
 .debug_loc     0x00006177       0xb2 c:/program files (x86)/microchip/xc32/v2.30/bin/bin/../../lib/gcc/pic32c/6.2.1/../../../../pic32c/lib/v7e-m/fpv4-sp/hard\libc.a(lib_a-memcpy-stub.o)
 .debug_loc     0x00006229       0x4c c:/program files (x86)/microchip/xc32/v2.30/bin/bin/../../lib/gcc/pic32c/6.2.1/../../../../pic32c/lib/v7e-m/fpv4-sp/hard\libc.a(lib_a-memset.o)
 .debug_loc     0x00006275       0x6d c:/program files (x86)/microchip/xc32/v2.30/bin/bin/../../lib/gcc/pic32c/6.2.1/../../../../pic32c/lib/v7e-m/fpv4-sp/hard\libc.a(lib_a-sbrkr.o)
 .debug_loc     0x000062e2      0x42d c:/program files (x86)/microchip/xc32/v2.30/bin/bin/../../lib/gcc/pic32c/6.2.1/../../../../pic32c/lib/v7e-m/fpv4-sp/hard\libc.a(lib_a-freer.o)
 .debug_loc     0x0000670f      0x18f c:/program files (x86)/microchip/xc32/v2.30/bin/bin/../../lib/gcc/pic32c/6.2.1/../../../../pic32c/lib/v7e-m/fpv4-sp/hard\libc.a(lib_a-reent.o)

.debug_aranges  0x00000000      0xde0
 .debug_aranges
                0x00000000       0x58 build/LAN9253_D51_SPI_Indirect_mode/production/_ext/1984496892/plib_clock.o
 .debug_aranges
                0x00000058       0xa8 build/LAN9253_D51_SPI_Indirect_mode/production/_ext/1865161661/plib_dmac.o
 .debug_aranges
                0x00000100       0x50 build/LAN9253_D51_SPI_Indirect_mode/production/_ext/60167341/plib_eic.o
 .debug_aranges
                0x00000150       0x20 build/LAN9253_D51_SPI_Indirect_mode/production/_ext/1986646378/plib_evsys.o
 .debug_aranges
                0x00000170       0x38 build/LAN9253_D51_SPI_Indirect_mode/production/_ext/1865468468/plib_nvic.o
 .debug_aranges
                0x000001a8       0xb0 build/LAN9253_D51_SPI_Indirect_mode/production/_ext/1593096446/plib_nvmctrl.o
 .debug_aranges
                0x00000258       0x60 build/LAN9253_D51_SPI_Indirect_mode/production/_ext/1865521619/plib_port.o
 .debug_aranges
                0x000002b8       0x58 build/LAN9253_D51_SPI_Indirect_mode/production/_ext/1865555181/plib_qspi_spi.o
 .debug_aranges
                0x00000310       0x70 build/LAN9253_D51_SPI_Indirect_mode/production/_ext/1827571544/plib_systick.o
 .debug_aranges
                0x00000380       0x48 build/LAN9253_D51_SPI_Indirect_mode/production/_ext/1171490990/exceptions.o
 .debug_aranges
                0x000003c8       0x20 build/LAN9253_D51_SPI_Indirect_mode/production/_ext/1171490990/initialization.o
 .debug_aranges
                0x000003e8       0x20 build/LAN9253_D51_SPI_Indirect_mode/production/_ext/1171490990/interrupts.o
 .debug_aranges
                0x00000408       0x38 build/LAN9253_D51_SPI_Indirect_mode/production/_ext/1171490990/startup_xc32.o
 .debug_aranges
                0x00000440       0x20 build/LAN9253_D51_SPI_Indirect_mode/production/_ext/1171490990/tasks.o
 .debug_aranges
                0x00000460      0x190 build/LAN9253_D51_SPI_Indirect_mode/production/_ext/1671622979/Drivers.o
 .debug_aranges
                0x000005f0       0x40 build/LAN9253_D51_SPI_Indirect_mode/production/_ext/108147519/ESC_Utils.o
 .debug_aranges
                0x00000630       0x90 build/LAN9253_D51_SPI_Indirect_mode/production/_ext/108147519/LAN925x.o
 .debug_aranges
                0x000006c0       0x38 build/LAN9253_D51_SPI_Indirect_mode/production/_ext/108134065/bootmode.o
 .debug_aranges
                0x000006f8       0x70 build/LAN9253_D51_SPI_Indirect_mode/production/_ext/108134065/coeappl.o
 .debug_aranges
                0x00000768       0x78 build/LAN9253_D51_SPI_Indirect_mode/production/_ext/108134065/ecatappl.o
 .debug_aranges
                0x000007e0       0x30 build/LAN9253_D51_SPI_Indirect_mode/production/_ext/108134065/ecatcoe.o
 .debug_aranges
                0x00000810       0x30 build/LAN9253_D51_SPI_Indirect_mode/production/_ext/108134065/ecatfoe.o
 .debug_aranges
                0x00000840       0xc8 build/LAN9253_D51_SPI_Indirect_mode/production/_ext/108134065/ecatslv.o
 .debug_aranges
                0x00000908       0x60 build/LAN9253_D51_SPI_Indirect_mode/production/_ext/108134065/emcy.o
 .debug_aranges
                0x00000968       0x48 build/LAN9253_D51_SPI_Indirect_mode/production/_ext/108134065/foeappl.o
 .debug_aranges
                0x000009b0       0x80 build/LAN9253_D51_SPI_Indirect_mode/production/_ext/108134065/mailbox.o
 .debug_aranges
                0x00000a30       0x78 build/LAN9253_D51_SPI_Indirect_mode/production/_ext/108134065/objdef.o
 .debug_aranges
                0x00000aa8       0xc8 build/LAN9253_D51_SPI_Indirect_mode/production/_ext/108134065/sample_app.o
 .debug_aranges
                0x00000b70       0x50 build/LAN9253_D51_SPI_Indirect_mode/production/_ext/108134065/sdoserv.o
 .debug_aranges
                0x00000bc0       0x20 build/LAN9253_D51_SPI_Indirect_mode/production/_ext/1360937237/main.o
 .debug_aranges
                0x00000be0       0x50 build/LAN9253_D51_SPI_Indirect_mode/production/_ext/1360937237/app.o
 .debug_aranges
                0x00000c30       0x20 c:/program files (x86)/microchip/xc32/v2.30/bin/bin/../../lib/gcc/pic32c/6.2.1/../../../../pic32c/lib/v7e-m/fpv4-sp/hard\libpic32c.a(data_init.o)
 .debug_aranges
                0x00000c50       0x20 c:/program files (x86)/microchip/xc32/v2.30/bin/bin/../../lib/gcc/pic32c/6.2.1/../../../../pic32c/lib/v7e-m/fpv4-sp/hard\libc.a(lib_a-init.o)
 .debug_aranges
                0x00000c70       0x28 c:/program files (x86)/microchip/xc32/v2.30/bin/bin/../../lib/gcc/pic32c/6.2.1/../../../../pic32c/lib/v7e-m/fpv4-sp/hard\libc.a(lib_a-malloc.o)
 .debug_aranges
                0x00000c98       0x20 c:/program files (x86)/microchip/xc32/v2.30/bin/bin/../../lib/gcc/pic32c/6.2.1/../../../../pic32c/lib/v7e-m/fpv4-sp/hard\libc.a(lib_a-mallocr.o)
 .debug_aranges
                0x00000cb8       0x20 c:/program files (x86)/microchip/xc32/v2.30/bin/bin/../../lib/gcc/pic32c/6.2.1/../../../../pic32c/lib/v7e-m/fpv4-sp/hard\libc.a(lib_a-memcpy-stub.o)
 .debug_aranges
                0x00000cd8       0x20 c:/program files (x86)/microchip/xc32/v2.30/bin/bin/../../lib/gcc/pic32c/6.2.1/../../../../pic32c/lib/v7e-m/fpv4-sp/hard\libc.a(lib_a-memset.o)
 .debug_aranges
                0x00000cf8       0x20 c:/program files (x86)/microchip/xc32/v2.30/bin/bin/../../lib/gcc/pic32c/6.2.1/../../../../pic32c/lib/v7e-m/fpv4-sp/hard\libc.a(lib_a-mlock.o)
 .debug_aranges
                0x00000d18       0x20 c:/program files (x86)/microchip/xc32/v2.30/bin/bin/../../lib/gcc/pic32c/6.2.1/../../../../pic32c/lib/v7e-m/fpv4-sp/hard\libc.a(lib_a-sbrkr.o)
 .debug_aranges
                0x00000d38       0x20 c:/program files (x86)/microchip/xc32/v2.30/bin/bin/../../lib/gcc/pic32c/6.2.1/../../../../pic32c/lib/v7e-m/fpv4-sp/hard\libc.a(lib_a-strlen.o)
 .debug_aranges
                0x00000d58       0x28 c:/program files (x86)/microchip/xc32/v2.30/bin/bin/../../lib/gcc/pic32c/6.2.1/../../../../pic32c/lib/v7e-m/fpv4-sp/hard\libc.a(lib_a-freer.o)
 .debug_aranges
                0x00000d80       0x18 c:/program files (x86)/microchip/xc32/v2.30/bin/bin/../../lib/gcc/pic32c/6.2.1/../../../../pic32c/lib/v7e-m/fpv4-sp/hard\libc.a(lib_a-impure.o)
 .debug_aranges
                0x00000d98       0x28 c:/program files (x86)/microchip/xc32/v2.30/bin/bin/../../lib/gcc/pic32c/6.2.1/../../../../pic32c/lib/v7e-m/fpv4-sp/hard\libc.a(lib_a-reent.o)
 .debug_aranges
                0x00000dc0       0x20 c:/program files (x86)/microchip/xc32/v2.30/bin/bin/../../lib/gcc/pic32c/6.2.1/../../../../pic32c/lib/v7e-m/fpv4-sp/hard\libpic32c.a(sbrk.o)

.debug_ranges   0x00000000      0xc20
 .debug_ranges  0x00000000       0x48 build/LAN9253_D51_SPI_Indirect_mode/production/_ext/1984496892/plib_clock.o
 .debug_ranges  0x00000048       0x98 build/LAN9253_D51_SPI_Indirect_mode/production/_ext/1865161661/plib_dmac.o
 .debug_ranges  0x000000e0       0x40 build/LAN9253_D51_SPI_Indirect_mode/production/_ext/60167341/plib_eic.o
 .debug_ranges  0x00000120       0x10 build/LAN9253_D51_SPI_Indirect_mode/production/_ext/1986646378/plib_evsys.o
 .debug_ranges  0x00000130       0x28 build/LAN9253_D51_SPI_Indirect_mode/production/_ext/1865468468/plib_nvic.o
 .debug_ranges  0x00000158       0xa0 build/LAN9253_D51_SPI_Indirect_mode/production/_ext/1593096446/plib_nvmctrl.o
 .debug_ranges  0x000001f8       0x50 build/LAN9253_D51_SPI_Indirect_mode/production/_ext/1865521619/plib_port.o
 .debug_ranges  0x00000248       0x48 build/LAN9253_D51_SPI_Indirect_mode/production/_ext/1865555181/plib_qspi_spi.o
 .debug_ranges  0x00000290       0x60 build/LAN9253_D51_SPI_Indirect_mode/production/_ext/1827571544/plib_systick.o
 .debug_ranges  0x000002f0       0x38 build/LAN9253_D51_SPI_Indirect_mode/production/_ext/1171490990/exceptions.o
 .debug_ranges  0x00000328       0x10 build/LAN9253_D51_SPI_Indirect_mode/production/_ext/1171490990/initialization.o
 .debug_ranges  0x00000338       0x10 build/LAN9253_D51_SPI_Indirect_mode/production/_ext/1171490990/interrupts.o
 .debug_ranges  0x00000348       0x28 build/LAN9253_D51_SPI_Indirect_mode/production/_ext/1171490990/startup_xc32.o
 .debug_ranges  0x00000370       0x10 build/LAN9253_D51_SPI_Indirect_mode/production/_ext/1171490990/tasks.o
 .debug_ranges  0x00000380      0x180 build/LAN9253_D51_SPI_Indirect_mode/production/_ext/1671622979/Drivers.o
 .debug_ranges  0x00000500       0x30 build/LAN9253_D51_SPI_Indirect_mode/production/_ext/108147519/ESC_Utils.o
 .debug_ranges  0x00000530       0x80 build/LAN9253_D51_SPI_Indirect_mode/production/_ext/108147519/LAN925x.o
 .debug_ranges  0x000005b0       0x28 build/LAN9253_D51_SPI_Indirect_mode/production/_ext/108134065/bootmode.o
 .debug_ranges  0x000005d8       0x78 build/LAN9253_D51_SPI_Indirect_mode/production/_ext/108134065/coeappl.o
 .debug_ranges  0x00000650       0x80 build/LAN9253_D51_SPI_Indirect_mode/production/_ext/108134065/ecatappl.o
 .debug_ranges  0x000006d0       0x20 build/LAN9253_D51_SPI_Indirect_mode/production/_ext/108134065/ecatcoe.o
 .debug_ranges  0x000006f0       0x80 build/LAN9253_D51_SPI_Indirect_mode/production/_ext/108134065/ecatfoe.o
 .debug_ranges  0x00000770       0xb8 build/LAN9253_D51_SPI_Indirect_mode/production/_ext/108134065/ecatslv.o
 .debug_ranges  0x00000828       0x50 build/LAN9253_D51_SPI_Indirect_mode/production/_ext/108134065/emcy.o
 .debug_ranges  0x00000878       0x38 build/LAN9253_D51_SPI_Indirect_mode/production/_ext/108134065/foeappl.o
 .debug_ranges  0x000008b0       0x70 build/LAN9253_D51_SPI_Indirect_mode/production/_ext/108134065/mailbox.o
 .debug_ranges  0x00000920       0x80 build/LAN9253_D51_SPI_Indirect_mode/production/_ext/108134065/objdef.o
 .debug_ranges  0x000009a0       0xb8 build/LAN9253_D51_SPI_Indirect_mode/production/_ext/108134065/sample_app.o
 .debug_ranges  0x00000a58       0x68 build/LAN9253_D51_SPI_Indirect_mode/production/_ext/108134065/sdoserv.o
 .debug_ranges  0x00000ac0       0x10 build/LAN9253_D51_SPI_Indirect_mode/production/_ext/1360937237/main.o
 .debug_ranges  0x00000ad0       0x40 build/LAN9253_D51_SPI_Indirect_mode/production/_ext/1360937237/app.o
 .debug_ranges  0x00000b10       0x10 c:/program files (x86)/microchip/xc32/v2.30/bin/bin/../../lib/gcc/pic32c/6.2.1/../../../../pic32c/lib/v7e-m/fpv4-sp/hard\libpic32c.a(data_init.o)
 .debug_ranges  0x00000b20       0x10 c:/program files (x86)/microchip/xc32/v2.30/bin/bin/../../lib/gcc/pic32c/6.2.1/../../../../pic32c/lib/v7e-m/fpv4-sp/hard\libc.a(lib_a-init.o)
 .debug_ranges  0x00000b30       0x18 c:/program files (x86)/microchip/xc32/v2.30/bin/bin/../../lib/gcc/pic32c/6.2.1/../../../../pic32c/lib/v7e-m/fpv4-sp/hard\libc.a(lib_a-malloc.o)
 .debug_ranges  0x00000b48       0x28 c:/program files (x86)/microchip/xc32/v2.30/bin/bin/../../lib/gcc/pic32c/6.2.1/../../../../pic32c/lib/v7e-m/fpv4-sp/hard\libc.a(lib_a-mallocr.o)
 .debug_ranges  0x00000b70       0x10 c:/program files (x86)/microchip/xc32/v2.30/bin/bin/../../lib/gcc/pic32c/6.2.1/../../../../pic32c/lib/v7e-m/fpv4-sp/hard\libc.a(lib_a-memcpy-stub.o)
 .debug_ranges  0x00000b80       0x10 c:/program files (x86)/microchip/xc32/v2.30/bin/bin/../../lib/gcc/pic32c/6.2.1/../../../../pic32c/lib/v7e-m/fpv4-sp/hard\libc.a(lib_a-memset.o)
 .debug_ranges  0x00000b90       0x10 c:/program files (x86)/microchip/xc32/v2.30/bin/bin/../../lib/gcc/pic32c/6.2.1/../../../../pic32c/lib/v7e-m/fpv4-sp/hard\libc.a(lib_a-mlock.o)
 .debug_ranges  0x00000ba0       0x10 c:/program files (x86)/microchip/xc32/v2.30/bin/bin/../../lib/gcc/pic32c/6.2.1/../../../../pic32c/lib/v7e-m/fpv4-sp/hard\libc.a(lib_a-sbrkr.o)
 .debug_ranges  0x00000bb0       0x18 c:/program files (x86)/microchip/xc32/v2.30/bin/bin/../../lib/gcc/pic32c/6.2.1/../../../../pic32c/lib/v7e-m/fpv4-sp/hard\libc.a(lib_a-freer.o)
 .debug_ranges  0x00000bc8       0x48 c:/program files (x86)/microchip/xc32/v2.30/bin/bin/../../lib/gcc/pic32c/6.2.1/../../../../pic32c/lib/v7e-m/fpv4-sp/hard\libc.a(lib_a-reent.o)
 .debug_ranges  0x00000c10       0x10 c:/program files (x86)/microchip/xc32/v2.30/bin/bin/../../lib/gcc/pic32c/6.2.1/../../../../pic32c/lib/v7e-m/fpv4-sp/hard\libpic32c.a(sbrk.o)

.debug_line     0x00000000     0x9c18
 .debug_line    0x00000000      0x246 build/LAN9253_D51_SPI_Indirect_mode/production/_ext/1984496892/plib_clock.o
 .debug_line    0x00000246      0x588 build/LAN9253_D51_SPI_Indirect_mode/production/_ext/1865161661/plib_dmac.o
 .debug_line    0x000007ce      0x20e build/LAN9253_D51_SPI_Indirect_mode/production/_ext/60167341/plib_eic.o
 .debug_line    0x000009dc      0x13b build/LAN9253_D51_SPI_Indirect_mode/production/_ext/1986646378/plib_evsys.o
 .debug_line    0x00000b17      0x1da build/LAN9253_D51_SPI_Indirect_mode/production/_ext/1865468468/plib_nvic.o
 .debug_line    0x00000cf1      0x379 build/LAN9253_D51_SPI_Indirect_mode/production/_ext/1593096446/plib_nvmctrl.o
 .debug_line    0x0000106a      0x219 build/LAN9253_D51_SPI_Indirect_mode/production/_ext/1865521619/plib_port.o
 .debug_line    0x00001283      0x4b0 build/LAN9253_D51_SPI_Indirect_mode/production/_ext/1865555181/plib_qspi_spi.o
 .debug_line    0x00001733      0x216 build/LAN9253_D51_SPI_Indirect_mode/production/_ext/1827571544/plib_systick.o
 .debug_line    0x00001949      0x39e build/LAN9253_D51_SPI_Indirect_mode/production/_ext/1171490990/exceptions.o
 .debug_line    0x00001ce7      0x358 build/LAN9253_D51_SPI_Indirect_mode/production/_ext/1171490990/initialization.o
 .debug_line    0x0000203f      0x379 build/LAN9253_D51_SPI_Indirect_mode/production/_ext/1171490990/interrupts.o
 .debug_line    0x000023b8      0x407 build/LAN9253_D51_SPI_Indirect_mode/production/_ext/1171490990/startup_xc32.o
 .debug_line    0x000027bf      0x348 build/LAN9253_D51_SPI_Indirect_mode/production/_ext/1171490990/tasks.o
 .debug_line    0x00002b07      0xa9d build/LAN9253_D51_SPI_Indirect_mode/production/_ext/1671622979/Drivers.o
 .debug_line    0x000035a4      0x402 build/LAN9253_D51_SPI_Indirect_mode/production/_ext/108147519/ESC_Utils.o
 .debug_line    0x000039a6      0x5af build/LAN9253_D51_SPI_Indirect_mode/production/_ext/108147519/LAN925x.o
 .debug_line    0x00003f55      0x19b build/LAN9253_D51_SPI_Indirect_mode/production/_ext/108134065/bootmode.o
 .debug_line    0x000040f0      0x50c build/LAN9253_D51_SPI_Indirect_mode/production/_ext/108134065/coeappl.o
 .debug_line    0x000045fc      0x60a build/LAN9253_D51_SPI_Indirect_mode/production/_ext/108134065/ecatappl.o
 .debug_line    0x00004c06      0x1b0 build/LAN9253_D51_SPI_Indirect_mode/production/_ext/108134065/ecatcoe.o
 .debug_line    0x00004db6      0x42c build/LAN9253_D51_SPI_Indirect_mode/production/_ext/108134065/ecatfoe.o
 .debug_line    0x000051e2      0x9b6 build/LAN9253_D51_SPI_Indirect_mode/production/_ext/108134065/ecatslv.o
 .debug_line    0x00005b98      0x448 build/LAN9253_D51_SPI_Indirect_mode/production/_ext/108134065/emcy.o
 .debug_line    0x00005fe0      0x414 build/LAN9253_D51_SPI_Indirect_mode/production/_ext/108134065/foeappl.o
 .debug_line    0x000063f4      0x596 build/LAN9253_D51_SPI_Indirect_mode/production/_ext/108134065/mailbox.o
 .debug_line    0x0000698a      0x71c build/LAN9253_D51_SPI_Indirect_mode/production/_ext/108134065/objdef.o
 .debug_line    0x000070a6      0x5f7 build/LAN9253_D51_SPI_Indirect_mode/production/_ext/108134065/sample_app.o
 .debug_line    0x0000769d      0x5fa build/LAN9253_D51_SPI_Indirect_mode/production/_ext/108134065/sdoserv.o
 .debug_line    0x00007c97      0x34b build/LAN9253_D51_SPI_Indirect_mode/production/_ext/1360937237/main.o
 .debug_line    0x00007fe2      0x4c8 build/LAN9253_D51_SPI_Indirect_mode/production/_ext/1360937237/app.o
 .debug_line    0x000084aa       0xd8 c:/program files (x86)/microchip/xc32/v2.30/bin/bin/../../lib/gcc/pic32c/6.2.1/../../../../pic32c/lib/v7e-m/fpv4-sp/hard\libpic32c.a(data_init.o)
 .debug_line    0x00008582      0x11d c:/program files (x86)/microchip/xc32/v2.30/bin/bin/../../lib/gcc/pic32c/6.2.1/../../../../pic32c/lib/v7e-m/fpv4-sp/hard\libc.a(lib_a-init.o)
 .debug_line    0x0000869f      0x21e c:/program files (x86)/microchip/xc32/v2.30/bin/bin/../../lib/gcc/pic32c/6.2.1/../../../../pic32c/lib/v7e-m/fpv4-sp/hard\libc.a(lib_a-malloc.o)
 .debug_line    0x000088bd      0x347 c:/program files (x86)/microchip/xc32/v2.30/bin/bin/../../lib/gcc/pic32c/6.2.1/../../../../pic32c/lib/v7e-m/fpv4-sp/hard\libc.a(lib_a-mallocr.o)
 .debug_line    0x00008c04      0x218 c:/program files (x86)/microchip/xc32/v2.30/bin/bin/../../lib/gcc/pic32c/6.2.1/../../../../pic32c/lib/v7e-m/fpv4-sp/hard\libc.a(lib_a-memcpy-stub.o)
 .debug_line    0x00008e1c      0x2ae c:/program files (x86)/microchip/xc32/v2.30/bin/bin/../../lib/gcc/pic32c/6.2.1/../../../../pic32c/lib/v7e-m/fpv4-sp/hard\libc.a(lib_a-memset.o)
 .debug_line    0x000090ca      0x18d c:/program files (x86)/microchip/xc32/v2.30/bin/bin/../../lib/gcc/pic32c/6.2.1/../../../../pic32c/lib/v7e-m/fpv4-sp/hard\libc.a(lib_a-mlock.o)
 .debug_line    0x00009257      0x212 c:/program files (x86)/microchip/xc32/v2.30/bin/bin/../../lib/gcc/pic32c/6.2.1/../../../../pic32c/lib/v7e-m/fpv4-sp/hard\libc.a(lib_a-sbrkr.o)
 .debug_line    0x00009469       0xb1 c:/program files (x86)/microchip/xc32/v2.30/bin/bin/../../lib/gcc/pic32c/6.2.1/../../../../pic32c/lib/v7e-m/fpv4-sp/hard\libc.a(lib_a-strlen.o)
 .debug_line    0x0000951a      0x2a1 c:/program files (x86)/microchip/xc32/v2.30/bin/bin/../../lib/gcc/pic32c/6.2.1/../../../../pic32c/lib/v7e-m/fpv4-sp/hard\libc.a(lib_a-freer.o)
 .debug_line    0x000097bb      0x17e c:/program files (x86)/microchip/xc32/v2.30/bin/bin/../../lib/gcc/pic32c/6.2.1/../../../../pic32c/lib/v7e-m/fpv4-sp/hard\libc.a(lib_a-impure.o)
 .debug_line    0x00009939      0x23d c:/program files (x86)/microchip/xc32/v2.30/bin/bin/../../lib/gcc/pic32c/6.2.1/../../../../pic32c/lib/v7e-m/fpv4-sp/hard\libc.a(lib_a-reent.o)
 .debug_line    0x00009b76       0xa2 c:/program files (x86)/microchip/xc32/v2.30/bin/bin/../../lib/gcc/pic32c/6.2.1/../../../../pic32c/lib/v7e-m/fpv4-sp/hard\libpic32c.a(sbrk.o)

.debug_str      0x00000000      0x8c2
 .debug_str     0x00000000       0x1e build/LAN9253_D51_SPI_Indirect_mode/production/_ext/1984496892/plib_clock.o
 .debug_str     0x0000001e       0x5a build/LAN9253_D51_SPI_Indirect_mode/production/_ext/1865161661/plib_dmac.o
 .debug_str     0x00000078        0x9 build/LAN9253_D51_SPI_Indirect_mode/production/_ext/60167341/plib_eic.o
 .debug_str     0x00000081        0x0 build/LAN9253_D51_SPI_Indirect_mode/production/_ext/1986646378/plib_evsys.o
 .debug_str     0x00000081        0xa build/LAN9253_D51_SPI_Indirect_mode/production/_ext/1865468468/plib_nvic.o
 .debug_str     0x0000008b       0x29 build/LAN9253_D51_SPI_Indirect_mode/production/_ext/1593096446/plib_nvmctrl.o
 .debug_str     0x000000b4        0xb build/LAN9253_D51_SPI_Indirect_mode/production/_ext/1865521619/plib_port.o
 .debug_str     0x000000bf       0x62 build/LAN9253_D51_SPI_Indirect_mode/production/_ext/1865555181/plib_qspi_spi.o
 .debug_str     0x00000121        0x9 build/LAN9253_D51_SPI_Indirect_mode/production/_ext/1827571544/plib_systick.o
 .debug_str     0x0000012a        0xe build/LAN9253_D51_SPI_Indirect_mode/production/_ext/1171490990/exceptions.o
 .debug_str     0x00000138        0xe build/LAN9253_D51_SPI_Indirect_mode/production/_ext/1171490990/initialization.o
 .debug_str     0x00000146        0xe build/LAN9253_D51_SPI_Indirect_mode/production/_ext/1171490990/interrupts.o
 .debug_str     0x00000154        0xe build/LAN9253_D51_SPI_Indirect_mode/production/_ext/1171490990/startup_xc32.o
 .debug_str     0x00000162        0xe build/LAN9253_D51_SPI_Indirect_mode/production/_ext/1171490990/tasks.o
 .debug_str     0x00000170       0xf8 build/LAN9253_D51_SPI_Indirect_mode/production/_ext/1671622979/Drivers.o
 .debug_str     0x00000268        0xe build/LAN9253_D51_SPI_Indirect_mode/production/_ext/108147519/ESC_Utils.o
 .debug_str     0x00000276       0x55 build/LAN9253_D51_SPI_Indirect_mode/production/_ext/108147519/LAN925x.o
 .debug_str     0x000002cb        0xe build/LAN9253_D51_SPI_Indirect_mode/production/_ext/108134065/bootmode.o
 .debug_str     0x000002d9       0x48 build/LAN9253_D51_SPI_Indirect_mode/production/_ext/108134065/coeappl.o
 .debug_str     0x00000321       0x4a build/LAN9253_D51_SPI_Indirect_mode/production/_ext/108134065/ecatappl.o
 .debug_str     0x0000036b       0x35 build/LAN9253_D51_SPI_Indirect_mode/production/_ext/108134065/ecatcoe.o
 .debug_str     0x000003a0       0x24 build/LAN9253_D51_SPI_Indirect_mode/production/_ext/108134065/ecatfoe.o
 .debug_str     0x000003c4       0x6b build/LAN9253_D51_SPI_Indirect_mode/production/_ext/108134065/ecatslv.o
 .debug_str     0x0000042f       0x2d build/LAN9253_D51_SPI_Indirect_mode/production/_ext/108134065/emcy.o
 .debug_str     0x0000045c       0x31 build/LAN9253_D51_SPI_Indirect_mode/production/_ext/108134065/foeappl.o
 .debug_str     0x0000048d       0x50 build/LAN9253_D51_SPI_Indirect_mode/production/_ext/108134065/mailbox.o
 .debug_str     0x000004dd       0xa5 build/LAN9253_D51_SPI_Indirect_mode/production/_ext/108134065/objdef.o
 .debug_str     0x00000582       0x66 build/LAN9253_D51_SPI_Indirect_mode/production/_ext/108134065/sample_app.o
 .debug_str     0x000005e8       0xa8 build/LAN9253_D51_SPI_Indirect_mode/production/_ext/108134065/sdoserv.o
 .debug_str     0x00000690        0xe build/LAN9253_D51_SPI_Indirect_mode/production/_ext/1360937237/main.o
 .debug_str     0x0000069e       0x41 build/LAN9253_D51_SPI_Indirect_mode/production/_ext/1360937237/app.o
 .debug_str     0x000006df        0x0 c:/program files (x86)/microchip/xc32/v2.30/bin/bin/../../lib/gcc/pic32c/6.2.1/../../../../pic32c/lib/v7e-m/fpv4-sp/hard\libpic32c.a(data_init.o)
 .debug_str     0x000006df        0x0 c:/program files (x86)/microchip/xc32/v2.30/bin/bin/../../lib/gcc/pic32c/6.2.1/../../../../pic32c/lib/v7e-m/fpv4-sp/hard\libc.a(lib_a-init.o)
 .debug_str     0x000006df       0x18 c:/program files (x86)/microchip/xc32/v2.30/bin/bin/../../lib/gcc/pic32c/6.2.1/../../../../pic32c/lib/v7e-m/fpv4-sp/hard\libc.a(lib_a-malloc.o)
 .debug_str     0x000006f7       0x36 c:/program files (x86)/microchip/xc32/v2.30/bin/bin/../../lib/gcc/pic32c/6.2.1/../../../../pic32c/lib/v7e-m/fpv4-sp/hard\libc.a(lib_a-mallocr.o)
 .debug_str     0x0000072d        0xe c:/program files (x86)/microchip/xc32/v2.30/bin/bin/../../lib/gcc/pic32c/6.2.1/../../../../pic32c/lib/v7e-m/fpv4-sp/hard\libc.a(lib_a-memcpy-stub.o)
 .debug_str     0x0000073b      0x119 c:/program files (x86)/microchip/xc32/v2.30/bin/bin/../../lib/gcc/pic32c/6.2.1/../../../../pic32c/lib/v7e-m/fpv4-sp/hard\libc.a(lib_a-memset.o)
 .debug_str     0x00000854        0xe c:/program files (x86)/microchip/xc32/v2.30/bin/bin/../../lib/gcc/pic32c/6.2.1/../../../../pic32c/lib/v7e-m/fpv4-sp/hard\libc.a(lib_a-mlock.o)
 .debug_str     0x00000862        0xe c:/program files (x86)/microchip/xc32/v2.30/bin/bin/../../lib/gcc/pic32c/6.2.1/../../../../pic32c/lib/v7e-m/fpv4-sp/hard\libc.a(lib_a-sbrkr.o)
 .debug_str     0x00000870       0x36 c:/program files (x86)/microchip/xc32/v2.30/bin/bin/../../lib/gcc/pic32c/6.2.1/../../../../pic32c/lib/v7e-m/fpv4-sp/hard\libc.a(lib_a-freer.o)
 .debug_str     0x000008a6        0xe c:/program files (x86)/microchip/xc32/v2.30/bin/bin/../../lib/gcc/pic32c/6.2.1/../../../../pic32c/lib/v7e-m/fpv4-sp/hard\libc.a(lib_a-impure.o)
 .debug_str     0x000008b4        0xe c:/program files (x86)/microchip/xc32/v2.30/bin/bin/../../lib/gcc/pic32c/6.2.1/../../../../pic32c/lib/v7e-m/fpv4-sp/hard\libc.a(lib_a-reent.o)
 .debug_str     0x000008c2        0x0 c:/program files (x86)/microchip/xc32/v2.30/bin/bin/../../lib/gcc/pic32c/6.2.1/../../../../pic32c/lib/v7e-m/fpv4-sp/hard\libpic32c.a(sbrk.o)

.debug_frame    0x00000000     0x2d70
 .debug_frame   0x00000000      0x10c build/LAN9253_D51_SPI_Indirect_mode/production/_ext/1984496892/plib_clock.o
 .debug_frame   0x0000010c      0x2ac build/LAN9253_D51_SPI_Indirect_mode/production/_ext/1865161661/plib_dmac.o
 .debug_frame   0x000003b8       0xfc build/LAN9253_D51_SPI_Indirect_mode/production/_ext/60167341/plib_eic.o
 .debug_frame   0x000004b4       0x30 build/LAN9253_D51_SPI_Indirect_mode/production/_ext/1986646378/plib_evsys.o
 .debug_frame   0x000004e4       0xa4 build/LAN9253_D51_SPI_Indirect_mode/production/_ext/1865468468/plib_nvic.o
 .debug_frame   0x00000588      0x2ac build/LAN9253_D51_SPI_Indirect_mode/production/_ext/1593096446/plib_nvmctrl.o
 .debug_frame   0x00000834      0x170 build/LAN9253_D51_SPI_Indirect_mode/production/_ext/1865521619/plib_port.o
 .debug_frame   0x000009a4      0x138 build/LAN9253_D51_SPI_Indirect_mode/production/_ext/1865555181/plib_qspi_spi.o
 .debug_frame   0x00000adc      0x184 build/LAN9253_D51_SPI_Indirect_mode/production/_ext/1827571544/plib_systick.o
 .debug_frame   0x00000c60       0xa0 build/LAN9253_D51_SPI_Indirect_mode/production/_ext/1171490990/exceptions.o
 .debug_frame   0x00000d00       0x34 build/LAN9253_D51_SPI_Indirect_mode/production/_ext/1171490990/initialization.o
 .debug_frame   0x00000d34       0x20 build/LAN9253_D51_SPI_Indirect_mode/production/_ext/1171490990/interrupts.o
 .debug_frame   0x00000d54       0x98 build/LAN9253_D51_SPI_Indirect_mode/production/_ext/1171490990/startup_xc32.o
 .debug_frame   0x00000dec       0x2c build/LAN9253_D51_SPI_Indirect_mode/production/_ext/1171490990/tasks.o
 .debug_frame   0x00000e18      0x6a8 build/LAN9253_D51_SPI_Indirect_mode/production/_ext/1671622979/Drivers.o
 .debug_frame   0x000014c0       0xb4 build/LAN9253_D51_SPI_Indirect_mode/production/_ext/108147519/ESC_Utils.o
 .debug_frame   0x00001574      0x22c build/LAN9253_D51_SPI_Indirect_mode/production/_ext/108147519/LAN925x.o
 .debug_frame   0x000017a0       0xa8 build/LAN9253_D51_SPI_Indirect_mode/production/_ext/108134065/bootmode.o
 .debug_frame   0x00001848      0x1a8 build/LAN9253_D51_SPI_Indirect_mode/production/_ext/108134065/coeappl.o
 .debug_frame   0x000019f0      0x1a8 build/LAN9253_D51_SPI_Indirect_mode/production/_ext/108134065/ecatappl.o
 .debug_frame   0x00001b98       0x78 build/LAN9253_D51_SPI_Indirect_mode/production/_ext/108134065/ecatcoe.o
 .debug_frame   0x00001c10       0x7c build/LAN9253_D51_SPI_Indirect_mode/production/_ext/108134065/ecatfoe.o
 .debug_frame   0x00001c8c      0x320 build/LAN9253_D51_SPI_Indirect_mode/production/_ext/108134065/ecatslv.o
 .debug_frame   0x00001fac      0x160 build/LAN9253_D51_SPI_Indirect_mode/production/_ext/108134065/emcy.o
 .debug_frame   0x0000210c       0xec build/LAN9253_D51_SPI_Indirect_mode/production/_ext/108134065/foeappl.o
 .debug_frame   0x000021f8      0x1ec build/LAN9253_D51_SPI_Indirect_mode/production/_ext/108134065/mailbox.o
 .debug_frame   0x000023e4      0x1e8 build/LAN9253_D51_SPI_Indirect_mode/production/_ext/108134065/objdef.o
 .debug_frame   0x000025cc      0x30c build/LAN9253_D51_SPI_Indirect_mode/production/_ext/108134065/sample_app.o
 .debug_frame   0x000028d8      0x120 build/LAN9253_D51_SPI_Indirect_mode/production/_ext/108134065/sdoserv.o
 .debug_frame   0x000029f8       0x2c build/LAN9253_D51_SPI_Indirect_mode/production/_ext/1360937237/main.o
 .debug_frame   0x00002a24      0x108 build/LAN9253_D51_SPI_Indirect_mode/production/_ext/1360937237/app.o
 .debug_frame   0x00002b2c       0x2c c:/program files (x86)/microchip/xc32/v2.30/bin/bin/../../lib/gcc/pic32c/6.2.1/../../../../pic32c/lib/v7e-m/fpv4-sp/hard\libpic32c.a(data_init.o)
 .debug_frame   0x00002b58       0x2c c:/program files (x86)/microchip/xc32/v2.30/bin/bin/../../lib/gcc/pic32c/6.2.1/../../../../pic32c/lib/v7e-m/fpv4-sp/hard\libc.a(lib_a-init.o)
 .debug_frame   0x00002b84       0x30 c:/program files (x86)/microchip/xc32/v2.30/bin/bin/../../lib/gcc/pic32c/6.2.1/../../../../pic32c/lib/v7e-m/fpv4-sp/hard\libc.a(lib_a-malloc.o)
 .debug_frame   0x00002bb4       0x40 c:/program files (x86)/microchip/xc32/v2.30/bin/bin/../../lib/gcc/pic32c/6.2.1/../../../../pic32c/lib/v7e-m/fpv4-sp/hard\libc.a(lib_a-mallocr.o)
 .debug_frame   0x00002bf4       0x28 c:/program files (x86)/microchip/xc32/v2.30/bin/bin/../../lib/gcc/pic32c/6.2.1/../../../../pic32c/lib/v7e-m/fpv4-sp/hard\libc.a(lib_a-memcpy-stub.o)
 .debug_frame   0x00002c1c       0x20 c:/program files (x86)/microchip/xc32/v2.30/bin/bin/../../lib/gcc/pic32c/6.2.1/../../../../pic32c/lib/v7e-m/fpv4-sp/hard\libc.a(lib_a-memset.o)
 .debug_frame   0x00002c3c       0x30 c:/program files (x86)/microchip/xc32/v2.30/bin/bin/../../lib/gcc/pic32c/6.2.1/../../../../pic32c/lib/v7e-m/fpv4-sp/hard\libc.a(lib_a-mlock.o)
 .debug_frame   0x00002c6c       0x2c c:/program files (x86)/microchip/xc32/v2.30/bin/bin/../../lib/gcc/pic32c/6.2.1/../../../../pic32c/lib/v7e-m/fpv4-sp/hard\libc.a(lib_a-sbrkr.o)
 .debug_frame   0x00002c98       0x5c c:/program files (x86)/microchip/xc32/v2.30/bin/bin/../../lib/gcc/pic32c/6.2.1/../../../../pic32c/lib/v7e-m/fpv4-sp/hard\libc.a(lib_a-freer.o)
 .debug_frame   0x00002cf4       0x5c c:/program files (x86)/microchip/xc32/v2.30/bin/bin/../../lib/gcc/pic32c/6.2.1/../../../../pic32c/lib/v7e-m/fpv4-sp/hard\libc.a(lib_a-reent.o)
 .debug_frame   0x00002d50       0x20 c:/program files (x86)/microchip/xc32/v2.30/bin/bin/../../lib/gcc/pic32c/6.2.1/../../../../pic32c/lib/v7e-m/fpv4-sp/hard\libpic32c.a(sbrk.o)

.stack          0x20005440      0x100
 .stack         0x20005440      0x100 stack

.data.aEepromData%1
                0x200035a4      0x800
 .data.aEepromData
                0x200035a4      0x800 build/LAN9253_D51_SPI_Indirect_mode/production/_ext/1360937237/app.o
                0x200035a4                aEepromData

.data.impure_data%2
                0x20003da8      0x418
 .data.impure_data
                0x20003da8      0x418 c:/program files (x86)/microchip/xc32/v2.30/bin/bin/../../lib/gcc/pic32c/6.2.1/../../../../pic32c/lib/v7e-m/fpv4-sp/hard\libc.a(lib_a-impure.o)

.data.__malloc_av_%3
                0x200041c0      0x408
 .data.__malloc_av_
                0x200041c0      0x408 c:/program files (x86)/microchip/xc32/v2.30/bin/bin/../../lib/gcc/pic32c/6.2.1/../../../../pic32c/lib/v7e-m/fpv4-sp/hard\libc.a(lib_a-mallocr.o)
                0x200041c0                __malloc_av_

.data.OutputsProcessDataMapping0x1601%4
                0x200045c8      0x204
 .data.OutputsProcessDataMapping0x1601
                0x200045c8      0x204 build/LAN9253_D51_SPI_Indirect_mode/production/_ext/108134065/sample_app.o
                0x200045c8                OutputsProcessDataMapping0x1601

.data.InputsProcessDataMapping0x1A00%5
                0x200047cc      0x204
 .data.InputsProcessDataMapping0x1A00
                0x200047cc      0x204 build/LAN9253_D51_SPI_Indirect_mode/production/_ext/108134065/sample_app.o
                0x200047cc                InputsProcessDataMapping0x1A00

.data.Inputs0x6000%6
                0x200049d0      0x204
 .data.Inputs0x6000
                0x200049d0      0x204 build/LAN9253_D51_SPI_Indirect_mode/production/_ext/108134065/sample_app.o
                0x200049d0                Inputs0x6000

.data.Outputs0x7010%7
                0x20004bd4      0x204
 .data.Outputs0x7010
                0x20004bd4      0x204 build/LAN9253_D51_SPI_Indirect_mode/production/_ext/108134065/sample_app.o
                0x20004bd4                Outputs0x7010

.data.GenObjDic%8
                0x20004dd8      0x1e0
 .data.GenObjDic
                0x20004dd8      0x1e0 build/LAN9253_D51_SPI_Indirect_mode/production/_ext/108134065/coeappl.o
                0x20004dd8                GenObjDic

.data.ApplicationObjDic%9
                0x20004fb8      0x118
 .data.ApplicationObjDic
                0x20004fb8      0x118 build/LAN9253_D51_SPI_Indirect_mode/production/_ext/108134065/coeappl.o
                0x20004fb8                ApplicationObjDic

.bss.__malloc_current_mallinfo%10
                0x200050d0       0x28
 .bss.__malloc_current_mallinfo
                0x200050d0       0x28 c:/program files (x86)/microchip/xc32/v2.30/bin/bin/../../lib/gcc/pic32c/6.2.1/../../../../pic32c/lib/v7e-m/fpv4-sp/hard\libc.a(lib_a-mallocr.o)
                0x200050d0                __malloc_current_mallinfo

.data.gau8DummyCntArr%11
                0x200050f8       0x27
 .data.gau8DummyCntArr
                0x200050f8       0x27 build/LAN9253_D51_SPI_Indirect_mode/production/_ext/108147519/LAN925x.o
                0x200050f8                gau8DummyCntArr

.bss._write_back_section%12
                0x20005120       0x20
 .bss._write_back_section
                0x20005120       0x20 build/LAN9253_D51_SPI_Indirect_mode/production/_ext/1865161661/plib_dmac.o

.bss.descriptor_section%13
                0x20005140       0x20
 .bss.descriptor_section
                0x20005140       0x20 build/LAN9253_D51_SPI_Indirect_mode/production/_ext/1865161661/plib_dmac.o

.bss%14         0x20005160       0x1c
 .bss           0x20005160       0x1c c:/program files (x86)/microchip/xc32/v2.30/bin/bin/../../lib/gcc/pic32c/6.2.1/v7e-m/fpv4-sp/hard/crtbegin.o

.data.acDevicename%15
                0x2000517c       0x16
 .data.acDevicename
                0x2000517c       0x16 build/LAN9253_D51_SPI_Indirect_mode/production/_ext/108134065/coeappl.o
                0x2000517c                acDevicename

.data.sIdentity%16
                0x20005194       0x14
 .data.sIdentity
                0x20005194       0x14 build/LAN9253_D51_SPI_Indirect_mode/production/_ext/108134065/coeappl.o
                0x20005194                sIdentity

.data.aSubindexDesc%17
                0x200051a8        0xd
 .data.aSubindexDesc
                0x200051a8        0xd build/LAN9253_D51_SPI_Indirect_mode/production/_ext/108134065/objdef.o
                0x200051a8                aSubindexDesc

.data.sErrorSettings%18
                0x200051b8        0xc
 .data.sErrorSettings
                0x200051b8        0xc build/LAN9253_D51_SPI_Indirect_mode/production/_ext/108134065/objdef.o
                0x200051b8                sErrorSettings

.bss.u64Timestamp%19
                0x200051c8        0x8
 .bss.u64Timestamp
                0x200051c8        0x8 build/LAN9253_D51_SPI_Indirect_mode/production/_ext/108134065/coeappl.o
                0x200051c8                u64Timestamp

.data.sSyncmanagertype%20
                0x200051d0        0x6
 .data.sSyncmanagertype
                0x200051d0        0x6 build/LAN9253_D51_SPI_Indirect_mode/production/_ext/108134065/coeappl.o
                0x200051d0                sSyncmanagertype

.data.u32Devicetype%21
                0x20003da4        0x4
 .data.u32Devicetype
                0x20003da4        0x4 build/LAN9253_D51_SPI_Indirect_mode/production/_ext/108134065/coeappl.o
                0x20003da4                u32Devicetype

.data.acHardwareversion%22
                0x200051c4        0x4
 .data.acHardwareversion
                0x200051c4        0x4 build/LAN9253_D51_SPI_Indirect_mode/production/_ext/108134065/coeappl.o
                0x200051c4                acHardwareversion

.data.acSoftwareversion%23
                0x200051d8        0x4
 .data.acSoftwareversion
                0x200051d8        0x4 build/LAN9253_D51_SPI_Indirect_mode/production/_ext/108134065/coeappl.o
                0x200051d8                acSoftwareversion

.bss.ObjDicList%24
                0x200051dc        0x4
 .bss.ObjDicList
                0x200051dc        0x4 build/LAN9253_D51_SPI_Indirect_mode/production/_ext/108134065/coeappl.o
                0x200051dc                ObjDicList

.bss.SMActivate%25
                0x200051e0        0x4
 .bss.SMActivate
                0x200051e0        0x4 build/LAN9253_D51_SPI_Indirect_mode/production/_ext/108134065/ecatslv.o
                0x200051e0                SMActivate

.data.sRxPDOassign%26
                0x200051e4        0x4
 .data.sRxPDOassign
                0x200051e4        0x4 build/LAN9253_D51_SPI_Indirect_mode/production/_ext/108134065/sample_app.o
                0x200051e4                sRxPDOassign

.data.sTxPDOassign%27
                0x200051e8        0x4
 .data.sTxPDOassign
                0x200051e8        0x4 build/LAN9253_D51_SPI_Indirect_mode/production/_ext/108134065/sample_app.o
                0x200051e8                sTxPDOassign

.bss.gTriggerCounterValMeasure%28
                0x200051ec        0x4
 .bss.gTriggerCounterValMeasure
                0x200051ec        0x4 build/LAN9253_D51_SPI_Indirect_mode/production/_ext/108134065/sample_app.o
                0x200051ec                gTriggerCounterValMeasure

.data.gFOETestFrameSize%29
                0x200051f0        0x4
 .data.gFOETestFrameSize
                0x200051f0        0x4 build/LAN9253_D51_SPI_Indirect_mode/production/_ext/108134065/sample_app.o
                0x200051f0                gFOETestFrameSize

.bss.nFileWriteOffset%30
                0x200051f4        0x4
 .bss.nFileWriteOffset
                0x200051f4        0x4 build/LAN9253_D51_SPI_Indirect_mode/production/_ext/108134065/sample_app.o
                0x200051f4                nFileWriteOffset

.bss.nFileStartWriteAddress%31
                0x200051f8        0x4
 .bss.nFileStartWriteAddress
                0x200051f8        0x4 build/LAN9253_D51_SPI_Indirect_mode/production/_ext/108134065/sample_app.o
                0x200051f8                nFileStartWriteAddress

.bss.u32FileSize%32
                0x200051fc        0x4
 .bss.u32FileSize
                0x200051fc        0x4 build/LAN9253_D51_SPI_Indirect_mode/production/_ext/108134065/sample_app.o
                0x200051fc                u32FileSize

.bss.__malloc_max_sbrked_mem%33
                0x20005200        0x4
 .bss.__malloc_max_sbrked_mem
                0x20005200        0x4 c:/program files (x86)/microchip/xc32/v2.30/bin/bin/../../lib/gcc/pic32c/6.2.1/../../../../pic32c/lib/v7e-m/fpv4-sp/hard\libc.a(lib_a-mallocr.o)
                0x20005200                __malloc_max_sbrked_mem

.bss.__malloc_max_total_mem%34
                0x20005204        0x4
 .bss.__malloc_max_total_mem
                0x20005204        0x4 c:/program files (x86)/microchip/xc32/v2.30/bin/bin/../../lib/gcc/pic32c/6.2.1/../../../../pic32c/lib/v7e-m/fpv4-sp/hard\libc.a(lib_a-mallocr.o)
                0x20005204                __malloc_max_total_mem

.bss.__malloc_top_pad%35
                0x20005208        0x4
 .bss.__malloc_top_pad
                0x20005208        0x4 c:/program files (x86)/microchip/xc32/v2.30/bin/bin/../../lib/gcc/pic32c/6.2.1/../../../../pic32c/lib/v7e-m/fpv4-sp/hard\libc.a(lib_a-mallocr.o)
                0x20005208                __malloc_top_pad

.data.__malloc_sbrk_base%36
                0x2000520c        0x4
 .data.__malloc_sbrk_base
                0x2000520c        0x4 c:/program files (x86)/microchip/xc32/v2.30/bin/bin/../../lib/gcc/pic32c/6.2.1/../../../../pic32c/lib/v7e-m/fpv4-sp/hard\libc.a(lib_a-mallocr.o)
                0x2000520c                __malloc_sbrk_base

.data.__malloc_trim_threshold%37
                0x20005210        0x4
 .data.__malloc_trim_threshold
                0x20005210        0x4 c:/program files (x86)/microchip/xc32/v2.30/bin/bin/../../lib/gcc/pic32c/6.2.1/../../../../pic32c/lib/v7e-m/fpv4-sp/hard\libc.a(lib_a-mallocr.o)
                0x20005210                __malloc_trim_threshold

.data._impure_ptr%38
                0x20005214        0x4
 .data._impure_ptr
                0x20005214        0x4 c:/program files (x86)/microchip/xc32/v2.30/bin/bin/../../lib/gcc/pic32c/6.2.1/../../../../pic32c/lib/v7e-m/fpv4-sp/hard\libc.a(lib_a-impure.o)
                0x20005214                _impure_ptr

.bss%39         0x20005218        0x4
 .bss           0x20005218        0x4 c:/program files (x86)/microchip/xc32/v2.30/bin/bin/../../lib/gcc/pic32c/6.2.1/../../../../pic32c/lib/v7e-m/fpv4-sp/hard\libpic32c.a(sbrk.o)

.bss.nvm_error%40
                0x20005192        0x2
 .bss.nvm_error
                0x20005192        0x2 build/LAN9253_D51_SPI_Indirect_mode/production/_ext/1593096446/plib_nvmctrl.o

.bss.u16ErrorRegister%41
                0x200051d6        0x2
 .bss.u16ErrorRegister
                0x200051d6        0x2 build/LAN9253_D51_SPI_Indirect_mode/production/_ext/108134065/coeappl.o
                0x200051d6                u16ErrorRegister

.bss.isLastByteTransferInProgress.9891%42
                0x2000511f        0x1
 .bss.isLastByteTransferInProgress.9891
                0x2000511f        0x1 build/LAN9253_D51_SPI_Indirect_mode/production/_ext/1865555181/plib_qspi_spi.o

.bss.gchEtherCATQSPITransmission%43
                0x200051b5        0x1
 .bss.gchEtherCATQSPITransmission
                0x200051b5        0x1 build/LAN9253_D51_SPI_Indirect_mode/production/_ext/1671622979/Drivers.o
                0x200051b5                gchEtherCATQSPITransmission

.bss.gbALEvtOpEnabled%44
                0x200051b6        0x1
 .bss.gbALEvtOpEnabled
                0x200051b6        0x1 build/LAN9253_D51_SPI_Indirect_mode/production/_ext/108147519/LAN925x.o
                0x200051b6                gbALEvtOpEnabled

.bss.bInitFinished%45
                0x200051b7        0x1
 .bss.bInitFinished
                0x200051b7        0x1 build/LAN9253_D51_SPI_Indirect_mode/production/_ext/108134065/ecatappl.o
                0x200051b7                bInitFinished

.bss.EepromLoaded%46
                0x2000521c        0x1
 .bss.EepromLoaded
                0x2000521c        0x1 build/LAN9253_D51_SPI_Indirect_mode/production/_ext/108134065/ecatslv.o
                0x2000521c                EepromLoaded

.bss.gFirmwareDownload_Started%47
                0x2000521d        0x1
 .bss.gFirmwareDownload_Started
                0x2000521d        0x1 build/LAN9253_D51_SPI_Indirect_mode/production/_ext/108134065/sample_app.o
                0x2000521d                gFirmwareDownload_Started

.bss.gFirmwareDownload_Finished%48
                0x2000521e        0x1
 .bss.gFirmwareDownload_Finished
                0x2000521e        0x1 build/LAN9253_D51_SPI_Indirect_mode/production/_ext/108134065/sample_app.o
                0x2000521e                gFirmwareDownload_Finished

.bss.bSdoInWork%49
                0x2000521f        0x1
 .bss.bSdoInWork
                0x2000521f        0x1 build/LAN9253_D51_SPI_Indirect_mode/production/_ext/108134065/sdoserv.o
                0x2000521f                bSdoInWork

.eh_frame%z1    0x00000000        0x0
 .eh_frame      0x00000000        0x0 c:/program files (x86)/microchip/xc32/v2.30/bin/bin/../../lib/gcc/pic32c/6.2.1/v7e-m/fpv4-sp/hard/crtbegin.o

.dinit%50       0x00000280     0x1ef0
 .dinit         0x00000280     0x1ef0 data_init

.text.StartInputHandler%51
                0x00002170      0x7e4
 .text.StartInputHandler
                0x00002170      0x7e4 build/LAN9253_D51_SPI_Indirect_mode/production/_ext/108134065/ecatslv.o
                0x00002170                StartInputHandler

.text.AL_ControlInd%52
                0x00002954      0x790
 .text.AL_ControlInd
                0x00002954      0x790 build/LAN9253_D51_SPI_Indirect_mode/production/_ext/108134065/ecatslv.o
                0x00002954                AL_ControlInd

.text.OBJ_Write%53
                0x000030e4      0x710
 .text.OBJ_Write
                0x000030e4      0x710 build/LAN9253_D51_SPI_Indirect_mode/production/_ext/108134065/objdef.o
                0x000030e4                OBJ_Write

.rodata.aName0x1601%54
                0x000037f4      0x6a0
 .rodata.aName0x1601
                0x000037f4      0x6a0 build/LAN9253_D51_SPI_Indirect_mode/production/_ext/108134065/coeappl.o
                0x000037f4                aName0x1601

.rodata.aName0x1A00%55
                0x00003e94      0x6a0
 .rodata.aName0x1A00
                0x00003e94      0x6a0 build/LAN9253_D51_SPI_Indirect_mode/production/_ext/108134065/coeappl.o
                0x00003e94                aName0x1A00

.text.OBJ_Read%56
                0x00004534      0x67c
 .text.OBJ_Read
                0x00004534      0x67c build/LAN9253_D51_SPI_Indirect_mode/production/_ext/108134065/objdef.o
                0x00004534                OBJ_Read

.text.SDOS_SdoInd%57
                0x00004bb0      0x5e4
 .text.SDOS_SdoInd
                0x00004bb0      0x5e4 build/LAN9253_D51_SPI_Indirect_mode/production/_ext/108134065/sdoserv.o
                0x00004bb0                SDOS_SdoInd

.rodata.aName0x7010%58
                0x00005194      0x520
 .rodata.aName0x7010
                0x00005194      0x520 build/LAN9253_D51_SPI_Indirect_mode/production/_ext/108134065/coeappl.o
                0x00005194                aName0x7010

.rodata.aName0x6000%59
                0x000056b4      0x51c
 .rodata.aName0x6000
                0x000056b4      0x51c build/LAN9253_D51_SPI_Indirect_mode/production/_ext/108134065/coeappl.o
                0x000056b4                aName0x6000

.text.FOE_ServiceInd%60
                0x00005bd0      0x488
 .text.FOE_ServiceInd
                0x00005bd0      0x488 build/LAN9253_D51_SPI_Indirect_mode/production/_ext/108134065/ecatfoe.o
                0x00005bd0                FOE_ServiceInd

.text._malloc_r%61
                0x00006058      0x438
 .text._malloc_r
                0x00006058      0x438 c:/program files (x86)/microchip/xc32/v2.30/bin/bin/../../lib/gcc/pic32c/6.2.1/../../../../pic32c/lib/v7e-m/fpv4-sp/hard\libc.a(lib_a-mallocr.o)
                0x00006058                _malloc_r

.text.SDOS_SdoInfoInd%62
                0x00006490      0x434
 .text.SDOS_SdoInfoInd
                0x00006490      0x434 build/LAN9253_D51_SPI_Indirect_mode/production/_ext/108134065/sdoserv.o
                0x00006490                SDOS_SdoInfoInd

.text.SdoDownloadSegmentInd%63
                0x000068c4      0x3b4
 .text.SdoDownloadSegmentInd
                0x000068c4      0x3b4 build/LAN9253_D51_SPI_Indirect_mode/production/_ext/108134065/sdoserv.o

.text.CheckSmSettings%64
                0x00006c78      0x3a4
 .text.CheckSmSettings
                0x00006c78      0x3a4 build/LAN9253_D51_SPI_Indirect_mode/production/_ext/108134065/ecatslv.o
                0x00006c78                CheckSmSettings

.rodata.asEntryDesc0x1601%65
                0x0000701c      0x308
 .rodata.asEntryDesc0x1601
                0x0000701c      0x308 build/LAN9253_D51_SPI_Indirect_mode/production/_ext/108134065/coeappl.o
                0x0000701c                asEntryDesc0x1601

.rodata.asEntryDesc0x1A00%66
                0x00007324      0x308
 .rodata.asEntryDesc0x1A00
                0x00007324      0x308 build/LAN9253_D51_SPI_Indirect_mode/production/_ext/108134065/coeappl.o
                0x00007324                asEntryDesc0x1A00

.rodata.asEntryDesc0x6000%67
                0x0000762c      0x308
 .rodata.asEntryDesc0x6000