Archive member included to satisfy reference by file (symbol)

c:/program files (x86)/microchip/xc32/v2.30/bin/bin/../../lib/gcc/pic32c/6.2.1/../../../../pic32c/lib/v7e-m/fpv4-sp/hard\libpic32c.a(data_init.o)
                              build/LAN9253_D51_SPI_direct_mode/production/_ext/1171490990/startup_xc32.o (__pic32c_data_initialization)
c:/program files (x86)/microchip/xc32/v2.30/bin/bin/../../lib/gcc/pic32c/6.2.1/../../../../pic32c/lib/v7e-m/fpv4-sp/hard\libc.a(lib_a-init.o)
                              build/LAN9253_D51_SPI_direct_mode/production/_ext/1171490990/startup_xc32.o (__libc_init_array)
c:/program files (x86)/microchip/xc32/v2.30/bin/bin/../../lib/gcc/pic32c/6.2.1/../../../../pic32c/lib/v7e-m/fpv4-sp/hard\libc.a(lib_a-malloc.o)
                              build/LAN9253_D51_SPI_direct_mode/production/_ext/108134065/ecatcoe.o (malloc)
c:/program files (x86)/microchip/xc32/v2.30/bin/bin/../../lib/gcc/pic32c/6.2.1/../../../../pic32c/lib/v7e-m/fpv4-sp/hard\libc.a(lib_a-mallocr.o)
                              c:/program files (x86)/microchip/xc32/v2.30/bin/bin/../../lib/gcc/pic32c/6.2.1/../../../../pic32c/lib/v7e-m/fpv4-sp/hard\libc.a(lib_a-malloc.o) (_malloc_r)
c:/program files (x86)/microchip/xc32/v2.30/bin/bin/../../lib/gcc/pic32c/6.2.1/../../../../pic32c/lib/v7e-m/fpv4-sp/hard\libc.a(lib_a-memcpy-stub.o)
                              build/LAN9253_D51_SPI_direct_mode/production/_ext/1593096446/plib_nvmctrl.o (memcpy)
c:/program files (x86)/microchip/xc32/v2.30/bin/bin/../../lib/gcc/pic32c/6.2.1/../../../../pic32c/lib/v7e-m/fpv4-sp/hard\libc.a(lib_a-memset.o)
                              build/LAN9253_D51_SPI_direct_mode/production/_ext/1671622979/Drivers.o (memset)
c:/program files (x86)/microchip/xc32/v2.30/bin/bin/../../lib/gcc/pic32c/6.2.1/../../../../pic32c/lib/v7e-m/fpv4-sp/hard\libc.a(lib_a-mlock.o)
                              c:/program files (x86)/microchip/xc32/v2.30/bin/bin/../../lib/gcc/pic32c/6.2.1/../../../../pic32c/lib/v7e-m/fpv4-sp/hard\libc.a(lib_a-mallocr.o) (__malloc_lock)
c:/program files (x86)/microchip/xc32/v2.30/bin/bin/../../lib/gcc/pic32c/6.2.1/../../../../pic32c/lib/v7e-m/fpv4-sp/hard\libc.a(lib_a-sbrkr.o)
                              c:/program files (x86)/microchip/xc32/v2.30/bin/bin/../../lib/gcc/pic32c/6.2.1/../../../../pic32c/lib/v7e-m/fpv4-sp/hard\libc.a(lib_a-mallocr.o) (_sbrk_r)
c:/program files (x86)/microchip/xc32/v2.30/bin/bin/../../lib/gcc/pic32c/6.2.1/../../../../pic32c/lib/v7e-m/fpv4-sp/hard\libc.a(lib_a-strlen.o)
                              build/LAN9253_D51_SPI_direct_mode/production/_ext/108134065/objdef.o (strlen)
c:/program files (x86)/microchip/xc32/v2.30/bin/bin/../../lib/gcc/pic32c/6.2.1/../../../../pic32c/lib/v7e-m/fpv4-sp/hard\libc.a(lib_a-freer.o)
                              c:/program files (x86)/microchip/xc32/v2.30/bin/bin/../../lib/gcc/pic32c/6.2.1/../../../../pic32c/lib/v7e-m/fpv4-sp/hard\libc.a(lib_a-malloc.o) (_free_r)
c:/program files (x86)/microchip/xc32/v2.30/bin/bin/../../lib/gcc/pic32c/6.2.1/../../../../pic32c/lib/v7e-m/fpv4-sp/hard\libc.a(lib_a-impure.o)
                              c:/program files (x86)/microchip/xc32/v2.30/bin/bin/../../lib/gcc/pic32c/6.2.1/../../../../pic32c/lib/v7e-m/fpv4-sp/hard\libc.a(lib_a-malloc.o) (_impure_ptr)
c:/program files (x86)/microchip/xc32/v2.30/bin/bin/../../lib/gcc/pic32c/6.2.1/../../../../pic32c/lib/v7e-m/fpv4-sp/hard\libc.a(lib_a-reent.o)
                              c:/program files (x86)/microchip/xc32/v2.30/bin/bin/../../lib/gcc/pic32c/6.2.1/../../../../pic32c/lib/v7e-m/fpv4-sp/hard\libc.a(lib_a-sbrkr.o) (errno)
c:/program files (x86)/microchip/xc32/v2.30/bin/bin/../../lib/gcc/pic32c/6.2.1/../../../../pic32c/lib/v7e-m/fpv4-sp/hard\libpic32c.a(sbrk.o)
                              c:/program files (x86)/microchip/xc32/v2.30/bin/bin/../../lib/gcc/pic32c/6.2.1/../../../../pic32c/lib/v7e-m/fpv4-sp/hard\libc.a(lib_a-sbrkr.o) (_sbrk)

Allocating common symbols
Common symbol       size              file

b3BufferMode        0x1               build/LAN9253_D51_SPI_direct_mode/production/_ext/108134065/ecatslv.o
nEcatStateTrans     0x2               build/LAN9253_D51_SPI_direct_mode/production/_ext/108134065/ecatslv.o
EcatWdCounter       0x2               build/LAN9253_D51_SPI_direct_mode/production/_ext/108134065/ecatslv.o
sSendEmcyQueue      0x10              build/LAN9253_D51_SPI_direct_mode/production/_ext/108134065/emcy.o
bApplEsmPending     0x1               build/LAN9253_D51_SPI_direct_mode/production/_ext/108134065/ecatslv.o
pCoeSendStored      0x4               build/LAN9253_D51_SPI_direct_mode/production/_ext/108134065/ecatcoe.o
pAPPL_EEPROM_Store  0x4               build/LAN9253_D51_SPI_direct_mode/production/_ext/108134065/ecatappl.o
nSdoInfoIndex       0x2               build/LAN9253_D51_SPI_direct_mode/production/_ext/108134065/sdoserv.o
pStoreData          0x4               build/LAN9253_D51_SPI_direct_mode/production/_ext/108134065/sdoserv.o
[...]
Memory Configuration

Name             Origin             Length             Attributes
rom              0x00000000         0x00080000         xrl
ram              0x20000000         0x00030000         xw !r
config_00804000  0x00804000         0x00000004
config_00804008  0x00804008         0x00000004
config_00804004  0x00804004         0x00000004
*default*        0x00000000         0xffffffff

Linker script and memory map

LOAD c:/program files (x86)/microchip/xc32/v2.30/bin/bin/../../lib/gcc/pic32c/6.2.1/v7e-m/fpv4-sp/hard/crti.o
LOAD c:/program files (x86)/microchip/xc32/v2.30/bin/bin/../../lib/gcc/pic32c/6.2.1/v7e-m/fpv4-sp/hard/crtbegin.o
LOAD build/LAN9253_D51_SPI_direct_mode/production/_ext/2070931557/drv_spi.o
LOAD build/LAN9253_D51_SPI_direct_mode/production/_ext/1984496892/plib_clock.o
LOAD build/LAN9253_D51_SPI_direct_mode/production/_ext/1865131932/plib_cmcc.o
LOAD build/LAN9253_D51_SPI_direct_mode/production/_ext/1865161661/plib_dmac.o
LOAD build/LAN9253_D51_SPI_direct_mode/production/_ext/60167341/plib_eic.o
LOAD build/LAN9253_D51_SPI_direct_mode/production/_ext/1986646378/plib_evsys.o
LOAD build/LAN9253_D51_SPI_direct_mode/production/_ext/1865468468/plib_nvic.o
LOAD build/LAN9253_D51_SPI_direct_mode/production/_ext/1593096446/plib_nvmctrl.o
LOAD build/LAN9253_D51_SPI_direct_mode/production/_ext/1865521619/plib_port.o
LOAD build/LAN9253_D51_SPI_direct_mode/production/_ext/1865555181/plib_qspi_spi.o
LOAD build/LAN9253_D51_SPI_direct_mode/production/_ext/1865555181/plib_qspi.o
LOAD build/LAN9253_D51_SPI_direct_mode/production/_ext/1827571544/plib_systick.o
LOAD build/LAN9253_D51_SPI_direct_mode/production/_ext/163028504/xc32_monitor.o
LOAD build/LAN9253_D51_SPI_direct_mode/production/_ext/1014039709/sys_cache.o
LOAD build/LAN9253_D51_SPI_direct_mode/production/_ext/14461671/sys_dma.o
LOAD build/LAN9253_D51_SPI_direct_mode/production/_ext/1881668453/sys_int.o
LOAD build/LAN9253_D51_SPI_direct_mode/production/_ext/1171490990/exceptions.o
LOAD build/LAN9253_D51_SPI_direct_mode/production/_ext/1171490990/initialization.o
LOAD build/LAN9253_D51_SPI_direct_mode/production/_ext/1171490990/interrupts.o
LOAD build/LAN9253_D51_SPI_direct_mode/production/_ext/1171490990/libc_syscalls.o
LOAD build/LAN9253_D51_SPI_direct_mode/production/_ext/1171490990/startup_xc32.o
LOAD build/LAN9253_D51_SPI_direct_mode/production/_ext/1171490990/tasks.o
LOAD build/LAN9253_D51_SPI_direct_mode/production/_ext/1671622979/Drivers.o
LOAD build/LAN9253_D51_SPI_direct_mode/production/_ext/108147519/ESC_Utils.o
LOAD build/LAN9253_D51_SPI_direct_mode/production/_ext/108147519/LAN925x.o
LOAD build/LAN9253_D51_SPI_direct_mode/production/_ext/108134065/bootmode.o
LOAD build/LAN9253_D51_SPI_direct_mode/production/_ext/108134065/coeappl.o
LOAD build/LAN9253_D51_SPI_direct_mode/production/_ext/108134065/ecatappl.o
LOAD build/LAN9253_D51_SPI_direct_mode/production/_ext/108134065/ecatcoe.o
LOAD build/LAN9253_D51_SPI_direct_mode/production/_ext/108134065/ecatfoe.o
LOAD build/LAN9253_D51_SPI_direct_mode/production/_ext/108134065/ecatslv.o
LOAD build/LAN9253_D51_SPI_direct_mode/production/_ext/108134065/emcy.o
LOAD build/LAN9253_D51_SPI_direct_mode/production/_ext/108134065/foeappl.o
LOAD build/LAN9253_D51_SPI_direct_mode/production/_ext/108134065/mailbox.o
LOAD build/LAN9253_D51_SPI_direct_mode/production/_ext/108134065/objdef.o
LOAD build/LAN9253_D51_SPI_direct_mode/production/_ext/108134065/sample_app.o
LOAD build/LAN9253_D51_SPI_direct_mode/production/_ext/108134065/sdoserv.o
LOAD build/LAN9253_D51_SPI_direct_mode/production/_ext/1360937237/main.o
LOAD build/LAN9253_D51_SPI_direct_mode/production/_ext/1360937237/app.o
LOAD build/LAN9253_D51_SPI_direct_mode/production/_ext/1360937237/Developer_Test.o
                0x00000001                __MPLAB_BUILD = 0x1
                0x00000200                _min_heap_size = 0x200
START GROUP
LOAD c:/program files (x86)/microchip/xc32/v2.30/bin/bin/../../lib/gcc/pic32c/6.2.1/../../../../pic32c/lib/v7e-m/fpv4-sp/hard\libpic32c.a
LOAD c:/program files (x86)/microchip/xc32/v2.30/bin/bin/../../lib/gcc/pic32c/6.2.1/v7e-m/fpv4-sp/hard\libgcc.a
LOAD c:/program files (x86)/microchip/xc32/v2.30/bin/bin/../../lib/gcc/pic32c/6.2.1/../../../../pic32c/lib/v7e-m/fpv4-sp/hard\libc.a
LOAD c:/program files (x86)/microchip/xc32/v2.30/bin/bin/../../lib/gcc/pic32c/6.2.1/../../../../pic32c/lib/v7e-m/fpv4-sp/hard\libm.a
END GROUP
LOAD c:/program files (x86)/microchip/xc32/v2.30/bin/bin/../../lib/gcc/pic32c/6.2.1/v7e-m/fpv4-sp/hard/crtend.o
LOAD c:/program files (x86)/microchip/xc32/v2.30/bin/bin/../../lib/gcc/pic32c/6.2.1/v7e-m/fpv4-sp/hard/crtn.o
                0x00080000                __rom_end = (ORIGIN (rom) + LENGTH (rom))
                0x20030000                __ram_end = (ORIGIN (ram) + LENGTH (ram))

.config_00804000
 *(.config_00804000)

.config_00804008
 *(.config_00804008)

.config_00804004
 *(.config_00804004)

.vectors        0x00000000      0x260
                0x00000000                . = ALIGN (0x4)
                0x00000000                _sfixed = .
 *(.vectors .vectors.* .vectors_default .vectors_default.*)
 .vectors       0x00000000      0x260 build/LAN9253_D51_SPI_direct_mode/production/_ext/1171490990/interrupts.o
                0x00000000                exception_table
 *(.isr_vector)
 *(.reset*)
 *(.after_vectors)

.text           0x00000260       0x20
                0x00000260                . = ALIGN (0x4)
 *(.glue_7t)
 .glue_7t       0x00000260        0x0 linker stubs
 *(.glue_7)
 .glue_7        0x00000260        0x0 linker stubs
 *(.gnu.linkonce.r.*)
 *(.ARM.extab* .gnu.linkonce.armextab.*)
                0x00000260                . = ALIGN (0x4)
 *(.init)
 .init          0x00000260        0x4 c:/program files (x86)/microchip/xc32/v2.30/bin/bin/../../lib/gcc/pic32c/6.2.1/v7e-m/fpv4-sp/hard/crti.o
                0x00000260                _init
 .init          0x00000264        0x8 c:/program files (x86)/microchip/xc32/v2.30/bin/bin/../../lib/gcc/pic32c/6.2.1/v7e-m/fpv4-sp/hard/crtn.o
                0x0000026c                . = ALIGN (0x4)
                0x0000026c                __preinit_array_start = .
 *(.preinit_array)
                0x0000026c                __preinit_array_end = .
                0x0000026c                . = ALIGN (0x4)
                0x0000026c                __init_array_start = .
 *(SORT(.init_array.*))
 *(.init_array)
 .init_array    0x0000026c        0x4 c:/program files (x86)/microchip/xc32/v2.30/bin/bin/../../lib/gcc/pic32c/6.2.1/v7e-m/fpv4-sp/hard/crtbegin.o
                0x00000270                __init_array_end = .
                0x00000270                . = ALIGN (0x4)
 *crtbegin.o(.ctors)
 *(EXCLUDE_FILE(*crtend.o) .ctors)
 *(SORT(.ctors.*))
 *crtend.o(.ctors)
                0x00000270                . = ALIGN (0x4)
 *(.fini)
 .fini          0x00000270        0x4 c:/program files (x86)/microchip/xc32/v2.30/bin/bin/../../lib/gcc/pic32c/6.2.1/v7e-m/fpv4-sp/hard/crti.o
                0x00000270                _fini
 .fini          0x00000274        0x8 c:/program files (x86)/microchip/xc32/v2.30/bin/bin/../../lib/gcc/pic32c/6.2.1/v7e-m/fpv4-sp/hard/crtn.o
                0x0000027c                . = ALIGN (0x4)
                0x0000027c                __fini_array_start = .
 *(.fini_array)
 .fini_array    0x0000027c        0x4 c:/program files (x86)/microchip/xc32/v2.30/bin/bin/../../lib/gcc/pic32c/6.2.1/v7e-m/fpv4-sp/hard/crtbegin.o
 *(SORT(.fini_array.*))
                0x00000280                __fini_array_end = .
 *crtbegin.o(.dtors)
 *(EXCLUDE_FILE(*crtend.o) .dtors)
 *(SORT(.dtors.*))
 *crtend.o(.dtors)
                0x00000280                . = ALIGN (0x4)
                0x00000280                _efixed = .
                [!provide]                PROVIDE (__exidx_start, .)

.ARM.exidx
 *(.ARM.exidx* .gnu.linkonce.armexidx.*)
                [!provide]                PROVIDE (__exidx_end, .)
                0x00000280                . = ALIGN (0x4)
                0x00000280                _etext = .

.bss            0x20000000     0x3dd4
                0x20000000                . = ALIGN (0x4)
                0x20000000                __bss_start__ = .
                0x20000000                _sbss = .
                0x20000000                _szero = .
 *(COMMON)
 COMMON         0x20000000       0x20 build/LAN9253_D51_SPI_direct_mode/production/_ext/2070931557/drv_spi.o
                0x20000000                transferTxHandle
                0x20000004                transferRxHandle
                0x20000008                setup
                0x2000001c                transferTxRxHandle
 COMMON         0x20000020       0x20 build/LAN9253_D51_SPI_direct_mode/production/_ext/1865161661/plib_dmac.o
                0x20000020                dmacChannelObj
 COMMON         0x20000040       0xc0 build/LAN9253_D51_SPI_direct_mode/production/_ext/60167341/plib_eic.o
                0x20000040                eicCallbackObject
 COMMON         0x20000100       0x28 build/LAN9253_D51_SPI_direct_mode/production/_ext/1865555181/plib_qspi_spi.o
                0x20000100                qspiObj
 COMMON         0x20000128        0xc build/LAN9253_D51_SPI_direct_mode/production/_ext/1827571544/plib_systick.o
                0x20000128                systick
 COMMON         0x20000134        0x8 build/LAN9253_D51_SPI_direct_mode/production/_ext/1171490990/initialization.o
                0x20000134                handle
                0x20000138                sysObj
 COMMON         0x2000013c      0x805 build/LAN9253_D51_SPI_direct_mode/production/_ext/1671622979/Drivers.o
                0x2000013c                gau8DmaBuff
                0x2000093c                gau8ALeventstore
 *fill*         0x20000941        0x3 
 COMMON         0x20000944        0x2 build/LAN9253_D51_SPI_direct_mode/production/_ext/108147519/LAN925x.o
                0x20000944                gEscALEvent
 *fill*         0x20000946        0x2 
 COMMON         0x20000948        0x8 build/LAN9253_D51_SPI_direct_mode/production/_ext/108134065/coeappl.o
                0x20000948                u32LastDc32Value
                0x2000094c                u32CheckForDcOverrunCnt
 COMMON         0x20000950     0x1258 build/LAN9253_D51_SPI_direct_mode/production/_ext/108134065/ecatappl.o
                0x20000950                pAPPL_EEPROM_Store
                0x20000954                bMinCycleTimeMeasurementStarted
                0x20000958                u32CycleTimeStartValue
                0x2000095c                pAPPL_EEPROM_Read
                0x20000960                pAPPL_EEPROM_Write
                0x20000964                bRunApplication
                0x20000968                u32SystemTimeReadFailure
                0x2000096c                bEcatWaitForInputUpdate
                0x20000970                u32MinCycleTimeValue
                0x20000974                aPdOutputData
                0x20001274                pAPPL_FoeError
                0x20001278                u16EepromStoreTimeoutCounter
                0x2000127a                EepromReadSize
                0x2000127c                pAPPL_FoeReadData
                0x20001280                pAPPL_MainLoop
                0x20001284                bEtherCATErrorLed
                0x20001288                u32MinCycleTimeStartValue
                0x2000128c                aPdInputData
                0x20001b8c                pEEPROM
                0x20001b90                bEtherCATRunLed
                0x20001b94                pAPPL_FoeWriteData
                0x20001b98                pAPPL_EEPROM_Reload
                0x20001b9c                pAPPL_FoeRead
                0x20001ba0                u16EepromStoreTimeoutValue
                0x20001ba4                pAPPL_FoeWrite
 COMMON         0x20001ba8        0x4 build/LAN9253_D51_SPI_direct_mode/production/_ext/108134065/ecatcoe.o
                0x20001ba8                pCoeSendStored
 COMMON         0x20001bac       0x16 build/LAN9253_D51_SPI_direct_mode/production/_ext/108134065/ecatfoe.o
                0x20001bac                u32FileOffset
                0x20001bb0                u16FileAccessState
                0x20001bb4                u32PacketNo
                0x20001bb8                pFoeSendStored
                0x20001bbc                u32LastFileOffset
                0x20001bc0                u16FoeMaxSendBlockSize
 *fill*         0x20001bc2        0x2 
 COMMON         0x20001bc4       0x52 build/LAN9253_D51_SPI_direct_mode/production/_ext/108134065/ecatslv.o
                0x20001bc4                b3BufferMode
                0x20001bc6                nEcatStateTrans
                0x20001bc8                EcatWdCounter
                0x20001bca                bApplEsmPending
                0x20001bcb                nAlStatus
                0x20001bcc                nPdOutputSize
                0x20001bce                u16LocalErrorCode
                0x20001bd0                Sync0WdCounter
                0x20001bd2                bLocalErrorFlag
                0x20001bd4                LatchInputSync0Counter
                0x20001bd6                i16WaitForPllRunningCnt
                0x20001bd8                nEscAddrOutputData
                0x20001bda                Sync0WdValue
                0x20001bdc                u8EcatRunLed
                0x20001bde                i16WaitForPllRunningTimeout
                0x20001be0                Sync1WdValue
                0x20001be2                u16ALEventMask
                0x20001be4                bDcRunning
                0x20001be8                u32dummy
                0x20001bec                SyncManInfo
                0x20001bf4                b32BitDc
                0x20001bf6                LatchInputSync0Value
                0x20001bf8                bEcatWaitForAlControlRes
                0x20001bfa                nPdInputSize
                0x20001bfc                u16SmSync0Value
                0x20001bfe                nMaxEscAddress
                0x20001c00                bEcatFirstOutputsReceived
                0x20001c01                bSmSyncSequenceValid
                0x20001c02                EsmTimeoutCounter
                0x20001c04                bBootMode
                0x20001c05                bDcSyncActive
                0x20001c06                bEcatOutputUpdateRunning
                0x20001c08                Sync1WdCounter
                0x20001c0a                EcatWdValue
                0x20001c0c                bEcatInputUpdateRunning
                0x20001c0d                bEscIntEnabled
                0x20001c0e                bWdTrigger
                0x20001c10                u16SmSync0Counter
                0x20001c12                nMaxSyncMan
                0x20001c13                u8EcatErrorLed
                0x20001c14                nEscAddrInputData
 *fill*         0x20001c16        0x2 
 COMMON         0x20001c18       0x28 build/LAN9253_D51_SPI_direct_mode/production/_ext/108134065/emcy.o
                0x20001c18                sSendEmcyQueue
                0x20001c28                asEmcy
                0x20001c30                sEmptyEmcyQueue
 COMMON         0x20001c40       0x94 build/LAN9253_D51_SPI_direct_mode/production/_ext/108134065/mailbox.o
                0x20001c40                u8MbxReadCounter
                0x20001c44                sMbxSendQueue
                0x20001c78                sMbxReceiveQueue
                0x20001cac                bNoMbxMemoryAvailable
                0x20001cad                bSendMbxIsFull
                0x20001cae                bMbxRunning
                0x20001cb0                u16EscAddrReceiveMbx
                0x20001cb4                psStoreMbx
                0x20001cb8                u16SendMbxSize
                0x20001cbc                psReadMbx
                0x20001cc0                bReceiveMbxIsLocked
                0x20001cc2                u16EscAddrSendMbx
                0x20001cc4                psWriteMbx
                0x20001cc8                u8MbxWriteCounter
                0x20001cc9                u8MailboxSendReqStored
                0x20001cca                u16ReceiveMbxSize
                0x20001ccc                bMbxRepeatToggle
                0x20001cd0                psRepeatMbx
 COMMON         0x20001cd4       0x8e build/LAN9253_D51_SPI_direct_mode/production/_ext/108134065/objdef.o
                0x20001cd4                sSyncManInPar
                0x20001d18                sSyncManOutPar
                0x20001d5c                bSyncSetByUser
                0x20001d60                sCycleDiag
 *fill*         0x20001d62        0x2 
 COMMON         0x20001d64     0x2016 build/LAN9253_D51_SPI_direct_mode/production/_ext/108134065/sample_app.o
                0x20001d64                aFileData
                0x20003d64                aFileName
 *fill*         0x20003d7a        0x2 
 COMMON         0x20003d7c       0x4d build/LAN9253_D51_SPI_direct_mode/production/_ext/108134065/sdoserv.o
                0x20003d7c                nSdoInfoIndex
                0x20003d80                pStoreData
                0x20003d84                nSdoSegBytesToHandle
                0x20003d88                bSdoSegAccess
                0x20003d89                bSdoSegFollows
                0x20003d8c                nSdoSegCompleteSize
                0x20003d90                pSdoPendFunc
                0x20003d94                u8PendingSdo
                0x20003d95                bStoreCompleteAccess
                0x20003d96                bSdoSegLastToggle
                0x20003d97                nSdoSegService
                0x20003d98                pSdoInfoObjEntry
                0x20003d9c                nSdoInfoFragmentsLeft
                0x20003da0                pSdoResStored
                0x20003da4                u32StoreDataSize
                0x20003da8                pSdoSegData
                0x20003dac                nSdoSegIndex
                0x20003db0                aSdoInfoHeader
                0x20003dc0                pSdoSegObjEntry
                0x20003dc4                nSdoSegSubindex
                0x20003dc6                u16StoreIndex
                0x20003dc8                u8StoreSubindex
 *fill*         0x20003dc9        0x3 
 COMMON         0x20003dcc        0x1 build/LAN9253_D51_SPI_direct_mode/production/_ext/1360937237/app.o
                0x20003dcc                appData
 *fill*         0x20003dcd        0x3 
 COMMON         0x20003dd0        0x4 c:/program files (x86)/microchip/xc32/v2.30/bin/bin/../../lib/gcc/pic32c/6.2.1/../../../../pic32c/lib/v7e-m/fpv4-sp/hard\libc.a(lib_a-reent.o)
                0x20003dd0                errno
                0x20003dd4                . = ALIGN (0x4)
                0x20003dd4                __bss_end__ = .
                0x20003dd4                _ebss = .
                0x20003dd4                _ezero = .
                0x20003dd4                . = ALIGN (0x4)
                0x20003dd4                _end = .
                0x2002ffff                _ram_end_ = ((ORIGIN (ram) + LENGTH (ram)) - 0x1)
OUTPUT(dist/LAN9253_D51_SPI_direct_mode/production/ESF_EVB_LAN9253.production.elf elf32-littlearm)
LOAD stack
LOAD data_init

.ARM.attributes
                0x00000000       0x30
 .ARM.attributes
                0x00000000       0x22 c:/program files (x86)/microchip/xc32/v2.30/bin/bin/../../lib/gcc/pic32c/6.2.1/v7e-m/fpv4-sp/hard/crti.o
 .ARM.attributes
                0x00000022       0x34 c:/program files (x86)/microchip/xc32/v2.30/bin/bin/../../lib/gcc/pic32c/6.2.1/v7e-m/fpv4-sp/hard/crtbegin.o
 .ARM.attributes
                0x00000056       0x39 build/LAN9253_D51_SPI_direct_mode/production/_ext/2070931557/drv_spi.o
 .ARM.attributes
                0x0000008f       0x39 build/LAN9253_D51_SPI_direct_mode/production/_ext/1984496892/plib_clock.o
 .ARM.attributes
                0x000000c8       0x39 build/LAN9253_D51_SPI_direct_mode/production/_ext/1865161661/plib_dmac.o
 .ARM.attributes
                0x00000101       0x39 build/LAN9253_D51_SPI_direct_mode/production/_ext/60167341/plib_eic.o
 .ARM.attributes
                0x0000013a       0x39 build/LAN9253_D51_SPI_direct_mode/production/_ext/1986646378/plib_evsys.o
 .ARM.attributes
                0x00000173       0x39 build/LAN9253_D51_SPI_direct_mode/production/_ext/1865468468/plib_nvic.o
 .ARM.attributes
                0x000001ac       0x39 build/LAN9253_D51_SPI_direct_mode/production/_ext/1593096446/plib_nvmctrl.o
 .ARM.attributes
                0x000001e5       0x39 build/LAN9253_D51_SPI_direct_mode/production/_ext/1865521619/plib_port.o
 .ARM.attributes
                0x0000021e       0x39 build/LAN9253_D51_SPI_direct_mode/production/_ext/1865555181/plib_qspi_spi.o
 .ARM.attributes
                0x00000257       0x39 build/LAN9253_D51_SPI_direct_mode/production/_ext/1827571544/plib_systick.o
 .ARM.attributes
                0x00000290       0x39 build/LAN9253_D51_SPI_direct_mode/production/_ext/14461671/sys_dma.o
 .ARM.attributes
                0x000002c9       0x39 build/LAN9253_D51_SPI_direct_mode/production/_ext/1881668453/sys_int.o
 .ARM.attributes
                0x00000302       0x39 build/LAN9253_D51_SPI_direct_mode/production/_ext/1171490990/exceptions.o
 .ARM.attributes
                0x0000033b       0x39 build/LAN9253_D51_SPI_direct_mode/production/_ext/1171490990/initialization.o
 .ARM.attributes
                0x00000374       0x39 build/LAN9253_D51_SPI_direct_mode/production/_ext/1171490990/interrupts.o
 .ARM.attributes
                0x000003ad       0x39 build/LAN9253_D51_SPI_direct_mode/production/_ext/1171490990/startup_xc32.o
 .ARM.attributes
                0x000003e6       0x39 build/LAN9253_D51_SPI_direct_mode/production/_ext/1171490990/tasks.o
 .ARM.attributes
                0x0000041f       0x39 build/LAN9253_D51_SPI_direct_mode/production/_ext/1671622979/Drivers.o
 .ARM.attributes
                0x00000458       0x39 build/LAN9253_D51_SPI_direct_mode/production/_ext/108147519/ESC_Utils.o
 .ARM.attributes
                0x00000491       0x39 build/LAN9253_D51_SPI_direct_mode/production/_ext/108147519/LAN925x.o
 .ARM.attributes
                0x000004ca       0x39 build/LAN9253_D51_SPI_direct_mode/production/_ext/108134065/bootmode.o
 .ARM.attributes
                0x00000503       0x39 build/LAN9253_D51_SPI_direct_mode/production/_ext/108134065/coeappl.o
 .ARM.attributes
                0x0000053c       0x39 build/LAN9253_D51_SPI_direct_mode/production/_ext/108134065/ecatappl.o
 .ARM.attributes
                0x00000575       0x39 build/LAN9253_D51_SPI_direct_mode/production/_ext/108134065/ecatcoe.o
 .ARM.attributes
                0x000005ae       0x39 build/LAN9253_D51_SPI_direct_mode/production/_ext/108134065/ecatfoe.o
 .ARM.attributes
                0x000005e7       0x39 build/LAN9253_D51_SPI_direct_mode/production/_ext/108134065/ecatslv.o
 .ARM.attributes
                0x00000620       0x39 build/LAN9253_D51_SPI_direct_mode/production/_ext/108134065/emcy.o
 .ARM.attributes
                0x00000659       0x39 build/LAN9253_D51_SPI_direct_mode/production/_ext/108134065/foeappl.o
 .ARM.attributes
                0x00000692       0x39 build/LAN9253_D51_SPI_direct_mode/production/_ext/108134065/mailbox.o
 .ARM.attributes
                0x000006cb       0x39 build/LAN9253_D51_SPI_direct_mode/production/_ext/108134065/objdef.o
 .ARM.attributes
                0x00000704       0x39 build/LAN9253_D51_SPI_direct_mode/production/_ext/108134065/sample_app.o
 .ARM.attributes
                0x0000073d       0x39 build/LAN9253_D51_SPI_direct_mode/production/_ext/108134065/sdoserv.o
 .ARM.attributes
                0x00000776       0x39 build/LAN9253_D51_SPI_direct_mode/production/_ext/1360937237/main.o
 .ARM.attributes
                0x000007af       0x39 build/LAN9253_D51_SPI_direct_mode/production/_ext/1360937237/app.o
 .ARM.attributes
                0x000007e8       0x34 c:/program files (x86)/microchip/xc32/v2.30/bin/bin/../../lib/gcc/pic32c/6.2.1/../../../../pic32c/lib/v7e-m/fpv4-sp/hard\libpic32c.a(data_init.o)
 .ARM.attributes
                0x0000081c       0x34 c:/program files (x86)/microchip/xc32/v2.30/bin/bin/../../lib/gcc/pic32c/6.2.1/../../../../pic32c/lib/v7e-m/fpv4-sp/hard\libc.a(lib_a-init.o)
 .ARM.attributes
                0x00000850       0x34 c:/program files (x86)/microchip/xc32/v2.30/bin/bin/../../lib/gcc/pic32c/6.2.1/../../../../pic32c/lib/v7e-m/fpv4-sp/hard\libc.a(lib_a-malloc.o)
 .ARM.attributes
                0x00000884       0x34 c:/program files (x86)/microchip/xc32/v2.30/bin/bin/../../lib/gcc/pic32c/6.2.1/../../../../pic32c/lib/v7e-m/fpv4-sp/hard\libc.a(lib_a-mallocr.o)
 .ARM.attributes
                0x000008b8       0x34 c:/program files (x86)/microchip/xc32/v2.30/bin/bin/../../lib/gcc/pic32c/6.2.1/../../../../pic32c/lib/v7e-m/fpv4-sp/hard\libc.a(lib_a-memcpy-stub.o)
 .ARM.attributes
                0x000008ec       0x34 c:/program files (x86)/microchip/xc32/v2.30/bin/bin/../../lib/gcc/pic32c/6.2.1/../../../../pic32c/lib/v7e-m/fpv4-sp/hard\libc.a(lib_a-memset.o)
 .ARM.attributes
                0x00000920       0x34 c:/program files (x86)/microchip/xc32/v2.30/bin/bin/../../lib/gcc/pic32c/6.2.1/../../../../pic32c/lib/v7e-m/fpv4-sp/hard\libc.a(lib_a-mlock.o)
 .ARM.attributes
                0x00000954       0x34 c:/program files (x86)/microchip/xc32/v2.30/bin/bin/../../lib/gcc/pic32c/6.2.1/../../../../pic32c/lib/v7e-m/fpv4-sp/hard\libc.a(lib_a-sbrkr.o)
 .ARM.attributes
                0x00000988       0x1b c:/program files (x86)/microchip/xc32/v2.30/bin/bin/../../lib/gcc/pic32c/6.2.1/../../../../pic32c/lib/v7e-m/fpv4-sp/hard\libc.a(lib_a-strlen.o)
 .ARM.attributes
                0x000009a3       0x34 c:/program files (x86)/microchip/xc32/v2.30/bin/bin/../../lib/gcc/pic32c/6.2.1/../../../../pic32c/lib/v7e-m/fpv4-sp/hard\libc.a(lib_a-freer.o)
 .ARM.attributes
                0x000009d7       0x34 c:/program files (x86)/microchip/xc32/v2.30/bin/bin/../../lib/gcc/pic32c/6.2.1/../../../../pic32c/lib/v7e-m/fpv4-sp/hard\libc.a(lib_a-impure.o)
 .ARM.attributes
                0x00000a0b       0x34 c:/program files (x86)/microchip/xc32/v2.30/bin/bin/../../lib/gcc/pic32c/6.2.1/../../../../pic32c/lib/v7e-m/fpv4-sp/hard\libc.a(lib_a-reent.o)
 .ARM.attributes
                0x00000a3f       0x34 c:/program files (x86)/microchip/xc32/v2.30/bin/bin/../../lib/gcc/pic32c/6.2.1/../../../../pic32c/lib/v7e-m/fpv4-sp/hard\libpic32c.a(sbrk.o)
 .ARM.attributes
                0x00000a73       0x22 c:/program files (x86)/microchip/xc32/v2.30/bin/bin/../../lib/gcc/pic32c/6.2.1/v7e-m/fpv4-sp/hard/crtn.o

.comment        0x00000000       0x3c
 .comment       0x00000000       0x3c c:/program files (x86)/microchip/xc32/v2.30/bin/bin/../../lib/gcc/pic32c/6.2.1/v7e-m/fpv4-sp/hard/crtbegin.o
                                 0x3d (size before relaxing)
 .comment       0x0000003c       0x3d build/LAN9253_D51_SPI_direct_mode/production/_ext/2070931557/drv_spi.o
 .comment       0x0000003c       0x3d build/LAN9253_D51_SPI_direct_mode/production/_ext/1984496892/plib_clock.o
 .comment       0x0000003c       0x3d build/LAN9253_D51_SPI_direct_mode/production/_ext/1865161661/plib_dmac.o
 .comment       0x0000003c       0x3d build/LAN9253_D51_SPI_direct_mode/production/_ext/60167341/plib_eic.o
 .comment       0x0000003c       0x3d build/LAN9253_D51_SPI_direct_mode/production/_ext/1986646378/plib_evsys.o
 .comment       0x0000003c       0x3d build/LAN9253_D51_SPI_direct_mode/production/_ext/1865468468/plib_nvic.o
 .comment       0x0000003c       0x3d build/LAN9253_D51_SPI_direct_mode/production/_ext/1593096446/plib_nvmctrl.o
 .comment       0x0000003c       0x3d build/LAN9253_D51_SPI_direct_mode/production/_ext/1865521619/plib_port.o
 .comment       0x0000003c       0x3d build/LAN9253_D51_SPI_direct_mode/production/_ext/1865555181/plib_qspi_spi.o
 .comment       0x0000003c       0x3d build/LAN9253_D51_SPI_direct_mode/production/_ext/1827571544/plib_systick.o
 .comment       0x0000003c       0x3d build/LAN9253_D51_SPI_direct_mode/production/_ext/14461671/sys_dma.o
 .comment       0x0000003c       0x3d build/LAN9253_D51_SPI_direct_mode/production/_ext/1881668453/sys_int.o
 .comment       0x0000003c       0x3d build/LAN9253_D51_SPI_direct_mode/production/_ext/1171490990/exceptions.o
 .comment       0x0000003c       0x3d build/LAN9253_D51_SPI_direct_mode/production/_ext/1171490990/initialization.o
 .comment       0x0000003c       0x3d build/LAN9253_D51_SPI_direct_mode/production/_ext/1171490990/interrupts.o
 .comment       0x0000003c       0x3d build/LAN9253_D51_SPI_direct_mode/production/_ext/1171490990/startup_xc32.o
 .comment       0x0000003c       0x3d build/LAN9253_D51_SPI_direct_mode/production/_ext/1171490990/tasks.o
 .comment       0x0000003c       0x3d build/LAN9253_D51_SPI_direct_mode/production/_ext/1671622979/Drivers.o
 .comment       0x0000003c       0x3d build/LAN9253_D51_SPI_direct_mode/production/_ext/108147519/ESC_Utils.o
 .comment       0x0000003c       0x3d build/LAN9253_D51_SPI_direct_mode/production/_ext/108147519/LAN925x.o
 .comment       0x0000003c       0x3d build/LAN9253_D51_SPI_direct_mode/production/_ext/108134065/bootmode.o
 .comment       0x0000003c       0x3d build/LAN9253_D51_SPI_direct_mode/production/_ext/108134065/coeappl.o
 .comment       0x0000003c       0x3d build/LAN9253_D51_SPI_direct_mode/production/_ext/108134065/ecatappl.o
 .comment       0x0000003c       0x3d build/LAN9253_D51_SPI_direct_mode/production/_ext/108134065/ecatcoe.o
 .comment       0x0000003c       0x3d build/LAN9253_D51_SPI_direct_mode/production/_ext/108134065/ecatfoe.o
 .comment       0x0000003c       0x3d build/LAN9253_D51_SPI_direct_mode/production/_ext/108134065/ecatslv.o
 .comment       0x0000003c       0x3d build/LAN9253_D51_SPI_direct_mode/production/_ext/108134065/emcy.o
 .comment       0x0000003c       0x3d build/LAN9253_D51_SPI_direct_mode/production/_ext/108134065/foeappl.o
 .comment       0x0000003c       0x3d build/LAN9253_D51_SPI_direct_mode/production/_ext/108134065/mailbox.o
 .comment       0x0000003c       0x3d build/LAN9253_D51_SPI_direct_mode/production/_ext/108134065/objdef.o
 .comment       0x0000003c       0x3d build/LAN9253_D51_SPI_direct_mode/production/_ext/108134065/sample_app.o
 .comment       0x0000003c       0x3d build/LAN9253_D51_SPI_direct_mode/production/_ext/108134065/sdoserv.o
 .comment       0x0000003c       0x3d build/LAN9253_D51_SPI_direct_mode/production/_ext/1360937237/main.o
 .comment       0x0000003c       0x3d build/LAN9253_D51_SPI_direct_mode/production/_ext/1360937237/app.o
 .comment       0x0000003c       0x3d c:/program files (x86)/microchip/xc32/v2.30/bin/bin/../../lib/gcc/pic32c/6.2.1/../../../../pic32c/lib/v7e-m/fpv4-sp/hard\libpic32c.a(data_init.o)
 .comment       0x0000003c       0x3d c:/program files (x86)/microchip/xc32/v2.30/bin/bin/../../lib/gcc/pic32c/6.2.1/../../../../pic32c/lib/v7e-m/fpv4-sp/hard\libc.a(lib_a-init.o)
 .comment       0x0000003c       0x3d c:/program files (x86)/microchip/xc32/v2.30/bin/bin/../../lib/gcc/pic32c/6.2.1/../../../../pic32c/lib/v7e-m/fpv4-sp/hard\libc.a(lib_a-malloc.o)
 .comment       0x0000003c       0x3d c:/program files (x86)/microchip/xc32/v2.30/bin/bin/../../lib/gcc/pic32c/6.2.1/../../../../pic32c/lib/v7e-m/fpv4-sp/hard\libc.a(lib_a-mallocr.o)
 .comment       0x0000003c       0x3d c:/program files (x86)/microchip/xc32/v2.30/bin/bin/../../lib/gcc/pic32c/6.2.1/../../../../pic32c/lib/v7e-m/fpv4-sp/hard\libc.a(lib_a-memcpy-stub.o)
 .comment       0x0000003c       0x3d c:/program files (x86)/microchip/xc32/v2.30/bin/bin/../../lib/gcc/pic32c/6.2.1/../../../../pic32c/lib/v7e-m/fpv4-sp/hard\libc.a(lib_a-memset.o)
 .comment       0x0000003c       0x3d c:/program files (x86)/microchip/xc32/v2.30/bin/bin/../../lib/gcc/pic32c/6.2.1/../../../../pic32c/lib/v7e-m/fpv4-sp/hard\libc.a(lib_a-mlock.o)
 .comment       0x0000003c       0x3d c:/program files (x86)/microchip/xc32/v2.30/bin/bin/../../lib/gcc/pic32c/6.2.1/../../../../pic32c/lib/v7e-m/fpv4-sp/hard\libc.a(lib_a-sbrkr.o)
 .comment       0x0000003c       0x3d c:/program files (x86)/microchip/xc32/v2.30/bin/bin/../../lib/gcc/pic32c/6.2.1/../../../../pic32c/lib/v7e-m/fpv4-sp/hard\libc.a(lib_a-freer.o)
 .comment       0x0000003c       0x3d c:/program files (x86)/microchip/xc32/v2.30/bin/bin/../../lib/gcc/pic32c/6.2.1/../../../../pic32c/lib/v7e-m/fpv4-sp/hard\libc.a(lib_a-impure.o)
 .comment       0x0000003c       0x3d c:/program files (x86)/microchip/xc32/v2.30/bin/bin/../../lib/gcc/pic32c/6.2.1/../../../../pic32c/lib/v7e-m/fpv4-sp/hard\libc.a(lib_a-reent.o)
 .comment       0x0000003c       0x3d c:/program files (x86)/microchip/xc32/v2.30/bin/bin/../../lib/gcc/pic32c/6.2.1/../../../../pic32c/lib/v7e-m/fpv4-sp/hard\libpic32c.a(sbrk.o)

.debug_info     0x00000000    0x5ee37
 .debug_info    0x00000000     0x4e36 build/LAN9253_D51_SPI_direct_mode/production/_ext/2070931557/drv_spi.o
 .debug_info    0x00004e36      0xbc8 build/LAN9253_D51_SPI_direct_mode/production/_ext/1984496892/plib_clock.o
 .debug_info    0x000059fe     0x2cc3 build/LAN9253_D51_SPI_direct_mode/production/_ext/1865161661/plib_dmac.o
 .debug_info    0x000086c1      0x836 build/LAN9253_D51_SPI_direct_mode/production/_ext/60167341/plib_eic.o
 .debug_info    0x00008ef7      0x3b1 build/LAN9253_D51_SPI_direct_mode/production/_ext/1986646378/plib_evsys.o
 .debug_info    0x000092a8     0x1144 build/LAN9253_D51_SPI_direct_mode/production/_ext/1865468468/plib_nvic.o
 .debug_info    0x0000a3ec     0x1711 build/LAN9253_D51_SPI_direct_mode/production/_ext/1593096446/plib_nvmctrl.o
 .debug_info    0x0000bafd      0x86d build/LAN9253_D51_SPI_direct_mode/production/_ext/1865521619/plib_port.o
 .debug_info    0x0000c36a     0x2294 build/LAN9253_D51_SPI_direct_mode/production/_ext/1865555181/plib_qspi_spi.o
 .debug_info    0x0000e5fe      0x70c build/LAN9253_D51_SPI_direct_mode/production/_ext/1827571544/plib_systick.o
 .debug_info    0x0000ed0a     0x14c5 build/LAN9253_D51_SPI_direct_mode/production/_ext/14461671/sys_dma.o
 .debug_info    0x000101cf     0x114a build/LAN9253_D51_SPI_direct_mode/production/_ext/1881668453/sys_int.o
 .debug_info    0x00011319     0x1a8d build/LAN9253_D51_SPI_direct_mode/production/_ext/1171490990/exceptions.o
 .debug_info    0x00012da6     0x32f1 build/LAN9253_D51_SPI_direct_mode/production/_ext/1171490990/initialization.o
 .debug_info    0x00016097     0x2d69 build/LAN9253_D51_SPI_direct_mode/production/_ext/1171490990/interrupts.o
 .debug_info    0x00018e00     0x1e96 build/LAN9253_D51_SPI_direct_mode/production/_ext/1171490990/startup_xc32.o
 .debug_info    0x0001ac96     0x19bd build/LAN9253_D51_SPI_direct_mode/production/_ext/1171490990/tasks.o
 .debug_info    0x0001c653     0x4196 build/LAN9253_D51_SPI_direct_mode/production/_ext/1671622979/Drivers.o
 .debug_info    0x000207e9     0x1bf4 build/LAN9253_D51_SPI_direct_mode/production/_ext/108147519/ESC_Utils.o
 .debug_info    0x000223dd     0x28ab build/LAN9253_D51_SPI_direct_mode/production/_ext/108147519/LAN925x.o
 .debug_info    0x00024c88     0x12a3 build/LAN9253_D51_SPI_direct_mode/production/_ext/108134065/bootmode.o
 .debug_info    0x00025f2b     0x5b8d build/LAN9253_D51_SPI_direct_mode/production/_ext/108134065/coeappl.o
 .debug_info    0x0002bab8     0x5663 build/LAN9253_D51_SPI_direct_mode/production/_ext/108134065/ecatappl.o
 .debug_info    0x0003111b     0x16bb build/LAN9253_D51_SPI_direct_mode/production/_ext/108134065/ecatcoe.o
 .debug_info    0x000327d6     0x248e build/LAN9253_D51_SPI_direct_mode/production/_ext/108134065/ecatfoe.o
 .debug_info    0x00034c64     0x5a34 build/LAN9253_D51_SPI_direct_mode/production/_ext/108134065/ecatslv.o
 .debug_info    0x0003a698     0x2516 build/LAN9253_D51_SPI_direct_mode/production/_ext/108134065/emcy.o
 .debug_info    0x0003cbae     0x297e build/LAN9253_D51_SPI_direct_mode/production/_ext/108134065/foeappl.o
 .debug_info    0x0003f52c     0x2bd3 build/LAN9253_D51_SPI_direct_mode/production/_ext/108134065/mailbox.o
 .debug_info    0x000420ff     0x31e1 build/LAN9253_D51_SPI_direct_mode/production/_ext/108134065/objdef.o
 .debug_info    0x000452e0     0x5a6f build/LAN9253_D51_SPI_direct_mode/production/_ext/108134065/sample_app.o
 .debug_info    0x0004ad4f     0x34e6 build/LAN9253_D51_SPI_direct_mode/production/_ext/108134065/sdoserv.o
 .debug_info    0x0004e235     0x19ac build/LAN9253_D51_SPI_direct_mode/production/_ext/1360937237/main.o
 .debug_info    0x0004fbe1     0x540e build/LAN9253_D51_SPI_direct_mode/production/_ext/1360937237/app.o
 .debug_info    0x00054fef      0x2a2 c:/program files (x86)/microchip/xc32/v2.30/bin/bin/../../lib/gcc/pic32c/6.2.1/../../../../pic32c/lib/v7e-m/fpv4-sp/hard\libpic32c.a(data_init.o)
 .debug_info    0x00055291      0x41a c:/program files (x86)/microchip/xc32/v2.30/bin/bin/../../lib/gcc/pic32c/6.2.1/../../../../pic32c/lib/v7e-m/fpv4-sp/hard\libc.a(lib_a-init.o)
 .debug_info    0x000556ab      0xe58 c:/program files (x86)/microchip/xc32/v2.30/bin/bin/../../lib/gcc/pic32c/6.2.1/../../../../pic32c/lib/v7e-m/fpv4-sp/hard\libc.a(lib_a-malloc.o)
 .debug_info    0x00056503     0x14ca c:/program files (x86)/microchip/xc32/v2.30/bin/bin/../../lib/gcc/pic32c/6.2.1/../../../../pic32c/lib/v7e-m/fpv4-sp/hard\libc.a(lib_a-mallocr.o)
 .debug_info    0x000579cd      0xe2e c:/program files (x86)/microchip/xc32/v2.30/bin/bin/../../lib/gcc/pic32c/6.2.1/../../../../pic32c/lib/v7e-m/fpv4-sp/hard\libc.a(lib_a-memcpy-stub.o)
 .debug_info    0x000587fb     0x156f c:/program files (x86)/microchip/xc32/v2.30/bin/bin/../../lib/gcc/pic32c/6.2.1/../../../../pic32c/lib/v7e-m/fpv4-sp/hard\libc.a(lib_a-memset.o)
 .debug_info    0x00059d6a      0xdf2 c:/program files (x86)/microchip/xc32/v2.30/bin/bin/../../lib/gcc/pic32c/6.2.1/../../../../pic32c/lib/v7e-m/fpv4-sp/hard\libc.a(lib_a-mlock.o)
 .debug_info    0x0005ab5c      0xea5 c:/program files (x86)/microchip/xc32/v2.30/bin/bin/../../lib/gcc/pic32c/6.2.1/../../../../pic32c/lib/v7e-m/fpv4-sp/hard\libc.a(lib_a-sbrkr.o)
 .debug_info    0x0005ba01      0x125 c:/program files (x86)/microchip/xc32/v2.30/bin/bin/../../lib/gcc/pic32c/6.2.1/../../../../pic32c/lib/v7e-m/fpv4-sp/hard\libc.a(lib_a-strlen.o)
 .debug_info    0x0005bb26     0x137d c:/program files (x86)/microchip/xc32/v2.30/bin/bin/../../lib/gcc/pic32c/6.2.1/../../../../pic32c/lib/v7e-m/fpv4-sp/hard\libc.a(lib_a-freer.o)
 .debug_info    0x0005cea3      0xdb5 c:/program files (x86)/microchip/xc32/v2.30/bin/bin/../../lib/gcc/pic32c/6.2.1/../../../../pic32c/lib/v7e-m/fpv4-sp/hard\libc.a(lib_a-impure.o)
 .debug_info    0x0005dc58      0xf59 c:/program files (x86)/microchip/xc32/v2.30/bin/bin/../../lib/gcc/pic32c/6.2.1/../../../../pic32c/lib/v7e-m/fpv4-sp/hard\libc.a(lib_a-reent.o)
 .debug_info    0x0005ebb1      0x286 c:/program files (x86)/microchip/xc32/v2.30/bin/bin/../../lib/gcc/pic32c/6.2.1/../../../../pic32c/lib/v7e-m/fpv4-sp/hard\libpic32c.a(sbrk.o)

.debug_abbrev   0x00000000     0x630a
 .debug_abbrev  0x00000000      0x454 build/LAN9253_D51_SPI_direct_mode/production/_ext/2070931557/drv_spi.o
 .debug_abbrev  0x00000454       0xfd build/LAN9253_D51_SPI_direct_mode/production/_ext/1984496892/plib_clock.o
 .debug_abbrev  0x00000551      0x345 build/LAN9253_D51_SPI_direct_mode/production/_ext/1865161661/plib_dmac.o
 .debug_abbrev  0x00000896      0x15d build/LAN9253_D51_SPI_direct_mode/production/_ext/60167341/plib_eic.o
 .debug_abbrev  0x000009f3       0x5e build/LAN9253_D51_SPI_direct_mode/production/_ext/1986646378/plib_evsys.o
 .debug_abbrev  0x00000a51      0x14d build/LAN9253_D51_SPI_direct_mode/production/_ext/1865468468/plib_nvic.o
 .debug_abbrev  0x00000b9e      0x25d build/LAN9253_D51_SPI_direct_mode/production/_ext/1593096446/plib_nvmctrl.o
 .debug_abbrev  0x00000dfb      0x151 build/LAN9253_D51_SPI_direct_mode/production/_ext/1865521619/plib_port.o
 .debug_abbrev  0x00000f4c      0x29a build/LAN9253_D51_SPI_direct_mode/production/_ext/1865555181/plib_qspi_spi.o
 .debug_abbrev  0x000011e6      0x15c build/LAN9253_D51_SPI_direct_mode/production/_ext/1827571544/plib_systick.o
 .debug_abbrev  0x00001342      0x1e7 build/LAN9253_D51_SPI_direct_mode/production/_ext/14461671/sys_dma.o
 .debug_abbrev  0x00001529      0x206 build/LAN9253_D51_SPI_direct_mode/production/_ext/1881668453/sys_int.o
 .debug_abbrev  0x0000172f      0x1d1 build/LAN9253_D51_SPI_direct_mode/production/_ext/1171490990/exceptions.o
 .debug_abbrev  0x00001900      0x23a build/LAN9253_D51_SPI_direct_mode/production/_ext/1171490990/initialization.o
 .debug_abbrev  0x00001b3a      0x1d1 build/LAN9253_D51_SPI_direct_mode/production/_ext/1171490990/interrupts.o
 .debug_abbrev  0x00001d0b      0x2a9 build/LAN9253_D51_SPI_direct_mode/production/_ext/1171490990/startup_xc32.o
 .debug_abbrev  0x00001fb4      0x1d1 build/LAN9253_D51_SPI_direct_mode/production/_ext/1171490990/tasks.o
 .debug_abbrev  0x00002185      0x423 build/LAN9253_D51_SPI_direct_mode/production/_ext/1671622979/Drivers.o
 .debug_abbrev  0x000025a8      0x232 build/LAN9253_D51_SPI_direct_mode/production/_ext/108147519/ESC_Utils.o
 .debug_abbrev  0x000027da      0x2c3 build/LAN9253_D51_SPI_direct_mode/production/_ext/108147519/LAN925x.o
 .debug_abbrev  0x00002a9d      0x1f9 build/LAN9253_D51_SPI_direct_mode/production/_ext/108134065/bootmode.o
 .debug_abbrev  0x00002c96      0x300 build/LAN9253_D51_SPI_direct_mode/production/_ext/108134065/coeappl.o
 .debug_abbrev  0x00002f96      0x2c6 build/LAN9253_D51_SPI_direct_mode/production/_ext/108134065/ecatappl.o
 .debug_abbrev  0x0000325c      0x1ee build/LAN9253_D51_SPI_direct_mode/production/_ext/108134065/ecatcoe.o
 .debug_abbrev  0x0000344a      0x283 build/LAN9253_D51_SPI_direct_mode/production/_ext/108134065/ecatfoe.o
 .debug_abbrev  0x000036cd      0x2fb build/LAN9253_D51_SPI_direct_mode/production/_ext/108134065/ecatslv.o
 .debug_abbrev  0x000039c8      0x2c7 build/LAN9253_D51_SPI_direct_mode/production/_ext/108134065/emcy.o
 .debug_abbrev  0x00003c8f      0x29b build/LAN9253_D51_SPI_direct_mode/production/_ext/108134065/foeappl.o
 .debug_abbrev  0x00003f2a      0x2ba build/LAN9253_D51_SPI_direct_mode/production/_ext/108134065/mailbox.o
 .debug_abbrev  0x000041e4      0x2ec build/LAN9253_D51_SPI_direct_mode/production/_ext/108134065/objdef.o
 .debug_abbrev  0x000044d0      0x394 build/LAN9253_D51_SPI_direct_mode/production/_ext/108134065/sample_app.o
 .debug_abbrev  0x00004864      0x309 build/LAN9253_D51_SPI_direct_mode/production/_ext/108134065/sdoserv.o
 .debug_abbrev  0x00004b6d      0x1d3 build/LAN9253_D51_SPI_direct_mode/production/_ext/1360937237/main.o
 .debug_abbrev  0x00004d40      0x304 build/LAN9253_D51_SPI_direct_mode/production/_ext/1360937237/app.o
 .debug_abbrev  0x00005044       0x2a c:/program files (x86)/microchip/xc32/v2.30/bin/bin/../../lib/gcc/pic32c/6.2.1/../../../../pic32c/lib/v7e-m/fpv4-sp/hard\libpic32c.a(data_init.o)
 .debug_abbrev  0x0000506e       0xa3 c:/program files (x86)/microchip/xc32/v2.30/bin/bin/../../lib/gcc/pic32c/6.2.1/../../../../pic32c/lib/v7e-m/fpv4-sp/hard\libc.a(lib_a-init.o)
 .debug_abbrev  0x00005111      0x1f8 c:/program files (x86)/microchip/xc32/v2.30/bin/bin/../../lib/gcc/pic32c/6.2.1/../../../../pic32c/lib/v7e-m/fpv4-sp/hard\libc.a(lib_a-malloc.o)
 .debug_abbrev  0x00005309      0x29b c:/program files (x86)/microchip/xc32/v2.30/bin/bin/../../lib/gcc/pic32c/6.2.1/../../../../pic32c/lib/v7e-m/fpv4-sp/hard\libc.a(lib_a-mallocr.o)
 .debug_abbrev  0x000055a4      0x1c1 c:/program files (x86)/microchip/xc32/v2.30/bin/bin/../../lib/gcc/pic32c/6.2.1/../../../../pic32c/lib/v7e-m/fpv4-sp/hard\libc.a(lib_a-memcpy-stub.o)
 .debug_abbrev  0x00005765      0x1b5 c:/program files (x86)/microchip/xc32/v2.30/bin/bin/../../lib/gcc/pic32c/6.2.1/../../../../pic32c/lib/v7e-m/fpv4-sp/hard\libc.a(lib_a-memset.o)
 .debug_abbrev  0x0000591a      0x1aa c:/program files (x86)/microchip/xc32/v2.30/bin/bin/../../lib/gcc/pic32c/6.2.1/../../../../pic32c/lib/v7e-m/fpv4-sp/hard\libc.a(lib_a-mlock.o)
 .debug_abbrev  0x00005ac4      0x1ed c:/program files (x86)/microchip/xc32/v2.30/bin/bin/../../lib/gcc/pic32c/6.2.1/../../../../pic32c/lib/v7e-m/fpv4-sp/hard\libc.a(lib_a-sbrkr.o)
 .debug_abbrev  0x00005cb1       0x14 c:/program files (x86)/microchip/xc32/v2.30/bin/bin/../../lib/gcc/pic32c/6.2.1/../../../../pic32c/lib/v7e-m/fpv4-sp/hard\libc.a(lib_a-strlen.o)
 .debug_abbrev  0x00005cc5      0x24d c:/program files (x86)/microchip/xc32/v2.30/bin/bin/../../lib/gcc/pic32c/6.2.1/../../../../pic32c/lib/v7e-m/fpv4-sp/hard\libc.a(lib_a-freer.o)
 .debug_abbrev  0x00005f12      0x176 c:/program files (x86)/microchip/xc32/v2.30/bin/bin/../../lib/gcc/pic32c/6.2.1/../../../../pic32c/lib/v7e-m/fpv4-sp/hard\libc.a(lib_a-impure.o)
 .debug_abbrev  0x00006088      0x258 c:/program files (x86)/microchip/xc32/v2.30/bin/bin/../../lib/gcc/pic32c/6.2.1/../../../../pic32c/lib/v7e-m/fpv4-sp/hard\libc.a(lib_a-reent.o)
 .debug_abbrev  0x000062e0       0x2a c:/program files (x86)/microchip/xc32/v2.30/bin/bin/../../lib/gcc/pic32c/6.2.1/../../../../pic32c/lib/v7e-m/fpv4-sp/hard\libpic32c.a(sbrk.o)

.debug_loc      0x00000000     0x7762
 .debug_loc     0x00000000      0xd48 build/LAN9253_D51_SPI_direct_mode/production/_ext/2070931557/drv_spi.o
 .debug_loc     0x00000d48      0x208 build/LAN9253_D51_SPI_direct_mode/production/_ext/1984496892/plib_clock.o
 .debug_loc     0x00000f50      0x5c4 build/LAN9253_D51_SPI_direct_mode/production/_ext/1865161661/plib_dmac.o
 .debug_loc     0x00001514      0x1dc build/LAN9253_D51_SPI_direct_mode/production/_ext/60167341/plib_eic.o
 .debug_loc     0x000016f0       0x44 build/LAN9253_D51_SPI_direct_mode/production/_ext/1986646378/plib_evsys.o
 .debug_loc     0x00001734      0x140 build/LAN9253_D51_SPI_direct_mode/production/_ext/1865468468/plib_nvic.o
 .debug_loc     0x00001874      0x5c0 build/LAN9253_D51_SPI_direct_mode/production/_ext/1593096446/plib_nvmctrl.o
 .debug_loc     0x00001e34      0x324 build/LAN9253_D51_SPI_direct_mode/production/_ext/1865521619/plib_port.o
 .debug_loc     0x00002158      0x28c build/LAN9253_D51_SPI_direct_mode/production/_ext/1865555181/plib_qspi_spi.o
 .debug_loc     0x000023e4      0x31c build/LAN9253_D51_SPI_direct_mode/production/_ext/1827571544/plib_systick.o
 .debug_loc     0x00002700       0xa0 build/LAN9253_D51_SPI_direct_mode/production/_ext/14461671/sys_dma.o
 .debug_loc     0x000027a0      0x2b0 build/LAN9253_D51_SPI_direct_mode/production/_ext/1881668453/sys_int.o
 .debug_loc     0x00002a50      0x108 build/LAN9253_D51_SPI_direct_mode/production/_ext/1171490990/exceptions.o
 .debug_loc     0x00002b58       0x50 build/LAN9253_D51_SPI_direct_mode/production/_ext/1171490990/initialization.o
 .debug_loc     0x00002ba8      0x11c build/LAN9253_D51_SPI_direct_mode/production/_ext/1171490990/startup_xc32.o
 .debug_loc     0x00002cc4       0x2c build/LAN9253_D51_SPI_direct_mode/production/_ext/1171490990/tasks.o
 .debug_loc     0x00002cf0      0xc28 build/LAN9253_D51_SPI_direct_mode/production/_ext/1671622979/Drivers.o
 .debug_loc     0x00003918      0x130 build/LAN9253_D51_SPI_direct_mode/production/_ext/108147519/ESC_Utils.o
 .debug_loc     0x00003a48      0x4b0 build/LAN9253_D51_SPI_direct_mode/production/_ext/108147519/LAN925x.o
 .debug_loc     0x00003ef8      0x158 build/LAN9253_D51_SPI_direct_mode/production/_ext/108134065/bootmode.o
 .debug_loc     0x00004050      0x370 build/LAN9253_D51_SPI_direct_mode/production/_ext/108134065/coeappl.o
 .debug_loc     0x000043c0      0x330 build/LAN9253_D51_SPI_direct_mode/production/_ext/108134065/ecatappl.o
 .debug_loc     0x000046f0       0xe4 build/LAN9253_D51_SPI_direct_mode/production/_ext/108134065/ecatcoe.o
 .debug_loc     0x000047d4       0xe4 build/LAN9253_D51_SPI_direct_mode/production/_ext/108134065/ecatfoe.o
 .debug_loc     0x000048b8      0x682 build/LAN9253_D51_SPI_direct_mode/production/_ext/108134065/ecatslv.o
 .debug_loc     0x00004f3a      0x2f4 build/LAN9253_D51_SPI_direct_mode/production/_ext/108134065/emcy.o
 .debug_loc     0x0000522e      0x1e0 build/LAN9253_D51_SPI_direct_mode/production/_ext/108134065/foeappl.o
 .debug_loc     0x0000540e      0x428 build/LAN9253_D51_SPI_direct_mode/production/_ext/108134065/mailbox.o
 .debug_loc     0x00005836      0x40e build/LAN9253_D51_SPI_direct_mode/production/_ext/108134065/objdef.o
 .debug_loc     0x00005c44      0x674 build/LAN9253_D51_SPI_direct_mode/production/_ext/108134065/sample_app.o
 .debug_loc     0x000062b8      0x210 build/LAN9253_D51_SPI_direct_mode/production/_ext/108134065/sdoserv.o
 .debug_loc     0x000064c8       0x2c build/LAN9253_D51_SPI_direct_mode/production/_ext/1360937237/main.o
 .debug_loc     0x000064f4      0x206 build/LAN9253_D51_SPI_direct_mode/production/_ext/1360937237/app.o
 .debug_loc     0x000066fa       0x74 c:/program files (x86)/microchip/xc32/v2.30/bin/bin/../../lib/gcc/pic32c/6.2.1/../../../../pic32c/lib/v7e-m/fpv4-sp/hard\libc.a(lib_a-init.o)
 .debug_loc     0x0000676e       0x58 c:/program files (x86)/microchip/xc32/v2.30/bin/bin/../../lib/gcc/pic32c/6.2.1/../../../../pic32c/lib/v7e-m/fpv4-sp/hard\libc.a(lib_a-malloc.o)
 .debug_loc     0x000067c6      0x875 c:/program files (x86)/microchip/xc32/v2.30/bin/bin/../../lib/gcc/pic32c/6.2.1/../../../../pic32c/lib/v7e-m/fpv4-sp/hard\libc.a(lib_a-mallocr.o)
 .debug_loc     0x0000703b       0xb2 c:/program files (x86)/microchip/xc32/v2.30/bin/bin/../../lib/gcc/pic32c/6.2.1/../../../../pic32c/lib/v7e-m/fpv4-sp/hard\libc.a(lib_a-memcpy-stub.o)
 .debug_loc     0x000070ed       0x4c c:/program files (x86)/microchip/xc32/v2.30/bin/bin/../../lib/gcc/pic32c/6.2.1/../../../../pic32c/lib/v7e-m/fpv4-sp/hard\libc.a(lib_a-memset.o)
 .debug_loc     0x00007139       0x6d c:/program files (x86)/microchip/xc32/v2.30/bin/bin/../../lib/gcc/pic32c/6.2.1/../../../../pic32c/lib/v7e-m/fpv4-sp/hard\libc.a(lib_a-sbrkr.o)
 .debug_loc     0x000071a6      0x42d c:/program files (x86)/microchip/xc32/v2.30/bin/bin/../../lib/gcc/pic32c/6.2.1/../../../../pic32c/lib/v7e-m/fpv4-sp/hard\libc.a(lib_a-freer.o)
 .debug_loc     0x000075d3      0x18f c:/program files (x86)/microchip/xc32/v2.30/bin/bin/../../lib/gcc/pic32c/6.2.1/../../../../pic32c/lib/v7e-m/fpv4-sp/hard\libc.a(lib_a-reent.o)

.debug_aranges  0x00000000      0xf90
 .debug_aranges
                0x00000000      0x160 build/LAN9253_D51_SPI_direct_mode/production/_ext/2070931557/drv_spi.o
 .debug_aranges
                0x00000160       0x58 build/LAN9253_D51_SPI_direct_mode/production/_ext/1984496892/plib_clock.o
 .debug_aranges
                0x000001b8       0xa8 build/LAN9253_D51_SPI_direct_mode/production/_ext/1865161661/plib_dmac.o
 .debug_aranges
                0x00000260       0x50 build/LAN9253_D51_SPI_direct_mode/production/_ext/60167341/plib_eic.o
 .debug_aranges
                0x000002b0       0x20 build/LAN9253_D51_SPI_direct_mode/production/_ext/1986646378/plib_evsys.o
 .debug_aranges
                0x000002d0       0x38 build/LAN9253_D51_SPI_direct_mode/production/_ext/1865468468/plib_nvic.o
 .debug_aranges
                0x00000308       0xb0 build/LAN9253_D51_SPI_direct_mode/production/_ext/1593096446/plib_nvmctrl.o
 .debug_aranges
                0x000003b8       0x60 build/LAN9253_D51_SPI_direct_mode/production/_ext/1865521619/plib_port.o
 .debug_aranges
                0x00000418       0x58 build/LAN9253_D51_SPI_direct_mode/production/_ext/1865555181/plib_qspi_spi.o
 .debug_aranges
                0x00000470       0x70 build/LAN9253_D51_SPI_direct_mode/production/_ext/1827571544/plib_systick.o
 .debug_aranges
                0x000004e0       0x28 build/LAN9253_D51_SPI_direct_mode/production/_ext/14461671/sys_dma.o
 .debug_aranges
                0x00000508       0x58 build/LAN9253_D51_SPI_direct_mode/production/_ext/1881668453/sys_int.o
 .debug_aranges
                0x00000560       0x48 build/LAN9253_D51_SPI_direct_mode/production/_ext/1171490990/exceptions.o
 .debug_aranges
                0x000005a8       0x20 build/LAN9253_D51_SPI_direct_mode/production/_ext/1171490990/initialization.o
 .debug_aranges
                0x000005c8       0x20 build/LAN9253_D51_SPI_direct_mode/production/_ext/1171490990/interrupts.o
 .debug_aranges
                0x000005e8       0x38 build/LAN9253_D51_SPI_direct_mode/production/_ext/1171490990/startup_xc32.o
 .debug_aranges
                0x00000620       0x20 build/LAN9253_D51_SPI_direct_mode/production/_ext/1171490990/tasks.o
 .debug_aranges
                0x00000640      0x160 build/LAN9253_D51_SPI_direct_mode/production/_ext/1671622979/Drivers.o
 .debug_aranges
                0x000007a0       0x40 build/LAN9253_D51_SPI_direct_mode/production/_ext/108147519/ESC_Utils.o
 .debug_aranges
                0x000007e0       0x90 build/LAN9253_D51_SPI_direct_mode/production/_ext/108147519/LAN925x.o
 .debug_aranges
                0x00000870       0x38 build/LAN9253_D51_SPI_direct_mode/production/_ext/108134065/bootmode.o
 .debug_aranges
                0x000008a8       0x70 build/LAN9253_D51_SPI_direct_mode/production/_ext/108134065/coeappl.o
 .debug_aranges
                0x00000918       0x78 build/LAN9253_D51_SPI_direct_mode/production/_ext/108134065/ecatappl.o
 .debug_aranges
                0x00000990       0x30 build/LAN9253_D51_SPI_direct_mode/production/_ext/108134065/ecatcoe.o
 .debug_aranges
                0x000009c0       0x30 build/LAN9253_D51_SPI_direct_mode/production/_ext/108134065/ecatfoe.o
 .debug_aranges
                0x000009f0       0xc8 build/LAN9253_D51_SPI_direct_mode/production/_ext/108134065/ecatslv.o
 .debug_aranges
                0x00000ab8       0x60 build/LAN9253_D51_SPI_direct_mode/production/_ext/108134065/emcy.o
 .debug_aranges
                0x00000b18       0x48 build/LAN9253_D51_SPI_direct_mode/production/_ext/108134065/foeappl.o
 .debug_aranges
                0x00000b60       0x80 build/LAN9253_D51_SPI_direct_mode/production/_ext/108134065/mailbox.o
 .debug_aranges
                0x00000be0       0x78 build/LAN9253_D51_SPI_direct_mode/production/_ext/108134065/objdef.o
 .debug_aranges
                0x00000c58       0xc8 build/LAN9253_D51_SPI_direct_mode/production/_ext/108134065/sample_app.o
 .debug_aranges
                0x00000d20       0x50 build/LAN9253_D51_SPI_direct_mode/production/_ext/108134065/sdoserv.o
 .debug_aranges
                0x00000d70       0x20 build/LAN9253_D51_SPI_direct_mode/production/_ext/1360937237/main.o
 .debug_aranges
                0x00000d90       0x50 build/LAN9253_D51_SPI_direct_mode/production/_ext/1360937237/app.o
 .debug_aranges
                0x00000de0       0x20 c:/program files (x86)/microchip/xc32/v2.30/bin/bin/../../lib/gcc/pic32c/6.2.1/../../../../pic32c/lib/v7e-m/fpv4-sp/hard\libpic32c.a(data_init.o)
 .debug_aranges
                0x00000e00       0x20 c:/program files (x86)/microchip/xc32/v2.30/bin/bin/../../lib/gcc/pic32c/6.2.1/../../../../pic32c/lib/v7e-m/fpv4-sp/hard\libc.a(lib_a-init.o)
 .debug_aranges
                0x00000e20       0x28 c:/program files (x86)/microchip/xc32/v2.30/bin/bin/../../lib/gcc/pic32c/6.2.1/../../../../pic32c/lib/v7e-m/fpv4-sp/hard\libc.a(lib_a-malloc.o)
 .debug_aranges
                0x00000e48       0x20 c:/program files (x86)/microchip/xc32/v2.30/bin/bin/../../lib/gcc/pic32c/6.2.1/../../../../pic32c/lib/v7e-m/fpv4-sp/hard\libc.a(lib_a-mallocr.o)
 .debug_aranges
                0x00000e68       0x20 c:/program files (x86)/microchip/xc32/v2.30/bin/bin/../../lib/gcc/pic32c/6.2.1/../../../../pic32c/lib/v7e-m/fpv4-sp/hard\libc.a(lib_a-memcpy-stub.o)
 .debug_aranges
                0x00000e88       0x20 c:/program files (x86)/microchip/xc32/v2.30/bin/bin/../../lib/gcc/pic32c/6.2.1/../../../../pic32c/lib/v7e-m/fpv4-sp/hard\libc.a(lib_a-memset.o)
 .debug_aranges
                0x00000ea8       0x20 c:/program files (x86)/microchip/xc32/v2.30/bin/bin/../../lib/gcc/pic32c/6.2.1/../../../../pic32c/lib/v7e-m/fpv4-sp/hard\libc.a(lib_a-mlock.o)
 .debug_aranges
                0x00000ec8       0x20 c:/program files (x86)/microchip/xc32/v2.30/bin/bin/../../lib/gcc/pic32c/6.2.1/../../../../pic32c/lib/v7e-m/fpv4-sp/hard\libc.a(lib_a-sbrkr.o)
 .debug_aranges
                0x00000ee8       0x20 c:/program files (x86)/microchip/xc32/v2.30/bin/bin/../../lib/gcc/pic32c/6.2.1/../../../../pic32c/lib/v7e-m/fpv4-sp/hard\libc.a(lib_a-strlen.o)
 .debug_aranges
                0x00000f08       0x28 c:/program files (x86)/microchip/xc32/v2.30/bin/bin/../../lib/gcc/pic32c/6.2.1/../../../../pic32c/lib/v7e-m/fpv4-sp/hard\libc.a(lib_a-freer.o)
 .debug_aranges
                0x00000f30       0x18 c:/program files (x86)/microchip/xc32/v2.30/bin/bin/../../lib/gcc/pic32c/6.2.1/../../../../pic32c/lib/v7e-m/fpv4-sp/hard\libc.a(lib_a-impure.o)
 .debug_aranges
                0x00000f48       0x28 c:/program files (x86)/microchip/xc32/v2.30/bin/bin/../../lib/gcc/pic32c/6.2.1/../../../../pic32c/lib/v7e-m/fpv4-sp/hard\libc.a(lib_a-reent.o)
 .debug_aranges
                0x00000f70       0x20 c:/program files (x86)/microchip/xc32/v2.30/bin/bin/../../lib/gcc/pic32c/6.2.1/../../../../pic32c/lib/v7e-m/fpv4-sp/hard\libpic32c.a(sbrk.o)

.debug_ranges   0x00000000      0xda0
 .debug_ranges  0x00000000      0x150 build/LAN9253_D51_SPI_direct_mode/production/_ext/2070931557/drv_spi.o
 .debug_ranges  0x00000150       0x48 build/LAN9253_D51_SPI_direct_mode/production/_ext/1984496892/plib_clock.o
 .debug_ranges  0x00000198       0x98 build/LAN9253_D51_SPI_direct_mode/production/_ext/1865161661/plib_dmac.o
 .debug_ranges  0x00000230       0x40 build/LAN9253_D51_SPI_direct_mode/production/_ext/60167341/plib_eic.o
 .debug_ranges  0x00000270       0x10 build/LAN9253_D51_SPI_direct_mode/production/_ext/1986646378/plib_evsys.o
 .debug_ranges  0x00000280       0x28 build/LAN9253_D51_SPI_direct_mode/production/_ext/1865468468/plib_nvic.o
 .debug_ranges  0x000002a8       0xa0 build/LAN9253_D51_SPI_direct_mode/production/_ext/1593096446/plib_nvmctrl.o
 .debug_ranges  0x00000348       0x50 build/LAN9253_D51_SPI_direct_mode/production/_ext/1865521619/plib_port.o
 .debug_ranges  0x00000398       0x48 build/LAN9253_D51_SPI_direct_mode/production/_ext/1865555181/plib_qspi_spi.o
 .debug_ranges  0x000003e0       0x60 build/LAN9253_D51_SPI_direct_mode/production/_ext/1827571544/plib_systick.o
 .debug_ranges  0x00000440       0x18 build/LAN9253_D51_SPI_direct_mode/production/_ext/14461671/sys_dma.o
 .debug_ranges  0x00000458       0x48 build/LAN9253_D51_SPI_direct_mode/production/_ext/1881668453/sys_int.o
 .debug_ranges  0x000004a0       0x38 build/LAN9253_D51_SPI_direct_mode/production/_ext/1171490990/exceptions.o
 .debug_ranges  0x000004d8       0x10 build/LAN9253_D51_SPI_direct_mode/production/_ext/1171490990/initialization.o
 .debug_ranges  0x000004e8       0x10 build/LAN9253_D51_SPI_direct_mode/production/_ext/1171490990/interrupts.o
 .debug_ranges  0x000004f8       0x28 build/LAN9253_D51_SPI_direct_mode/production/_ext/1171490990/startup_xc32.o
 .debug_ranges  0x00000520       0x10 build/LAN9253_D51_SPI_direct_mode/production/_ext/1171490990/tasks.o
 .debug_ranges  0x00000530      0x150 build/LAN9253_D51_SPI_direct_mode/production/_ext/1671622979/Drivers.o
 .debug_ranges  0x00000680       0x30 build/LAN9253_D51_SPI_direct_mode/production/_ext/108147519/ESC_Utils.o
 .debug_ranges  0x000006b0       0x80 build/LAN9253_D51_SPI_direct_mode/production/_ext/108147519/LAN925x.o
 .debug_ranges  0x00000730       0x28 build/LAN9253_D51_SPI_direct_mode/production/_ext/108134065/bootmode.o
 .debug_ranges  0x00000758       0x78 build/LAN9253_D51_SPI_direct_mode/production/_ext/108134065/coeappl.o
 .debug_ranges  0x000007d0       0x80 build/LAN9253_D51_SPI_direct_mode/production/_ext/108134065/ecatappl.o
 .debug_ranges  0x00000850       0x20 build/LAN9253_D51_SPI_direct_mode/production/_ext/108134065/ecatcoe.o
 .debug_ranges  0x00000870       0x80 build/LAN9253_D51_SPI_direct_mode/production/_ext/108134065/ecatfoe.o
 .debug_ranges  0x000008f0       0xb8 build/LAN9253_D51_SPI_direct_mode/production/_ext/108134065/ecatslv.o
 .debug_ranges  0x000009a8       0x50 build/LAN9253_D51_SPI_direct_mode/production/_ext/108134065/emcy.o
 .debug_ranges  0x000009f8       0x38 build/LAN9253_D51_SPI_direct_mode/production/_ext/108134065/foeappl.o
 .debug_ranges  0x00000a30       0x70 build/LAN9253_D51_SPI_direct_mode/production/_ext/108134065/mailbox.o
 .debug_ranges  0x00000aa0       0x80 build/LAN9253_D51_SPI_direct_mode/production/_ext/108134065/objdef.o
 .debug_ranges  0x00000b20       0xb8 build/LAN9253_D51_SPI_direct_mode/production/_ext/108134065/sample_app.o
 .debug_ranges  0x00000bd8       0x68 build/LAN9253_D51_SPI_direct_mode/production/_ext/108134065/sdoserv.o
 .debug_ranges  0x00000c40       0x10 build/LAN9253_D51_SPI_direct_mode/production/_ext/1360937237/main.o
 .debug_ranges  0x00000c50       0x40 build/LAN9253_D51_SPI_direct_mode/production/_ext/1360937237/app.o
 .debug_ranges  0x00000c90       0x10 c:/program files (x86)/microchip/xc32/v2.30/bin/bin/../../lib/gcc/pic32c/6.2.1/../../../../pic32c/lib/v7e-m/fpv4-sp/hard\libpic32c.a(data_init.o)
 .debug_ranges  0x00000ca0       0x10 c:/program files (x86)/microchip/xc32/v2.30/bin/bin/../../lib/gcc/pic32c/6.2.1/../../../../pic32c/lib/v7e-m/fpv4-sp/hard\libc.a(lib_a-init.o)
 .debug_ranges  0x00000cb0       0x18 c:/program files (x86)/microchip/xc32/v2.30/bin/bin/../../lib/gcc/pic32c/6.2.1/../../../../pic32c/lib/v7e-m/fpv4-sp/hard\libc.a(lib_a-malloc.o)
 .debug_ranges  0x00000cc8       0x28 c:/program files (x86)/microchip/xc32/v2.30/bin/bin/../../lib/gcc/pic32c/6.2.1/../../../../pic32c/lib/v7e-m/fpv4-sp/hard\libc.a(lib_a-mallocr.o)
 .debug_ranges  0x00000cf0       0x10 c:/program files (x86)/microchip/xc32/v2.30/bin/bin/../../lib/gcc/pic32c/6.2.1/../../../../pic32c/lib/v7e-m/fpv4-sp/hard\libc.a(lib_a-memcpy-stub.o)
 .debug_ranges  0x00000d00       0x10 c:/program files (x86)/microchip/xc32/v2.30/bin/bin/../../lib/gcc/pic32c/6.2.1/../../../../pic32c/lib/v7e-m/fpv4-sp/hard\libc.a(lib_a-memset.o)
 .debug_ranges  0x00000d10       0x10 c:/program files (x86)/microchip/xc32/v2.30/bin/bin/../../lib/gcc/pic32c/6.2.1/../../../../pic32c/lib/v7e-m/fpv4-sp/hard\libc.a(lib_a-mlock.o)
 .debug_ranges  0x00000d20       0x10 c:/program files (x86)/microchip/xc32/v2.30/bin/bin/../../lib/gcc/pic32c/6.2.1/../../../../pic32c/lib/v7e-m/fpv4-sp/hard\libc.a(lib_a-sbrkr.o)
 .debug_ranges  0x00000d30       0x18 c:/program files (x86)/microchip/xc32/v2.30/bin/bin/../../lib/gcc/pic32c/6.2.1/../../../../pic32c/lib/v7e-m/fpv4-sp/hard\libc.a(lib_a-freer.o)
 .debug_ranges  0x00000d48       0x48 c:/program files (x86)/microchip/xc32/v2.30/bin/bin/../../lib/gcc/pic32c/6.2.1/../../../../pic32c/lib/v7e-m/fpv4-sp/hard\libc.a(lib_a-reent.o)
 .debug_ranges  0x00000d90       0x10 c:/program files (x86)/microchip/xc32/v2.30/bin/bin/../../lib/gcc/pic32c/6.2.1/../../../../pic32c/lib/v7e-m/fpv4-sp/hard\libpic32c.a(sbrk.o)

.debug_line     0x00000000     0xab1c
 .debug_line    0x00000000      0xb4f build/LAN9253_D51_SPI_direct_mode/production/_ext/2070931557/drv_spi.o
 .debug_line    0x00000b4f      0x246 build/LAN9253_D51_SPI_direct_mode/production/_ext/1984496892/plib_clock.o
 .debug_line    0x00000d95      0x588 build/LAN9253_D51_SPI_direct_mode/production/_ext/1865161661/plib_dmac.o
 .debug_line    0x0000131d      0x20e build/LAN9253_D51_SPI_direct_mode/production/_ext/60167341/plib_eic.o
 .debug_line    0x0000152b      0x13b build/LAN9253_D51_SPI_direct_mode/production/_ext/1986646378/plib_evsys.o
 .debug_line    0x00001666      0x1da build/LAN9253_D51_SPI_direct_mode/production/_ext/1865468468/plib_nvic.o
 .debug_line    0x00001840      0x379 build/LAN9253_D51_SPI_direct_mode/production/_ext/1593096446/plib_nvmctrl.o
 .debug_line    0x00001bb9      0x219 build/LAN9253_D51_SPI_direct_mode/production/_ext/1865521619/plib_port.o
 .debug_line    0x00001dd2      0x4b0 build/LAN9253_D51_SPI_direct_mode/production/_ext/1865555181/plib_qspi_spi.o
 .debug_line    0x00002282      0x216 build/LAN9253_D51_SPI_direct_mode/production/_ext/1827571544/plib_systick.o
 .debug_line    0x00002498      0x203 build/LAN9253_D51_SPI_direct_mode/production/_ext/14461671/sys_dma.o
 .debug_line    0x0000269b      0x291 build/LAN9253_D51_SPI_direct_mode/production/_ext/1881668453/sys_int.o
 .debug_line    0x0000292c      0x39e build/LAN9253_D51_SPI_direct_mode/production/_ext/1171490990/exceptions.o
 .debug_line    0x00002cca      0x421 build/LAN9253_D51_SPI_direct_mode/production/_ext/1171490990/initialization.o
 .debug_line    0x000030eb      0x379 build/LAN9253_D51_SPI_direct_mode/production/_ext/1171490990/interrupts.o
 .debug_line    0x00003464      0x407 build/LAN9253_D51_SPI_direct_mode/production/_ext/1171490990/startup_xc32.o
 .debug_line    0x0000386b      0x348 build/LAN9253_D51_SPI_direct_mode/production/_ext/1171490990/tasks.o
 .debug_line    0x00003bb3      0x90b build/LAN9253_D51_SPI_direct_mode/production/_ext/1671622979/Drivers.o
 .debug_line    0x000044be      0x402 build/LAN9253_D51_SPI_direct_mode/production/_ext/108147519/ESC_Utils.o
 .debug_line    0x000048c0      0x599 build/LAN9253_D51_SPI_direct_mode/production/_ext/108147519/LAN925x.o
 .debug_line    0x00004e59      0x19b build/LAN9253_D51_SPI_direct_mode/production/_ext/108134065/bootmode.o
 .debug_line    0x00004ff4      0x50c build/LAN9253_D51_SPI_direct_mode/production/_ext/108134065/coeappl.o
 .debug_line    0x00005500      0x60a build/LAN9253_D51_SPI_direct_mode/production/_ext/108134065/ecatappl.o
 .debug_line    0x00005b0a      0x1b0 build/LAN9253_D51_SPI_direct_mode/production/_ext/108134065/ecatcoe.o
 .debug_line    0x00005cba      0x42c build/LAN9253_D51_SPI_direct_mode/production/_ext/108134065/ecatfoe.o
 .debug_line    0x000060e6      0x9b6 build/LAN9253_D51_SPI_direct_mode/production/_ext/108134065/ecatslv.o
 .debug_line    0x00006a9c      0x448 build/LAN9253_D51_SPI_direct_mode/production/_ext/108134065/emcy.o
 .debug_line    0x00006ee4      0x414 build/LAN9253_D51_SPI_direct_mode/production/_ext/108134065/foeappl.o
 .debug_line    0x000072f8      0x596 build/LAN9253_D51_SPI_direct_mode/production/_ext/108134065/mailbox.o
 .debug_line    0x0000788e      0x71c build/LAN9253_D51_SPI_direct_mode/production/_ext/108134065/objdef.o
 .debug_line    0x00007faa      0x5f7 build/LAN9253_D51_SPI_direct_mode/production/_ext/108134065/sample_app.o
 .debug_line    0x000085a1      0x5fa build/LAN9253_D51_SPI_direct_mode/production/_ext/108134065/sdoserv.o
 .debug_line    0x00008b9b      0x34b build/LAN9253_D51_SPI_direct_mode/production/_ext/1360937237/main.o
 .debug_line    0x00008ee6      0x4c8 build/LAN9253_D51_SPI_direct_mode/production/_ext/1360937237/app.o
 .debug_line    0x000093ae       0xd8 c:/program files (x86)/microchip/xc32/v2.30/bin/bin/../../lib/gcc/pic32c/6.2.1/../../../../pic32c/lib/v7e-m/fpv4-sp/hard\libpic32c.a(data_init.o)
 .debug_line    0x00009486      0x11d c:/program files (x86)/microchip/xc32/v2.30/bin/bin/../../lib/gcc/pic32c/6.2.1/../../../../pic32c/lib/v7e-m/fpv4-sp/hard\libc.a(lib_a-init.o)
 .debug_line    0x000095a3      0x21e c:/program files (x86)/microchip/xc32/v2.30/bin/bin/../../lib/gcc/pic32c/6.2.1/../../../../pic32c/lib/v7e-m/fpv4-sp/hard\libc.a(lib_a-malloc.o)
 .debug_line    0x000097c1      0x347 c:/program files (x86)/microchip/xc32/v2.30/bin/bin/../../lib/gcc/pic32c/6.2.1/../../../../pic32c/lib/v7e-m/fpv4-sp/hard\libc.a(lib_a-mallocr.o)
 .debug_line    0x00009b08      0x218 c:/program files (x86)/microchip/xc32/v2.30/bin/bin/../../lib/gcc/pic32c/6.2.1/../../../../pic32c/lib/v7e-m/fpv4-sp/hard\libc.a(lib_a-memcpy-stub.o)
 .debug_line    0x00009d20      0x2ae c:/program files (x86)/microchip/xc32/v2.30/bin/bin/../../lib/gcc/pic32c/6.2.1/../../../../pic32c/lib/v7e-m/fpv4-sp/hard\libc.a(lib_a-memset.o)
 .debug_line    0x00009fce      0x18d c:/program files (x86)/microchip/xc32/v2.30/bin/bin/../../lib/gcc/pic32c/6.2.1/../../../../pic32c/lib/v7e-m/fpv4-sp/hard\libc.a(lib_a-mlock.o)
 .debug_line    0x0000a15b      0x212 c:/program files (x86)/microchip/xc32/v2.30/bin/bin/../../lib/gcc/pic32c/6.2.1/../../../../pic32c/lib/v7e-m/fpv4-sp/hard\libc.a(lib_a-sbrkr.o)
 .debug_line    0x0000a36d       0xb1 c:/program files (x86)/microchip/xc32/v2.30/bin/bin/../../lib/gcc/pic32c/6.2.1/../../../../pic32c/lib/v7e-m/fpv4-sp/hard\libc.a(lib_a-strlen.o)
 .debug_line    0x0000a41e      0x2a1 c:/program files (x86)/microchip/xc32/v2.30/bin/bin/../../lib/gcc/pic32c/6.2.1/../../../../pic32c/lib/v7e-m/fpv4-sp/hard\libc.a(lib_a-freer.o)
 .debug_line    0x0000a6bf      0x17e c:/program files (x86)/microchip/xc32/v2.30/bin/bin/../../lib/gcc/pic32c/6.2.1/../../../../pic32c/lib/v7e-m/fpv4-sp/hard\libc.a(lib_a-impure.o)
 .debug_line    0x0000a83d      0x23d c:/program files (x86)/microchip/xc32/v2.30/bin/bin/../../lib/gcc/pic32c/6.2.1/../../../../pic32c/lib/v7e-m/fpv4-sp/hard\libc.a(lib_a-reent.o)
 .debug_line    0x0000aa7a       0xa2 c:/program files (x86)/microchip/xc32/v2.30/bin/bin/../../lib/gcc/pic32c/6.2.1/../../../../pic32c/lib/v7e-m/fpv4-sp/hard\libpic32c.a(sbrk.o)

.debug_str      0x00000000      0xa8a
 .debug_str     0x00000000      0x1b6 build/LAN9253_D51_SPI_direct_mode/production/_ext/2070931557/drv_spi.o
 .debug_str     0x000001b6       0x1e build/LAN9253_D51_SPI_direct_mode/production/_ext/1984496892/plib_clock.o
 .debug_str     0x000001d4       0x5a build/LAN9253_D51_SPI_direct_mode/production/_ext/1865161661/plib_dmac.o
 .debug_str     0x0000022e        0x9 build/LAN9253_D51_SPI_direct_mode/production/_ext/60167341/plib_eic.o
 .debug_str     0x00000237        0x0 build/LAN9253_D51_SPI_direct_mode/production/_ext/1986646378/plib_evsys.o
 .debug_str     0x00000237        0xa build/LAN9253_D51_SPI_direct_mode/production/_ext/1865468468/plib_nvic.o
 .debug_str     0x00000241       0x29 build/LAN9253_D51_SPI_direct_mode/production/_ext/1593096446/plib_nvmctrl.o
 .debug_str     0x0000026a        0xb build/LAN9253_D51_SPI_direct_mode/production/_ext/1865521619/plib_port.o
 .debug_str     0x00000275       0x62 build/LAN9253_D51_SPI_direct_mode/production/_ext/1865555181/plib_qspi_spi.o
 .debug_str     0x000002d7        0x9 build/LAN9253_D51_SPI_direct_mode/production/_ext/1827571544/plib_systick.o
 .debug_str     0x000002e0        0xe build/LAN9253_D51_SPI_direct_mode/production/_ext/14461671/sys_dma.o
 .debug_str     0x000002ee       0x10 build/LAN9253_D51_SPI_direct_mode/production/_ext/1881668453/sys_int.o
 .debug_str     0x000002fe        0xe build/LAN9253_D51_SPI_direct_mode/production/_ext/1171490990/exceptions.o
 .debug_str     0x0000030c       0x1b build/LAN9253_D51_SPI_direct_mode/production/_ext/1171490990/initialization.o
 .debug_str     0x00000327        0xe build/LAN9253_D51_SPI_direct_mode/production/_ext/1171490990/interrupts.o
 .debug_str     0x00000335        0xe build/LAN9253_D51_SPI_direct_mode/production/_ext/1171490990/startup_xc32.o
 .debug_str     0x00000343        0xe build/LAN9253_D51_SPI_direct_mode/production/_ext/1171490990/tasks.o
 .debug_str     0x00000351       0xdf build/LAN9253_D51_SPI_direct_mode/production/_ext/1671622979/Drivers.o
 .debug_str     0x00000430        0xe build/LAN9253_D51_SPI_direct_mode/production/_ext/108147519/ESC_Utils.o
 .debug_str     0x0000043e       0x55 build/LAN9253_D51_SPI_direct_mode/production/_ext/108147519/LAN925x.o
 .debug_str     0x00000493        0xe build/LAN9253_D51_SPI_direct_mode/production/_ext/108134065/bootmode.o
 .debug_str     0x000004a1       0x48 build/LAN9253_D51_SPI_direct_mode/production/_ext/108134065/coeappl.o
 .debug_str     0x000004e9       0x4a build/LAN9253_D51_SPI_direct_mode/production/_ext/108134065/ecatappl.o
 .debug_str     0x00000533       0x35 build/LAN9253_D51_SPI_direct_mode/production/_ext/108134065/ecatcoe.o
 .debug_str     0x00000568       0x24 build/LAN9253_D51_SPI_direct_mode/production/_ext/108134065/ecatfoe.o
 .debug_str     0x0000058c       0x6b build/LAN9253_D51_SPI_direct_mode/production/_ext/108134065/ecatslv.o
 .debug_str     0x000005f7       0x2d build/LAN9253_D51_SPI_direct_mode/production/_ext/108134065/emcy.o
 .debug_str     0x00000624       0x31 build/LAN9253_D51_SPI_direct_mode/production/_ext/108134065/foeappl.o
 .debug_str     0x00000655       0x50 build/LAN9253_D51_SPI_direct_mode/production/_ext/108134065/mailbox.o
 .debug_str     0x000006a5       0xa5 build/LAN9253_D51_SPI_direct_mode/production/_ext/108134065/objdef.o
 .debug_str     0x0000074a       0x66 build/LAN9253_D51_SPI_direct_mode/production/_ext/108134065/sample_app.o
 .debug_str     0x000007b0       0xa8 build/LAN9253_D51_SPI_direct_mode/production/_ext/108134065/sdoserv.o
 .debug_str     0x00000858        0xe build/LAN9253_D51_SPI_direct_mode/production/_ext/1360937237/main.o
 .debug_str     0x00000866       0x41 build/LAN9253_D51_SPI_direct_mode/production/_ext/1360937237/app.o
 .debug_str     0x000008a7        0x0 c:/program files (x86)/microchip/xc32/v2.30/bin/bin/../../lib/gcc/pic32c/6.2.1/../../../../pic32c/lib/v7e-m/fpv4-sp/hard\libpic32c.a(data_init.o)
 .debug_str     0x000008a7        0x0 c:/program files (x86)/microchip/xc32/v2.30/bin/bin/../../lib/gcc/pic32c/6.2.1/../../../../pic32c/lib/v7e-m/fpv4-sp/hard\libc.a(lib_a-init.o)
 .debug_str     0x000008a7       0x18 c:/program files (x86)/microchip/xc32/v2.30/bin/bin/../../lib/gcc/pic32c/6.2.1/../../../../pic32c/lib/v7e-m/fpv4-sp/hard\libc.a(lib_a-malloc.o)
 .debug_str     0x000008bf       0x36 c:/program files (x86)/microchip/xc32/v2.30/bin/bin/../../lib/gcc/pic32c/6.2.1/../../../../pic32c/lib/v7e-m/fpv4-sp/hard\libc.a(lib_a-mallocr.o)
 .debug_str     0x000008f5        0xe c:/program files (x86)/microchip/xc32/v2.30/bin/bin/../../lib/gcc/pic32c/6.2.1/../../../../pic32c/lib/v7e-m/fpv4-sp/hard\libc.a(lib_a-memcpy-stub.o)
 .debug_str     0x00000903      0x119 c:/program files (x86)/microchip/xc32/v2.30/bin/bin/../../lib/gcc/pic32c/6.2.1/../../../../pic32c/lib/v7e-m/fpv4-sp/hard\libc.a(lib_a-memset.o)
 .debug_str     0x00000a1c        0xe c:/program files (x86)/microchip/xc32/v2.30/bin/bin/../../lib/gcc/pic32c/6.2.1/../../../../pic32c/lib/v7e-m/fpv4-sp/hard\libc.a(lib_a-mlock.o)
 .debug_str     0x00000a2a        0xe c:/program files (x86)/microchip/xc32/v2.30/bin/bin/../../lib/gcc/pic32c/6.2.1/../../../../pic32c/lib/v7e-m/fpv4-sp/hard\libc.a(lib_a-sbrkr.o)
 .debug_str     0x00000a38       0x36 c:/program files (x86)/microchip/xc32/v2.30/bin/bin/../../lib/gcc/pic32c/6.2.1/../../../../pic32c/lib/v7e-m/fpv4-sp/hard\libc.a(lib_a-freer.o)
 .debug_str     0x00000a6e        0xe c:/program files (x86)/microchip/xc32/v2.30/bin/bin/../../lib/gcc/pic32c/6.2.1/../../../../pic32c/lib/v7e-m/fpv4-sp/hard\libc.a(lib_a-impure.o)
 .debug_str     0x00000a7c        0xe c:/program files (x86)/microchip/xc32/v2.30/bin/bin/../../lib/gcc/pic32c/6.2.1/../../../../pic32c/lib/v7e-m/fpv4-sp/hard\libc.a(lib_a-reent.o)
 .debug_str     0x00000a8a        0x0 c:/program files (x86)/microchip/xc32/v2.30/bin/bin/../../lib/gcc/pic32c/6.2.1/../../../../pic32c/lib/v7e-m/fpv4-sp/hard\libpic32c.a(sbrk.o)

.debug_frame    0x00000000     0x3428
 .debug_frame   0x00000000      0x60c build/LAN9253_D51_SPI_direct_mode/production/_ext/2070931557/drv_spi.o
 .debug_frame   0x0000060c      0x10c build/LAN9253_D51_SPI_direct_mode/production/_ext/1984496892/plib_clock.o
 .debug_frame   0x00000718      0x2ac build/LAN9253_D51_SPI_direct_mode/production/_ext/1865161661/plib_dmac.o
 .debug_frame   0x000009c4       0xfc build/LAN9253_D51_SPI_direct_mode/production/_ext/60167341/plib_eic.o
 .debug_frame   0x00000ac0       0x30 build/LAN9253_D51_SPI_direct_mode/production/_ext/1986646378/plib_evsys.o
 .debug_frame   0x00000af0       0xa4 build/LAN9253_D51_SPI_direct_mode/production/_ext/1865468468/plib_nvic.o
 .debug_frame   0x00000b94      0x2ac build/LAN9253_D51_SPI_direct_mode/production/_ext/1593096446/plib_nvmctrl.o
 .debug_frame   0x00000e40      0x170 build/LAN9253_D51_SPI_direct_mode/production/_ext/1865521619/plib_port.o
 .debug_frame   0x00000fb0      0x138 build/LAN9253_D51_SPI_direct_mode/production/_ext/1865555181/plib_qspi_spi.o
 .debug_frame   0x000010e8      0x184 build/LAN9253_D51_SPI_direct_mode/production/_ext/1827571544/plib_systick.o
 .debug_frame   0x0000126c       0x58 build/LAN9253_D51_SPI_direct_mode/production/_ext/14461671/sys_dma.o
 .debug_frame   0x000012c4      0x140 build/LAN9253_D51_SPI_direct_mode/production/_ext/1881668453/sys_int.o
 .debug_frame   0x00001404       0xa0 build/LAN9253_D51_SPI_direct_mode/production/_ext/1171490990/exceptions.o
 .debug_frame   0x000014a4       0x34 build/LAN9253_D51_SPI_direct_mode/production/_ext/1171490990/initialization.o
 .debug_frame   0x000014d8       0x20 build/LAN9253_D51_SPI_direct_mode/production/_ext/1171490990/interrupts.o
 .debug_frame   0x000014f8       0x98 build/LAN9253_D51_SPI_direct_mode/production/_ext/1171490990/startup_xc32.o
 .debug_frame   0x00001590       0x2c build/LAN9253_D51_SPI_direct_mode/production/_ext/1171490990/tasks.o
 .debug_frame   0x000015bc      0x5bc build/LAN9253_D51_SPI_direct_mode/production/_ext/1671622979/Drivers.o
 .debug_frame   0x00001b78       0xb4 build/LAN9253_D51_SPI_direct_mode/production/_ext/108147519/ESC_Utils.o
 .debug_frame   0x00001c2c      0x22c build/LAN9253_D51_SPI_direct_mode/production/_ext/108147519/LAN925x.o
 .debug_frame   0x00001e58       0xa8 build/LAN9253_D51_SPI_direct_mode/production/_ext/108134065/bootmode.o
 .debug_frame   0x00001f00      0x1a8 build/LAN9253_D51_SPI_direct_mode/production/_ext/108134065/coeappl.o
 .debug_frame   0x000020a8      0x1a8 build/LAN9253_D51_SPI_direct_mode/production/_ext/108134065/ecatappl.o
 .debug_frame   0x00002250       0x78 build/LAN9253_D51_SPI_direct_mode/production/_ext/108134065/ecatcoe.o
 .debug_frame   0x000022c8       0x7c build/LAN9253_D51_SPI_direct_mode/production/_ext/108134065/ecatfoe.o
 .debug_frame   0x00002344      0x320 build/LAN9253_D51_SPI_direct_mode/production/_ext/108134065/ecatslv.o
 .debug_frame   0x00002664      0x160 build/LAN9253_D51_SPI_direct_mode/production/_ext/108134065/emcy.o
 .debug_frame   0x000027c4       0xec build/LAN9253_D51_SPI_direct_mode/production/_ext/108134065/foeappl.o
 .debug_frame   0x000028b0      0x1ec build/LAN9253_D51_SPI_direct_mode/production/_ext/108134065/mailbox.o
 .debug_frame   0x00002a9c      0x1e8 build/LAN9253_D51_SPI_direct_mode/production/_ext/108134065/objdef.o
 .debug_frame   0x00002c84      0x30c build/LAN9253_D51_SPI_direct_mode/production/_ext/108134065/sample_app.o
 .debug_frame   0x00002f90      0x120 build/LAN9253_D51_SPI_direct_mode/production/_ext/108134065/sdoserv.o
 .debug_frame   0x000030b0       0x2c build/LAN9253_D51_SPI_direct_mode/production/_ext/1360937237/main.o
 .debug_frame   0x000030dc      0x108 build/LAN9253_D51_SPI_direct_mode/production/_ext/1360937237/app.o
 .debug_frame   0x000031e4       0x2c c:/program files (x86)/microchip/xc32/v2.30/bin/bin/../../lib/gcc/pic32c/6.2.1/../../../../pic32c/lib/v7e-m/fpv4-sp/hard\libpic32c.a(data_init.o)
 .debug_frame   0x00003210       0x2c c:/program files (x86)/microchip/xc32/v2.30/bin/bin/../../lib/gcc/pic32c/6.2.1/../../../../pic32c/lib/v7e-m/fpv4-sp/hard\libc.a(lib_a-init.o)
 .debug_frame   0x0000323c       0x30 c:/program files (x86)/microchip/xc32/v2.30/bin/bin/../../lib/gcc/pic32c/6.2.1/../../../../pic32c/lib/v7e-m/fpv4-sp/hard\libc.a(lib_a-malloc.o)
 .debug_frame   0x0000326c       0x40 c:/program files (x86)/microchip/xc32/v2.30/bin/bin/../../lib/gcc/pic32c/6.2.1/../../../../pic32c/lib/v7e-m/fpv4-sp/hard\libc.a(lib_a-mallocr.o)
 .debug_frame   0x000032ac       0x28 c:/program files (x86)/microchip/xc32/v2.30/bin/bin/../../lib/gcc/pic32c/6.2.1/../../../../pic32c/lib/v7e-m/fpv4-sp/hard\libc.a(lib_a-memcpy-stub.o)
 .debug_frame   0x000032d4       0x20 c:/program files (x86)/microchip/xc32/v2.30/bin/bin/../../lib/gcc/pic32c/6.2.1/../../../../pic32c/lib/v7e-m/fpv4-sp/hard\libc.a(lib_a-memset.o)
 .debug_frame   0x000032f4       0x30 c:/program files (x86)/microchip/xc32/v2.30/bin/bin/../../lib/gcc/pic32c/6.2.1/../../../../pic32c/lib/v7e-m/fpv4-sp/hard\libc.a(lib_a-mlock.o)
 .debug_frame   0x00003324       0x2c c:/program files (x86)/microchip/xc32/v2.30/bin/bin/../../lib/gcc/pic32c/6.2.1/../../../../pic32c/lib/v7e-m/fpv4-sp/hard\libc.a(lib_a-sbrkr.o)
 .debug_frame   0x00003350       0x5c c:/program files (x86)/microchip/xc32/v2.30/bin/bin/../../lib/gcc/pic32c/6.2.1/../../../../pic32c/lib/v7e-m/fpv4-sp/hard\libc.a(lib_a-freer.o)
 .debug_frame   0x000033ac       0x5c c:/program files (x86)/microchip/xc32/v2.30/bin/bin/../../lib/gcc/pic32c/6.2.1/../../../../pic32c/lib/v7e-m/fpv4-sp/hard\libc.a(lib_a-reent.o)
 .debug_frame   0x00003408       0x20 c:/program files (x86)/microchip/xc32/v2.30/bin/bin/../../lib/gcc/pic32c/6.2.1/../../../../pic32c/lib/v7e-m/fpv4-sp/hard\libpic32c.a(sbrk.o)

.stack          0x20005db0      0x100
 .stack         0x20005db0      0x100 stack

.data.aEepromData%1
                0x20003dd4      0x800
 .data.aEepromData
                0x20003dd4      0x800 build/LAN9253_D51_SPI_direct_mode/production/_ext/1360937237/app.o
                0x20003dd4                aEepromData

.data.impure_data%2
                0x200045d8      0x418
 .data.impure_data
                0x200045d8      0x418 c:/program files (x86)/microchip/xc32/v2.30/bin/bin/../../lib/gcc/pic32c/6.2.1/../../../../pic32c/lib/v7e-m/fpv4-sp/hard\libc.a(lib_a-impure.o)

.data.__malloc_av_%3
                0x200049f0      0x408
 .data.__malloc_av_
                0x200049f0      0x408 c:/program files (x86)/microchip/xc32/v2.30/bin/bin/../../lib/gcc/pic32c/6.2.1/../../../../pic32c/lib/v7e-m/fpv4-sp/hard\libc.a(lib_a-mallocr.o)
                0x200049f0                __malloc_av_

.data.OutputsProcessDataMapping0x1601%4
                0x20004df8      0x204
 .data.OutputsProcessDataMapping0x1601
                0x20004df8      0x204 build/LAN9253_D51_SPI_direct_mode/production/_ext/108134065/sample_app.o
                0x20004df8                OutputsProcessDataMapping0x1601

.data.InputsProcessDataMapping0x1A00%5
                0x20004ffc      0x204
 .data.InputsProcessDataMapping0x1A00
                0x20004ffc      0x204 build/LAN9253_D51_SPI_direct_mode/production/_ext/108134065/sample_app.o
                0x20004ffc                InputsProcessDataMapping0x1A00

.data.Inputs0x6000%6
                0x20005200      0x204
 .data.Inputs0x6000
                0x20005200      0x204 build/LAN9253_D51_SPI_direct_mode/production/_ext/108134065/sample_app.o
                0x20005200                Inputs0x6000

.data.Outputs0x7010%7
                0x20005404      0x204
 .data.Outputs0x7010
                0x20005404      0x204 build/LAN9253_D51_SPI_direct_mode/production/_ext/108134065/sample_app.o
                0x20005404                Outputs0x7010

.data.GenObjDic%8
                0x20005608      0x1e0
 .data.GenObjDic
                0x20005608      0x1e0 build/LAN9253_D51_SPI_direct_mode/production/_ext/108134065/coeappl.o
                0x20005608                GenObjDic

.data.ApplicationObjDic%9
                0x200057e8      0x118
 .data.ApplicationObjDic
                0x200057e8      0x118 build/LAN9253_D51_SPI_direct_mode/production/_ext/108134065/coeappl.o
                0x200057e8                ApplicationObjDic

.bss.drvSPI0TransferObjPool%10
                0x20005900       0x90
 .bss.drvSPI0TransferObjPool
                0x20005900       0x90 build/LAN9253_D51_SPI_direct_mode/production/_ext/1171490990/initialization.o

.bss.gDrvSPIObj%11
                0x20005990       0x6c
 .bss.gDrvSPIObj
                0x20005990       0x6c build/LAN9253_D51_SPI_direct_mode/production/_ext/2070931557/drv_spi.o

.bss.drvSPI0ClientObjPool%12
                0x200059fc       0x28
 .bss.drvSPI0ClientObjPool
                0x200059fc       0x28 build/LAN9253_D51_SPI_direct_mode/production/_ext/1171490990/initialization.o

.bss.__malloc_current_mallinfo%13
                0x20005a24       0x28
 .bss.__malloc_current_mallinfo
                0x20005a24       0x28 c:/program files (x86)/microchip/xc32/v2.30/bin/bin/../../lib/gcc/pic32c/6.2.1/../../../../pic32c/lib/v7e-m/fpv4-sp/hard\libc.a(lib_a-mallocr.o)
                0x20005a24                __malloc_current_mallinfo

.data.gau8DummyCntArr%14
                0x20005a4c       0x27
 .data.gau8DummyCntArr
                0x20005a4c       0x27 build/LAN9253_D51_SPI_direct_mode/production/_ext/108147519/LAN925x.o
                0x20005a4c                gau8DummyCntArr

.bss.txDummyData%15
                0x20005a80       0x20
 .bss.txDummyData
                0x20005a80       0x20 build/LAN9253_D51_SPI_direct_mode/production/_ext/2070931557/drv_spi.o

.bss._write_back_section%16
                0x20005aa0       0x20
 .bss._write_back_section
                0x20005aa0       0x20 build/LAN9253_D51_SPI_direct_mode/production/_ext/1865161661/plib_dmac.o

.bss.descriptor_section%17
                0x20005ac0       0x20
 .bss.descriptor_section
                0x20005ac0       0x20 build/LAN9253_D51_SPI_direct_mode/production/_ext/1865161661/plib_dmac.o

.bss%18         0x20005ae0       0x1c
 .bss           0x20005ae0       0x1c c:/program files (x86)/microchip/xc32/v2.30/bin/bin/../../lib/gcc/pic32c/6.2.1/v7e-m/fpv4-sp/hard/crtbegin.o

.data.acDevicename%19
                0x20005afc       0x16
 .data.acDevicename
                0x20005afc       0x16 build/LAN9253_D51_SPI_direct_mode/production/_ext/108134065/coeappl.o
                0x20005afc                acDevicename

.data.sIdentity%20
                0x20005b14       0x14
 .data.sIdentity
                0x20005b14       0x14 build/LAN9253_D51_SPI_direct_mode/production/_ext/108134065/coeappl.o
                0x20005b14                sIdentity

.data.aSubindexDesc%21
                0x20005b28        0xd
 .data.aSubindexDesc
                0x20005b28        0xd build/LAN9253_D51_SPI_direct_mode/production/_ext/108134065/objdef.o
                0x20005b28                aSubindexDesc

.data.sErrorSettings%22
                0x20005a74        0xc
 .data.sErrorSettings
                0x20005a74        0xc build/LAN9253_D51_SPI_direct_mode/production/_ext/108134065/objdef.o
                0x20005a74                sErrorSettings

.bss.u64Timestamp%23
                0x20005b38        0x8
 .bss.u64Timestamp
                0x20005b38        0x8 build/LAN9253_D51_SPI_direct_mode/production/_ext/108134065/coeappl.o
                0x20005b38                u64Timestamp

.data.sSyncmanagertype%24
                0x20005b40        0x6
 .data.sSyncmanagertype
                0x20005b40        0x6 build/LAN9253_D51_SPI_direct_mode/production/_ext/108134065/coeappl.o
                0x20005b40                sSyncmanagertype

.data.u32Devicetype%25
                0x200045d4        0x4
 .data.u32Devicetype
                0x200045d4        0x4 build/LAN9253_D51_SPI_direct_mode/production/_ext/108134065/coeappl.o
                0x200045d4                u32Devicetype

.data.acHardwareversion%26
                0x20005b48        0x4
 .data.acHardwareversion
                0x20005b48        0x4 build/LAN9253_D51_SPI_direct_mode/production/_ext/108134065/coeappl.o
                0x20005b48                acHardwareversion

.data.acSoftwareversion%27
                0x20005b4c        0x4
 .data.acSoftwareversion
                0x20005b4c        0x4 build/LAN9253_D51_SPI_direct_mode/production/_ext/108134065/coeappl.o
                0x20005b4c                acSoftwareversion

.bss.ObjDicList%28
                0x20005b50        0x4
 .bss.ObjDicList
                0x20005b50        0x4 build/LAN9253_D51_SPI_direct_mode/production/_ext/108134065/coeappl.o
                0x20005b50                ObjDicList

.bss.SMActivate%29
                0x20005b54        0x4
 .bss.SMActivate
                0x20005b54        0x4 build/LAN9253_D51_SPI_direct_mode/production/_ext/108134065/ecatslv.o
                0x20005b54                SMActivate

.data.sRxPDOassign%30
                0x20005b58        0x4
 .data.sRxPDOassign
                0x20005b58        0x4 build/LAN9253_D51_SPI_direct_mode/production/_ext/108134065/sample_app.o
                0x20005b58                sRxPDOassign

.data.sTxPDOassign%31
                0x20005b5c        0x4
 .data.sTxPDOassign
                0x20005b5c        0x4 build/LAN9253_D51_SPI_direct_mode/production/_ext/108134065/sample_app.o
                0x20005b5c                sTxPDOassign

.bss.gTriggerCounterValMeasure%32
                0x20005b60        0x4
 .bss.gTriggerCounterValMeasure
                0x20005b60        0x4 build/LAN9253_D51_SPI_direct_mode/production/_ext/108134065/sample_app.o
                0x20005b60                gTriggerCounterValMeasure

.data.gFOETestFrameSize%33
                0x20005b64        0x4
 .data.gFOETestFrameSize
                0x20005b64        0x4 build/LAN9253_D51_SPI_direct_mode/production/_ext/108134065/sample_app.o
                0x20005b64                gFOETestFrameSize

.bss.nFileWriteOffset%34
                0x20005b68        0x4
 .bss.nFileWriteOffset
                0x20005b68        0x4 build/LAN9253_D51_SPI_direct_mode/production/_ext/108134065/sample_app.o
                0x20005b68                nFileWriteOffset

.bss.nFileStartWriteAddress%35
                0x20005b6c        0x4
 .bss.nFileStartWriteAddress
                0x20005b6c        0x4 build/LAN9253_D51_SPI_direct_mode/production/_ext/108134065/sample_app.o
                0x20005b6c                nFileStartWriteAddress

.bss.u32FileSize%36
                0x20005b70        0x4
 .bss.u32FileSize
                0x20005b70        0x4 build/LAN9253_D51_SPI_direct_mode/production/_ext/108134065/sample_app.o
                0x20005b70                u32FileSize

.bss.__malloc_max_sbrked_mem%37
                0x20005b74        0x4
 .bss.__malloc_max_sbrked_mem
                0x20005b74        0x4 c:/program files (x86)/microchip/xc32/v2.30/bin/bin/../../lib/gcc/pic32c/6.2.1/../../../../pic32c/lib/v7e-m/fpv4-sp/hard\libc.a(lib_a-mallocr.o)
                0x20005b74                __malloc_max_sbrked_mem

.bss.__malloc_max_total_mem%38
                0x20005b78        0x4
 .bss.__malloc_max_total_mem
                0x20005b78        0x4 c:/program files (x86)/microchip/xc32/v2.30/bin/bin/../../lib/gcc/pic32c/6.2.1/../../../../pic32c/lib/v7e-m/fpv4-sp/hard\libc.a(lib_a-mallocr.o)
                0x20005b78                __malloc_max_total_mem

.bss.__malloc_top_pad%39
                0x20005b7c        0x4
 .bss.__malloc_top_pad
                0x20005b7c        0x4 c:/program files (x86)/microchip/xc32/v2.30/bin/bin/../../lib/gcc/pic32c/6.2.1/../../../../pic32c/lib/v7e-m/fpv4-sp/hard\libc.a(lib_a-mallocr.o)
                0x20005b7c                __malloc_top_pad

.data.__malloc_sbrk_base%40
                0x20005b80        0x4
 .data.__malloc_sbrk_base
                0x20005b80        0x4 c:/program files (x86)/microchip/xc32/v2.30/bin/bin/../../lib/gcc/pic32c/6.2.1/../../../../pic32c/lib/v7e-m/fpv4-sp/hard\libc.a(lib_a-mallocr.o)
                0x20005b80                __malloc_sbrk_base

.data.__malloc_trim_threshold%41
                0x20005b84        0x4
 .data.__malloc_trim_threshold
                0x20005b84        0x4 c:/program files (x86)/microchip/xc32/v2.30/bin/bin/../../lib/gcc/pic32c/6.2.1/../../../../pic32c/lib/v7e-m/fpv4-sp/hard\libc.a(lib_a-mallocr.o)
                0x20005b84                __malloc_trim_threshold

.data._impure_ptr%42
                0x20005b88        0x4
 .data._impure_ptr
                0x20005b88        0x4 c:/program files (x86)/microchip/xc32/v2.30/bin/bin/../../lib/gcc/pic32c/6.2.1/../../../../pic32c/lib/v7e-m/fpv4-sp/hard\libc.a(lib_a-impure.o)
                0x20005b88                _impure_ptr

.bss%43         0x20005b8c        0x4
 .bss           0x20005b8c        0x4 c:/program files (x86)/microchip/xc32/v2.30/bin/bin/../../lib/gcc/pic32c/6.2.1/../../../../pic32c/lib/v7e-m/fpv4-sp/hard\libpic32c.a(sbrk.o)

.bss.nvm_error%44
                0x20005b12        0x2
 .bss.nvm_error
                0x20005b12        0x2 build/LAN9253_D51_SPI_direct_mode/production/_ext/1593096446/plib_nvmctrl.o

.bss.u16ErrorRegister%45
                0x20005b46        0x2
 .bss.u16ErrorRegister
                0x20005b46        0x2 build/LAN9253_D51_SPI_direct_mode/production/_ext/108134065/coeappl.o
                0x20005b46                u16ErrorRegister

.data.gis_Tx_DMAComplete%46
                0x20005a73        0x1
 .data.gis_Tx_DMAComplete
                0x20005a73        0x1 build/LAN9253_D51_SPI_direct_mode/production/_ext/2070931557/drv_spi.o
                0x20005a73                gis_Tx_DMAComplete

.data.gis_Rx_DMAComplete%47
                0x20005b35        0x1
 .data.gis_Rx_DMAComplete
                0x20005b35        0x1 build/LAN9253_D51_SPI_direct_mode/production/_ext/2070931557/drv_spi.o
                0x20005b35                gis_Rx_DMAComplete

.data.gis_TxRx_DMAComplete%48
                0x20005b36        0x1
 .data.gis_TxRx_DMAComplete
                0x20005b36        0x1 build/LAN9253_D51_SPI_direct_mode/production/_ext/2070931557/drv_spi.o
                0x20005b36                gis_TxRx_DMAComplete

.bss.isLastByteTransferInProgress.9877%49
                0x20005b37        0x1
 .bss.isLastByteTransferInProgress.9877
                0x20005b37        0x1 build/LAN9253_D51_SPI_direct_mode/production/_ext/1865555181/plib_qspi_spi.o

.bss.gchEtherCATQSPITransmission%50
                0x20005b90        0x1
 .bss.gchEtherCATQSPITransmission
                0x20005b90        0x1 build/LAN9253_D51_SPI_direct_mode/production/_ext/1671622979/Drivers.o
                0x20005b90                gchEtherCATQSPITransmission

.bss.gbALEvtOpEnabled%51
                0x20005b91        0x1
 .bss.gbALEvtOpEnabled
                0x20005b91        0x1 build/LAN9253_D51_SPI_direct_mode/production/_ext/108147519/LAN925x.o
                0x20005b91                gbALEvtOpEnabled

.bss.bInitFinished%52
                0x20005b92        0x1
 .bss.bInitFinished
                0x20005b92        0x1 build/LAN9253_D51_SPI_direct_mode/production/_ext/108134065/ecatappl.o
                0x20005b92                bInitFinished

.bss.EepromLoaded%53
                0x20005b93        0x1
 .bss.EepromLoaded
                0x20005b93        0x1 build/LAN9253_D51_SPI_direct_mode/production/_ext/108134065/ecatslv.o
                0x20005b93                EepromLoaded

.bss.gFirmwareDownload_Started%54
                0x20005b94        0x1
 .bss.gFirmwareDownload_Started
                0x20005b94        0x1 build/LAN9253_D51_SPI_direct_mode/production/_ext/108134065/sample_app.o