Archive member included to satisfy reference by file (symbol)

c:/program files (x86)/microchip/xc32/v2.30/bin/bin/../../lib/gcc/pic32c/6.2.1/../../../../pic32c/lib/v7e-m/fpv4-sp/hard\libpic32c.a(data_init.o)
                              build/LAN9253_D51_SPI_Beckhoff_mode/production/_ext/1171490990/startup_xc32.o (__pic32c_data_initialization)
c:/program files (x86)/microchip/xc32/v2.30/bin/bin/../../lib/gcc/pic32c/6.2.1/../../../../pic32c/lib/v7e-m/fpv4-sp/hard\libc.a(lib_a-init.o)
                              build/LAN9253_D51_SPI_Beckhoff_mode/production/_ext/1171490990/startup_xc32.o (__libc_init_array)
c:/program files (x86)/microchip/xc32/v2.30/bin/bin/../../lib/gcc/pic32c/6.2.1/../../../../pic32c/lib/v7e-m/fpv4-sp/hard\libc.a(lib_a-malloc.o)
                              build/LAN9253_D51_SPI_Beckhoff_mode/production/_ext/108134065/ecatcoe.o (malloc)
c:/program files (x86)/microchip/xc32/v2.30/bin/bin/../../lib/gcc/pic32c/6.2.1/../../../../pic32c/lib/v7e-m/fpv4-sp/hard\libc.a(lib_a-mallocr.o)
                              c:/program files (x86)/microchip/xc32/v2.30/bin/bin/../../lib/gcc/pic32c/6.2.1/../../../../pic32c/lib/v7e-m/fpv4-sp/hard\libc.a(lib_a-malloc.o) (_malloc_r)
c:/program files (x86)/microchip/xc32/v2.30/bin/bin/../../lib/gcc/pic32c/6.2.1/../../../../pic32c/lib/v7e-m/fpv4-sp/hard\libc.a(lib_a-memcpy-stub.o)
                              build/LAN9253_D51_SPI_Beckhoff_mode/production/_ext/1593096446/plib_nvmctrl.o (memcpy)
c:/program files (x86)/microchip/xc32/v2.30/bin/bin/../../lib/gcc/pic32c/6.2.1/../../../../pic32c/lib/v7e-m/fpv4-sp/hard\libc.a(lib_a-memset.o)
                              build/LAN9253_D51_SPI_Beckhoff_mode/production/_ext/1671622979/Drivers.o (memset)
c:/program files (x86)/microchip/xc32/v2.30/bin/bin/../../lib/gcc/pic32c/6.2.1/../../../../pic32c/lib/v7e-m/fpv4-sp/hard\libc.a(lib_a-mlock.o)
                              c:/program files (x86)/microchip/xc32/v2.30/bin/bin/../../lib/gcc/pic32c/6.2.1/../../../../pic32c/lib/v7e-m/fpv4-sp/hard\libc.a(lib_a-mallocr.o) (__malloc_lock)
c:/program files (x86)/microchip/xc32/v2.30/bin/bin/../../lib/gcc/pic32c/6.2.1/../../../../pic32c/lib/v7e-m/fpv4-sp/hard\libc.a(lib_a-sbrkr.o)
                              c:/program files (x86)/microchip/xc32/v2.30/bin/bin/../../lib/gcc/pic32c/6.2.1/../../../../pic32c/lib/v7e-m/fpv4-sp/hard\libc.a(lib_a-mallocr.o) (_sbrk_r)
c:/program files (x86)/microchip/xc32/v2.30/bin/bin/../../lib/gcc/pic32c/6.2.1/../../../../pic32c/lib/v7e-m/fpv4-sp/hard\libc.a(lib_a-strlen.o)
                              build/LAN9253_D51_SPI_Beckhoff_mode/production/_ext/108134065/objdef.o (strlen)
c:/program files (x86)/microchip/xc32/v2.30/bin/bin/../../lib/gcc/pic32c/6.2.1/../../../../pic32c/lib/v7e-m/fpv4-sp/hard\libc.a(lib_a-freer.o)
                              c:/program files (x86)/microchip/xc32/v2.30/bin/bin/../../lib/gcc/pic32c/6.2.1/../../../../pic32c/lib/v7e-m/fpv4-sp/hard\libc.a(lib_a-malloc.o) (_free_r)
c:/program files (x86)/microchip/xc32/v2.30/bin/bin/../../lib/gcc/pic32c/6.2.1/../../../../pic32c/lib/v7e-m/fpv4-sp/hard\libc.a(lib_a-impure.o)
                              c:/program files (x86)/microchip/xc32/v2.30/bin/bin/../../lib/gcc/pic32c/6.2.1/../../../../pic32c/lib/v7e-m/fpv4-sp/hard\libc.a(lib_a-malloc.o) (_impure_ptr)
c:/program files (x86)/microchip/xc32/v2.30/bin/bin/../../lib/gcc/pic32c/6.2.1/../../../../pic32c/lib/v7e-m/fpv4-sp/hard\libc.a(lib_a-reent.o)
                              c:/program files (x86)/microchip/xc32/v2.30/bin/bin/../../lib/gcc/pic32c/6.2.1/../../../../pic32c/lib/v7e-m/fpv4-sp/hard\libc.a(lib_a-sbrkr.o) (errno)
c:/program files (x86)/microchip/xc32/v2.30/bin/bin/../../lib/gcc/pic32c/6.2.1/../../../../pic32c/lib/v7e-m/fpv4-sp/hard\libpic32c.a(sbrk.o)
                              c:/program files (x86)/microchip/xc32/v2.30/bin/bin/../../lib/gcc/pic32c/6.2.1/../../../../pic32c/lib/v7e-m/fpv4-sp/hard\libc.a(lib_a-sbrkr.o) (_sbrk)

Allocating common symbols
Common symbol       size              file

b3BufferMode        0x1               build/LAN9253_D51_SPI_Beckhoff_mode/production/_ext/108134065/ecatslv.o
nEcatStateTrans     0x2               build/LAN9253_D51_SPI_Beckhoff_mode/production/_ext/108134065/ecatslv.o
EcatWdCounter       0x2               build/LAN9253_D51_SPI_Beckhoff_mode/production/_ext/108134065/ecatslv.o
sSendEmcyQueue      0x10              build/LAN9253_D51_SPI_Beckhoff_mode/production/_ext/108134065/emcy.o
bApplEsmPending     0x1               build/LAN9253_D51_SPI_Beckhoff_mode/production/_ext/108134065/ecatslv.o
pCoeSendStored      0x4               build/LAN9253_D51_SPI_Beckhoff_mode/production/_ext/108134065/ecatcoe.o
nSdoInfoIndex       0x2               build/LAN9253_D51_SPI_Beckhoff_mode/production/_ext/108134065/sdoserv.o
pStoreData          0x4               build/LAN9253_D51_SPI_Beckhoff_mode/production/_ext/108134065/sdoserv.o
[...]
Memory Configuration

Name             Origin             Length             Attributes
rom              0x00000000         0x00080000         xrl
ram              0x20000000         0x00030000         xw !r
config_00804000  0x00804000         0x00000004
config_00804004  0x00804004         0x00000004
config_00804008  0x00804008         0x00000004
*default*        0x00000000         0xffffffff

Linker script and memory map

LOAD c:/program files (x86)/microchip/xc32/v2.30/bin/bin/../../lib/gcc/pic32c/6.2.1/v7e-m/fpv4-sp/hard/crti.o
LOAD c:/program files (x86)/microchip/xc32/v2.30/bin/bin/../../lib/gcc/pic32c/6.2.1/v7e-m/fpv4-sp/hard/crtbegin.o
LOAD build/LAN9253_D51_SPI_Beckhoff_mode/production/_ext/2070931557/drv_spi.o
LOAD build/LAN9253_D51_SPI_Beckhoff_mode/production/_ext/1984496892/plib_clock.o
LOAD build/LAN9253_D51_SPI_Beckhoff_mode/production/_ext/1865131932/plib_cmcc.o
LOAD build/LAN9253_D51_SPI_Beckhoff_mode/production/_ext/1865161661/plib_dmac.o
LOAD build/LAN9253_D51_SPI_Beckhoff_mode/production/_ext/60167341/plib_eic.o
LOAD build/LAN9253_D51_SPI_Beckhoff_mode/production/_ext/1986646378/plib_evsys.o
LOAD build/LAN9253_D51_SPI_Beckhoff_mode/production/_ext/1865468468/plib_nvic.o
LOAD build/LAN9253_D51_SPI_Beckhoff_mode/production/_ext/1593096446/plib_nvmctrl.o
LOAD build/LAN9253_D51_SPI_Beckhoff_mode/production/_ext/1865521619/plib_port.o
LOAD build/LAN9253_D51_SPI_Beckhoff_mode/production/_ext/1865555181/plib_qspi_spi.o
LOAD build/LAN9253_D51_SPI_Beckhoff_mode/production/_ext/1865555181/plib_qspi.o
LOAD build/LAN9253_D51_SPI_Beckhoff_mode/production/_ext/1827571544/plib_systick.o
LOAD build/LAN9253_D51_SPI_Beckhoff_mode/production/_ext/163028504/xc32_monitor.o
LOAD build/LAN9253_D51_SPI_Beckhoff_mode/production/_ext/1014039709/sys_cache.o
LOAD build/LAN9253_D51_SPI_Beckhoff_mode/production/_ext/14461671/sys_dma.o
LOAD build/LAN9253_D51_SPI_Beckhoff_mode/production/_ext/1881668453/sys_int.o
LOAD build/LAN9253_D51_SPI_Beckhoff_mode/production/_ext/1171490990/exceptions.o
LOAD build/LAN9253_D51_SPI_Beckhoff_mode/production/_ext/1171490990/initialization.o
LOAD build/LAN9253_D51_SPI_Beckhoff_mode/production/_ext/1171490990/interrupts.o
LOAD build/LAN9253_D51_SPI_Beckhoff_mode/production/_ext/1171490990/libc_syscalls.o
LOAD build/LAN9253_D51_SPI_Beckhoff_mode/production/_ext/1171490990/startup_xc32.o
LOAD build/LAN9253_D51_SPI_Beckhoff_mode/production/_ext/1171490990/tasks.o
LOAD build/LAN9253_D51_SPI_Beckhoff_mode/production/_ext/1671622979/Drivers.o
LOAD build/LAN9253_D51_SPI_Beckhoff_mode/production/_ext/108147519/ESC_Utils.o
LOAD build/LAN9253_D51_SPI_Beckhoff_mode/production/_ext/108147519/LAN925x.o
LOAD build/LAN9253_D51_SPI_Beckhoff_mode/production/_ext/108134065/bootmode.o
LOAD build/LAN9253_D51_SPI_Beckhoff_mode/production/_ext/108134065/coeappl.o
LOAD build/LAN9253_D51_SPI_Beckhoff_mode/production/_ext/108134065/ecatappl.o
LOAD build/LAN9253_D51_SPI_Beckhoff_mode/production/_ext/108134065/ecatcoe.o
LOAD build/LAN9253_D51_SPI_Beckhoff_mode/production/_ext/108134065/ecatfoe.o
LOAD build/LAN9253_D51_SPI_Beckhoff_mode/production/_ext/108134065/ecatslv.o
LOAD build/LAN9253_D51_SPI_Beckhoff_mode/production/_ext/108134065/emcy.o
LOAD build/LAN9253_D51_SPI_Beckhoff_mode/production/_ext/108134065/foeappl.o
LOAD build/LAN9253_D51_SPI_Beckhoff_mode/production/_ext/108134065/mailbox.o
LOAD build/LAN9253_D51_SPI_Beckhoff_mode/production/_ext/108134065/objdef.o
LOAD build/LAN9253_D51_SPI_Beckhoff_mode/production/_ext/108134065/sample_app.o
LOAD build/LAN9253_D51_SPI_Beckhoff_mode/production/_ext/108134065/sdoserv.o
LOAD build/LAN9253_D51_SPI_Beckhoff_mode/production/_ext/1360937237/main.o
LOAD build/LAN9253_D51_SPI_Beckhoff_mode/production/_ext/1360937237/app.o
LOAD build/LAN9253_D51_SPI_Beckhoff_mode/production/_ext/1360937237/Developer_Test.o
                0x00000001                __MPLAB_BUILD = 0x1
                0x00000200                _min_heap_size = 0x200
START GROUP
LOAD c:/program files (x86)/microchip/xc32/v2.30/bin/bin/../../lib/gcc/pic32c/6.2.1/../../../../pic32c/lib/v7e-m/fpv4-sp/hard\libpic32c.a
LOAD c:/program files (x86)/microchip/xc32/v2.30/bin/bin/../../lib/gcc/pic32c/6.2.1/v7e-m/fpv4-sp/hard\libgcc.a
LOAD c:/program files (x86)/microchip/xc32/v2.30/bin/bin/../../lib/gcc/pic32c/6.2.1/../../../../pic32c/lib/v7e-m/fpv4-sp/hard\libc.a
LOAD c:/program files (x86)/microchip/xc32/v2.30/bin/bin/../../lib/gcc/pic32c/6.2.1/../../../../pic32c/lib/v7e-m/fpv4-sp/hard\libm.a
END GROUP
LOAD c:/program files (x86)/microchip/xc32/v2.30/bin/bin/../../lib/gcc/pic32c/6.2.1/v7e-m/fpv4-sp/hard/crtend.o
LOAD c:/program files (x86)/microchip/xc32/v2.30/bin/bin/../../lib/gcc/pic32c/6.2.1/v7e-m/fpv4-sp/hard/crtn.o
                0x00080000                __rom_end = (ORIGIN (rom) + LENGTH (rom))
                0x20030000                __ram_end = (ORIGIN (ram) + LENGTH (ram))

.config_00804000
 *(.config_00804000)

.config_00804004
 *(.config_00804004)

.config_00804008
 *(.config_00804008)

.vectors        0x00000000      0x260
                0x00000000                . = ALIGN (0x4)
                0x00000000                _sfixed = .
 *(.vectors .vectors.* .vectors_default .vectors_default.*)
 .vectors       0x00000000      0x260 build/LAN9253_D51_SPI_Beckhoff_mode/production/_ext/1171490990/interrupts.o
                0x00000000                exception_table
 *(.isr_vector)
 *(.reset*)
 *(.after_vectors)

.text           0x00000260       0x20
                0x00000260                . = ALIGN (0x4)
 *(.glue_7t)
 .glue_7t       0x00000260        0x0 linker stubs
 *(.glue_7)
 .glue_7        0x00000260        0x0 linker stubs
 *(.gnu.linkonce.r.*)
 *(.ARM.extab* .gnu.linkonce.armextab.*)
                0x00000260                . = ALIGN (0x4)
 *(.init)
 .init          0x00000260        0x4 c:/program files (x86)/microchip/xc32/v2.30/bin/bin/../../lib/gcc/pic32c/6.2.1/v7e-m/fpv4-sp/hard/crti.o
                0x00000260                _init
 .init          0x00000264        0x8 c:/program files (x86)/microchip/xc32/v2.30/bin/bin/../../lib/gcc/pic32c/6.2.1/v7e-m/fpv4-sp/hard/crtn.o
                0x0000026c                . = ALIGN (0x4)
                0x0000026c                __preinit_array_start = .
 *(.preinit_array)
                0x0000026c                __preinit_array_end = .
                0x0000026c                . = ALIGN (0x4)
                0x0000026c                __init_array_start = .
 *(SORT(.init_array.*))
 *(.init_array)
 .init_array    0x0000026c        0x4 c:/program files (x86)/microchip/xc32/v2.30/bin/bin/../../lib/gcc/pic32c/6.2.1/v7e-m/fpv4-sp/hard/crtbegin.o
                0x00000270                __init_array_end = .
                0x00000270                . = ALIGN (0x4)
 *crtbegin.o(.ctors)
 *(EXCLUDE_FILE(*crtend.o) .ctors)
 *(SORT(.ctors.*))
 *crtend.o(.ctors)
                0x00000270                . = ALIGN (0x4)
 *(.fini)
 .fini          0x00000270        0x4 c:/program files (x86)/microchip/xc32/v2.30/bin/bin/../../lib/gcc/pic32c/6.2.1/v7e-m/fpv4-sp/hard/crti.o
                0x00000270                _fini
 .fini          0x00000274        0x8 c:/program files (x86)/microchip/xc32/v2.30/bin/bin/../../lib/gcc/pic32c/6.2.1/v7e-m/fpv4-sp/hard/crtn.o
                0x0000027c                . = ALIGN (0x4)
                0x0000027c                __fini_array_start = .
 *(.fini_array)
 .fini_array    0x0000027c        0x4 c:/program files (x86)/microchip/xc32/v2.30/bin/bin/../../lib/gcc/pic32c/6.2.1/v7e-m/fpv4-sp/hard/crtbegin.o
 *(SORT(.fini_array.*))
                0x00000280                __fini_array_end = .
 *crtbegin.o(.dtors)
 *(EXCLUDE_FILE(*crtend.o) .dtors)
 *(SORT(.dtors.*))
 *crtend.o(.dtors)
                0x00000280                . = ALIGN (0x4)
                0x00000280                _efixed = .
                [!provide]                PROVIDE (__exidx_start, .)

.ARM.exidx
 *(.ARM.exidx* .gnu.linkonce.armexidx.*)
                [!provide]                PROVIDE (__exidx_end, .)
                0x00000280                . = ALIGN (0x4)
                0x00000280                _etext = .

.bss            0x20000000     0x2c30
                0x20000000                . = ALIGN (0x4)
                0x20000000                __bss_start__ = .
                0x20000000                _sbss = .
                0x20000000                _szero = .
 *(COMMON)
 COMMON         0x20000000       0x1c build/LAN9253_D51_SPI_Beckhoff_mode/production/_ext/2070931557/drv_spi.o
                0x20000000                transferTxHandle
                0x20000004                transferRxHandle
                0x20000008                setup
 COMMON         0x2000001c       0x20 build/LAN9253_D51_SPI_Beckhoff_mode/production/_ext/1865161661/plib_dmac.o
                0x2000001c                dmacChannelObj
 COMMON         0x2000003c       0xc0 build/LAN9253_D51_SPI_Beckhoff_mode/production/_ext/60167341/plib_eic.o
                0x2000003c                eicCallbackObject
 COMMON         0x200000fc       0x28 build/LAN9253_D51_SPI_Beckhoff_mode/production/_ext/1865555181/plib_qspi_spi.o
                0x200000fc                qspiObj
 COMMON         0x20000124        0xc build/LAN9253_D51_SPI_Beckhoff_mode/production/_ext/1827571544/plib_systick.o
                0x20000124                systick
 COMMON         0x20000130        0x8 build/LAN9253_D51_SPI_Beckhoff_mode/production/_ext/1171490990/initialization.o
                0x20000130                handle
                0x20000134                sysObj
 COMMON         0x20000138      0x800 build/LAN9253_D51_SPI_Beckhoff_mode/production/_ext/1671622979/Drivers.o
                0x20000138                gau8DmaBuff
 COMMON         0x20000938        0x8 build/LAN9253_D51_SPI_Beckhoff_mode/production/_ext/108134065/coeappl.o
                0x20000938                u32LastDc32Value
                0x2000093c                u32CheckForDcOverrunCnt
 COMMON         0x20000940       0xc4 build/LAN9253_D51_SPI_Beckhoff_mode/production/_ext/108134065/ecatappl.o
                0x20000940                bMinCycleTimeMeasurementStarted
                0x20000944                u32CycleTimeStartValue
                0x20000948                bRunApplication
                0x2000094c                u32SystemTimeReadFailure
                0x20000950                bEcatWaitForInputUpdate
                0x20000954                u32MinCycleTimeValue
                0x20000958                aPdOutputData
                0x2000099c                pAPPL_FoeError
                0x200009a0                pAPPL_FoeReadData
                0x200009a4                pAPPL_MainLoop
                0x200009a8                bEtherCATErrorLed
                0x200009ac                u32MinCycleTimeStartValue
                0x200009b0                aPdInputData
                0x200009f4                bEtherCATRunLed
                0x200009f8                pAPPL_FoeWriteData
                0x200009fc                pAPPL_FoeRead
                0x20000a00                pAPPL_FoeWrite
 COMMON         0x20000a04        0x4 build/LAN9253_D51_SPI_Beckhoff_mode/production/_ext/108134065/ecatcoe.o
                0x20000a04                pCoeSendStored
 COMMON         0x20000a08       0x16 build/LAN9253_D51_SPI_Beckhoff_mode/production/_ext/108134065/ecatfoe.o
                0x20000a08                u32FileOffset
                0x20000a0c                u16FileAccessState
                0x20000a10                u32PacketNo
                0x20000a14                pFoeSendStored
                0x20000a18                u32LastFileOffset
                0x20000a1c                u16FoeMaxSendBlockSize
 *fill*         0x20000a1e        0x2 
 COMMON         0x20000a20       0x52 build/LAN9253_D51_SPI_Beckhoff_mode/production/_ext/108134065/ecatslv.o
                0x20000a20                b3BufferMode
                0x20000a22                nEcatStateTrans
                0x20000a24                EcatWdCounter
                0x20000a26                bApplEsmPending
                0x20000a27                nAlStatus
                0x20000a28                nPdOutputSize
                0x20000a2a                u16LocalErrorCode
                0x20000a2c                Sync0WdCounter
                0x20000a2e                bLocalErrorFlag
                0x20000a30                LatchInputSync0Counter
                0x20000a32                i16WaitForPllRunningCnt
                0x20000a34                nEscAddrOutputData
                0x20000a36                Sync0WdValue
                0x20000a38                u8EcatRunLed
                0x20000a3a                i16WaitForPllRunningTimeout
                0x20000a3c                Sync1WdValue
                0x20000a3e                u16ALEventMask
                0x20000a40                bDcRunning
                0x20000a44                u32dummy
                0x20000a48                SyncManInfo
                0x20000a50                b32BitDc
                0x20000a52                LatchInputSync0Value
                0x20000a54                bEcatWaitForAlControlRes
                0x20000a56                nPdInputSize
                0x20000a58                u16SmSync0Value
                0x20000a5a                nMaxEscAddress
                0x20000a5c                bEcatFirstOutputsReceived
                0x20000a5d                bSmSyncSequenceValid
                0x20000a5e                EsmTimeoutCounter
                0x20000a60                bBootMode
                0x20000a61                bDcSyncActive
                0x20000a62                bEcatOutputUpdateRunning
                0x20000a64                Sync1WdCounter
                0x20000a66                EcatWdValue
                0x20000a68                bEcatInputUpdateRunning
                0x20000a69                bEscIntEnabled
                0x20000a6a                bWdTrigger
                0x20000a6c                u16SmSync0Counter
                0x20000a6e                nMaxSyncMan
                0x20000a6f                u8EcatErrorLed
                0x20000a70                nEscAddrInputData
 *fill*         0x20000a72        0x2 
 COMMON         0x20000a74       0x28 build/LAN9253_D51_SPI_Beckhoff_mode/production/_ext/108134065/emcy.o
                0x20000a74                sSendEmcyQueue
                0x20000a84                asEmcy
                0x20000a8c                sEmptyEmcyQueue
 COMMON         0x20000a9c       0x94 build/LAN9253_D51_SPI_Beckhoff_mode/production/_ext/108134065/mailbox.o
                0x20000a9c                u8MbxReadCounter
                0x20000aa0                sMbxSendQueue
                0x20000ad4                sMbxReceiveQueue
                0x20000b08                bNoMbxMemoryAvailable
                0x20000b09                bSendMbxIsFull
                0x20000b0a                bMbxRunning
                0x20000b0c                u16EscAddrReceiveMbx
                0x20000b10                psStoreMbx
                0x20000b14                u16SendMbxSize
                0x20000b18                psReadMbx
                0x20000b1c                bReceiveMbxIsLocked
                0x20000b1e                u16EscAddrSendMbx
                0x20000b20                psWriteMbx
                0x20000b24                u8MbxWriteCounter
                0x20000b25                u8MailboxSendReqStored
                0x20000b26                u16ReceiveMbxSize
                0x20000b28                bMbxRepeatToggle
                0x20000b2c                psRepeatMbx
 COMMON         0x20000b30       0x8e build/LAN9253_D51_SPI_Beckhoff_mode/production/_ext/108134065/objdef.o
                0x20000b30                sSyncManInPar
                0x20000b74                sSyncManOutPar
                0x20000bb8                bSyncSetByUser
                0x20000bbc                sCycleDiag
 *fill*         0x20000bbe        0x2 
 COMMON         0x20000bc0     0x2016 build/LAN9253_D51_SPI_Beckhoff_mode/production/_ext/108134065/sample_app.o
                0x20000bc0                aFileData
                0x20002bc0                aFileName
 *fill*         0x20002bd6        0x2 
 COMMON         0x20002bd8       0x4d build/LAN9253_D51_SPI_Beckhoff_mode/production/_ext/108134065/sdoserv.o
                0x20002bd8                nSdoInfoIndex
                0x20002bdc                pStoreData
                0x20002be0                nSdoSegBytesToHandle
                0x20002be4                bSdoSegAccess
                0x20002be5                bSdoSegFollows
                0x20002be8                nSdoSegCompleteSize
                0x20002bec                pSdoPendFunc
                0x20002bf0                u8PendingSdo
                0x20002bf1                bStoreCompleteAccess
                0x20002bf2                bSdoSegLastToggle
                0x20002bf3                nSdoSegService
                0x20002bf4                pSdoInfoObjEntry
                0x20002bf8                nSdoInfoFragmentsLeft
                0x20002bfc                pSdoResStored
                0x20002c00                u32StoreDataSize
                0x20002c04                pSdoSegData
                0x20002c08                nSdoSegIndex
                0x20002c0c                aSdoInfoHeader
                0x20002c1c                pSdoSegObjEntry
                0x20002c20                nSdoSegSubindex
                0x20002c22                u16StoreIndex
                0x20002c24                u8StoreSubindex
 *fill*         0x20002c25        0x3 
 COMMON         0x20002c28        0x1 build/LAN9253_D51_SPI_Beckhoff_mode/production/_ext/1360937237/app.o
                0x20002c28                appData
 *fill*         0x20002c29        0x3 
 COMMON         0x20002c2c        0x4 c:/program files (x86)/microchip/xc32/v2.30/bin/bin/../../lib/gcc/pic32c/6.2.1/../../../../pic32c/lib/v7e-m/fpv4-sp/hard\libc.a(lib_a-reent.o)
                0x20002c2c                errno
                0x20002c30                . = ALIGN (0x4)
                0x20002c30                __bss_end__ = .
                0x20002c30                _ebss = .
                0x20002c30                _ezero = .
                0x20002c30                . = ALIGN (0x4)
                0x20002c30                _end = .
                0x2002ffff                _ram_end_ = ((ORIGIN (ram) + LENGTH (ram)) - 0x1)
OUTPUT(dist/LAN9253_D51_SPI_Beckhoff_mode/production/ESF_EVB_LAN9253.production.elf elf32-littlearm)
LOAD stack
LOAD data_init

.ARM.attributes
                0x00000000       0x30
 .ARM.attributes
                0x00000000       0x22 c:/program files (x86)/microchip/xc32/v2.30/bin/bin/../../lib/gcc/pic32c/6.2.1/v7e-m/fpv4-sp/hard/crti.o
 .ARM.attributes
                0x00000022       0x34 c:/program files (x86)/microchip/xc32/v2.30/bin/bin/../../lib/gcc/pic32c/6.2.1/v7e-m/fpv4-sp/hard/crtbegin.o
 .ARM.attributes
                0x00000056       0x39 build/LAN9253_D51_SPI_Beckhoff_mode/production/_ext/2070931557/drv_spi.o
 .ARM.attributes
                0x0000008f       0x39 build/LAN9253_D51_SPI_Beckhoff_mode/production/_ext/1984496892/plib_clock.o
 .ARM.attributes
                0x000000c8       0x39 build/LAN9253_D51_SPI_Beckhoff_mode/production/_ext/1865161661/plib_dmac.o
 .ARM.attributes
                0x00000101       0x39 build/LAN9253_D51_SPI_Beckhoff_mode/production/_ext/60167341/plib_eic.o
 .ARM.attributes
                0x0000013a       0x39 build/LAN9253_D51_SPI_Beckhoff_mode/production/_ext/1986646378/plib_evsys.o
 .ARM.attributes
                0x00000173       0x39 build/LAN9253_D51_SPI_Beckhoff_mode/production/_ext/1865468468/plib_nvic.o
 .ARM.attributes
                0x000001ac       0x39 build/LAN9253_D51_SPI_Beckhoff_mode/production/_ext/1593096446/plib_nvmctrl.o
 .ARM.attributes
                0x000001e5       0x39 build/LAN9253_D51_SPI_Beckhoff_mode/production/_ext/1865521619/plib_port.o
 .ARM.attributes
                0x0000021e       0x39 build/LAN9253_D51_SPI_Beckhoff_mode/production/_ext/1865555181/plib_qspi_spi.o
 .ARM.attributes
                0x00000257       0x39 build/LAN9253_D51_SPI_Beckhoff_mode/production/_ext/1827571544/plib_systick.o
 .ARM.attributes
                0x00000290       0x39 build/LAN9253_D51_SPI_Beckhoff_mode/production/_ext/14461671/sys_dma.o
 .ARM.attributes
                0x000002c9       0x39 build/LAN9253_D51_SPI_Beckhoff_mode/production/_ext/1881668453/sys_int.o
 .ARM.attributes
                0x00000302       0x39 build/LAN9253_D51_SPI_Beckhoff_mode/production/_ext/1171490990/exceptions.o
 .ARM.attributes
                0x0000033b       0x39 build/LAN9253_D51_SPI_Beckhoff_mode/production/_ext/1171490990/initialization.o
 .ARM.attributes
                0x00000374       0x39 build/LAN9253_D51_SPI_Beckhoff_mode/production/_ext/1171490990/interrupts.o
 .ARM.attributes
                0x000003ad       0x39 build/LAN9253_D51_SPI_Beckhoff_mode/production/_ext/1171490990/startup_xc32.o
 .ARM.attributes
                0x000003e6       0x39 build/LAN9253_D51_SPI_Beckhoff_mode/production/_ext/1171490990/tasks.o
 .ARM.attributes
                0x0000041f       0x39 build/LAN9253_D51_SPI_Beckhoff_mode/production/_ext/1671622979/Drivers.o
 .ARM.attributes
                0x00000458       0x39 build/LAN9253_D51_SPI_Beckhoff_mode/production/_ext/108147519/ESC_Utils.o
 .ARM.attributes
                0x00000491       0x39 build/LAN9253_D51_SPI_Beckhoff_mode/production/_ext/108147519/LAN925x.o
 .ARM.attributes
                0x000004ca       0x39 build/LAN9253_D51_SPI_Beckhoff_mode/production/_ext/108134065/bootmode.o
 .ARM.attributes
                0x00000503       0x39 build/LAN9253_D51_SPI_Beckhoff_mode/production/_ext/108134065/coeappl.o
 .ARM.attributes
                0x0000053c       0x39 build/LAN9253_D51_SPI_Beckhoff_mode/production/_ext/108134065/ecatappl.o
 .ARM.attributes
                0x00000575       0x39 build/LAN9253_D51_SPI_Beckhoff_mode/production/_ext/108134065/ecatcoe.o
 .ARM.attributes
                0x000005ae       0x39 build/LAN9253_D51_SPI_Beckhoff_mode/production/_ext/108134065/ecatfoe.o
 .ARM.attributes
                0x000005e7       0x39 build/LAN9253_D51_SPI_Beckhoff_mode/production/_ext/108134065/ecatslv.o
 .ARM.attributes
                0x00000620       0x39 build/LAN9253_D51_SPI_Beckhoff_mode/production/_ext/108134065/emcy.o
 .ARM.attributes
                0x00000659       0x39 build/LAN9253_D51_SPI_Beckhoff_mode/production/_ext/108134065/foeappl.o
 .ARM.attributes
                0x00000692       0x39 build/LAN9253_D51_SPI_Beckhoff_mode/production/_ext/108134065/mailbox.o
 .ARM.attributes
                0x000006cb       0x39 build/LAN9253_D51_SPI_Beckhoff_mode/production/_ext/108134065/objdef.o
 .ARM.attributes
                0x00000704       0x39 build/LAN9253_D51_SPI_Beckhoff_mode/production/_ext/108134065/sample_app.o
 .ARM.attributes
                0x0000073d       0x39 build/LAN9253_D51_SPI_Beckhoff_mode/production/_ext/108134065/sdoserv.o
 .ARM.attributes
                0x00000776       0x39 build/LAN9253_D51_SPI_Beckhoff_mode/production/_ext/1360937237/main.o
 .ARM.attributes
                0x000007af       0x39 build/LAN9253_D51_SPI_Beckhoff_mode/production/_ext/1360937237/app.o
 .ARM.attributes
                0x000007e8       0x34 c:/program files (x86)/microchip/xc32/v2.30/bin/bin/../../lib/gcc/pic32c/6.2.1/../../../../pic32c/lib/v7e-m/fpv4-sp/hard\libpic32c.a(data_init.o)
 .ARM.attributes
                0x0000081c       0x34 c:/program files (x86)/microchip/xc32/v2.30/bin/bin/../../lib/gcc/pic32c/6.2.1/../../../../pic32c/lib/v7e-m/fpv4-sp/hard\libc.a(lib_a-init.o)
 .ARM.attributes
                0x00000850       0x34 c:/program files (x86)/microchip/xc32/v2.30/bin/bin/../../lib/gcc/pic32c/6.2.1/../../../../pic32c/lib/v7e-m/fpv4-sp/hard\libc.a(lib_a-malloc.o)
 .ARM.attributes
                0x00000884       0x34 c:/program files (x86)/microchip/xc32/v2.30/bin/bin/../../lib/gcc/pic32c/6.2.1/../../../../pic32c/lib/v7e-m/fpv4-sp/hard\libc.a(lib_a-mallocr.o)
 .ARM.attributes
                0x000008b8       0x34 c:/program files (x86)/microchip/xc32/v2.30/bin/bin/../../lib/gcc/pic32c/6.2.1/../../../../pic32c/lib/v7e-m/fpv4-sp/hard\libc.a(lib_a-memcpy-stub.o)
 .ARM.attributes
                0x000008ec       0x34 c:/program files (x86)/microchip/xc32/v2.30/bin/bin/../../lib/gcc/pic32c/6.2.1/../../../../pic32c/lib/v7e-m/fpv4-sp/hard\libc.a(lib_a-memset.o)
 .ARM.attributes
                0x00000920       0x34 c:/program files (x86)/microchip/xc32/v2.30/bin/bin/../../lib/gcc/pic32c/6.2.1/../../../../pic32c/lib/v7e-m/fpv4-sp/hard\libc.a(lib_a-mlock.o)
 .ARM.attributes
                0x00000954       0x34 c:/program files (x86)/microchip/xc32/v2.30/bin/bin/../../lib/gcc/pic32c/6.2.1/../../../../pic32c/lib/v7e-m/fpv4-sp/hard\libc.a(lib_a-sbrkr.o)
 .ARM.attributes
                0x00000988       0x1b c:/program files (x86)/microchip/xc32/v2.30/bin/bin/../../lib/gcc/pic32c/6.2.1/../../../../pic32c/lib/v7e-m/fpv4-sp/hard\libc.a(lib_a-strlen.o)
 .ARM.attributes
                0x000009a3       0x34 c:/program files (x86)/microchip/xc32/v2.30/bin/bin/../../lib/gcc/pic32c/6.2.1/../../../../pic32c/lib/v7e-m/fpv4-sp/hard\libc.a(lib_a-freer.o)
 .ARM.attributes
                0x000009d7       0x34 c:/program files (x86)/microchip/xc32/v2.30/bin/bin/../../lib/gcc/pic32c/6.2.1/../../../../pic32c/lib/v7e-m/fpv4-sp/hard\libc.a(lib_a-impure.o)
 .ARM.attributes
                0x00000a0b       0x34 c:/program files (x86)/microchip/xc32/v2.30/bin/bin/../../lib/gcc/pic32c/6.2.1/../../../../pic32c/lib/v7e-m/fpv4-sp/hard\libc.a(lib_a-reent.o)
 .ARM.attributes
                0x00000a3f       0x34 c:/program files (x86)/microchip/xc32/v2.30/bin/bin/../../lib/gcc/pic32c/6.2.1/../../../../pic32c/lib/v7e-m/fpv4-sp/hard\libpic32c.a(sbrk.o)
 .ARM.attributes
                0x00000a73       0x22 c:/program files (x86)/microchip/xc32/v2.30/bin/bin/../../lib/gcc/pic32c/6.2.1/v7e-m/fpv4-sp/hard/crtn.o

.comment        0x00000000       0x3c
 .comment       0x00000000       0x3c c:/program files (x86)/microchip/xc32/v2.30/bin/bin/../../lib/gcc/pic32c/6.2.1/v7e-m/fpv4-sp/hard/crtbegin.o
                                 0x3d (size before relaxing)
 .comment       0x0000003c       0x3d build/LAN9253_D51_SPI_Beckhoff_mode/production/_ext/2070931557/drv_spi.o
 .comment       0x0000003c       0x3d build/LAN9253_D51_SPI_Beckhoff_mode/production/_ext/1984496892/plib_clock.o
 .comment       0x0000003c       0x3d build/LAN9253_D51_SPI_Beckhoff_mode/production/_ext/1865161661/plib_dmac.o
 .comment       0x0000003c       0x3d build/LAN9253_D51_SPI_Beckhoff_mode/production/_ext/60167341/plib_eic.o
 .comment       0x0000003c       0x3d build/LAN9253_D51_SPI_Beckhoff_mode/production/_ext/1986646378/plib_evsys.o
 .comment       0x0000003c       0x3d build/LAN9253_D51_SPI_Beckhoff_mode/production/_ext/1865468468/plib_nvic.o
 .comment       0x0000003c       0x3d build/LAN9253_D51_SPI_Beckhoff_mode/production/_ext/1593096446/plib_nvmctrl.o
 .comment       0x0000003c       0x3d build/LAN9253_D51_SPI_Beckhoff_mode/production/_ext/1865521619/plib_port.o
 .comment       0x0000003c       0x3d build/LAN9253_D51_SPI_Beckhoff_mode/production/_ext/1865555181/plib_qspi_spi.o
 .comment       0x0000003c       0x3d build/LAN9253_D51_SPI_Beckhoff_mode/production/_ext/1827571544/plib_systick.o
 .comment       0x0000003c       0x3d build/LAN9253_D51_SPI_Beckhoff_mode/production/_ext/14461671/sys_dma.o
 .comment       0x0000003c       0x3d build/LAN9253_D51_SPI_Beckhoff_mode/production/_ext/1881668453/sys_int.o
 .comment       0x0000003c       0x3d build/LAN9253_D51_SPI_Beckhoff_mode/production/_ext/1171490990/exceptions.o
 .comment       0x0000003c       0x3d build/LAN9253_D51_SPI_Beckhoff_mode/production/_ext/1171490990/initialization.o
 .comment       0x0000003c       0x3d build/LAN9253_D51_SPI_Beckhoff_mode/production/_ext/1171490990/interrupts.o
 .comment       0x0000003c       0x3d build/LAN9253_D51_SPI_Beckhoff_mode/production/_ext/1171490990/startup_xc32.o
 .comment       0x0000003c       0x3d build/LAN9253_D51_SPI_Beckhoff_mode/production/_ext/1171490990/tasks.o
 .comment       0x0000003c       0x3d build/LAN9253_D51_SPI_Beckhoff_mode/production/_ext/1671622979/Drivers.o
 .comment       0x0000003c       0x3d build/LAN9253_D51_SPI_Beckhoff_mode/production/_ext/108147519/ESC_Utils.o
 .comment       0x0000003c       0x3d build/LAN9253_D51_SPI_Beckhoff_mode/production/_ext/108147519/LAN925x.o
 .comment       0x0000003c       0x3d build/LAN9253_D51_SPI_Beckhoff_mode/production/_ext/108134065/bootmode.o
 .comment       0x0000003c       0x3d build/LAN9253_D51_SPI_Beckhoff_mode/production/_ext/108134065/coeappl.o
 .comment       0x0000003c       0x3d build/LAN9253_D51_SPI_Beckhoff_mode/production/_ext/108134065/ecatappl.o
 .comment       0x0000003c       0x3d build/LAN9253_D51_SPI_Beckhoff_mode/production/_ext/108134065/ecatcoe.o
 .comment       0x0000003c       0x3d build/LAN9253_D51_SPI_Beckhoff_mode/production/_ext/108134065/ecatfoe.o
 .comment       0x0000003c       0x3d build/LAN9253_D51_SPI_Beckhoff_mode/production/_ext/108134065/ecatslv.o
 .comment       0x0000003c       0x3d build/LAN9253_D51_SPI_Beckhoff_mode/production/_ext/108134065/emcy.o
 .comment       0x0000003c       0x3d build/LAN9253_D51_SPI_Beckhoff_mode/production/_ext/108134065/foeappl.o
 .comment       0x0000003c       0x3d build/LAN9253_D51_SPI_Beckhoff_mode/production/_ext/108134065/mailbox.o
 .comment       0x0000003c       0x3d build/LAN9253_D51_SPI_Beckhoff_mode/production/_ext/108134065/objdef.o
 .comment       0x0000003c       0x3d build/LAN9253_D51_SPI_Beckhoff_mode/production/_ext/108134065/sample_app.o
 .comment       0x0000003c       0x3d build/LAN9253_D51_SPI_Beckhoff_mode/production/_ext/108134065/sdoserv.o
 .comment       0x0000003c       0x3d build/LAN9253_D51_SPI_Beckhoff_mode/production/_ext/1360937237/main.o
 .comment       0x0000003c       0x3d build/LAN9253_D51_SPI_Beckhoff_mode/production/_ext/1360937237/app.o
 .comment       0x0000003c       0x3d c:/program files (x86)/microchip/xc32/v2.30/bin/bin/../../lib/gcc/pic32c/6.2.1/../../../../pic32c/lib/v7e-m/fpv4-sp/hard\libpic32c.a(data_init.o)
 .comment       0x0000003c       0x3d c:/program files (x86)/microchip/xc32/v2.30/bin/bin/../../lib/gcc/pic32c/6.2.1/../../../../pic32c/lib/v7e-m/fpv4-sp/hard\libc.a(lib_a-init.o)
 .comment       0x0000003c       0x3d c:/program files (x86)/microchip/xc32/v2.30/bin/bin/../../lib/gcc/pic32c/6.2.1/../../../../pic32c/lib/v7e-m/fpv4-sp/hard\libc.a(lib_a-malloc.o)
 .comment       0x0000003c       0x3d c:/program files (x86)/microchip/xc32/v2.30/bin/bin/../../lib/gcc/pic32c/6.2.1/../../../../pic32c/lib/v7e-m/fpv4-sp/hard\libc.a(lib_a-mallocr.o)
 .comment       0x0000003c       0x3d c:/program files (x86)/microchip/xc32/v2.30/bin/bin/../../lib/gcc/pic32c/6.2.1/../../../../pic32c/lib/v7e-m/fpv4-sp/hard\libc.a(lib_a-memcpy-stub.o)
 .comment       0x0000003c       0x3d c:/program files (x86)/microchip/xc32/v2.30/bin/bin/../../lib/gcc/pic32c/6.2.1/../../../../pic32c/lib/v7e-m/fpv4-sp/hard\libc.a(lib_a-memset.o)
 .comment       0x0000003c       0x3d c:/program files (x86)/microchip/xc32/v2.30/bin/bin/../../lib/gcc/pic32c/6.2.1/../../../../pic32c/lib/v7e-m/fpv4-sp/hard\libc.a(lib_a-mlock.o)
 .comment       0x0000003c       0x3d c:/program files (x86)/microchip/xc32/v2.30/bin/bin/../../lib/gcc/pic32c/6.2.1/../../../../pic32c/lib/v7e-m/fpv4-sp/hard\libc.a(lib_a-sbrkr.o)
 .comment       0x0000003c       0x3d c:/program files (x86)/microchip/xc32/v2.30/bin/bin/../../lib/gcc/pic32c/6.2.1/../../../../pic32c/lib/v7e-m/fpv4-sp/hard\libc.a(lib_a-freer.o)
 .comment       0x0000003c       0x3d c:/program files (x86)/microchip/xc32/v2.30/bin/bin/../../lib/gcc/pic32c/6.2.1/../../../../pic32c/lib/v7e-m/fpv4-sp/hard\libc.a(lib_a-impure.o)
 .comment       0x0000003c       0x3d c:/program files (x86)/microchip/xc32/v2.30/bin/bin/../../lib/gcc/pic32c/6.2.1/../../../../pic32c/lib/v7e-m/fpv4-sp/hard\libc.a(lib_a-reent.o)
 .comment       0x0000003c       0x3d c:/program files (x86)/microchip/xc32/v2.30/bin/bin/../../lib/gcc/pic32c/6.2.1/../../../../pic32c/lib/v7e-m/fpv4-sp/hard\libpic32c.a(sbrk.o)

.debug_info     0x00000000    0x50cbe
 .debug_info    0x00000000     0x4c50 build/LAN9253_D51_SPI_Beckhoff_mode/production/_ext/2070931557/drv_spi.o
 .debug_info    0x00004c50      0xb61 build/LAN9253_D51_SPI_Beckhoff_mode/production/_ext/1984496892/plib_clock.o
 .debug_info    0x000057b1     0x2bf9 build/LAN9253_D51_SPI_Beckhoff_mode/production/_ext/1865161661/plib_dmac.o
 .debug_info    0x000083aa      0x7cf build/LAN9253_D51_SPI_Beckhoff_mode/production/_ext/60167341/plib_eic.o
 .debug_info    0x00008b79      0x34a build/LAN9253_D51_SPI_Beckhoff_mode/production/_ext/1986646378/plib_evsys.o
 .debug_info    0x00008ec3     0x10dd build/LAN9253_D51_SPI_Beckhoff_mode/production/_ext/1865468468/plib_nvic.o
 .debug_info    0x00009fa0     0x16aa build/LAN9253_D51_SPI_Beckhoff_mode/production/_ext/1593096446/plib_nvmctrl.o
 .debug_info    0x0000b64a      0x806 build/LAN9253_D51_SPI_Beckhoff_mode/production/_ext/1865521619/plib_port.o
 .debug_info    0x0000be50     0x21ca build/LAN9253_D51_SPI_Beckhoff_mode/production/_ext/1865555181/plib_qspi_spi.o
 .debug_info    0x0000e01a      0x6a5 build/LAN9253_D51_SPI_Beckhoff_mode/production/_ext/1827571544/plib_systick.o
 .debug_info    0x0000e6bf     0x145e build/LAN9253_D51_SPI_Beckhoff_mode/production/_ext/14461671/sys_dma.o
 .debug_info    0x0000fb1d     0x10e3 build/LAN9253_D51_SPI_Beckhoff_mode/production/_ext/1881668453/sys_int.o
 .debug_info    0x00010c00     0x19c3 build/LAN9253_D51_SPI_Beckhoff_mode/production/_ext/1171490990/exceptions.o
 .debug_info    0x000125c3     0x3227 build/LAN9253_D51_SPI_Beckhoff_mode/production/_ext/1171490990/initialization.o
 .debug_info    0x000157ea     0x2c9f build/LAN9253_D51_SPI_Beckhoff_mode/production/_ext/1171490990/interrupts.o
 .debug_info    0x00018489     0x1dcc build/LAN9253_D51_SPI_Beckhoff_mode/production/_ext/1171490990/startup_xc32.o
 .debug_info    0x0001a255     0x18f3 build/LAN9253_D51_SPI_Beckhoff_mode/production/_ext/1171490990/tasks.o
 .debug_info    0x0001bb48     0x3f03 build/LAN9253_D51_SPI_Beckhoff_mode/production/_ext/1671622979/Drivers.o
 .debug_info    0x0001fa4b     0x1b2a build/LAN9253_D51_SPI_Beckhoff_mode/production/_ext/108147519/ESC_Utils.o
 .debug_info    0x00021575     0x27e1 build/LAN9253_D51_SPI_Beckhoff_mode/production/_ext/108147519/LAN925x.o
 .debug_info    0x00023d56     0x123c build/LAN9253_D51_SPI_Beckhoff_mode/production/_ext/108134065/bootmode.o
 .debug_info    0x00024f92     0x33cd build/LAN9253_D51_SPI_Beckhoff_mode/production/_ext/108134065/coeappl.o
 .debug_info    0x0002835f     0x2cb4 build/LAN9253_D51_SPI_Beckhoff_mode/production/_ext/108134065/ecatappl.o
 .debug_info    0x0002b013     0x1654 build/LAN9253_D51_SPI_Beckhoff_mode/production/_ext/108134065/ecatcoe.o
 .debug_info    0x0002c667     0x23c4 build/LAN9253_D51_SPI_Beckhoff_mode/production/_ext/108134065/ecatfoe.o
 .debug_info    0x0002ea2b     0x32c0 build/LAN9253_D51_SPI_Beckhoff_mode/production/_ext/108134065/ecatslv.o
 .debug_info    0x00031ceb     0x244c build/LAN9253_D51_SPI_Beckhoff_mode/production/_ext/108134065/emcy.o
 .debug_info    0x00034137     0x2822 build/LAN9253_D51_SPI_Beckhoff_mode/production/_ext/108134065/foeappl.o
 .debug_info    0x00036959     0x2b09 build/LAN9253_D51_SPI_Beckhoff_mode/production/_ext/108134065/mailbox.o
 .debug_info    0x00039462     0x3117 build/LAN9253_D51_SPI_Beckhoff_mode/production/_ext/108134065/objdef.o
 .debug_info    0x0003c579     0x313e build/LAN9253_D51_SPI_Beckhoff_mode/production/_ext/108134065/sample_app.o
 .debug_info    0x0003f6b7     0x341c build/LAN9253_D51_SPI_Beckhoff_mode/production/_ext/108134065/sdoserv.o
 .debug_info    0x00042ad3     0x18e2 build/LAN9253_D51_SPI_Beckhoff_mode/production/_ext/1360937237/main.o
 .debug_info    0x000443b5     0x2ac1 build/LAN9253_D51_SPI_Beckhoff_mode/production/_ext/1360937237/app.o
 .debug_info    0x00046e76      0x2a2 c:/program files (x86)/microchip/xc32/v2.30/bin/bin/../../lib/gcc/pic32c/6.2.1/../../../../pic32c/lib/v7e-m/fpv4-sp/hard\libpic32c.a(data_init.o)
 .debug_info    0x00047118      0x41a c:/program files (x86)/microchip/xc32/v2.30/bin/bin/../../lib/gcc/pic32c/6.2.1/../../../../pic32c/lib/v7e-m/fpv4-sp/hard\libc.a(lib_a-init.o)
 .debug_info    0x00047532      0xe58 c:/program files (x86)/microchip/xc32/v2.30/bin/bin/../../lib/gcc/pic32c/6.2.1/../../../../pic32c/lib/v7e-m/fpv4-sp/hard\libc.a(lib_a-malloc.o)
 .debug_info    0x0004838a     0x14ca c:/program files (x86)/microchip/xc32/v2.30/bin/bin/../../lib/gcc/pic32c/6.2.1/../../../../pic32c/lib/v7e-m/fpv4-sp/hard\libc.a(lib_a-mallocr.o)
 .debug_info    0x00049854      0xe2e c:/program files (x86)/microchip/xc32/v2.30/bin/bin/../../lib/gcc/pic32c/6.2.1/../../../../pic32c/lib/v7e-m/fpv4-sp/hard\libc.a(lib_a-memcpy-stub.o)
 .debug_info    0x0004a682     0x156f c:/program files (x86)/microchip/xc32/v2.30/bin/bin/../../lib/gcc/pic32c/6.2.1/../../../../pic32c/lib/v7e-m/fpv4-sp/hard\libc.a(lib_a-memset.o)
 .debug_info    0x0004bbf1      0xdf2 c:/program files (x86)/microchip/xc32/v2.30/bin/bin/../../lib/gcc/pic32c/6.2.1/../../../../pic32c/lib/v7e-m/fpv4-sp/hard\libc.a(lib_a-mlock.o)
 .debug_info    0x0004c9e3      0xea5 c:/program files (x86)/microchip/xc32/v2.30/bin/bin/../../lib/gcc/pic32c/6.2.1/../../../../pic32c/lib/v7e-m/fpv4-sp/hard\libc.a(lib_a-sbrkr.o)
 .debug_info    0x0004d888      0x125 c:/program files (x86)/microchip/xc32/v2.30/bin/bin/../../lib/gcc/pic32c/6.2.1/../../../../pic32c/lib/v7e-m/fpv4-sp/hard\libc.a(lib_a-strlen.o)
 .debug_info    0x0004d9ad     0x137d c:/program files (x86)/microchip/xc32/v2.30/bin/bin/../../lib/gcc/pic32c/6.2.1/../../../../pic32c/lib/v7e-m/fpv4-sp/hard\libc.a(lib_a-freer.o)
 .debug_info    0x0004ed2a      0xdb5 c:/program files (x86)/microchip/xc32/v2.30/bin/bin/../../lib/gcc/pic32c/6.2.1/../../../../pic32c/lib/v7e-m/fpv4-sp/hard\libc.a(lib_a-impure.o)
 .debug_info    0x0004fadf      0xf59 c:/program files (x86)/microchip/xc32/v2.30/bin/bin/../../lib/gcc/pic32c/6.2.1/../../../../pic32c/lib/v7e-m/fpv4-sp/hard\libc.a(lib_a-reent.o)
 .debug_info    0x00050a38      0x286 c:/program files (x86)/microchip/xc32/v2.30/bin/bin/../../lib/gcc/pic32c/6.2.1/../../../../pic32c/lib/v7e-m/fpv4-sp/hard\libpic32c.a(sbrk.o)

.debug_abbrev   0x00000000     0x6245
 .debug_abbrev  0x00000000      0x454 build/LAN9253_D51_SPI_Beckhoff_mode/production/_ext/2070931557/drv_spi.o
 .debug_abbrev  0x00000454       0xfd build/LAN9253_D51_SPI_Beckhoff_mode/production/_ext/1984496892/plib_clock.o
 .debug_abbrev  0x00000551      0x345 build/LAN9253_D51_SPI_Beckhoff_mode/production/_ext/1865161661/plib_dmac.o
 .debug_abbrev  0x00000896      0x15d build/LAN9253_D51_SPI_Beckhoff_mode/production/_ext/60167341/plib_eic.o
 .debug_abbrev  0x000009f3       0x5e build/LAN9253_D51_SPI_Beckhoff_mode/production/_ext/1986646378/plib_evsys.o
 .debug_abbrev  0x00000a51      0x14d build/LAN9253_D51_SPI_Beckhoff_mode/production/_ext/1865468468/plib_nvic.o
 .debug_abbrev  0x00000b9e      0x25d build/LAN9253_D51_SPI_Beckhoff_mode/production/_ext/1593096446/plib_nvmctrl.o
 .debug_abbrev  0x00000dfb      0x151 build/LAN9253_D51_SPI_Beckhoff_mode/production/_ext/1865521619/plib_port.o
 .debug_abbrev  0x00000f4c      0x29a build/LAN9253_D51_SPI_Beckhoff_mode/production/_ext/1865555181/plib_qspi_spi.o
 .debug_abbrev  0x000011e6      0x15c build/LAN9253_D51_SPI_Beckhoff_mode/production/_ext/1827571544/plib_systick.o
 .debug_abbrev  0x00001342      0x1e7 build/LAN9253_D51_SPI_Beckhoff_mode/production/_ext/14461671/sys_dma.o
 .debug_abbrev  0x00001529      0x206 build/LAN9253_D51_SPI_Beckhoff_mode/production/_ext/1881668453/sys_int.o
 .debug_abbrev  0x0000172f      0x1d1 build/LAN9253_D51_SPI_Beckhoff_mode/production/_ext/1171490990/exceptions.o
 .debug_abbrev  0x00001900      0x23a build/LAN9253_D51_SPI_Beckhoff_mode/production/_ext/1171490990/initialization.o
 .debug_abbrev  0x00001b3a      0x1d1 build/LAN9253_D51_SPI_Beckhoff_mode/production/_ext/1171490990/interrupts.o
 .debug_abbrev  0x00001d0b      0x2a9 build/LAN9253_D51_SPI_Beckhoff_mode/production/_ext/1171490990/startup_xc32.o
 .debug_abbrev  0x00001fb4      0x1d1 build/LAN9253_D51_SPI_Beckhoff_mode/production/_ext/1171490990/tasks.o
 .debug_abbrev  0x00002185      0x439 build/LAN9253_D51_SPI_Beckhoff_mode/production/_ext/1671622979/Drivers.o
 .debug_abbrev  0x000025be      0x232 build/LAN9253_D51_SPI_Beckhoff_mode/production/_ext/108147519/ESC_Utils.o
 .debug_abbrev  0x000027f0      0x2c3 build/LAN9253_D51_SPI_Beckhoff_mode/production/_ext/108147519/LAN925x.o
 .debug_abbrev  0x00002ab3      0x1f9 build/LAN9253_D51_SPI_Beckhoff_mode/production/_ext/108134065/bootmode.o
 .debug_abbrev  0x00002cac      0x2ea build/LAN9253_D51_SPI_Beckhoff_mode/production/_ext/108134065/coeappl.o
 .debug_abbrev  0x00002f96      0x29c build/LAN9253_D51_SPI_Beckhoff_mode/production/_ext/108134065/ecatappl.o
 .debug_abbrev  0x00003232      0x1ee build/LAN9253_D51_SPI_Beckhoff_mode/production/_ext/108134065/ecatcoe.o
 .debug_abbrev  0x00003420      0x283 build/LAN9253_D51_SPI_Beckhoff_mode/production/_ext/108134065/ecatfoe.o
 .debug_abbrev  0x000036a3      0x2ee build/LAN9253_D51_SPI_Beckhoff_mode/production/_ext/108134065/ecatslv.o
 .debug_abbrev  0x00003991      0x2c7 build/LAN9253_D51_SPI_Beckhoff_mode/production/_ext/108134065/emcy.o
 .debug_abbrev  0x00003c58      0x292 build/LAN9253_D51_SPI_Beckhoff_mode/production/_ext/108134065/foeappl.o
 .debug_abbrev  0x00003eea      0x2ba build/LAN9253_D51_SPI_Beckhoff_mode/production/_ext/108134065/mailbox.o
 .debug_abbrev  0x000041a4      0x2ec build/LAN9253_D51_SPI_Beckhoff_mode/production/_ext/108134065/objdef.o
 .debug_abbrev  0x00004490      0x368 build/LAN9253_D51_SPI_Beckhoff_mode/production/_ext/108134065/sample_app.o
 .debug_abbrev  0x000047f8      0x309 build/LAN9253_D51_SPI_Beckhoff_mode/production/_ext/108134065/sdoserv.o
 .debug_abbrev  0x00004b01      0x1d3 build/LAN9253_D51_SPI_Beckhoff_mode/production/_ext/1360937237/main.o
 .debug_abbrev  0x00004cd4      0x2ab build/LAN9253_D51_SPI_Beckhoff_mode/production/_ext/1360937237/app.o
 .debug_abbrev  0x00004f7f       0x2a c:/program files (x86)/microchip/xc32/v2.30/bin/bin/../../lib/gcc/pic32c/6.2.1/../../../../pic32c/lib/v7e-m/fpv4-sp/hard\libpic32c.a(data_init.o)
 .debug_abbrev  0x00004fa9       0xa3 c:/program files (x86)/microchip/xc32/v2.30/bin/bin/../../lib/gcc/pic32c/6.2.1/../../../../pic32c/lib/v7e-m/fpv4-sp/hard\libc.a(lib_a-init.o)
 .debug_abbrev  0x0000504c      0x1f8 c:/program files (x86)/microchip/xc32/v2.30/bin/bin/../../lib/gcc/pic32c/6.2.1/../../../../pic32c/lib/v7e-m/fpv4-sp/hard\libc.a(lib_a-malloc.o)
 .debug_abbrev  0x00005244      0x29b c:/program files (x86)/microchip/xc32/v2.30/bin/bin/../../lib/gcc/pic32c/6.2.1/../../../../pic32c/lib/v7e-m/fpv4-sp/hard\libc.a(lib_a-mallocr.o)
 .debug_abbrev  0x000054df      0x1c1 c:/program files (x86)/microchip/xc32/v2.30/bin/bin/../../lib/gcc/pic32c/6.2.1/../../../../pic32c/lib/v7e-m/fpv4-sp/hard\libc.a(lib_a-memcpy-stub.o)
 .debug_abbrev  0x000056a0      0x1b5 c:/program files (x86)/microchip/xc32/v2.30/bin/bin/../../lib/gcc/pic32c/6.2.1/../../../../pic32c/lib/v7e-m/fpv4-sp/hard\libc.a(lib_a-memset.o)
 .debug_abbrev  0x00005855      0x1aa c:/program files (x86)/microchip/xc32/v2.30/bin/bin/../../lib/gcc/pic32c/6.2.1/../../../../pic32c/lib/v7e-m/fpv4-sp/hard\libc.a(lib_a-mlock.o)
 .debug_abbrev  0x000059ff      0x1ed c:/program files (x86)/microchip/xc32/v2.30/bin/bin/../../lib/gcc/pic32c/6.2.1/../../../../pic32c/lib/v7e-m/fpv4-sp/hard\libc.a(lib_a-sbrkr.o)
 .debug_abbrev  0x00005bec       0x14 c:/program files (x86)/microchip/xc32/v2.30/bin/bin/../../lib/gcc/pic32c/6.2.1/../../../../pic32c/lib/v7e-m/fpv4-sp/hard\libc.a(lib_a-strlen.o)
 .debug_abbrev  0x00005c00      0x24d c:/program files (x86)/microchip/xc32/v2.30/bin/bin/../../lib/gcc/pic32c/6.2.1/../../../../pic32c/lib/v7e-m/fpv4-sp/hard\libc.a(lib_a-freer.o)
 .debug_abbrev  0x00005e4d      0x176 c:/program files (x86)/microchip/xc32/v2.30/bin/bin/../../lib/gcc/pic32c/6.2.1/../../../../pic32c/lib/v7e-m/fpv4-sp/hard\libc.a(lib_a-impure.o)
 .debug_abbrev  0x00005fc3      0x258 c:/program files (x86)/microchip/xc32/v2.30/bin/bin/../../lib/gcc/pic32c/6.2.1/../../../../pic32c/lib/v7e-m/fpv4-sp/hard\libc.a(lib_a-reent.o)
 .debug_abbrev  0x0000621b       0x2a c:/program files (x86)/microchip/xc32/v2.30/bin/bin/../../lib/gcc/pic32c/6.2.1/../../../../pic32c/lib/v7e-m/fpv4-sp/hard\libpic32c.a(sbrk.o)

.debug_loc      0x00000000     0x7450
 .debug_loc     0x00000000      0xca8 build/LAN9253_D51_SPI_Beckhoff_mode/production/_ext/2070931557/drv_spi.o
 .debug_loc     0x00000ca8      0x208 build/LAN9253_D51_SPI_Beckhoff_mode/production/_ext/1984496892/plib_clock.o
 .debug_loc     0x00000eb0      0x5c4 build/LAN9253_D51_SPI_Beckhoff_mode/production/_ext/1865161661/plib_dmac.o
 .debug_loc     0x00001474      0x1dc build/LAN9253_D51_SPI_Beckhoff_mode/production/_ext/60167341/plib_eic.o
 .debug_loc     0x00001650       0x44 build/LAN9253_D51_SPI_Beckhoff_mode/production/_ext/1986646378/plib_evsys.o
 .debug_loc     0x00001694      0x140 build/LAN9253_D51_SPI_Beckhoff_mode/production/_ext/1865468468/plib_nvic.o
 .debug_loc     0x000017d4      0x5c0 build/LAN9253_D51_SPI_Beckhoff_mode/production/_ext/1593096446/plib_nvmctrl.o
 .debug_loc     0x00001d94      0x324 build/LAN9253_D51_SPI_Beckhoff_mode/production/_ext/1865521619/plib_port.o
 .debug_loc     0x000020b8      0x28c build/LAN9253_D51_SPI_Beckhoff_mode/production/_ext/1865555181/plib_qspi_spi.o
 .debug_loc     0x00002344      0x31c build/LAN9253_D51_SPI_Beckhoff_mode/production/_ext/1827571544/plib_systick.o
 .debug_loc     0x00002660       0xa0 build/LAN9253_D51_SPI_Beckhoff_mode/production/_ext/14461671/sys_dma.o
 .debug_loc     0x00002700      0x2b0 build/LAN9253_D51_SPI_Beckhoff_mode/production/_ext/1881668453/sys_int.o
 .debug_loc     0x000029b0      0x108 build/LAN9253_D51_SPI_Beckhoff_mode/production/_ext/1171490990/exceptions.o
 .debug_loc     0x00002ab8       0x50 build/LAN9253_D51_SPI_Beckhoff_mode/production/_ext/1171490990/initialization.o
 .debug_loc     0x00002b08      0x11c build/LAN9253_D51_SPI_Beckhoff_mode/production/_ext/1171490990/startup_xc32.o
 .debug_loc     0x00002c24       0x2c build/LAN9253_D51_SPI_Beckhoff_mode/production/_ext/1171490990/tasks.o
 .debug_loc     0x00002c50      0xb64 build/LAN9253_D51_SPI_Beckhoff_mode/production/_ext/1671622979/Drivers.o
 .debug_loc     0x000037b4      0x130 build/LAN9253_D51_SPI_Beckhoff_mode/production/_ext/108147519/ESC_Utils.o
 .debug_loc     0x000038e4      0x4b0 build/LAN9253_D51_SPI_Beckhoff_mode/production/_ext/108147519/LAN925x.o
 .debug_loc     0x00003d94      0x158 build/LAN9253_D51_SPI_Beckhoff_mode/production/_ext/108134065/bootmode.o
 .debug_loc     0x00003eec      0x370 build/LAN9253_D51_SPI_Beckhoff_mode/production/_ext/108134065/coeappl.o
 .debug_loc     0x0000425c      0x2e0 build/LAN9253_D51_SPI_Beckhoff_mode/production/_ext/108134065/ecatappl.o
 .debug_loc     0x0000453c       0xe4 build/LAN9253_D51_SPI_Beckhoff_mode/production/_ext/108134065/ecatcoe.o
 .debug_loc     0x00004620       0xe4 build/LAN9253_D51_SPI_Beckhoff_mode/production/_ext/108134065/ecatfoe.o
 .debug_loc     0x00004704      0x682 build/LAN9253_D51_SPI_Beckhoff_mode/production/_ext/108134065/ecatslv.o
 .debug_loc     0x00004d86      0x2f4 build/LAN9253_D51_SPI_Beckhoff_mode/production/_ext/108134065/emcy.o
 .debug_loc     0x0000507a      0x1e0 build/LAN9253_D51_SPI_Beckhoff_mode/production/_ext/108134065/foeappl.o
 .debug_loc     0x0000525a      0x428 build/LAN9253_D51_SPI_Beckhoff_mode/production/_ext/108134065/mailbox.o
 .debug_loc     0x00005682      0x40e build/LAN9253_D51_SPI_Beckhoff_mode/production/_ext/108134065/objdef.o
 .debug_loc     0x00005a90      0x5d4 build/LAN9253_D51_SPI_Beckhoff_mode/production/_ext/108134065/sample_app.o
 .debug_loc     0x00006064      0x210 build/LAN9253_D51_SPI_Beckhoff_mode/production/_ext/108134065/sdoserv.o
 .debug_loc     0x00006274       0x2c build/LAN9253_D51_SPI_Beckhoff_mode/production/_ext/1360937237/main.o
 .debug_loc     0x000062a0      0x148 build/LAN9253_D51_SPI_Beckhoff_mode/production/_ext/1360937237/app.o
 .debug_loc     0x000063e8       0x74 c:/program files (x86)/microchip/xc32/v2.30/bin/bin/../../lib/gcc/pic32c/6.2.1/../../../../pic32c/lib/v7e-m/fpv4-sp/hard\libc.a(lib_a-init.o)
 .debug_loc     0x0000645c       0x58 c:/program files (x86)/microchip/xc32/v2.30/bin/bin/../../lib/gcc/pic32c/6.2.1/../../../../pic32c/lib/v7e-m/fpv4-sp/hard\libc.a(lib_a-malloc.o)
 .debug_loc     0x000064b4      0x875 c:/program files (x86)/microchip/xc32/v2.30/bin/bin/../../lib/gcc/pic32c/6.2.1/../../../../pic32c/lib/v7e-m/fpv4-sp/hard\libc.a(lib_a-mallocr.o)
 .debug_loc     0x00006d29       0xb2 c:/program files (x86)/microchip/xc32/v2.30/bin/bin/../../lib/gcc/pic32c/6.2.1/../../../../pic32c/lib/v7e-m/fpv4-sp/hard\libc.a(lib_a-memcpy-stub.o)
 .debug_loc     0x00006ddb       0x4c c:/program files (x86)/microchip/xc32/v2.30/bin/bin/../../lib/gcc/pic32c/6.2.1/../../../../pic32c/lib/v7e-m/fpv4-sp/hard\libc.a(lib_a-memset.o)
 .debug_loc     0x00006e27       0x6d c:/program files (x86)/microchip/xc32/v2.30/bin/bin/../../lib/gcc/pic32c/6.2.1/../../../../pic32c/lib/v7e-m/fpv4-sp/hard\libc.a(lib_a-sbrkr.o)
 .debug_loc     0x00006e94      0x42d c:/program files (x86)/microchip/xc32/v2.30/bin/bin/../../lib/gcc/pic32c/6.2.1/../../../../pic32c/lib/v7e-m/fpv4-sp/hard\libc.a(lib_a-freer.o)
 .debug_loc     0x000072c1      0x18f c:/program files (x86)/microchip/xc32/v2.30/bin/bin/../../lib/gcc/pic32c/6.2.1/../../../../pic32c/lib/v7e-m/fpv4-sp/hard\libc.a(lib_a-reent.o)

.debug_aranges  0x00000000      0xf48
 .debug_aranges
                0x00000000      0x150 build/LAN9253_D51_SPI_Beckhoff_mode/production/_ext/2070931557/drv_spi.o
 .debug_aranges
                0x00000150       0x58 build/LAN9253_D51_SPI_Beckhoff_mode/production/_ext/1984496892/plib_clock.o
 .debug_aranges
                0x000001a8       0xa8 build/LAN9253_D51_SPI_Beckhoff_mode/production/_ext/1865161661/plib_dmac.o
 .debug_aranges
                0x00000250       0x50 build/LAN9253_D51_SPI_Beckhoff_mode/production/_ext/60167341/plib_eic.o
 .debug_aranges
                0x000002a0       0x20 build/LAN9253_D51_SPI_Beckhoff_mode/production/_ext/1986646378/plib_evsys.o
 .debug_aranges
                0x000002c0       0x38 build/LAN9253_D51_SPI_Beckhoff_mode/production/_ext/1865468468/plib_nvic.o
 .debug_aranges
                0x000002f8       0xb0 build/LAN9253_D51_SPI_Beckhoff_mode/production/_ext/1593096446/plib_nvmctrl.o
 .debug_aranges
                0x000003a8       0x60 build/LAN9253_D51_SPI_Beckhoff_mode/production/_ext/1865521619/plib_port.o
 .debug_aranges
                0x00000408       0x58 build/LAN9253_D51_SPI_Beckhoff_mode/production/_ext/1865555181/plib_qspi_spi.o
 .debug_aranges
                0x00000460       0x70 build/LAN9253_D51_SPI_Beckhoff_mode/production/_ext/1827571544/plib_systick.o
 .debug_aranges
                0x000004d0       0x28 build/LAN9253_D51_SPI_Beckhoff_mode/production/_ext/14461671/sys_dma.o
 .debug_aranges
                0x000004f8       0x58 build/LAN9253_D51_SPI_Beckhoff_mode/production/_ext/1881668453/sys_int.o
 .debug_aranges
                0x00000550       0x48 build/LAN9253_D51_SPI_Beckhoff_mode/production/_ext/1171490990/exceptions.o
 .debug_aranges
                0x00000598       0x20 build/LAN9253_D51_SPI_Beckhoff_mode/production/_ext/1171490990/initialization.o
 .debug_aranges
                0x000005b8       0x20 build/LAN9253_D51_SPI_Beckhoff_mode/production/_ext/1171490990/interrupts.o
 .debug_aranges
                0x000005d8       0x38 build/LAN9253_D51_SPI_Beckhoff_mode/production/_ext/1171490990/startup_xc32.o
 .debug_aranges
                0x00000610       0x20 build/LAN9253_D51_SPI_Beckhoff_mode/production/_ext/1171490990/tasks.o
 .debug_aranges
                0x00000630      0x150 build/LAN9253_D51_SPI_Beckhoff_mode/production/_ext/1671622979/Drivers.o
 .debug_aranges
                0x00000780       0x40 build/LAN9253_D51_SPI_Beckhoff_mode/production/_ext/108147519/ESC_Utils.o
 .debug_aranges
                0x000007c0       0x90 build/LAN9253_D51_SPI_Beckhoff_mode/production/_ext/108147519/LAN925x.o
 .debug_aranges
                0x00000850       0x38 build/LAN9253_D51_SPI_Beckhoff_mode/production/_ext/108134065/bootmode.o
 .debug_aranges
                0x00000888       0x70 build/LAN9253_D51_SPI_Beckhoff_mode/production/_ext/108134065/coeappl.o
 .debug_aranges
                0x000008f8       0x70 build/LAN9253_D51_SPI_Beckhoff_mode/production/_ext/108134065/ecatappl.o
 .debug_aranges
                0x00000968       0x30 build/LAN9253_D51_SPI_Beckhoff_mode/production/_ext/108134065/ecatcoe.o
 .debug_aranges
                0x00000998       0x30 build/LAN9253_D51_SPI_Beckhoff_mode/production/_ext/108134065/ecatfoe.o
 .debug_aranges
                0x000009c8       0xc8 build/LAN9253_D51_SPI_Beckhoff_mode/production/_ext/108134065/ecatslv.o
 .debug_aranges
                0x00000a90       0x60 build/LAN9253_D51_SPI_Beckhoff_mode/production/_ext/108134065/emcy.o
 .debug_aranges
                0x00000af0       0x48 build/LAN9253_D51_SPI_Beckhoff_mode/production/_ext/108134065/foeappl.o
 .debug_aranges
                0x00000b38       0x80 build/LAN9253_D51_SPI_Beckhoff_mode/production/_ext/108134065/mailbox.o
 .debug_aranges
                0x00000bb8       0x78 build/LAN9253_D51_SPI_Beckhoff_mode/production/_ext/108134065/objdef.o
 .debug_aranges
                0x00000c30       0xb8 build/LAN9253_D51_SPI_Beckhoff_mode/production/_ext/108134065/sample_app.o
 .debug_aranges
                0x00000ce8       0x50 build/LAN9253_D51_SPI_Beckhoff_mode/production/_ext/108134065/sdoserv.o
 .debug_aranges
                0x00000d38       0x20 build/LAN9253_D51_SPI_Beckhoff_mode/production/_ext/1360937237/main.o
 .debug_aranges
                0x00000d58       0x40 build/LAN9253_D51_SPI_Beckhoff_mode/production/_ext/1360937237/app.o
 .debug_aranges
                0x00000d98       0x20 c:/program files (x86)/microchip/xc32/v2.30/bin/bin/../../lib/gcc/pic32c/6.2.1/../../../../pic32c/lib/v7e-m/fpv4-sp/hard\libpic32c.a(data_init.o)
 .debug_aranges
                0x00000db8       0x20 c:/program files (x86)/microchip/xc32/v2.30/bin/bin/../../lib/gcc/pic32c/6.2.1/../../../../pic32c/lib/v7e-m/fpv4-sp/hard\libc.a(lib_a-init.o)
 .debug_aranges
                0x00000dd8       0x28 c:/program files (x86)/microchip/xc32/v2.30/bin/bin/../../lib/gcc/pic32c/6.2.1/../../../../pic32c/lib/v7e-m/fpv4-sp/hard\libc.a(lib_a-malloc.o)
 .debug_aranges
                0x00000e00       0x20 c:/program files (x86)/microchip/xc32/v2.30/bin/bin/../../lib/gcc/pic32c/6.2.1/../../../../pic32c/lib/v7e-m/fpv4-sp/hard\libc.a(lib_a-mallocr.o)
 .debug_aranges
                0x00000e20       0x20 c:/program files (x86)/microchip/xc32/v2.30/bin/bin/../../lib/gcc/pic32c/6.2.1/../../../../pic32c/lib/v7e-m/fpv4-sp/hard\libc.a(lib_a-memcpy-stub.o)
 .debug_aranges
                0x00000e40       0x20 c:/program files (x86)/microchip/xc32/v2.30/bin/bin/../../lib/gcc/pic32c/6.2.1/../../../../pic32c/lib/v7e-m/fpv4-sp/hard\libc.a(lib_a-memset.o)
 .debug_aranges
                0x00000e60       0x20 c:/program files (x86)/microchip/xc32/v2.30/bin/bin/../../lib/gcc/pic32c/6.2.1/../../../../pic32c/lib/v7e-m/fpv4-sp/hard\libc.a(lib_a-mlock.o)
 .debug_aranges
                0x00000e80       0x20 c:/program files (x86)/microchip/xc32/v2.30/bin/bin/../../lib/gcc/pic32c/6.2.1/../../../../pic32c/lib/v7e-m/fpv4-sp/hard\libc.a(lib_a-sbrkr.o)
 .debug_aranges
                0x00000ea0       0x20 c:/program files (x86)/microchip/xc32/v2.30/bin/bin/../../lib/gcc/pic32c/6.2.1/../../../../pic32c/lib/v7e-m/fpv4-sp/hard\libc.a(lib_a-strlen.o)
 .debug_aranges
                0x00000ec0       0x28 c:/program files (x86)/microchip/xc32/v2.30/bin/bin/../../lib/gcc/pic32c/6.2.1/../../../../pic32c/lib/v7e-m/fpv4-sp/hard\libc.a(lib_a-freer.o)
 .debug_aranges
                0x00000ee8       0x18 c:/program files (x86)/microchip/xc32/v2.30/bin/bin/../../lib/gcc/pic32c/6.2.1/../../../../pic32c/lib/v7e-m/fpv4-sp/hard\libc.a(lib_a-impure.o)
 .debug_aranges
                0x00000f00       0x28 c:/program files (x86)/microchip/xc32/v2.30/bin/bin/../../lib/gcc/pic32c/6.2.1/../../../../pic32c/lib/v7e-m/fpv4-sp/hard\libc.a(lib_a-reent.o)
 .debug_aranges
                0x00000f28       0x20 c:/program files (x86)/microchip/xc32/v2.30/bin/bin/../../lib/gcc/pic32c/6.2.1/../../../../pic32c/lib/v7e-m/fpv4-sp/hard\libpic32c.a(sbrk.o)

.debug_ranges   0x00000000      0xd58
 .debug_ranges  0x00000000      0x140 build/LAN9253_D51_SPI_Beckhoff_mode/production/_ext/2070931557/drv_spi.o
 .debug_ranges  0x00000140       0x48 build/LAN9253_D51_SPI_Beckhoff_mode/production/_ext/1984496892/plib_clock.o
 .debug_ranges  0x00000188       0x98 build/LAN9253_D51_SPI_Beckhoff_mode/production/_ext/1865161661/plib_dmac.o
 .debug_ranges  0x00000220       0x40 build/LAN9253_D51_SPI_Beckhoff_mode/production/_ext/60167341/plib_eic.o
 .debug_ranges  0x00000260       0x10 build/LAN9253_D51_SPI_Beckhoff_mode/production/_ext/1986646378/plib_evsys.o
 .debug_ranges  0x00000270       0x28 build/LAN9253_D51_SPI_Beckhoff_mode/production/_ext/1865468468/plib_nvic.o
 .debug_ranges  0x00000298       0xa0 build/LAN9253_D51_SPI_Beckhoff_mode/production/_ext/1593096446/plib_nvmctrl.o
 .debug_ranges  0x00000338       0x50 build/LAN9253_D51_SPI_Beckhoff_mode/production/_ext/1865521619/plib_port.o
 .debug_ranges  0x00000388       0x48 build/LAN9253_D51_SPI_Beckhoff_mode/production/_ext/1865555181/plib_qspi_spi.o
 .debug_ranges  0x000003d0       0x60 build/LAN9253_D51_SPI_Beckhoff_mode/production/_ext/1827571544/plib_systick.o
 .debug_ranges  0x00000430       0x18 build/LAN9253_D51_SPI_Beckhoff_mode/production/_ext/14461671/sys_dma.o
 .debug_ranges  0x00000448       0x48 build/LAN9253_D51_SPI_Beckhoff_mode/production/_ext/1881668453/sys_int.o
 .debug_ranges  0x00000490       0x38 build/LAN9253_D51_SPI_Beckhoff_mode/production/_ext/1171490990/exceptions.o
 .debug_ranges  0x000004c8       0x10 build/LAN9253_D51_SPI_Beckhoff_mode/production/_ext/1171490990/initialization.o
 .debug_ranges  0x000004d8       0x10 build/LAN9253_D51_SPI_Beckhoff_mode/production/_ext/1171490990/interrupts.o
 .debug_ranges  0x000004e8       0x28 build/LAN9253_D51_SPI_Beckhoff_mode/production/_ext/1171490990/startup_xc32.o
 .debug_ranges  0x00000510       0x10 build/LAN9253_D51_SPI_Beckhoff_mode/production/_ext/1171490990/tasks.o
 .debug_ranges  0x00000520      0x140 build/LAN9253_D51_SPI_Beckhoff_mode/production/_ext/1671622979/Drivers.o
 .debug_ranges  0x00000660       0x30 build/LAN9253_D51_SPI_Beckhoff_mode/production/_ext/108147519/ESC_Utils.o
 .debug_ranges  0x00000690       0x80 build/LAN9253_D51_SPI_Beckhoff_mode/production/_ext/108147519/LAN925x.o
 .debug_ranges  0x00000710       0x28 build/LAN9253_D51_SPI_Beckhoff_mode/production/_ext/108134065/bootmode.o
 .debug_ranges  0x00000738       0x78 build/LAN9253_D51_SPI_Beckhoff_mode/production/_ext/108134065/coeappl.o
 .debug_ranges  0x000007b0       0x78 build/LAN9253_D51_SPI_Beckhoff_mode/production/_ext/108134065/ecatappl.o
 .debug_ranges  0x00000828       0x20 build/LAN9253_D51_SPI_Beckhoff_mode/production/_ext/108134065/ecatcoe.o
 .debug_ranges  0x00000848       0x80 build/LAN9253_D51_SPI_Beckhoff_mode/production/_ext/108134065/ecatfoe.o
 .debug_ranges  0x000008c8       0xb8 build/LAN9253_D51_SPI_Beckhoff_mode/production/_ext/108134065/ecatslv.o
 .debug_ranges  0x00000980       0x50 build/LAN9253_D51_SPI_Beckhoff_mode/production/_ext/108134065/emcy.o
 .debug_ranges  0x000009d0       0x38 build/LAN9253_D51_SPI_Beckhoff_mode/production/_ext/108134065/foeappl.o
 .debug_ranges  0x00000a08       0x70 build/LAN9253_D51_SPI_Beckhoff_mode/production/_ext/108134065/mailbox.o
 .debug_ranges  0x00000a78       0x80 build/LAN9253_D51_SPI_Beckhoff_mode/production/_ext/108134065/objdef.o
 .debug_ranges  0x00000af8       0xa8 build/LAN9253_D51_SPI_Beckhoff_mode/production/_ext/108134065/sample_app.o
 .debug_ranges  0x00000ba0       0x68 build/LAN9253_D51_SPI_Beckhoff_mode/production/_ext/108134065/sdoserv.o
 .debug_ranges  0x00000c08       0x10 build/LAN9253_D51_SPI_Beckhoff_mode/production/_ext/1360937237/main.o
 .debug_ranges  0x00000c18       0x30 build/LAN9253_D51_SPI_Beckhoff_mode/production/_ext/1360937237/app.o
 .debug_ranges  0x00000c48       0x10 c:/program files (x86)/microchip/xc32/v2.30/bin/bin/../../lib/gcc/pic32c/6.2.1/../../../../pic32c/lib/v7e-m/fpv4-sp/hard\libpic32c.a(data_init.o)
 .debug_ranges  0x00000c58       0x10 c:/program files (x86)/microchip/xc32/v2.30/bin/bin/../../lib/gcc/pic32c/6.2.1/../../../../pic32c/lib/v7e-m/fpv4-sp/hard\libc.a(lib_a-init.o)
 .debug_ranges  0x00000c68       0x18 c:/program files (x86)/microchip/xc32/v2.30/bin/bin/../../lib/gcc/pic32c/6.2.1/../../../../pic32c/lib/v7e-m/fpv4-sp/hard\libc.a(lib_a-malloc.o)
 .debug_ranges  0x00000c80       0x28 c:/program files (x86)/microchip/xc32/v2.30/bin/bin/../../lib/gcc/pic32c/6.2.1/../../../../pic32c/lib/v7e-m/fpv4-sp/hard\libc.a(lib_a-mallocr.o)
 .debug_ranges  0x00000ca8       0x10 c:/program files (x86)/microchip/xc32/v2.30/bin/bin/../../lib/gcc/pic32c/6.2.1/../../../../pic32c/lib/v7e-m/fpv4-sp/hard\libc.a(lib_a-memcpy-stub.o)
 .debug_ranges  0x00000cb8       0x10 c:/program files (x86)/microchip/xc32/v2.30/bin/bin/../../lib/gcc/pic32c/6.2.1/../../../../pic32c/lib/v7e-m/fpv4-sp/hard\libc.a(lib_a-memset.o)
 .debug_ranges  0x00000cc8       0x10 c:/program files (x86)/microchip/xc32/v2.30/bin/bin/../../lib/gcc/pic32c/6.2.1/../../../../pic32c/lib/v7e-m/fpv4-sp/hard\libc.a(lib_a-mlock.o)
 .debug_ranges  0x00000cd8       0x10 c:/program files (x86)/microchip/xc32/v2.30/bin/bin/../../lib/gcc/pic32c/6.2.1/../../../../pic32c/lib/v7e-m/fpv4-sp/hard\libc.a(lib_a-sbrkr.o)
 .debug_ranges  0x00000ce8       0x18 c:/program files (x86)/microchip/xc32/v2.30/bin/bin/../../lib/gcc/pic32c/6.2.1/../../../../pic32c/lib/v7e-m/fpv4-sp/hard\libc.a(lib_a-freer.o)
 .debug_ranges  0x00000d00       0x48 c:/program files (x86)/microchip/xc32/v2.30/bin/bin/../../lib/gcc/pic32c/6.2.1/../../../../pic32c/lib/v7e-m/fpv4-sp/hard\libc.a(lib_a-reent.o)
 .debug_ranges  0x00000d48       0x10 c:/program files (x86)/microchip/xc32/v2.30/bin/bin/../../lib/gcc/pic32c/6.2.1/../../../../pic32c/lib/v7e-m/fpv4-sp/hard\libpic32c.a(sbrk.o)

.debug_line     0x00000000     0xa93c
 .debug_line    0x00000000      0xaf1 build/LAN9253_D51_SPI_Beckhoff_mode/production/_ext/2070931557/drv_spi.o
 .debug_line    0x00000af1      0x246 build/LAN9253_D51_SPI_Beckhoff_mode/production/_ext/1984496892/plib_clock.o
 .debug_line    0x00000d37      0x588 build/LAN9253_D51_SPI_Beckhoff_mode/production/_ext/1865161661/plib_dmac.o
 .debug_line    0x000012bf      0x20e build/LAN9253_D51_SPI_Beckhoff_mode/production/_ext/60167341/plib_eic.o
 .debug_line    0x000014cd      0x13b build/LAN9253_D51_SPI_Beckhoff_mode/production/_ext/1986646378/plib_evsys.o
 .debug_line    0x00001608      0x1da build/LAN9253_D51_SPI_Beckhoff_mode/production/_ext/1865468468/plib_nvic.o
 .debug_line    0x000017e2      0x379 build/LAN9253_D51_SPI_Beckhoff_mode/production/_ext/1593096446/plib_nvmctrl.o
 .debug_line    0x00001b5b      0x219 build/LAN9253_D51_SPI_Beckhoff_mode/production/_ext/1865521619/plib_port.o
 .debug_line    0x00001d74      0x4b0 build/LAN9253_D51_SPI_Beckhoff_mode/production/_ext/1865555181/plib_qspi_spi.o
 .debug_line    0x00002224      0x216 build/LAN9253_D51_SPI_Beckhoff_mode/production/_ext/1827571544/plib_systick.o
 .debug_line    0x0000243a      0x203 build/LAN9253_D51_SPI_Beckhoff_mode/production/_ext/14461671/sys_dma.o
 .debug_line    0x0000263d      0x291 build/LAN9253_D51_SPI_Beckhoff_mode/production/_ext/1881668453/sys_int.o
 .debug_line    0x000028ce      0x39e build/LAN9253_D51_SPI_Beckhoff_mode/production/_ext/1171490990/exceptions.o
 .debug_line    0x00002c6c      0x421 build/LAN9253_D51_SPI_Beckhoff_mode/production/_ext/1171490990/initialization.o
 .debug_line    0x0000308d      0x379 build/LAN9253_D51_SPI_Beckhoff_mode/production/_ext/1171490990/interrupts.o
 .debug_line    0x00003406      0x407 build/LAN9253_D51_SPI_Beckhoff_mode/production/_ext/1171490990/startup_xc32.o
 .debug_line    0x0000380d      0x348 build/LAN9253_D51_SPI_Beckhoff_mode/production/_ext/1171490990/tasks.o
 .debug_line    0x00003b55      0x8d4 build/LAN9253_D51_SPI_Beckhoff_mode/production/_ext/1671622979/Drivers.o
 .debug_line    0x00004429      0x402 build/LAN9253_D51_SPI_Beckhoff_mode/production/_ext/108147519/ESC_Utils.o
 .debug_line    0x0000482b      0x594 build/LAN9253_D51_SPI_Beckhoff_mode/production/_ext/108147519/LAN925x.o
 .debug_line    0x00004dbf      0x19b build/LAN9253_D51_SPI_Beckhoff_mode/production/_ext/108134065/bootmode.o
 .debug_line    0x00004f5a      0x50c build/LAN9253_D51_SPI_Beckhoff_mode/production/_ext/108134065/coeappl.o
 .debug_line    0x00005466      0x56e build/LAN9253_D51_SPI_Beckhoff_mode/production/_ext/108134065/ecatappl.o
 .debug_line    0x000059d4      0x1b0 build/LAN9253_D51_SPI_Beckhoff_mode/production/_ext/108134065/ecatcoe.o
 .debug_line    0x00005b84      0x42c build/LAN9253_D51_SPI_Beckhoff_mode/production/_ext/108134065/ecatfoe.o
 .debug_line    0x00005fb0      0x9b3 build/LAN9253_D51_SPI_Beckhoff_mode/production/_ext/108134065/ecatslv.o
 .debug_line    0x00006963      0x448 build/LAN9253_D51_SPI_Beckhoff_mode/production/_ext/108134065/emcy.o
 .debug_line    0x00006dab      0x414 build/LAN9253_D51_SPI_Beckhoff_mode/production/_ext/108134065/foeappl.o
 .debug_line    0x000071bf      0x596 build/LAN9253_D51_SPI_Beckhoff_mode/production/_ext/108134065/mailbox.o
 .debug_line    0x00007755      0x71c build/LAN9253_D51_SPI_Beckhoff_mode/production/_ext/108134065/objdef.o
 .debug_line    0x00007e71      0x5ac build/LAN9253_D51_SPI_Beckhoff_mode/production/_ext/108134065/sample_app.o
 .debug_line    0x0000841d      0x5fa build/LAN9253_D51_SPI_Beckhoff_mode/production/_ext/108134065/sdoserv.o
 .debug_line    0x00008a17      0x34b build/LAN9253_D51_SPI_Beckhoff_mode/production/_ext/1360937237/main.o
 .debug_line    0x00008d62      0x46c build/LAN9253_D51_SPI_Beckhoff_mode/production/_ext/1360937237/app.o
 .debug_line    0x000091ce       0xd8 c:/program files (x86)/microchip/xc32/v2.30/bin/bin/../../lib/gcc/pic32c/6.2.1/../../../../pic32c/lib/v7e-m/fpv4-sp/hard\libpic32c.a(data_init.o)
 .debug_line    0x000092a6      0x11d c:/program files (x86)/microchip/xc32/v2.30/bin/bin/../../lib/gcc/pic32c/6.2.1/../../../../pic32c/lib/v7e-m/fpv4-sp/hard\libc.a(lib_a-init.o)
 .debug_line    0x000093c3      0x21e c:/program files (x86)/microchip/xc32/v2.30/bin/bin/../../lib/gcc/pic32c/6.2.1/../../../../pic32c/lib/v7e-m/fpv4-sp/hard\libc.a(lib_a-malloc.o)
 .debug_line    0x000095e1      0x347 c:/program files (x86)/microchip/xc32/v2.30/bin/bin/../../lib/gcc/pic32c/6.2.1/../../../../pic32c/lib/v7e-m/fpv4-sp/hard\libc.a(lib_a-mallocr.o)
 .debug_line    0x00009928      0x218 c:/program files (x86)/microchip/xc32/v2.30/bin/bin/../../lib/gcc/pic32c/6.2.1/../../../../pic32c/lib/v7e-m/fpv4-sp/hard\libc.a(lib_a-memcpy-stub.o)
 .debug_line    0x00009b40      0x2ae c:/program files (x86)/microchip/xc32/v2.30/bin/bin/../../lib/gcc/pic32c/6.2.1/../../../../pic32c/lib/v7e-m/fpv4-sp/hard\libc.a(lib_a-memset.o)
 .debug_line    0x00009dee      0x18d c:/program files (x86)/microchip/xc32/v2.30/bin/bin/../../lib/gcc/pic32c/6.2.1/../../../../pic32c/lib/v7e-m/fpv4-sp/hard\libc.a(lib_a-mlock.o)
 .debug_line    0x00009f7b      0x212 c:/program files (x86)/microchip/xc32/v2.30/bin/bin/../../lib/gcc/pic32c/6.2.1/../../../../pic32c/lib/v7e-m/fpv4-sp/hard\libc.a(lib_a-sbrkr.o)
 .debug_line    0x0000a18d       0xb1 c:/program files (x86)/microchip/xc32/v2.30/bin/bin/../../lib/gcc/pic32c/6.2.1/../../../../pic32c/lib/v7e-m/fpv4-sp/hard\libc.a(lib_a-strlen.o)
 .debug_line    0x0000a23e      0x2a1 c:/program files (x86)/microchip/xc32/v2.30/bin/bin/../../lib/gcc/pic32c/6.2.1/../../../../pic32c/lib/v7e-m/fpv4-sp/hard\libc.a(lib_a-freer.o)
 .debug_line    0x0000a4df      0x17e c:/program files (x86)/microchip/xc32/v2.30/bin/bin/../../lib/gcc/pic32c/6.2.1/../../../../pic32c/lib/v7e-m/fpv4-sp/hard\libc.a(lib_a-impure.o)
 .debug_line    0x0000a65d      0x23d c:/program files (x86)/microchip/xc32/v2.30/bin/bin/../../lib/gcc/pic32c/6.2.1/../../../../pic32c/lib/v7e-m/fpv4-sp/hard\libc.a(lib_a-reent.o)
 .debug_line    0x0000a89a       0xa2 c:/program files (x86)/microchip/xc32/v2.30/bin/bin/../../lib/gcc/pic32c/6.2.1/../../../../pic32c/lib/v7e-m/fpv4-sp/hard\libpic32c.a(sbrk.o)

.debug_str      0x00000000      0xa15
 .debug_str     0x00000000      0x192 build/LAN9253_D51_SPI_Beckhoff_mode/production/_ext/2070931557/drv_spi.o
 .debug_str     0x00000192       0x1e build/LAN9253_D51_SPI_Beckhoff_mode/production/_ext/1984496892/plib_clock.o
 .debug_str     0x000001b0       0x5a build/LAN9253_D51_SPI_Beckhoff_mode/production/_ext/1865161661/plib_dmac.o
 .debug_str     0x0000020a        0x9 build/LAN9253_D51_SPI_Beckhoff_mode/production/_ext/60167341/plib_eic.o
 .debug_str     0x00000213        0x0 build/LAN9253_D51_SPI_Beckhoff_mode/production/_ext/1986646378/plib_evsys.o
 .debug_str     0x00000213        0xa build/LAN9253_D51_SPI_Beckhoff_mode/production/_ext/1865468468/plib_nvic.o
 .debug_str     0x0000021d       0x29 build/LAN9253_D51_SPI_Beckhoff_mode/production/_ext/1593096446/plib_nvmctrl.o
 .debug_str     0x00000246        0xb build/LAN9253_D51_SPI_Beckhoff_mode/production/_ext/1865521619/plib_port.o
 .debug_str     0x00000251       0x62 build/LAN9253_D51_SPI_Beckhoff_mode/production/_ext/1865555181/plib_qspi_spi.o
 .debug_str     0x000002b3        0x9 build/LAN9253_D51_SPI_Beckhoff_mode/production/_ext/1827571544/plib_systick.o
 .debug_str     0x000002bc        0xe build/LAN9253_D51_SPI_Beckhoff_mode/production/_ext/14461671/sys_dma.o
 .debug_str     0x000002ca       0x10 build/LAN9253_D51_SPI_Beckhoff_mode/production/_ext/1881668453/sys_int.o
 .debug_str     0x000002da        0xe build/LAN9253_D51_SPI_Beckhoff_mode/production/_ext/1171490990/exceptions.o
 .debug_str     0x000002e8       0x1b build/LAN9253_D51_SPI_Beckhoff_mode/production/_ext/1171490990/initialization.o
 .debug_str     0x00000303        0xe build/LAN9253_D51_SPI_Beckhoff_mode/production/_ext/1171490990/interrupts.o
 .debug_str     0x00000311        0xe build/LAN9253_D51_SPI_Beckhoff_mode/production/_ext/1171490990/startup_xc32.o
 .debug_str     0x0000031f        0xe build/LAN9253_D51_SPI_Beckhoff_mode/production/_ext/1171490990/tasks.o
 .debug_str     0x0000032d       0xbd build/LAN9253_D51_SPI_Beckhoff_mode/production/_ext/1671622979/Drivers.o
 .debug_str     0x000003ea        0xe build/LAN9253_D51_SPI_Beckhoff_mode/production/_ext/108147519/ESC_Utils.o
 .debug_str     0x000003f8       0x55 build/LAN9253_D51_SPI_Beckhoff_mode/production/_ext/108147519/LAN925x.o
 .debug_str     0x0000044d        0xe build/LAN9253_D51_SPI_Beckhoff_mode/production/_ext/108134065/bootmode.o
 .debug_str     0x0000045b       0x48 build/LAN9253_D51_SPI_Beckhoff_mode/production/_ext/108134065/coeappl.o
 .debug_str     0x000004a3       0x42 build/LAN9253_D51_SPI_Beckhoff_mode/production/_ext/108134065/ecatappl.o
 .debug_str     0x000004e5       0x35 build/LAN9253_D51_SPI_Beckhoff_mode/production/_ext/108134065/ecatcoe.o
 .debug_str     0x0000051a       0x24 build/LAN9253_D51_SPI_Beckhoff_mode/production/_ext/108134065/ecatfoe.o
 .debug_str     0x0000053e       0x6b build/LAN9253_D51_SPI_Beckhoff_mode/production/_ext/108134065/ecatslv.o
 .debug_str     0x000005a9       0x2d build/LAN9253_D51_SPI_Beckhoff_mode/production/_ext/108134065/emcy.o
 .debug_str     0x000005d6       0x31 build/LAN9253_D51_SPI_Beckhoff_mode/production/_ext/108134065/foeappl.o
 .debug_str     0x00000607       0x50 build/LAN9253_D51_SPI_Beckhoff_mode/production/_ext/108134065/mailbox.o
 .debug_str     0x00000657       0xa5 build/LAN9253_D51_SPI_Beckhoff_mode/production/_ext/108134065/objdef.o
 .debug_str     0x000006fc       0x5c build/LAN9253_D51_SPI_Beckhoff_mode/production/_ext/108134065/sample_app.o
 .debug_str     0x00000758       0xa8 build/LAN9253_D51_SPI_Beckhoff_mode/production/_ext/108134065/sdoserv.o
 .debug_str     0x00000800        0xe build/LAN9253_D51_SPI_Beckhoff_mode/production/_ext/1360937237/main.o
 .debug_str     0x0000080e       0x24 build/LAN9253_D51_SPI_Beckhoff_mode/production/_ext/1360937237/app.o
 .debug_str     0x00000832        0x0 c:/program files (x86)/microchip/xc32/v2.30/bin/bin/../../lib/gcc/pic32c/6.2.1/../../../../pic32c/lib/v7e-m/fpv4-sp/hard\libpic32c.a(data_init.o)
 .debug_str     0x00000832        0x0 c:/program files (x86)/microchip/xc32/v2.30/bin/bin/../../lib/gcc/pic32c/6.2.1/../../../../pic32c/lib/v7e-m/fpv4-sp/hard\libc.a(lib_a-init.o)
 .debug_str     0x00000832       0x18 c:/program files (x86)/microchip/xc32/v2.30/bin/bin/../../lib/gcc/pic32c/6.2.1/../../../../pic32c/lib/v7e-m/fpv4-sp/hard\libc.a(lib_a-malloc.o)
 .debug_str     0x0000084a       0x36 c:/program files (x86)/microchip/xc32/v2.30/bin/bin/../../lib/gcc/pic32c/6.2.1/../../../../pic32c/lib/v7e-m/fpv4-sp/hard\libc.a(lib_a-mallocr.o)
 .debug_str     0x00000880        0xe c:/program files (x86)/microchip/xc32/v2.30/bin/bin/../../lib/gcc/pic32c/6.2.1/../../../../pic32c/lib/v7e-m/fpv4-sp/hard\libc.a(lib_a-memcpy-stub.o)
 .debug_str     0x0000088e      0x119 c:/program files (x86)/microchip/xc32/v2.30/bin/bin/../../lib/gcc/pic32c/6.2.1/../../../../pic32c/lib/v7e-m/fpv4-sp/hard\libc.a(lib_a-memset.o)
 .debug_str     0x000009a7        0xe c:/program files (x86)/microchip/xc32/v2.30/bin/bin/../../lib/gcc/pic32c/6.2.1/../../../../pic32c/lib/v7e-m/fpv4-sp/hard\libc.a(lib_a-mlock.o)
 .debug_str     0x000009b5        0xe c:/program files (x86)/microchip/xc32/v2.30/bin/bin/../../lib/gcc/pic32c/6.2.1/../../../../pic32c/lib/v7e-m/fpv4-sp/hard\libc.a(lib_a-sbrkr.o)
 .debug_str     0x000009c3       0x36 c:/program files (x86)/microchip/xc32/v2.30/bin/bin/../../lib/gcc/pic32c/6.2.1/../../../../pic32c/lib/v7e-m/fpv4-sp/hard\libc.a(lib_a-freer.o)
 .debug_str     0x000009f9        0xe c:/program files (x86)/microchip/xc32/v2.30/bin/bin/../../lib/gcc/pic32c/6.2.1/../../../../pic32c/lib/v7e-m/fpv4-sp/hard\libc.a(lib_a-impure.o)
 .debug_str     0x00000a07        0xe c:/program files (x86)/microchip/xc32/v2.30/bin/bin/../../lib/gcc/pic32c/6.2.1/../../../../pic32c/lib/v7e-m/fpv4-sp/hard\libc.a(lib_a-reent.o)
 .debug_str     0x00000a15        0x0 c:/program files (x86)/microchip/xc32/v2.30/bin/bin/../../lib/gcc/pic32c/6.2.1/../../../../pic32c/lib/v7e-m/fpv4-sp/hard\libpic32c.a(sbrk.o)

.debug_frame    0x00000000     0x32c0
 .debug_frame   0x00000000      0x5c4 build/LAN9253_D51_SPI_Beckhoff_mode/production/_ext/2070931557/drv_spi.o
 .debug_frame   0x000005c4      0x10c build/LAN9253_D51_SPI_Beckhoff_mode/production/_ext/1984496892/plib_clock.o
 .debug_frame   0x000006d0      0x2ac build/LAN9253_D51_SPI_Beckhoff_mode/production/_ext/1865161661/plib_dmac.o
 .debug_frame   0x0000097c       0xfc build/LAN9253_D51_SPI_Beckhoff_mode/production/_ext/60167341/plib_eic.o
 .debug_frame   0x00000a78       0x30 build/LAN9253_D51_SPI_Beckhoff_mode/production/_ext/1986646378/plib_evsys.o
 .debug_frame   0x00000aa8       0xa4 build/LAN9253_D51_SPI_Beckhoff_mode/production/_ext/1865468468/plib_nvic.o
 .debug_frame   0x00000b4c      0x2ac build/LAN9253_D51_SPI_Beckhoff_mode/production/_ext/1593096446/plib_nvmctrl.o
 .debug_frame   0x00000df8      0x170 build/LAN9253_D51_SPI_Beckhoff_mode/production/_ext/1865521619/plib_port.o
 .debug_frame   0x00000f68      0x138 build/LAN9253_D51_SPI_Beckhoff_mode/production/_ext/1865555181/plib_qspi_spi.o
 .debug_frame   0x000010a0      0x184 build/LAN9253_D51_SPI_Beckhoff_mode/production/_ext/1827571544/plib_systick.o
 .debug_frame   0x00001224       0x58 build/LAN9253_D51_SPI_Beckhoff_mode/production/_ext/14461671/sys_dma.o
 .debug_frame   0x0000127c      0x140 build/LAN9253_D51_SPI_Beckhoff_mode/production/_ext/1881668453/sys_int.o
 .debug_frame   0x000013bc       0xa0 build/LAN9253_D51_SPI_Beckhoff_mode/production/_ext/1171490990/exceptions.o
 .debug_frame   0x0000145c       0x34 build/LAN9253_D51_SPI_Beckhoff_mode/production/_ext/1171490990/initialization.o
 .debug_frame   0x00001490       0x20 build/LAN9253_D51_SPI_Beckhoff_mode/production/_ext/1171490990/interrupts.o
 .debug_frame   0x000014b0       0x98 build/LAN9253_D51_SPI_Beckhoff_mode/production/_ext/1171490990/startup_xc32.o
 .debug_frame   0x00001548       0x2c build/LAN9253_D51_SPI_Beckhoff_mode/production/_ext/1171490990/tasks.o
 .debug_frame   0x00001574      0x560 build/LAN9253_D51_SPI_Beckhoff_mode/production/_ext/1671622979/Drivers.o
 .debug_frame   0x00001ad4       0xb4 build/LAN9253_D51_SPI_Beckhoff_mode/production/_ext/108147519/ESC_Utils.o
 .debug_frame   0x00001b88      0x22c build/LAN9253_D51_SPI_Beckhoff_mode/production/_ext/108147519/LAN925x.o
 .debug_frame   0x00001db4       0xa8 build/LAN9253_D51_SPI_Beckhoff_mode/production/_ext/108134065/bootmode.o
 .debug_frame   0x00001e5c      0x1a8 build/LAN9253_D51_SPI_Beckhoff_mode/production/_ext/108134065/coeappl.o
 .debug_frame   0x00002004      0x180 build/LAN9253_D51_SPI_Beckhoff_mode/production/_ext/108134065/ecatappl.o
 .debug_frame   0x00002184       0x78 build/LAN9253_D51_SPI_Beckhoff_mode/production/_ext/108134065/ecatcoe.o
 .debug_frame   0x000021fc       0x7c build/LAN9253_D51_SPI_Beckhoff_mode/production/_ext/108134065/ecatfoe.o
 .debug_frame   0x00002278      0x320 build/LAN9253_D51_SPI_Beckhoff_mode/production/_ext/108134065/ecatslv.o
 .debug_frame   0x00002598      0x160 build/LAN9253_D51_SPI_Beckhoff_mode/production/_ext/108134065/emcy.o
 .debug_frame   0x000026f8       0xec build/LAN9253_D51_SPI_Beckhoff_mode/production/_ext/108134065/foeappl.o
 .debug_frame   0x000027e4      0x1ec build/LAN9253_D51_SPI_Beckhoff_mode/production/_ext/108134065/mailbox.o
 .debug_frame   0x000029d0      0x1e8 build/LAN9253_D51_SPI_Beckhoff_mode/production/_ext/108134065/objdef.o
 .debug_frame   0x00002bb8      0x2c4 build/LAN9253_D51_SPI_Beckhoff_mode/production/_ext/108134065/sample_app.o
 .debug_frame   0x00002e7c      0x120 build/LAN9253_D51_SPI_Beckhoff_mode/production/_ext/108134065/sdoserv.o
 .debug_frame   0x00002f9c       0x2c build/LAN9253_D51_SPI_Beckhoff_mode/production/_ext/1360937237/main.o
 .debug_frame   0x00002fc8       0xb4 build/LAN9253_D51_SPI_Beckhoff_mode/production/_ext/1360937237/app.o
 .debug_frame   0x0000307c       0x2c c:/program files (x86)/microchip/xc32/v2.30/bin/bin/../../lib/gcc/pic32c/6.2.1/../../../../pic32c/lib/v7e-m/fpv4-sp/hard\libpic32c.a(data_init.o)
 .debug_frame   0x000030a8       0x2c c:/program files (x86)/microchip/xc32/v2.30/bin/bin/../../lib/gcc/pic32c/6.2.1/../../../../pic32c/lib/v7e-m/fpv4-sp/hard\libc.a(lib_a-init.o)
 .debug_frame   0x000030d4       0x30 c:/program files (x86)/microchip/xc32/v2.30/bin/bin/../../lib/gcc/pic32c/6.2.1/../../../../pic32c/lib/v7e-m/fpv4-sp/hard\libc.a(lib_a-malloc.o)
 .debug_frame   0x00003104       0x40 c:/program files (x86)/microchip/xc32/v2.30/bin/bin/../../lib/gcc/pic32c/6.2.1/../../../../pic32c/lib/v7e-m/fpv4-sp/hard\libc.a(lib_a-mallocr.o)
 .debug_frame   0x00003144       0x28 c:/program files (x86)/microchip/xc32/v2.30/bin/bin/../../lib/gcc/pic32c/6.2.1/../../../../pic32c/lib/v7e-m/fpv4-sp/hard\libc.a(lib_a-memcpy-stub.o)
 .debug_frame   0x0000316c       0x20 c:/program files (x86)/microchip/xc32/v2.30/bin/bin/../../lib/gcc/pic32c/6.2.1/../../../../pic32c/lib/v7e-m/fpv4-sp/hard\libc.a(lib_a-memset.o)
 .debug_frame   0x0000318c       0x30 c:/program files (x86)/microchip/xc32/v2.30/bin/bin/../../lib/gcc/pic32c/6.2.1/../../../../pic32c/lib/v7e-m/fpv4-sp/hard\libc.a(lib_a-mlock.o)
 .debug_frame   0x000031bc       0x2c c:/program files (x86)/microchip/xc32/v2.30/bin/bin/../../lib/gcc/pic32c/6.2.1/../../../../pic32c/lib/v7e-m/fpv4-sp/hard\libc.a(lib_a-sbrkr.o)
 .debug_frame   0x000031e8       0x5c c:/program files (x86)/microchip/xc32/v2.30/bin/bin/../../lib/gcc/pic32c/6.2.1/../../../../pic32c/lib/v7e-m/fpv4-sp/hard\libc.a(lib_a-freer.o)
 .debug_frame   0x00003244       0x5c c:/program files (x86)/microchip/xc32/v2.30/bin/bin/../../lib/gcc/pic32c/6.2.1/../../../../pic32c/lib/v7e-m/fpv4-sp/hard\libc.a(lib_a-reent.o)
 .debug_frame   0x000032a0       0x20 c:/program files (x86)/microchip/xc32/v2.30/bin/bin/../../lib/gcc/pic32c/6.2.1/../../../../pic32c/lib/v7e-m/fpv4-sp/hard\libpic32c.a(sbrk.o)

.stack          0x20003bf8      0x100
 .stack         0x20003bf8      0x100 stack

.data.impure_data%1
                0x20002c30      0x418
 .data.impure_data
                0x20002c30      0x418 c:/program files (x86)/microchip/xc32/v2.30/bin/bin/../../lib/gcc/pic32c/6.2.1/../../../../pic32c/lib/v7e-m/fpv4-sp/hard\libc.a(lib_a-impure.o)

.data.__malloc_av_%2
                0x20003048      0x408
 .data.__malloc_av_
                0x20003048      0x408 c:/program files (x86)/microchip/xc32/v2.30/bin/bin/../../lib/gcc/pic32c/6.2.1/../../../../pic32c/lib/v7e-m/fpv4-sp/hard\libc.a(lib_a-mallocr.o)
                0x20003048                __malloc_av_

.data.GenObjDic%3
                0x20003450      0x1e0
 .data.GenObjDic
                0x20003450      0x1e0 build/LAN9253_D51_SPI_Beckhoff_mode/production/_ext/108134065/coeappl.o
                0x20003450                GenObjDic

.data.ApplicationObjDic%4
                0x20003630      0x118
 .data.ApplicationObjDic
                0x20003630      0x118 build/LAN9253_D51_SPI_Beckhoff_mode/production/_ext/108134065/coeappl.o
                0x20003630                ApplicationObjDic

.bss.drvSPI0TransferObjPool%5
                0x20003748       0x90
 .bss.drvSPI0TransferObjPool
                0x20003748       0x90 build/LAN9253_D51_SPI_Beckhoff_mode/production/_ext/1171490990/initialization.o

.bss.gDrvSPIObj%6
                0x200037d8       0x6c
 .bss.gDrvSPIObj
                0x200037d8       0x6c build/LAN9253_D51_SPI_Beckhoff_mode/production/_ext/2070931557/drv_spi.o

.bss.drvSPI0ClientObjPool%7
                0x20003844       0x28
 .bss.drvSPI0ClientObjPool
                0x20003844       0x28 build/LAN9253_D51_SPI_Beckhoff_mode/production/_ext/1171490990/initialization.o

.bss.__malloc_current_mallinfo%8
                0x2000386c       0x28
 .bss.__malloc_current_mallinfo
                0x2000386c       0x28 c:/program files (x86)/microchip/xc32/v2.30/bin/bin/../../lib/gcc/pic32c/6.2.1/../../../../pic32c/lib/v7e-m/fpv4-sp/hard\libc.a(lib_a-mallocr.o)
                0x2000386c                __malloc_current_mallinfo

.bss.txDummyData%9
                0x200038a0       0x20
 .bss.txDummyData
                0x200038a0       0x20 build/LAN9253_D51_SPI_Beckhoff_mode/production/_ext/2070931557/drv_spi.o

.bss._write_back_section%10
                0x200038c0       0x20
 .bss._write_back_section
                0x200038c0       0x20 build/LAN9253_D51_SPI_Beckhoff_mode/production/_ext/1865161661/plib_dmac.o

.bss.descriptor_section%11
                0x200038e0       0x20
 .bss.descriptor_section
                0x200038e0       0x20 build/LAN9253_D51_SPI_Beckhoff_mode/production/_ext/1865161661/plib_dmac.o

.bss%12         0x20003900       0x1c
 .bss           0x20003900       0x1c c:/program files (x86)/microchip/xc32/v2.30/bin/bin/../../lib/gcc/pic32c/6.2.1/v7e-m/fpv4-sp/hard/crtbegin.o

.data.acDevicename%13
                0x2000391c       0x16
 .data.acDevicename
                0x2000391c       0x16 build/LAN9253_D51_SPI_Beckhoff_mode/production/_ext/108134065/coeappl.o
                0x2000391c                acDevicename

.data.sIdentity%14
                0x20003934       0x14
 .data.sIdentity
                0x20003934       0x14 build/LAN9253_D51_SPI_Beckhoff_mode/production/_ext/108134065/coeappl.o
                0x20003934                sIdentity

.data.aSubindexDesc%15
                0x20003948        0xd
 .data.aSubindexDesc
                0x20003948        0xd build/LAN9253_D51_SPI_Beckhoff_mode/production/_ext/108134065/objdef.o
                0x20003948                aSubindexDesc

.data.sErrorSettings%16
                0x20003894        0xc
 .data.sErrorSettings
                0x20003894        0xc build/LAN9253_D51_SPI_Beckhoff_mode/production/_ext/108134065/objdef.o
                0x20003894                sErrorSettings

.bss.u64Timestamp%17
                0x20003958        0x8
 .bss.u64Timestamp
                0x20003958        0x8 build/LAN9253_D51_SPI_Beckhoff_mode/production/_ext/108134065/coeappl.o
                0x20003958                u64Timestamp

.data.OutputsProcessDataMapping0x1601%18
                0x20003960        0x8
 .data.OutputsProcessDataMapping0x1601
                0x20003960        0x8 build/LAN9253_D51_SPI_Beckhoff_mode/production/_ext/108134065/sample_app.o
                0x20003960                OutputsProcessDataMapping0x1601

.data.InputsProcessDataMapping0x1A00%19
                0x20003968        0x8
 .data.InputsProcessDataMapping0x1A00
                0x20003968        0x8 build/LAN9253_D51_SPI_Beckhoff_mode/production/_ext/108134065/sample_app.o
                0x20003968                InputsProcessDataMapping0x1A00

.data.Inputs0x6000%20
                0x20003970        0x8
 .data.Inputs0x6000
                0x20003970        0x8 build/LAN9253_D51_SPI_Beckhoff_mode/production/_ext/108134065/sample_app.o
                0x20003970                Inputs0x6000

.data.Outputs0x7010%21
                0x20003978        0x8
 .data.Outputs0x7010
                0x20003978        0x8 build/LAN9253_D51_SPI_Beckhoff_mode/production/_ext/108134065/sample_app.o
                0x20003978                Outputs0x7010

.data.sSyncmanagertype%22
                0x20003980        0x6
 .data.sSyncmanagertype
                0x20003980        0x6 build/LAN9253_D51_SPI_Beckhoff_mode/production/_ext/108134065/coeappl.o
                0x20003980                sSyncmanagertype

.data.u32Devicetype%23
                0x20003988        0x4
 .data.u32Devicetype
                0x20003988        0x4 build/LAN9253_D51_SPI_Beckhoff_mode/production/_ext/108134065/coeappl.o
                0x20003988                u32Devicetype

.data.acHardwareversion%24
                0x2000398c        0x4
 .data.acHardwareversion
                0x2000398c        0x4 build/LAN9253_D51_SPI_Beckhoff_mode/production/_ext/108134065/coeappl.o
                0x2000398c                acHardwareversion

.data.acSoftwareversion%25
                0x20003990        0x4
 .data.acSoftwareversion
                0x20003990        0x4 build/LAN9253_D51_SPI_Beckhoff_mode/production/_ext/108134065/coeappl.o
                0x20003990                acSoftwareversion

.bss.ObjDicList%26
                0x20003994        0x4
 .bss.ObjDicList
                0x20003994        0x4 build/LAN9253_D51_SPI_Beckhoff_mode/production/_ext/108134065/coeappl.o
                0x20003994                ObjDicList

.bss.SMActivate%27
                0x20003998        0x4
 .bss.SMActivate
                0x20003998        0x4 build/LAN9253_D51_SPI_Beckhoff_mode/production/_ext/108134065/ecatslv.o
                0x20003998                SMActivate

.data.sRxPDOassign%28
                0x2000399c        0x4
 .data.sRxPDOassign
                0x2000399c        0x4 build/LAN9253_D51_SPI_Beckhoff_mode/production/_ext/108134065/sample_app.o
                0x2000399c                sRxPDOassign

.data.sTxPDOassign%29
                0x200039a0        0x4
 .data.sTxPDOassign
                0x200039a0        0x4 build/LAN9253_D51_SPI_Beckhoff_mode/production/_ext/108134065/sample_app.o
                0x200039a0                sTxPDOassign

.bss.gTriggerCounterValMeasure%30
                0x200039a4        0x4
 .bss.gTriggerCounterValMeasure
                0x200039a4        0x4 build/LAN9253_D51_SPI_Beckhoff_mode/production/_ext/108134065/sample_app.o
                0x200039a4                gTriggerCounterValMeasure

.data.gFOETestFrameSize%31
                0x200039a8        0x4
 .data.gFOETestFrameSize
                0x200039a8        0x4 build/LAN9253_D51_SPI_Beckhoff_mode/production/_ext/108134065/sample_app.o
                0x200039a8                gFOETestFrameSize

.bss.nFileWriteOffset%32
                0x200039ac        0x4
 .bss.nFileWriteOffset
                0x200039ac        0x4 build/LAN9253_D51_SPI_Beckhoff_mode/production/_ext/108134065/sample_app.o
                0x200039ac                nFileWriteOffset

.bss.nFileStartWriteAddress%33
                0x200039b0        0x4
 .bss.nFileStartWriteAddress
                0x200039b0        0x4 build/LAN9253_D51_SPI_Beckhoff_mode/production/_ext/108134065/sample_app.o
                0x200039b0                nFileStartWriteAddress

.bss.u32FileSize%34
                0x200039b4        0x4
 .bss.u32FileSize
                0x200039b4        0x4 build/LAN9253_D51_SPI_Beckhoff_mode/production/_ext/108134065/sample_app.o
                0x200039b4                u32FileSize

.bss.__malloc_max_sbrked_mem%35
                0x200039b8        0x4
 .bss.__malloc_max_sbrked_mem
                0x200039b8        0x4 c:/program files (x86)/microchip/xc32/v2.30/bin/bin/../../lib/gcc/pic32c/6.2.1/../../../../pic32c/lib/v7e-m/fpv4-sp/hard\libc.a(lib_a-mallocr.o)
                0x200039b8                __malloc_max_sbrked_mem

.bss.__malloc_max_total_mem%36
                0x200039bc        0x4
 .bss.__malloc_max_total_mem
                0x200039bc        0x4 c:/program files (x86)/microchip/xc32/v2.30/bin/bin/../../lib/gcc/pic32c/6.2.1/../../../../pic32c/lib/v7e-m/fpv4-sp/hard\libc.a(lib_a-mallocr.o)
                0x200039bc                __malloc_max_total_mem

.bss.__malloc_top_pad%37
                0x200039c0        0x4
 .bss.__malloc_top_pad
                0x200039c0        0x4 c:/program files (x86)/microchip/xc32/v2.30/bin/bin/../../lib/gcc/pic32c/6.2.1/../../../../pic32c/lib/v7e-m/fpv4-sp/hard\libc.a(lib_a-mallocr.o)
                0x200039c0                __malloc_top_pad

.data.__malloc_sbrk_base%38
                0x200039c4        0x4
 .data.__malloc_sbrk_base
                0x200039c4        0x4 c:/program files (x86)/microchip/xc32/v2.30/bin/bin/../../lib/gcc/pic32c/6.2.1/../../../../pic32c/lib/v7e-m/fpv4-sp/hard\libc.a(lib_a-mallocr.o)
                0x200039c4                __malloc_sbrk_base

.data.__malloc_trim_threshold%39
                0x200039c8        0x4
 .data.__malloc_trim_threshold
                0x200039c8        0x4 c:/program files (x86)/microchip/xc32/v2.30/bin/bin/../../lib/gcc/pic32c/6.2.1/../../../../pic32c/lib/v7e-m/fpv4-sp/hard\libc.a(lib_a-mallocr.o)
                0x200039c8                __malloc_trim_threshold

.data._impure_ptr%40
                0x200039cc        0x4
 .data._impure_ptr
                0x200039cc        0x4 c:/program files (x86)/microchip/xc32/v2.30/bin/bin/../../lib/gcc/pic32c/6.2.1/../../../../pic32c/lib/v7e-m/fpv4-sp/hard\libc.a(lib_a-impure.o)
                0x200039cc                _impure_ptr

.bss%41         0x200039d0        0x4
 .bss           0x200039d0        0x4 c:/program files (x86)/microchip/xc32/v2.30/bin/bin/../../lib/gcc/pic32c/6.2.1/../../../../pic32c/lib/v7e-m/fpv4-sp/hard\libpic32c.a(sbrk.o)

.bss.nvm_error%42
                0x20003932        0x2
 .bss.nvm_error
                0x20003932        0x2 build/LAN9253_D51_SPI_Beckhoff_mode/production/_ext/1593096446/plib_nvmctrl.o

.bss.u16ErrorRegister%43
                0x20003986        0x2
 .bss.u16ErrorRegister
                0x20003986        0x2 build/LAN9253_D51_SPI_Beckhoff_mode/production/_ext/108134065/coeappl.o
                0x20003986                u16ErrorRegister

.data.gis_Tx_DMAComplete%44
                0x20003955        0x1
 .data.gis_Tx_DMAComplete
                0x20003955        0x1 build/LAN9253_D51_SPI_Beckhoff_mode/production/_ext/2070931557/drv_spi.o
                0x20003955                gis_Tx_DMAComplete

.data.gis_Rx_DMAComplete%45
                0x20003956        0x1
 .data.gis_Rx_DMAComplete
                0x20003956        0x1 build/LAN9253_D51_SPI_Beckhoff_mode/production/_ext/2070931557/drv_spi.o
                0x20003956                gis_Rx_DMAComplete

.bss.isLastByteTransferInProgress.9843%46
                0x20003957        0x1
 .bss.isLastByteTransferInProgress.9843
                0x20003957        0x1 build/LAN9253_D51_SPI_Beckhoff_mode/production/_ext/1865555181/plib_qspi_spi.o

.bss.gchEtherCATQSPITransmission%47
                0x200039d4        0x1
 .bss.gchEtherCATQSPITransmission
                0x200039d4        0x1 build/LAN9253_D51_SPI_Beckhoff_mode/production/_ext/1671622979/Drivers.o
                0x200039d4                gchEtherCATQSPITransmission

.bss.gbALEvtOpEnabled%48
                0x200039d5        0x1
 .bss.gbALEvtOpEnabled
                0x200039d5        0x1 build/LAN9253_D51_SPI_Beckhoff_mode/production/_ext/108147519/LAN925x.o
                0x200039d5                gbALEvtOpEnabled

.bss.bInitFinished%49
                0x200039d6        0x1
 .bss.bInitFinished
                0x200039d6        0x1 build/LAN9253_D51_SPI_Beckhoff_mode/production/_ext/108134065/ecatappl.o
                0x200039d6                bInitFinished

.bss.EepromLoaded%50
                0x200039d7        0x1
 .bss.EepromLoaded
                0x200039d7        0x1 build/LAN9253_D51_SPI_Beckhoff_mode/production/_ext/108134065/ecatslv.o
                0x200039d7                EepromLoaded

.bss.gFirmwareDownload_Started%51
                0x200039d8        0x1
 .bss.gFirmwareDownload_Started
                0x200039d8        0x1 build/LAN9253_D51_SPI_Beckhoff_mode/production/_ext/108134065/sample_app.o
                0x200039d8                gFirmwareDownload_Started

.bss.gFirmwareDownload_Finished%52
                0x200039d9        0x1
 .bss.gFirmwareDownload_Finished
                0x200039d9        0x1 build/LAN9253_D51_SPI_Beckhoff_mode/production/_ext/108134065/sample_app.o
                0x200039d9                gFirmwareDownload_Finished

.bss.bSdoInWork%53
                0x200039da        0x1
 .bss.bSdoInWork
                0x200039da        0x1 build/LAN9253_D51_SPI_Beckhoff_mode/production/_ext/108134065/sdoserv.o
                0x200039da                bSdoInWork

.eh_frame%z1    0x00000000        0x0
 .eh_frame      0x00000000        0x0 c:/program files (x86)/microchip/xc32/v2.30/bin/bin/../../lib/gcc/pic32c/6.2.1/v7e-m/fpv4-sp/hard/crtbegin.o
