Archive member included to satisfy reference by file (symbol)

c:/program files (x86)/microchip/xc32/v2.30/bin/bin/../../lib/gcc/pic32c/6.2.1/../../../../pic32c/lib/v7e-m/fpv4-sp/hard\libpic32c.a(data_init.o)
                              build/LAN9253_D51_SQI_Indirect_mode/production/_ext/1171490990/startup_xc32.o (__pic32c_data_initialization)
c:/program files (x86)/microchip/xc32/v2.30/bin/bin/../../lib/gcc/pic32c/6.2.1/../../../../pic32c/lib/v7e-m/fpv4-sp/hard\libc.a(lib_a-init.o)
                              build/LAN9253_D51_SQI_Indirect_mode/production/_ext/1171490990/startup_xc32.o (__libc_init_array)
c:/program files (x86)/microchip/xc32/v2.30/bin/bin/../../lib/gcc/pic32c/6.2.1/../../../../pic32c/lib/v7e-m/fpv4-sp/hard\libc.a(lib_a-malloc.o)
                              build/LAN9253_D51_SQI_Indirect_mode/production/_ext/108134065/ecatcoe.o (malloc)
c:/program files (x86)/microchip/xc32/v2.30/bin/bin/../../lib/gcc/pic32c/6.2.1/../../../../pic32c/lib/v7e-m/fpv4-sp/hard\libc.a(lib_a-mallocr.o)
                              c:/program files (x86)/microchip/xc32/v2.30/bin/bin/../../lib/gcc/pic32c/6.2.1/../../../../pic32c/lib/v7e-m/fpv4-sp/hard\libc.a(lib_a-malloc.o) (_malloc_r)
c:/program files (x86)/microchip/xc32/v2.30/bin/bin/../../lib/gcc/pic32c/6.2.1/../../../../pic32c/lib/v7e-m/fpv4-sp/hard\libc.a(lib_a-memcpy-stub.o)
                              build/LAN9253_D51_SQI_Indirect_mode/production/_ext/1593096446/plib_nvmctrl.o (memcpy)
c:/program files (x86)/microchip/xc32/v2.30/bin/bin/../../lib/gcc/pic32c/6.2.1/../../../../pic32c/lib/v7e-m/fpv4-sp/hard\libc.a(lib_a-memset.o)
                              build/LAN9253_D51_SQI_Indirect_mode/production/_ext/108134065/sample_app.o (memset)
c:/program files (x86)/microchip/xc32/v2.30/bin/bin/../../lib/gcc/pic32c/6.2.1/../../../../pic32c/lib/v7e-m/fpv4-sp/hard\libc.a(lib_a-mlock.o)
                              c:/program files (x86)/microchip/xc32/v2.30/bin/bin/../../lib/gcc/pic32c/6.2.1/../../../../pic32c/lib/v7e-m/fpv4-sp/hard\libc.a(lib_a-mallocr.o) (__malloc_lock)
c:/program files (x86)/microchip/xc32/v2.30/bin/bin/../../lib/gcc/pic32c/6.2.1/../../../../pic32c/lib/v7e-m/fpv4-sp/hard\libc.a(lib_a-sbrkr.o)
                              c:/program files (x86)/microchip/xc32/v2.30/bin/bin/../../lib/gcc/pic32c/6.2.1/../../../../pic32c/lib/v7e-m/fpv4-sp/hard\libc.a(lib_a-mallocr.o) (_sbrk_r)
c:/program files (x86)/microchip/xc32/v2.30/bin/bin/../../lib/gcc/pic32c/6.2.1/../../../../pic32c/lib/v7e-m/fpv4-sp/hard\libc.a(lib_a-strlen.o)
                              build/LAN9253_D51_SQI_Indirect_mode/production/_ext/108134065/objdef.o (strlen)
c:/program files (x86)/microchip/xc32/v2.30/bin/bin/../../lib/gcc/pic32c/6.2.1/../../../../pic32c/lib/v7e-m/fpv4-sp/hard\libc.a(lib_a-freer.o)
                              c:/program files (x86)/microchip/xc32/v2.30/bin/bin/../../lib/gcc/pic32c/6.2.1/../../../../pic32c/lib/v7e-m/fpv4-sp/hard\libc.a(lib_a-malloc.o) (_free_r)
c:/program files (x86)/microchip/xc32/v2.30/bin/bin/../../lib/gcc/pic32c/6.2.1/../../../../pic32c/lib/v7e-m/fpv4-sp/hard\libc.a(lib_a-impure.o)
                              c:/program files (x86)/microchip/xc32/v2.30/bin/bin/../../lib/gcc/pic32c/6.2.1/../../../../pic32c/lib/v7e-m/fpv4-sp/hard\libc.a(lib_a-malloc.o) (_impure_ptr)
c:/program files (x86)/microchip/xc32/v2.30/bin/bin/../../lib/gcc/pic32c/6.2.1/../../../../pic32c/lib/v7e-m/fpv4-sp/hard\libc.a(lib_a-reent.o)
                              c:/program files (x86)/microchip/xc32/v2.30/bin/bin/../../lib/gcc/pic32c/6.2.1/../../../../pic32c/lib/v7e-m/fpv4-sp/hard\libc.a(lib_a-sbrkr.o) (errno)
c:/program files (x86)/microchip/xc32/v2.30/bin/bin/../../lib/gcc/pic32c/6.2.1/../../../../pic32c/lib/v7e-m/fpv4-sp/hard\libpic32c.a(sbrk.o)
                              c:/program files (x86)/microchip/xc32/v2.30/bin/bin/../../lib/gcc/pic32c/6.2.1/../../../../pic32c/lib/v7e-m/fpv4-sp/hard\libc.a(lib_a-sbrkr.o) (_sbrk)

Allocating common symbols
Common symbol       size              file

b3BufferMode        0x1               build/LAN9253_D51_SQI_Indirect_mode/production/_ext/108134065/ecatslv.o
nEcatStateTrans     0x2               build/LAN9253_D51_SQI_Indirect_mode/production/_ext/108134065/ecatslv.o
EcatWdCounter       0x2               build/LAN9253_D51_SQI_Indirect_mode/production/_ext/108134065/ecatslv.o
sSendEmcyQueue      0x10              build/LAN9253_D51_SQI_Indirect_mode/production/_ext/108134065/emcy.o
bApplEsmPending     0x1               build/LAN9253_D51_SQI_Indirect_mode/production/_ext/108134065/ecatslv.o
pCoeSendStored      0x4               build/LAN9253_D51_SQI_Indirect_mode/production/_ext/108134065/ecatcoe.o
nSdoInfoIndex       0x2               build/LAN9253_D51_SQI_Indirect_mode/production/_ext/108134065/sdoserv.o
pStoreData          0x4               build/LAN9253_D51_SQI_Indirect_mode/production/_ext/108134065/sdoserv.o
[...]
Memory Configuration

Name             Origin             Length             Attributes
rom              0x00000000         0x00080000         xrl
ram              0x20000000         0x00030000         xw !r
config_00804000  0x00804000         0x00000004
config_00804004  0x00804004         0x00000004
config_00804008  0x00804008         0x00000004
*default*        0x00000000         0xffffffff

Linker script and memory map

LOAD c:/program files (x86)/microchip/xc32/v2.30/bin/bin/../../lib/gcc/pic32c/6.2.1/v7e-m/fpv4-sp/hard/crti.o
LOAD c:/program files (x86)/microchip/xc32/v2.30/bin/bin/../../lib/gcc/pic32c/6.2.1/v7e-m/fpv4-sp/hard/crtbegin.o
LOAD build/LAN9253_D51_SQI_Indirect_mode/production/_ext/2070931557/drv_spi.o
LOAD build/LAN9253_D51_SQI_Indirect_mode/production/_ext/1984496892/plib_clock.o
LOAD build/LAN9253_D51_SQI_Indirect_mode/production/_ext/1865131932/plib_cmcc.o
LOAD build/LAN9253_D51_SQI_Indirect_mode/production/_ext/1865161661/plib_dmac.o
LOAD build/LAN9253_D51_SQI_Indirect_mode/production/_ext/60167341/plib_eic.o
LOAD build/LAN9253_D51_SQI_Indirect_mode/production/_ext/1986646378/plib_evsys.o
LOAD build/LAN9253_D51_SQI_Indirect_mode/production/_ext/1865468468/plib_nvic.o
LOAD build/LAN9253_D51_SQI_Indirect_mode/production/_ext/1593096446/plib_nvmctrl.o
LOAD build/LAN9253_D51_SQI_Indirect_mode/production/_ext/1865521619/plib_port.o
LOAD build/LAN9253_D51_SQI_Indirect_mode/production/_ext/1865555181/plib_qspi_spi.o
LOAD build/LAN9253_D51_SQI_Indirect_mode/production/_ext/1865555181/plib_qspi.o
LOAD build/LAN9253_D51_SQI_Indirect_mode/production/_ext/1827571544/plib_systick.o
LOAD build/LAN9253_D51_SQI_Indirect_mode/production/_ext/163028504/xc32_monitor.o
LOAD build/LAN9253_D51_SQI_Indirect_mode/production/_ext/1014039709/sys_cache.o
LOAD build/LAN9253_D51_SQI_Indirect_mode/production/_ext/14461671/sys_dma.o
LOAD build/LAN9253_D51_SQI_Indirect_mode/production/_ext/1881668453/sys_int.o
LOAD build/LAN9253_D51_SQI_Indirect_mode/production/_ext/1171490990/exceptions.o
LOAD build/LAN9253_D51_SQI_Indirect_mode/production/_ext/1171490990/initialization.o
LOAD build/LAN9253_D51_SQI_Indirect_mode/production/_ext/1171490990/interrupts.o
LOAD build/LAN9253_D51_SQI_Indirect_mode/production/_ext/1171490990/libc_syscalls.o
LOAD build/LAN9253_D51_SQI_Indirect_mode/production/_ext/1171490990/startup_xc32.o
LOAD build/LAN9253_D51_SQI_Indirect_mode/production/_ext/1171490990/tasks.o
LOAD build/LAN9253_D51_SQI_Indirect_mode/production/_ext/1671622979/Drivers.o
LOAD build/LAN9253_D51_SQI_Indirect_mode/production/_ext/108147519/ESC_Utils.o
LOAD build/LAN9253_D51_SQI_Indirect_mode/production/_ext/108147519/LAN925x.o
LOAD build/LAN9253_D51_SQI_Indirect_mode/production/_ext/108134065/bootmode.o
LOAD build/LAN9253_D51_SQI_Indirect_mode/production/_ext/108134065/coeappl.o
LOAD build/LAN9253_D51_SQI_Indirect_mode/production/_ext/108134065/ecatappl.o
LOAD build/LAN9253_D51_SQI_Indirect_mode/production/_ext/108134065/ecatcoe.o
LOAD build/LAN9253_D51_SQI_Indirect_mode/production/_ext/108134065/ecatfoe.o
LOAD build/LAN9253_D51_SQI_Indirect_mode/production/_ext/108134065/ecatslv.o
LOAD build/LAN9253_D51_SQI_Indirect_mode/production/_ext/108134065/emcy.o
LOAD build/LAN9253_D51_SQI_Indirect_mode/production/_ext/108134065/foeappl.o
LOAD build/LAN9253_D51_SQI_Indirect_mode/production/_ext/108134065/mailbox.o
LOAD build/LAN9253_D51_SQI_Indirect_mode/production/_ext/108134065/objdef.o
LOAD build/LAN9253_D51_SQI_Indirect_mode/production/_ext/108134065/sample_app.o
LOAD build/LAN9253_D51_SQI_Indirect_mode/production/_ext/108134065/sdoserv.o
LOAD build/LAN9253_D51_SQI_Indirect_mode/production/_ext/1360937237/main.o
LOAD build/LAN9253_D51_SQI_Indirect_mode/production/_ext/1360937237/app.o
LOAD build/LAN9253_D51_SQI_Indirect_mode/production/_ext/1360937237/Developer_Test.o
                0x00000001                __MPLAB_BUILD = 0x1
                0x00000200                _min_heap_size = 0x200
START GROUP
LOAD c:/program files (x86)/microchip/xc32/v2.30/bin/bin/../../lib/gcc/pic32c/6.2.1/../../../../pic32c/lib/v7e-m/fpv4-sp/hard\libpic32c.a
LOAD c:/program files (x86)/microchip/xc32/v2.30/bin/bin/../../lib/gcc/pic32c/6.2.1/v7e-m/fpv4-sp/hard\libgcc.a
LOAD c:/program files (x86)/microchip/xc32/v2.30/bin/bin/../../lib/gcc/pic32c/6.2.1/../../../../pic32c/lib/v7e-m/fpv4-sp/hard\libc.a
LOAD c:/program files (x86)/microchip/xc32/v2.30/bin/bin/../../lib/gcc/pic32c/6.2.1/../../../../pic32c/lib/v7e-m/fpv4-sp/hard\libm.a
END GROUP
LOAD c:/program files (x86)/microchip/xc32/v2.30/bin/bin/../../lib/gcc/pic32c/6.2.1/v7e-m/fpv4-sp/hard/crtend.o
LOAD c:/program files (x86)/microchip/xc32/v2.30/bin/bin/../../lib/gcc/pic32c/6.2.1/v7e-m/fpv4-sp/hard/crtn.o
                0x00080000                __rom_end = (ORIGIN (rom) + LENGTH (rom))
                0x20030000                __ram_end = (ORIGIN (ram) + LENGTH (ram))

.config_00804000
 *(.config_00804000)

.config_00804004
 *(.config_00804004)

.config_00804008
 *(.config_00804008)

.vectors        0x00000000      0x260
                0x00000000                . = ALIGN (0x4)
                0x00000000                _sfixed = .
 *(.vectors .vectors.* .vectors_default .vectors_default.*)
 .vectors       0x00000000      0x260 build/LAN9253_D51_SQI_Indirect_mode/production/_ext/1171490990/interrupts.o
                0x00000000                exception_table
 *(.isr_vector)
 *(.reset*)
 *(.after_vectors)

.text           0x00000260       0x20
                0x00000260                . = ALIGN (0x4)
 *(.glue_7t)
 .glue_7t       0x00000260        0x0 linker stubs
 *(.glue_7)
 .glue_7        0x00000260        0x0 linker stubs
 *(.gnu.linkonce.r.*)
 *(.ARM.extab* .gnu.linkonce.armextab.*)
                0x00000260                . = ALIGN (0x4)
 *(.init)
 .init          0x00000260        0x4 c:/program files (x86)/microchip/xc32/v2.30/bin/bin/../../lib/gcc/pic32c/6.2.1/v7e-m/fpv4-sp/hard/crti.o
                0x00000260                _init
 .init          0x00000264        0x8 c:/program files (x86)/microchip/xc32/v2.30/bin/bin/../../lib/gcc/pic32c/6.2.1/v7e-m/fpv4-sp/hard/crtn.o
                0x0000026c                . = ALIGN (0x4)
                0x0000026c                __preinit_array_start = .
 *(.preinit_array)
                0x0000026c                __preinit_array_end = .
                0x0000026c                . = ALIGN (0x4)
                0x0000026c                __init_array_start = .
 *(SORT(.init_array.*))
 *(.init_array)
 .init_array    0x0000026c        0x4 c:/program files (x86)/microchip/xc32/v2.30/bin/bin/../../lib/gcc/pic32c/6.2.1/v7e-m/fpv4-sp/hard/crtbegin.o
                0x00000270                __init_array_end = .
                0x00000270                . = ALIGN (0x4)
 *crtbegin.o(.ctors)
 *(EXCLUDE_FILE(*crtend.o) .ctors)
 *(SORT(.ctors.*))
 *crtend.o(.ctors)
                0x00000270                . = ALIGN (0x4)
 *(.fini)
 .fini          0x00000270        0x4 c:/program files (x86)/microchip/xc32/v2.30/bin/bin/../../lib/gcc/pic32c/6.2.1/v7e-m/fpv4-sp/hard/crti.o
                0x00000270                _fini
 .fini          0x00000274        0x8 c:/program files (x86)/microchip/xc32/v2.30/bin/bin/../../lib/gcc/pic32c/6.2.1/v7e-m/fpv4-sp/hard/crtn.o
                0x0000027c                . = ALIGN (0x4)
                0x0000027c                __fini_array_start = .
 *(.fini_array)
 .fini_array    0x0000027c        0x4 c:/program files (x86)/microchip/xc32/v2.30/bin/bin/../../lib/gcc/pic32c/6.2.1/v7e-m/fpv4-sp/hard/crtbegin.o
 *(SORT(.fini_array.*))
                0x00000280                __fini_array_end = .
 *crtbegin.o(.dtors)
 *(EXCLUDE_FILE(*crtend.o) .dtors)
 *(SORT(.dtors.*))
 *crtend.o(.dtors)
                0x00000280                . = ALIGN (0x4)
                0x00000280                _efixed = .
                [!provide]                PROVIDE (__exidx_start, .)

.ARM.exidx
 *(.ARM.exidx* .gnu.linkonce.armexidx.*)
                [!provide]                PROVIDE (__exidx_end, .)
                0x00000280                . = ALIGN (0x4)
                0x00000280                _etext = .

.bss            0x20000000     0x3560
                0x20000000                . = ALIGN (0x4)
                0x20000000                __bss_start__ = .
                0x20000000                _sbss = .
                0x20000000                _szero = .
 *(COMMON)
 COMMON         0x20000000       0x20 build/LAN9253_D51_SQI_Indirect_mode/production/_ext/1865161661/plib_dmac.o
                0x20000000                dmacChannelObj
 COMMON         0x20000020       0xc0 build/LAN9253_D51_SQI_Indirect_mode/production/_ext/60167341/plib_eic.o
                0x20000020                eicCallbackObject
 COMMON         0x200000e0        0xc build/LAN9253_D51_SQI_Indirect_mode/production/_ext/1827571544/plib_systick.o
                0x200000e0                systick
 COMMON         0x200000ec        0x2 build/LAN9253_D51_SQI_Indirect_mode/production/_ext/108147519/LAN925x.o
                0x200000ec                gEscALEvent
 *fill*         0x200000ee        0x2 
 COMMON         0x200000f0        0x8 build/LAN9253_D51_SQI_Indirect_mode/production/_ext/108134065/coeappl.o
                0x200000f0                u32LastDc32Value
                0x200000f4                u32CheckForDcOverrunCnt
 COMMON         0x200000f8     0x123c build/LAN9253_D51_SQI_Indirect_mode/production/_ext/108134065/ecatappl.o
                0x200000f8                bMinCycleTimeMeasurementStarted
                0x200000fc                u32CycleTimeStartValue
                0x20000100                bRunApplication
                0x20000104                u32SystemTimeReadFailure
                0x20000108                bEcatWaitForInputUpdate
                0x2000010c                u32MinCycleTimeValue
                0x20000110                aPdOutputData
                0x20000a10                pAPPL_FoeError
                0x20000a14                pAPPL_FoeReadData
                0x20000a18                pAPPL_MainLoop
                0x20000a1c                bEtherCATErrorLed
                0x20000a20                u32MinCycleTimeStartValue
                0x20000a24                aPdInputData
                0x20001324                bEtherCATRunLed
                0x20001328                pAPPL_FoeWriteData
                0x2000132c                pAPPL_FoeRead
                0x20001330                pAPPL_FoeWrite
 COMMON         0x20001334        0x4 build/LAN9253_D51_SQI_Indirect_mode/production/_ext/108134065/ecatcoe.o
                0x20001334                pCoeSendStored
 COMMON         0x20001338       0x16 build/LAN9253_D51_SQI_Indirect_mode/production/_ext/108134065/ecatfoe.o
                0x20001338                u32FileOffset
                0x2000133c                u16FileAccessState
                0x20001340                u32PacketNo
                0x20001344                pFoeSendStored
                0x20001348                u32LastFileOffset
                0x2000134c                u16FoeMaxSendBlockSize
 *fill*         0x2000134e        0x2 
 COMMON         0x20001350       0x52 build/LAN9253_D51_SQI_Indirect_mode/production/_ext/108134065/ecatslv.o
                0x20001350                b3BufferMode
                0x20001352                nEcatStateTrans
                0x20001354                EcatWdCounter
                0x20001356                bApplEsmPending
                0x20001357                nAlStatus
                0x20001358                nPdOutputSize
                0x2000135a                u16LocalErrorCode
                0x2000135c                Sync0WdCounter
                0x2000135e                bLocalErrorFlag
                0x20001360                LatchInputSync0Counter
                0x20001362                i16WaitForPllRunningCnt
                0x20001364                nEscAddrOutputData
                0x20001366                Sync0WdValue
                0x20001368                u8EcatRunLed
                0x2000136a                i16WaitForPllRunningTimeout
                0x2000136c                Sync1WdValue
                0x2000136e                u16ALEventMask
                0x20001370                bDcRunning
                0x20001374                u32dummy
                0x20001378                SyncManInfo
                0x20001380                b32BitDc
                0x20001382                LatchInputSync0Value
                0x20001384                bEcatWaitForAlControlRes
                0x20001386                nPdInputSize
                0x20001388                u16SmSync0Value
                0x2000138a                nMaxEscAddress
                0x2000138c                bEcatFirstOutputsReceived
                0x2000138d                bSmSyncSequenceValid
                0x2000138e                EsmTimeoutCounter
                0x20001390                bBootMode
                0x20001391                bDcSyncActive
                0x20001392                bEcatOutputUpdateRunning
                0x20001394                Sync1WdCounter
                0x20001396                EcatWdValue
                0x20001398                bEcatInputUpdateRunning
                0x20001399                bEscIntEnabled
                0x2000139a                bWdTrigger
                0x2000139c                u16SmSync0Counter
                0x2000139e                nMaxSyncMan
                0x2000139f                u8EcatErrorLed
                0x200013a0                nEscAddrInputData
 *fill*         0x200013a2        0x2 
 COMMON         0x200013a4       0x28 build/LAN9253_D51_SQI_Indirect_mode/production/_ext/108134065/emcy.o
                0x200013a4                sSendEmcyQueue
                0x200013b4                asEmcy
                0x200013bc                sEmptyEmcyQueue
 COMMON         0x200013cc       0x94 build/LAN9253_D51_SQI_Indirect_mode/production/_ext/108134065/mailbox.o
                0x200013cc                u8MbxReadCounter
                0x200013d0                sMbxSendQueue
                0x20001404                sMbxReceiveQueue
                0x20001438                bNoMbxMemoryAvailable
                0x20001439                bSendMbxIsFull
                0x2000143a                bMbxRunning
                0x2000143c                u16EscAddrReceiveMbx
                0x20001440                psStoreMbx
                0x20001444                u16SendMbxSize
                0x20001448                psReadMbx
                0x2000144c                bReceiveMbxIsLocked
                0x2000144e                u16EscAddrSendMbx
                0x20001450                psWriteMbx
                0x20001454                u8MbxWriteCounter
                0x20001455                u8MailboxSendReqStored
                0x20001456                u16ReceiveMbxSize
                0x20001458                bMbxRepeatToggle
                0x2000145c                psRepeatMbx
 COMMON         0x20001460       0x8e build/LAN9253_D51_SQI_Indirect_mode/production/_ext/108134065/objdef.o
                0x20001460                sSyncManInPar
                0x200014a4                sSyncManOutPar
                0x200014e8                bSyncSetByUser
                0x200014ec                sCycleDiag
 *fill*         0x200014ee        0x2 
 COMMON         0x200014f0     0x2016 build/LAN9253_D51_SQI_Indirect_mode/production/_ext/108134065/sample_app.o
                0x200014f0                aFileData
                0x200034f0                aFileName
 *fill*         0x20003506        0x2 
 COMMON         0x20003508       0x4d build/LAN9253_D51_SQI_Indirect_mode/production/_ext/108134065/sdoserv.o
                0x20003508                nSdoInfoIndex
                0x2000350c                pStoreData
                0x20003510                nSdoSegBytesToHandle
                0x20003514                bSdoSegAccess
                0x20003515                bSdoSegFollows
                0x20003518                nSdoSegCompleteSize
                0x2000351c                pSdoPendFunc
                0x20003520                u8PendingSdo
                0x20003521                bStoreCompleteAccess
                0x20003522                bSdoSegLastToggle
                0x20003523                nSdoSegService
                0x20003524                pSdoInfoObjEntry
                0x20003528                nSdoInfoFragmentsLeft
                0x2000352c                pSdoResStored
                0x20003530                u32StoreDataSize
                0x20003534                pSdoSegData
                0x20003538                nSdoSegIndex
                0x2000353c                aSdoInfoHeader
                0x2000354c                pSdoSegObjEntry
                0x20003550                nSdoSegSubindex
                0x20003552                u16StoreIndex
                0x20003554                u8StoreSubindex
 *fill*         0x20003555        0x3 
 COMMON         0x20003558        0x1 build/LAN9253_D51_SQI_Indirect_mode/production/_ext/1360937237/app.o
                0x20003558                appData
 *fill*         0x20003559        0x3 
 COMMON         0x2000355c        0x4 c:/program files (x86)/microchip/xc32/v2.30/bin/bin/../../lib/gcc/pic32c/6.2.1/../../../../pic32c/lib/v7e-m/fpv4-sp/hard\libc.a(lib_a-reent.o)
                0x2000355c                errno
                0x20003560                . = ALIGN (0x4)
                0x20003560                __bss_end__ = .
                0x20003560                _ebss = .
                0x20003560                _ezero = .
                0x20003560                . = ALIGN (0x4)
                0x20003560                _end = .
                0x2002ffff                _ram_end_ = ((ORIGIN (ram) + LENGTH (ram)) - 0x1)
OUTPUT(dist/LAN9253_D51_SQI_Indirect_mode/production/ESF_EVB_LAN9253.production.elf elf32-littlearm)
LOAD stack
LOAD data_init

.ARM.attributes
                0x00000000       0x30
 .ARM.attributes
                0x00000000       0x22 c:/program files (x86)/microchip/xc32/v2.30/bin/bin/../../lib/gcc/pic32c/6.2.1/v7e-m/fpv4-sp/hard/crti.o
 .ARM.attributes
                0x00000022       0x34 c:/program files (x86)/microchip/xc32/v2.30/bin/bin/../../lib/gcc/pic32c/6.2.1/v7e-m/fpv4-sp/hard/crtbegin.o
 .ARM.attributes
                0x00000056       0x39 build/LAN9253_D51_SQI_Indirect_mode/production/_ext/1984496892/plib_clock.o
 .ARM.attributes
                0x0000008f       0x39 build/LAN9253_D51_SQI_Indirect_mode/production/_ext/1865161661/plib_dmac.o
 .ARM.attributes
                0x000000c8       0x39 build/LAN9253_D51_SQI_Indirect_mode/production/_ext/60167341/plib_eic.o
 .ARM.attributes
                0x00000101       0x39 build/LAN9253_D51_SQI_Indirect_mode/production/_ext/1986646378/plib_evsys.o
 .ARM.attributes
                0x0000013a       0x39 build/LAN9253_D51_SQI_Indirect_mode/production/_ext/1865468468/plib_nvic.o
 .ARM.attributes
                0x00000173       0x39 build/LAN9253_D51_SQI_Indirect_mode/production/_ext/1593096446/plib_nvmctrl.o
 .ARM.attributes
                0x000001ac       0x39 build/LAN9253_D51_SQI_Indirect_mode/production/_ext/1865521619/plib_port.o
 .ARM.attributes
                0x000001e5       0x39 build/LAN9253_D51_SQI_Indirect_mode/production/_ext/1865555181/plib_qspi.o
 .ARM.attributes
                0x0000021e       0x39 build/LAN9253_D51_SQI_Indirect_mode/production/_ext/1827571544/plib_systick.o
 .ARM.attributes
                0x00000257       0x39 build/LAN9253_D51_SQI_Indirect_mode/production/_ext/1171490990/exceptions.o
 .ARM.attributes
                0x00000290       0x39 build/LAN9253_D51_SQI_Indirect_mode/production/_ext/1171490990/initialization.o
 .ARM.attributes
                0x000002c9       0x39 build/LAN9253_D51_SQI_Indirect_mode/production/_ext/1171490990/interrupts.o
 .ARM.attributes
                0x00000302       0x39 build/LAN9253_D51_SQI_Indirect_mode/production/_ext/1171490990/startup_xc32.o
 .ARM.attributes
                0x0000033b       0x39 build/LAN9253_D51_SQI_Indirect_mode/production/_ext/1171490990/tasks.o
 .ARM.attributes
                0x00000374       0x39 build/LAN9253_D51_SQI_Indirect_mode/production/_ext/1671622979/Drivers.o
 .ARM.attributes
                0x000003ad       0x39 build/LAN9253_D51_SQI_Indirect_mode/production/_ext/108147519/ESC_Utils.o
 .ARM.attributes
                0x000003e6       0x39 build/LAN9253_D51_SQI_Indirect_mode/production/_ext/108147519/LAN925x.o
 .ARM.attributes
                0x0000041f       0x39 build/LAN9253_D51_SQI_Indirect_mode/production/_ext/108134065/bootmode.o
 .ARM.attributes
                0x00000458       0x39 build/LAN9253_D51_SQI_Indirect_mode/production/_ext/108134065/coeappl.o
 .ARM.attributes
                0x00000491       0x39 build/LAN9253_D51_SQI_Indirect_mode/production/_ext/108134065/ecatappl.o
 .ARM.attributes
                0x000004ca       0x39 build/LAN9253_D51_SQI_Indirect_mode/production/_ext/108134065/ecatcoe.o
 .ARM.attributes
                0x00000503       0x39 build/LAN9253_D51_SQI_Indirect_mode/production/_ext/108134065/ecatfoe.o
 .ARM.attributes
                0x0000053c       0x39 build/LAN9253_D51_SQI_Indirect_mode/production/_ext/108134065/ecatslv.o
 .ARM.attributes
                0x00000575       0x39 build/LAN9253_D51_SQI_Indirect_mode/production/_ext/108134065/emcy.o
 .ARM.attributes
                0x000005ae       0x39 build/LAN9253_D51_SQI_Indirect_mode/production/_ext/108134065/foeappl.o
 .ARM.attributes
                0x000005e7       0x39 build/LAN9253_D51_SQI_Indirect_mode/production/_ext/108134065/mailbox.o
 .ARM.attributes
                0x00000620       0x39 build/LAN9253_D51_SQI_Indirect_mode/production/_ext/108134065/objdef.o
 .ARM.attributes
                0x00000659       0x39 build/LAN9253_D51_SQI_Indirect_mode/production/_ext/108134065/sample_app.o
 .ARM.attributes
                0x00000692       0x39 build/LAN9253_D51_SQI_Indirect_mode/production/_ext/108134065/sdoserv.o
 .ARM.attributes
                0x000006cb       0x39 build/LAN9253_D51_SQI_Indirect_mode/production/_ext/1360937237/main.o
 .ARM.attributes
                0x00000704       0x39 build/LAN9253_D51_SQI_Indirect_mode/production/_ext/1360937237/app.o
 .ARM.attributes
                0x0000073d       0x34 c:/program files (x86)/microchip/xc32/v2.30/bin/bin/../../lib/gcc/pic32c/6.2.1/../../../../pic32c/lib/v7e-m/fpv4-sp/hard\libpic32c.a(data_init.o)
 .ARM.attributes
                0x00000771       0x34 c:/program files (x86)/microchip/xc32/v2.30/bin/bin/../../lib/gcc/pic32c/6.2.1/../../../../pic32c/lib/v7e-m/fpv4-sp/hard\libc.a(lib_a-init.o)
 .ARM.attributes
                0x000007a5       0x34 c:/program files (x86)/microchip/xc32/v2.30/bin/bin/../../lib/gcc/pic32c/6.2.1/../../../../pic32c/lib/v7e-m/fpv4-sp/hard\libc.a(lib_a-malloc.o)
 .ARM.attributes
                0x000007d9       0x34 c:/program files (x86)/microchip/xc32/v2.30/bin/bin/../../lib/gcc/pic32c/6.2.1/../../../../pic32c/lib/v7e-m/fpv4-sp/hard\libc.a(lib_a-mallocr.o)
 .ARM.attributes
                0x0000080d       0x34 c:/program files (x86)/microchip/xc32/v2.30/bin/bin/../../lib/gcc/pic32c/6.2.1/../../../../pic32c/lib/v7e-m/fpv4-sp/hard\libc.a(lib_a-memcpy-stub.o)
 .ARM.attributes
                0x00000841       0x34 c:/program files (x86)/microchip/xc32/v2.30/bin/bin/../../lib/gcc/pic32c/6.2.1/../../../../pic32c/lib/v7e-m/fpv4-sp/hard\libc.a(lib_a-memset.o)
 .ARM.attributes
                0x00000875       0x34 c:/program files (x86)/microchip/xc32/v2.30/bin/bin/../../lib/gcc/pic32c/6.2.1/../../../../pic32c/lib/v7e-m/fpv4-sp/hard\libc.a(lib_a-mlock.o)
 .ARM.attributes
                0x000008a9       0x34 c:/program files (x86)/microchip/xc32/v2.30/bin/bin/../../lib/gcc/pic32c/6.2.1/../../../../pic32c/lib/v7e-m/fpv4-sp/hard\libc.a(lib_a-sbrkr.o)
 .ARM.attributes
                0x000008dd       0x1b c:/program files (x86)/microchip/xc32/v2.30/bin/bin/../../lib/gcc/pic32c/6.2.1/../../../../pic32c/lib/v7e-m/fpv4-sp/hard\libc.a(lib_a-strlen.o)
 .ARM.attributes
                0x000008f8       0x34 c:/program files (x86)/microchip/xc32/v2.30/bin/bin/../../lib/gcc/pic32c/6.2.1/../../../../pic32c/lib/v7e-m/fpv4-sp/hard\libc.a(lib_a-freer.o)
 .ARM.attributes
                0x0000092c       0x34 c:/program files (x86)/microchip/xc32/v2.30/bin/bin/../../lib/gcc/pic32c/6.2.1/../../../../pic32c/lib/v7e-m/fpv4-sp/hard\libc.a(lib_a-impure.o)
 .ARM.attributes
                0x00000960       0x34 c:/program files (x86)/microchip/xc32/v2.30/bin/bin/../../lib/gcc/pic32c/6.2.1/../../../../pic32c/lib/v7e-m/fpv4-sp/hard\libc.a(lib_a-reent.o)
 .ARM.attributes
                0x00000994       0x34 c:/program files (x86)/microchip/xc32/v2.30/bin/bin/../../lib/gcc/pic32c/6.2.1/../../../../pic32c/lib/v7e-m/fpv4-sp/hard\libpic32c.a(sbrk.o)
 .ARM.attributes
                0x000009c8       0x22 c:/program files (x86)/microchip/xc32/v2.30/bin/bin/../../lib/gcc/pic32c/6.2.1/v7e-m/fpv4-sp/hard/crtn.o

.comment        0x00000000       0x3c
 .comment       0x00000000       0x3c c:/program files (x86)/microchip/xc32/v2.30/bin/bin/../../lib/gcc/pic32c/6.2.1/v7e-m/fpv4-sp/hard/crtbegin.o
                                 0x3d (size before relaxing)
 .comment       0x0000003c       0x3d build/LAN9253_D51_SQI_Indirect_mode/production/_ext/1984496892/plib_clock.o
 .comment       0x0000003c       0x3d build/LAN9253_D51_SQI_Indirect_mode/production/_ext/1865161661/plib_dmac.o
 .comment       0x0000003c       0x3d build/LAN9253_D51_SQI_Indirect_mode/production/_ext/60167341/plib_eic.o
 .comment       0x0000003c       0x3d build/LAN9253_D51_SQI_Indirect_mode/production/_ext/1986646378/plib_evsys.o
 .comment       0x0000003c       0x3d build/LAN9253_D51_SQI_Indirect_mode/production/_ext/1865468468/plib_nvic.o
 .comment       0x0000003c       0x3d build/LAN9253_D51_SQI_Indirect_mode/production/_ext/1593096446/plib_nvmctrl.o
 .comment       0x0000003c       0x3d build/LAN9253_D51_SQI_Indirect_mode/production/_ext/1865521619/plib_port.o
 .comment       0x0000003c       0x3d build/LAN9253_D51_SQI_Indirect_mode/production/_ext/1865555181/plib_qspi.o
 .comment       0x0000003c       0x3d build/LAN9253_D51_SQI_Indirect_mode/production/_ext/1827571544/plib_systick.o
 .comment       0x0000003c       0x3d build/LAN9253_D51_SQI_Indirect_mode/production/_ext/1171490990/exceptions.o
 .comment       0x0000003c       0x3d build/LAN9253_D51_SQI_Indirect_mode/production/_ext/1171490990/initialization.o
 .comment       0x0000003c       0x3d build/LAN9253_D51_SQI_Indirect_mode/production/_ext/1171490990/interrupts.o
 .comment       0x0000003c       0x3d build/LAN9253_D51_SQI_Indirect_mode/production/_ext/1171490990/startup_xc32.o
 .comment       0x0000003c       0x3d build/LAN9253_D51_SQI_Indirect_mode/production/_ext/1171490990/tasks.o
 .comment       0x0000003c       0x3d build/LAN9253_D51_SQI_Indirect_mode/production/_ext/1671622979/Drivers.o
 .comment       0x0000003c       0x3d build/LAN9253_D51_SQI_Indirect_mode/production/_ext/108147519/ESC_Utils.o
 .comment       0x0000003c       0x3d build/LAN9253_D51_SQI_Indirect_mode/production/_ext/108147519/LAN925x.o
 .comment       0x0000003c       0x3d build/LAN9253_D51_SQI_Indirect_mode/production/_ext/108134065/bootmode.o
 .comment       0x0000003c       0x3d build/LAN9253_D51_SQI_Indirect_mode/production/_ext/108134065/coeappl.o
 .comment       0x0000003c       0x3d build/LAN9253_D51_SQI_Indirect_mode/production/_ext/108134065/ecatappl.o
 .comment       0x0000003c       0x3d build/LAN9253_D51_SQI_Indirect_mode/production/_ext/108134065/ecatcoe.o
 .comment       0x0000003c       0x3d build/LAN9253_D51_SQI_Indirect_mode/production/_ext/108134065/ecatfoe.o
 .comment       0x0000003c       0x3d build/LAN9253_D51_SQI_Indirect_mode/production/_ext/108134065/ecatslv.o
 .comment       0x0000003c       0x3d build/LAN9253_D51_SQI_Indirect_mode/production/_ext/108134065/emcy.o
 .comment       0x0000003c       0x3d build/LAN9253_D51_SQI_Indirect_mode/production/_ext/108134065/foeappl.o
 .comment       0x0000003c       0x3d build/LAN9253_D51_SQI_Indirect_mode/production/_ext/108134065/mailbox.o
 .comment       0x0000003c       0x3d build/LAN9253_D51_SQI_Indirect_mode/production/_ext/108134065/objdef.o
 .comment       0x0000003c       0x3d build/LAN9253_D51_SQI_Indirect_mode/production/_ext/108134065/sample_app.o
 .comment       0x0000003c       0x3d build/LAN9253_D51_SQI_Indirect_mode/production/_ext/108134065/sdoserv.o
 .comment       0x0000003c       0x3d build/LAN9253_D51_SQI_Indirect_mode/production/_ext/1360937237/main.o
 .comment       0x0000003c       0x3d build/LAN9253_D51_SQI_Indirect_mode/production/_ext/1360937237/app.o
 .comment       0x0000003c       0x3d c:/program files (x86)/microchip/xc32/v2.30/bin/bin/../../lib/gcc/pic32c/6.2.1/../../../../pic32c/lib/v7e-m/fpv4-sp/hard\libpic32c.a(data_init.o)
 .comment       0x0000003c       0x3d c:/program files (x86)/microchip/xc32/v2.30/bin/bin/../../lib/gcc/pic32c/6.2.1/../../../../pic32c/lib/v7e-m/fpv4-sp/hard\libc.a(lib_a-init.o)
 .comment       0x0000003c       0x3d c:/program files (x86)/microchip/xc32/v2.30/bin/bin/../../lib/gcc/pic32c/6.2.1/../../../../pic32c/lib/v7e-m/fpv4-sp/hard\libc.a(lib_a-malloc.o)
 .comment       0x0000003c       0x3d c:/program files (x86)/microchip/xc32/v2.30/bin/bin/../../lib/gcc/pic32c/6.2.1/../../../../pic32c/lib/v7e-m/fpv4-sp/hard\libc.a(lib_a-mallocr.o)
 .comment       0x0000003c       0x3d c:/program files (x86)/microchip/xc32/v2.30/bin/bin/../../lib/gcc/pic32c/6.2.1/../../../../pic32c/lib/v7e-m/fpv4-sp/hard\libc.a(lib_a-memcpy-stub.o)
 .comment       0x0000003c       0x3d c:/program files (x86)/microchip/xc32/v2.30/bin/bin/../../lib/gcc/pic32c/6.2.1/../../../../pic32c/lib/v7e-m/fpv4-sp/hard\libc.a(lib_a-memset.o)
 .comment       0x0000003c       0x3d c:/program files (x86)/microchip/xc32/v2.30/bin/bin/../../lib/gcc/pic32c/6.2.1/../../../../pic32c/lib/v7e-m/fpv4-sp/hard\libc.a(lib_a-mlock.o)
 .comment       0x0000003c       0x3d c:/program files (x86)/microchip/xc32/v2.30/bin/bin/../../lib/gcc/pic32c/6.2.1/../../../../pic32c/lib/v7e-m/fpv4-sp/hard\libc.a(lib_a-sbrkr.o)
 .comment       0x0000003c       0x3d c:/program files (x86)/microchip/xc32/v2.30/bin/bin/../../lib/gcc/pic32c/6.2.1/../../../../pic32c/lib/v7e-m/fpv4-sp/hard\libc.a(lib_a-freer.o)
 .comment       0x0000003c       0x3d c:/program files (x86)/microchip/xc32/v2.30/bin/bin/../../lib/gcc/pic32c/6.2.1/../../../../pic32c/lib/v7e-m/fpv4-sp/hard\libc.a(lib_a-impure.o)
 .comment       0x0000003c       0x3d c:/program files (x86)/microchip/xc32/v2.30/bin/bin/../../lib/gcc/pic32c/6.2.1/../../../../pic32c/lib/v7e-m/fpv4-sp/hard\libc.a(lib_a-reent.o)
 .comment       0x0000003c       0x3d c:/program files (x86)/microchip/xc32/v2.30/bin/bin/../../lib/gcc/pic32c/6.2.1/../../../../pic32c/lib/v7e-m/fpv4-sp/hard\libpic32c.a(sbrk.o)

.debug_info     0x00000000    0x5666d
 .debug_info    0x00000000      0xb98 build/LAN9253_D51_SQI_Indirect_mode/production/_ext/1984496892/plib_clock.o
 .debug_info    0x00000b98     0x2ca1 build/LAN9253_D51_SQI_Indirect_mode/production/_ext/1865161661/plib_dmac.o
 .debug_info    0x00003839      0x7f9 build/LAN9253_D51_SQI_Indirect_mode/production/_ext/60167341/plib_eic.o
 .debug_info    0x00004032      0x377 build/LAN9253_D51_SQI_Indirect_mode/production/_ext/1986646378/plib_evsys.o
 .debug_info    0x000043a9     0x12be build/LAN9253_D51_SQI_Indirect_mode/production/_ext/1865468468/plib_nvic.o
 .debug_info    0x00005667     0x174d build/LAN9253_D51_SQI_Indirect_mode/production/_ext/1593096446/plib_nvmctrl.o
 .debug_info    0x00006db4      0x822 build/LAN9253_D51_SQI_Indirect_mode/production/_ext/1865521619/plib_port.o
 .debug_info    0x000075d6      0xded build/LAN9253_D51_SQI_Indirect_mode/production/_ext/1865555181/plib_qspi.o
 .debug_info    0x000083c3      0x6ca build/LAN9253_D51_SQI_Indirect_mode/production/_ext/1827571544/plib_systick.o
 .debug_info    0x00008a8d     0x19eb build/LAN9253_D51_SQI_Indirect_mode/production/_ext/1171490990/exceptions.o
 .debug_info    0x0000a478     0x1af6 build/LAN9253_D51_SQI_Indirect_mode/production/_ext/1171490990/initialization.o
 .debug_info    0x0000bf6e     0x2ccd build/LAN9253_D51_SQI_Indirect_mode/production/_ext/1171490990/interrupts.o
 .debug_info    0x0000ec3b     0x1eb9 build/LAN9253_D51_SQI_Indirect_mode/production/_ext/1171490990/startup_xc32.o
 .debug_info    0x00010af4     0x193c build/LAN9253_D51_SQI_Indirect_mode/production/_ext/1171490990/tasks.o
 .debug_info    0x00012430     0x41bb build/LAN9253_D51_SQI_Indirect_mode/production/_ext/1671622979/Drivers.o
 .debug_info    0x000165eb     0x1bf1 build/LAN9253_D51_SQI_Indirect_mode/production/_ext/108147519/ESC_Utils.o
 .debug_info    0x000181dc     0x2d84 build/LAN9253_D51_SQI_Indirect_mode/production/_ext/108147519/LAN925x.o
 .debug_info    0x0001af60     0x1264 build/LAN9253_D51_SQI_Indirect_mode/production/_ext/108134065/bootmode.o
 .debug_info    0x0001c1c4     0x5c7d build/LAN9253_D51_SQI_Indirect_mode/production/_ext/108134065/coeappl.o
 .debug_info    0x00021e41     0x571a build/LAN9253_D51_SQI_Indirect_mode/production/_ext/108134065/ecatappl.o
 .debug_info    0x0002755b     0x170a build/LAN9253_D51_SQI_Indirect_mode/production/_ext/108134065/ecatcoe.o
 .debug_info    0x00028c65     0x2539 build/LAN9253_D51_SQI_Indirect_mode/production/_ext/108134065/ecatfoe.o
 .debug_info    0x0002b19e     0x64b7 build/LAN9253_D51_SQI_Indirect_mode/production/_ext/108134065/ecatslv.o
 .debug_info    0x00031655     0x250c build/LAN9253_D51_SQI_Indirect_mode/production/_ext/108134065/emcy.o
 .debug_info    0x00033b61     0x28df build/LAN9253_D51_SQI_Indirect_mode/production/_ext/108134065/foeappl.o
 .debug_info    0x00036440     0x307a build/LAN9253_D51_SQI_Indirect_mode/production/_ext/108134065/mailbox.o
 .debug_info    0x000394ba     0x343c build/LAN9253_D51_SQI_Indirect_mode/production/_ext/108134065/objdef.o
 .debug_info    0x0003c8f6     0x59d6 build/LAN9253_D51_SQI_Indirect_mode/production/_ext/108134065/sample_app.o
 .debug_info    0x000422cc     0x3928 build/LAN9253_D51_SQI_Indirect_mode/production/_ext/108134065/sdoserv.o
 .debug_info    0x00045bf4     0x194b build/LAN9253_D51_SQI_Indirect_mode/production/_ext/1360937237/main.o
 .debug_info    0x0004753f     0x52e6 build/LAN9253_D51_SQI_Indirect_mode/production/_ext/1360937237/app.o
 .debug_info    0x0004c825      0x2a2 c:/program files (x86)/microchip/xc32/v2.30/bin/bin/../../lib/gcc/pic32c/6.2.1/../../../../pic32c/lib/v7e-m/fpv4-sp/hard\libpic32c.a(data_init.o)
 .debug_info    0x0004cac7      0x41a c:/program files (x86)/microchip/xc32/v2.30/bin/bin/../../lib/gcc/pic32c/6.2.1/../../../../pic32c/lib/v7e-m/fpv4-sp/hard\libc.a(lib_a-init.o)
 .debug_info    0x0004cee1      0xe58 c:/program files (x86)/microchip/xc32/v2.30/bin/bin/../../lib/gcc/pic32c/6.2.1/../../../../pic32c/lib/v7e-m/fpv4-sp/hard\libc.a(lib_a-malloc.o)
 .debug_info    0x0004dd39     0x14ca c:/program files (x86)/microchip/xc32/v2.30/bin/bin/../../lib/gcc/pic32c/6.2.1/../../../../pic32c/lib/v7e-m/fpv4-sp/hard\libc.a(lib_a-mallocr.o)
 .debug_info    0x0004f203      0xe2e c:/program files (x86)/microchip/xc32/v2.30/bin/bin/../../lib/gcc/pic32c/6.2.1/../../../../pic32c/lib/v7e-m/fpv4-sp/hard\libc.a(lib_a-memcpy-stub.o)
 .debug_info    0x00050031     0x156f c:/program files (x86)/microchip/xc32/v2.30/bin/bin/../../lib/gcc/pic32c/6.2.1/../../../../pic32c/lib/v7e-m/fpv4-sp/hard\libc.a(lib_a-memset.o)
 .debug_info    0x000515a0      0xdf2 c:/program files (x86)/microchip/xc32/v2.30/bin/bin/../../lib/gcc/pic32c/6.2.1/../../../../pic32c/lib/v7e-m/fpv4-sp/hard\libc.a(lib_a-mlock.o)
 .debug_info    0x00052392      0xea5 c:/program files (x86)/microchip/xc32/v2.30/bin/bin/../../lib/gcc/pic32c/6.2.1/../../../../pic32c/lib/v7e-m/fpv4-sp/hard\libc.a(lib_a-sbrkr.o)
 .debug_info    0x00053237      0x125 c:/program files (x86)/microchip/xc32/v2.30/bin/bin/../../lib/gcc/pic32c/6.2.1/../../../../pic32c/lib/v7e-m/fpv4-sp/hard\libc.a(lib_a-strlen.o)
 .debug_info    0x0005335c     0x137d c:/program files (x86)/microchip/xc32/v2.30/bin/bin/../../lib/gcc/pic32c/6.2.1/../../../../pic32c/lib/v7e-m/fpv4-sp/hard\libc.a(lib_a-freer.o)
 .debug_info    0x000546d9      0xdb5 c:/program files (x86)/microchip/xc32/v2.30/bin/bin/../../lib/gcc/pic32c/6.2.1/../../../../pic32c/lib/v7e-m/fpv4-sp/hard\libc.a(lib_a-impure.o)
 .debug_info    0x0005548e      0xf59 c:/program files (x86)/microchip/xc32/v2.30/bin/bin/../../lib/gcc/pic32c/6.2.1/../../../../pic32c/lib/v7e-m/fpv4-sp/hard\libc.a(lib_a-reent.o)
 .debug_info    0x000563e7      0x286 c:/program files (x86)/microchip/xc32/v2.30/bin/bin/../../lib/gcc/pic32c/6.2.1/../../../../pic32c/lib/v7e-m/fpv4-sp/hard\libpic32c.a(sbrk.o)

.debug_abbrev   0x00000000     0x6336
 .debug_abbrev  0x00000000      0x114 build/LAN9253_D51_SQI_Indirect_mode/production/_ext/1984496892/plib_clock.o
 .debug_abbrev  0x00000114      0x3c0 build/LAN9253_D51_SQI_Indirect_mode/production/_ext/1865161661/plib_dmac.o
 .debug_abbrev  0x000004d4      0x186 build/LAN9253_D51_SQI_Indirect_mode/production/_ext/60167341/plib_eic.o
 .debug_abbrev  0x0000065a       0x5e build/LAN9253_D51_SQI_Indirect_mode/production/_ext/1986646378/plib_evsys.o
 .debug_abbrev  0x000006b8      0x186 build/LAN9253_D51_SQI_Indirect_mode/production/_ext/1865468468/plib_nvic.o
 .debug_abbrev  0x0000083e      0x2ba build/LAN9253_D51_SQI_Indirect_mode/production/_ext/1593096446/plib_nvmctrl.o
 .debug_abbrev  0x00000af8      0x160 build/LAN9253_D51_SQI_Indirect_mode/production/_ext/1865521619/plib_port.o
 .debug_abbrev  0x00000c58      0x28b build/LAN9253_D51_SQI_Indirect_mode/production/_ext/1865555181/plib_qspi.o
 .debug_abbrev  0x00000ee3      0x194 build/LAN9253_D51_SQI_Indirect_mode/production/_ext/1827571544/plib_systick.o
 .debug_abbrev  0x00001077      0x1d1 build/LAN9253_D51_SQI_Indirect_mode/production/_ext/1171490990/exceptions.o
 .debug_abbrev  0x00001248      0x21e build/LAN9253_D51_SQI_Indirect_mode/production/_ext/1171490990/initialization.o
 .debug_abbrev  0x00001466      0x1d1 build/LAN9253_D51_SQI_Indirect_mode/production/_ext/1171490990/interrupts.o
 .debug_abbrev  0x00001637      0x2a4 build/LAN9253_D51_SQI_Indirect_mode/production/_ext/1171490990/startup_xc32.o
 .debug_abbrev  0x000018db      0x1f0 build/LAN9253_D51_SQI_Indirect_mode/production/_ext/1171490990/tasks.o
 .debug_abbrev  0x00001acb      0x439 build/LAN9253_D51_SQI_Indirect_mode/production/_ext/1671622979/Drivers.o
 .debug_abbrev  0x00001f04      0x2d3 build/LAN9253_D51_SQI_Indirect_mode/production/_ext/108147519/ESC_Utils.o
 .debug_abbrev  0x000021d7      0x32f build/LAN9253_D51_SQI_Indirect_mode/production/_ext/108147519/LAN925x.o
 .debug_abbrev  0x00002506      0x208 build/LAN9253_D51_SQI_Indirect_mode/production/_ext/108134065/bootmode.o
 .debug_abbrev  0x0000270e      0x36e build/LAN9253_D51_SQI_Indirect_mode/production/_ext/108134065/coeappl.o
 .debug_abbrev  0x00002a7c      0x347 build/LAN9253_D51_SQI_Indirect_mode/production/_ext/108134065/ecatappl.o
 .debug_abbrev  0x00002dc3      0x253 build/LAN9253_D51_SQI_Indirect_mode/production/_ext/108134065/ecatcoe.o
 .debug_abbrev  0x00003016      0x2da build/LAN9253_D51_SQI_Indirect_mode/production/_ext/108134065/ecatfoe.o
 .debug_abbrev  0x000032f0      0x3a9 build/LAN9253_D51_SQI_Indirect_mode/production/_ext/108134065/ecatslv.o
 .debug_abbrev  0x00003699      0x30f build/LAN9253_D51_SQI_Indirect_mode/production/_ext/108134065/emcy.o
 .debug_abbrev  0x000039a8      0x2be build/LAN9253_D51_SQI_Indirect_mode/production/_ext/108134065/foeappl.o
 .debug_abbrev  0x00003c66      0x388 build/LAN9253_D51_SQI_Indirect_mode/production/_ext/108134065/mailbox.o
 .debug_abbrev  0x00003fee      0x38f build/LAN9253_D51_SQI_Indirect_mode/production/_ext/108134065/objdef.o
 .debug_abbrev  0x0000437d      0x3f8 build/LAN9253_D51_SQI_Indirect_mode/production/_ext/108134065/sample_app.o
 .debug_abbrev  0x00004775      0x3e7 build/LAN9253_D51_SQI_Indirect_mode/production/_ext/108134065/sdoserv.o
 .debug_abbrev  0x00004b5c      0x20b build/LAN9253_D51_SQI_Indirect_mode/production/_ext/1360937237/main.o
 .debug_abbrev  0x00004d67      0x309 build/LAN9253_D51_SQI_Indirect_mode/production/_ext/1360937237/app.o
 .debug_abbrev  0x00005070       0x2a c:/program files (x86)/microchip/xc32/v2.30/bin/bin/../../lib/gcc/pic32c/6.2.1/../../../../pic32c/lib/v7e-m/fpv4-sp/hard\libpic32c.a(data_init.o)
 .debug_abbrev  0x0000509a       0xa3 c:/program files (x86)/microchip/xc32/v2.30/bin/bin/../../lib/gcc/pic32c/6.2.1/../../../../pic32c/lib/v7e-m/fpv4-sp/hard\libc.a(lib_a-init.o)
 .debug_abbrev  0x0000513d      0x1f8 c:/program files (x86)/microchip/xc32/v2.30/bin/bin/../../lib/gcc/pic32c/6.2.1/../../../../pic32c/lib/v7e-m/fpv4-sp/hard\libc.a(lib_a-malloc.o)
 .debug_abbrev  0x00005335      0x29b c:/program files (x86)/microchip/xc32/v2.30/bin/bin/../../lib/gcc/pic32c/6.2.1/../../../../pic32c/lib/v7e-m/fpv4-sp/hard\libc.a(lib_a-mallocr.o)
 .debug_abbrev  0x000055d0      0x1c1 c:/program files (x86)/microchip/xc32/v2.30/bin/bin/../../lib/gcc/pic32c/6.2.1/../../../../pic32c/lib/v7e-m/fpv4-sp/hard\libc.a(lib_a-memcpy-stub.o)
 .debug_abbrev  0x00005791      0x1b5 c:/program files (x86)/microchip/xc32/v2.30/bin/bin/../../lib/gcc/pic32c/6.2.1/../../../../pic32c/lib/v7e-m/fpv4-sp/hard\libc.a(lib_a-memset.o)
 .debug_abbrev  0x00005946      0x1aa c:/program files (x86)/microchip/xc32/v2.30/bin/bin/../../lib/gcc/pic32c/6.2.1/../../../../pic32c/lib/v7e-m/fpv4-sp/hard\libc.a(lib_a-mlock.o)
 .debug_abbrev  0x00005af0      0x1ed c:/program files (x86)/microchip/xc32/v2.30/bin/bin/../../lib/gcc/pic32c/6.2.1/../../../../pic32c/lib/v7e-m/fpv4-sp/hard\libc.a(lib_a-sbrkr.o)
 .debug_abbrev  0x00005cdd       0x14 c:/program files (x86)/microchip/xc32/v2.30/bin/bin/../../lib/gcc/pic32c/6.2.1/../../../../pic32c/lib/v7e-m/fpv4-sp/hard\libc.a(lib_a-strlen.o)
 .debug_abbrev  0x00005cf1      0x24d c:/program files (x86)/microchip/xc32/v2.30/bin/bin/../../lib/gcc/pic32c/6.2.1/../../../../pic32c/lib/v7e-m/fpv4-sp/hard\libc.a(lib_a-freer.o)
 .debug_abbrev  0x00005f3e      0x176 c:/program files (x86)/microchip/xc32/v2.30/bin/bin/../../lib/gcc/pic32c/6.2.1/../../../../pic32c/lib/v7e-m/fpv4-sp/hard\libc.a(lib_a-impure.o)
 .debug_abbrev  0x000060b4      0x258 c:/program files (x86)/microchip/xc32/v2.30/bin/bin/../../lib/gcc/pic32c/6.2.1/../../../../pic32c/lib/v7e-m/fpv4-sp/hard\libc.a(lib_a-reent.o)
 .debug_abbrev  0x0000630c       0x2a c:/program files (x86)/microchip/xc32/v2.30/bin/bin/../../lib/gcc/pic32c/6.2.1/../../../../pic32c/lib/v7e-m/fpv4-sp/hard\libpic32c.a(sbrk.o)

.debug_aranges  0x00000000      0xc48
 .debug_aranges
                0x00000000       0x20 build/LAN9253_D51_SQI_Indirect_mode/production/_ext/1984496892/plib_clock.o
 .debug_aranges
                0x00000020       0xa8 build/LAN9253_D51_SQI_Indirect_mode/production/_ext/1865161661/plib_dmac.o
 .debug_aranges
                0x000000c8       0x50 build/LAN9253_D51_SQI_Indirect_mode/production/_ext/60167341/plib_eic.o
 .debug_aranges
                0x00000118       0x20 build/LAN9253_D51_SQI_Indirect_mode/production/_ext/1986646378/plib_evsys.o
 .debug_aranges
                0x00000138       0x20 build/LAN9253_D51_SQI_Indirect_mode/production/_ext/1865468468/plib_nvic.o
 .debug_aranges
                0x00000158       0xb0 build/LAN9253_D51_SQI_Indirect_mode/production/_ext/1593096446/plib_nvmctrl.o
 .debug_aranges
                0x00000208       0x60 build/LAN9253_D51_SQI_Indirect_mode/production/_ext/1865521619/plib_port.o
 .debug_aranges
                0x00000268       0x58 build/LAN9253_D51_SQI_Indirect_mode/production/_ext/1865555181/plib_qspi.o
 .debug_aranges
                0x000002c0       0x70 build/LAN9253_D51_SQI_Indirect_mode/production/_ext/1827571544/plib_systick.o
 .debug_aranges
                0x00000330       0x48 build/LAN9253_D51_SQI_Indirect_mode/production/_ext/1171490990/exceptions.o
 .debug_aranges
                0x00000378       0x20 build/LAN9253_D51_SQI_Indirect_mode/production/_ext/1171490990/initialization.o
 .debug_aranges
                0x00000398       0x20 build/LAN9253_D51_SQI_Indirect_mode/production/_ext/1171490990/interrupts.o
 .debug_aranges
                0x000003b8       0x20 build/LAN9253_D51_SQI_Indirect_mode/production/_ext/1171490990/startup_xc32.o
 .debug_aranges
                0x000003d8       0x20 build/LAN9253_D51_SQI_Indirect_mode/production/_ext/1171490990/tasks.o
 .debug_aranges
                0x000003f8       0xc0 build/LAN9253_D51_SQI_Indirect_mode/production/_ext/1671622979/Drivers.o
 .debug_aranges
                0x000004b8       0x38 build/LAN9253_D51_SQI_Indirect_mode/production/_ext/108147519/ESC_Utils.o
 .debug_aranges
                0x000004f0       0x80 build/LAN9253_D51_SQI_Indirect_mode/production/_ext/108147519/LAN925x.o
 .debug_aranges
                0x00000570       0x38 build/LAN9253_D51_SQI_Indirect_mode/production/_ext/108134065/bootmode.o
 .debug_aranges
                0x000005a8       0x70 build/LAN9253_D51_SQI_Indirect_mode/production/_ext/108134065/coeappl.o
 .debug_aranges
                0x00000618       0x70 build/LAN9253_D51_SQI_Indirect_mode/production/_ext/108134065/ecatappl.o
 .debug_aranges
                0x00000688       0x30 build/LAN9253_D51_SQI_Indirect_mode/production/_ext/108134065/ecatcoe.o
 .debug_aranges
                0x000006b8       0x30 build/LAN9253_D51_SQI_Indirect_mode/production/_ext/108134065/ecatfoe.o
 .debug_aranges
                0x000006e8       0xc8 build/LAN9253_D51_SQI_Indirect_mode/production/_ext/108134065/ecatslv.o
 .debug_aranges
                0x000007b0       0x60 build/LAN9253_D51_SQI_Indirect_mode/production/_ext/108134065/emcy.o
 .debug_aranges
                0x00000810       0x48 build/LAN9253_D51_SQI_Indirect_mode/production/_ext/108134065/foeappl.o
 .debug_aranges
                0x00000858       0x80 build/LAN9253_D51_SQI_Indirect_mode/production/_ext/108134065/mailbox.o
 .debug_aranges
                0x000008d8       0x78 build/LAN9253_D51_SQI_Indirect_mode/production/_ext/108134065/objdef.o
 .debug_aranges
                0x00000950       0xb8 build/LAN9253_D51_SQI_Indirect_mode/production/_ext/108134065/sample_app.o
 .debug_aranges
                0x00000a08       0x40 build/LAN9253_D51_SQI_Indirect_mode/production/_ext/108134065/sdoserv.o
 .debug_aranges
                0x00000a48       0x20 build/LAN9253_D51_SQI_Indirect_mode/production/_ext/1360937237/main.o
 .debug_aranges
                0x00000a68       0x30 build/LAN9253_D51_SQI_Indirect_mode/production/_ext/1360937237/app.o
 .debug_aranges
                0x00000a98       0x20 c:/program files (x86)/microchip/xc32/v2.30/bin/bin/../../lib/gcc/pic32c/6.2.1/../../../../pic32c/lib/v7e-m/fpv4-sp/hard\libpic32c.a(data_init.o)
 .debug_aranges
                0x00000ab8       0x20 c:/program files (x86)/microchip/xc32/v2.30/bin/bin/../../lib/gcc/pic32c/6.2.1/../../../../pic32c/lib/v7e-m/fpv4-sp/hard\libc.a(lib_a-init.o)
 .debug_aranges
                0x00000ad8       0x28 c:/program files (x86)/microchip/xc32/v2.30/bin/bin/../../lib/gcc/pic32c/6.2.1/../../../../pic32c/lib/v7e-m/fpv4-sp/hard\libc.a(lib_a-malloc.o)
 .debug_aranges
                0x00000b00       0x20 c:/program files (x86)/microchip/xc32/v2.30/bin/bin/../../lib/gcc/pic32c/6.2.1/../../../../pic32c/lib/v7e-m/fpv4-sp/hard\libc.a(lib_a-mallocr.o)
 .debug_aranges
                0x00000b20       0x20 c:/program files (x86)/microchip/xc32/v2.30/bin/bin/../../lib/gcc/pic32c/6.2.1/../../../../pic32c/lib/v7e-m/fpv4-sp/hard\libc.a(lib_a-memcpy-stub.o)
 .debug_aranges
                0x00000b40       0x20 c:/program files (x86)/microchip/xc32/v2.30/bin/bin/../../lib/gcc/pic32c/6.2.1/../../../../pic32c/lib/v7e-m/fpv4-sp/hard\libc.a(lib_a-memset.o)
 .debug_aranges
                0x00000b60       0x20 c:/program files (x86)/microchip/xc32/v2.30/bin/bin/../../lib/gcc/pic32c/6.2.1/../../../../pic32c/lib/v7e-m/fpv4-sp/hard\libc.a(lib_a-mlock.o)
 .debug_aranges
                0x00000b80       0x20 c:/program files (x86)/microchip/xc32/v2.30/bin/bin/../../lib/gcc/pic32c/6.2.1/../../../../pic32c/lib/v7e-m/fpv4-sp/hard\libc.a(lib_a-sbrkr.o)
 .debug_aranges
                0x00000ba0       0x20 c:/program files (x86)/microchip/xc32/v2.30/bin/bin/../../lib/gcc/pic32c/6.2.1/../../../../pic32c/lib/v7e-m/fpv4-sp/hard\libc.a(lib_a-strlen.o)
 .debug_aranges
                0x00000bc0       0x28 c:/program files (x86)/microchip/xc32/v2.30/bin/bin/../../lib/gcc/pic32c/6.2.1/../../../../pic32c/lib/v7e-m/fpv4-sp/hard\libc.a(lib_a-freer.o)
 .debug_aranges
                0x00000be8       0x18 c:/program files (x86)/microchip/xc32/v2.30/bin/bin/../../lib/gcc/pic32c/6.2.1/../../../../pic32c/lib/v7e-m/fpv4-sp/hard\libc.a(lib_a-impure.o)
 .debug_aranges
                0x00000c00       0x28 c:/program files (x86)/microchip/xc32/v2.30/bin/bin/../../lib/gcc/pic32c/6.2.1/../../../../pic32c/lib/v7e-m/fpv4-sp/hard\libc.a(lib_a-reent.o)
 .debug_aranges
                0x00000c28       0x20 c:/program files (x86)/microchip/xc32/v2.30/bin/bin/../../lib/gcc/pic32c/6.2.1/../../../../pic32c/lib/v7e-m/fpv4-sp/hard\libpic32c.a(sbrk.o)

.debug_ranges   0x00000000     0x1028
 .debug_ranges  0x00000000       0x10 build/LAN9253_D51_SQI_Indirect_mode/production/_ext/1984496892/plib_clock.o
 .debug_ranges  0x00000010       0xb8 build/LAN9253_D51_SQI_Indirect_mode/production/_ext/1865161661/plib_dmac.o
 .debug_ranges  0x000000c8       0x40 build/LAN9253_D51_SQI_Indirect_mode/production/_ext/60167341/plib_eic.o
 .debug_ranges  0x00000108       0x10 build/LAN9253_D51_SQI_Indirect_mode/production/_ext/1986646378/plib_evsys.o
 .debug_ranges  0x00000118       0x10 build/LAN9253_D51_SQI_Indirect_mode/production/_ext/1865468468/plib_nvic.o
 .debug_ranges  0x00000128       0xa0 build/LAN9253_D51_SQI_Indirect_mode/production/_ext/1593096446/plib_nvmctrl.o
 .debug_ranges  0x000001c8       0x50 build/LAN9253_D51_SQI_Indirect_mode/production/_ext/1865521619/plib_port.o
 .debug_ranges  0x00000218       0x48 build/LAN9253_D51_SQI_Indirect_mode/production/_ext/1865555181/plib_qspi.o
 .debug_ranges  0x00000260       0x60 build/LAN9253_D51_SQI_Indirect_mode/production/_ext/1827571544/plib_systick.o
 .debug_ranges  0x000002c0       0x38 build/LAN9253_D51_SQI_Indirect_mode/production/_ext/1171490990/exceptions.o
 .debug_ranges  0x000002f8       0x10 build/LAN9253_D51_SQI_Indirect_mode/production/_ext/1171490990/initialization.o
 .debug_ranges  0x00000308       0x10 build/LAN9253_D51_SQI_Indirect_mode/production/_ext/1171490990/interrupts.o
 .debug_ranges  0x00000318       0x10 build/LAN9253_D51_SQI_Indirect_mode/production/_ext/1171490990/startup_xc32.o
 .debug_ranges  0x00000328       0x10 build/LAN9253_D51_SQI_Indirect_mode/production/_ext/1171490990/tasks.o
 .debug_ranges  0x00000338       0xb0 build/LAN9253_D51_SQI_Indirect_mode/production/_ext/1671622979/Drivers.o
 .debug_ranges  0x000003e8       0x78 build/LAN9253_D51_SQI_Indirect_mode/production/_ext/108147519/ESC_Utils.o
 .debug_ranges  0x00000460       0x70 build/LAN9253_D51_SQI_Indirect_mode/production/_ext/108147519/LAN925x.o
 .debug_ranges  0x000004d0       0x28 build/LAN9253_D51_SQI_Indirect_mode/production/_ext/108134065/bootmode.o
 .debug_ranges  0x000004f8       0x98 build/LAN9253_D51_SQI_Indirect_mode/production/_ext/108134065/coeappl.o
 .debug_ranges  0x00000590       0x78 build/LAN9253_D51_SQI_Indirect_mode/production/_ext/108134065/ecatappl.o
 .debug_ranges  0x00000608       0x20 build/LAN9253_D51_SQI_Indirect_mode/production/_ext/108134065/ecatcoe.o
 .debug_ranges  0x00000628       0x60 build/LAN9253_D51_SQI_Indirect_mode/production/_ext/108134065/ecatfoe.o
 .debug_ranges  0x00000688      0x120 build/LAN9253_D51_SQI_Indirect_mode/production/_ext/108134065/ecatslv.o
 .debug_ranges  0x000007a8       0x80 build/LAN9253_D51_SQI_Indirect_mode/production/_ext/108134065/emcy.o
 .debug_ranges  0x00000828       0x38 build/LAN9253_D51_SQI_Indirect_mode/production/_ext/108134065/foeappl.o
 .debug_ranges  0x00000860       0xe8 build/LAN9253_D51_SQI_Indirect_mode/production/_ext/108134065/mailbox.o
 .debug_ranges  0x00000948      0x318 build/LAN9253_D51_SQI_Indirect_mode/production/_ext/108134065/objdef.o
 .debug_ranges  0x00000c60       0xa8 build/LAN9253_D51_SQI_Indirect_mode/production/_ext/108134065/sample_app.o
 .debug_ranges  0x00000d08      0x1c8 build/LAN9253_D51_SQI_Indirect_mode/production/_ext/108134065/sdoserv.o
 .debug_ranges  0x00000ed0       0x10 build/LAN9253_D51_SQI_Indirect_mode/production/_ext/1360937237/main.o
 .debug_ranges  0x00000ee0       0x38 build/LAN9253_D51_SQI_Indirect_mode/production/_ext/1360937237/app.o
 .debug_ranges  0x00000f18       0x10 c:/program files (x86)/microchip/xc32/v2.30/bin/bin/../../lib/gcc/pic32c/6.2.1/../../../../pic32c/lib/v7e-m/fpv4-sp/hard\libpic32c.a(data_init.o)
 .debug_ranges  0x00000f28       0x10 c:/program files (x86)/microchip/xc32/v2.30/bin/bin/../../lib/gcc/pic32c/6.2.1/../../../../pic32c/lib/v7e-m/fpv4-sp/hard\libc.a(lib_a-init.o)
 .debug_ranges  0x00000f38       0x18 c:/program files (x86)/microchip/xc32/v2.30/bin/bin/../../lib/gcc/pic32c/6.2.1/../../../../pic32c/lib/v7e-m/fpv4-sp/hard\libc.a(lib_a-malloc.o)
 .debug_ranges  0x00000f50       0x28 c:/program files (x86)/microchip/xc32/v2.30/bin/bin/../../lib/gcc/pic32c/6.2.1/../../../../pic32c/lib/v7e-m/fpv4-sp/hard\libc.a(lib_a-mallocr.o)
 .debug_ranges  0x00000f78       0x10 c:/program files (x86)/microchip/xc32/v2.30/bin/bin/../../lib/gcc/pic32c/6.2.1/../../../../pic32c/lib/v7e-m/fpv4-sp/hard\libc.a(lib_a-memcpy-stub.o)
 .debug_ranges  0x00000f88       0x10 c:/program files (x86)/microchip/xc32/v2.30/bin/bin/../../lib/gcc/pic32c/6.2.1/../../../../pic32c/lib/v7e-m/fpv4-sp/hard\libc.a(lib_a-memset.o)
 .debug_ranges  0x00000f98       0x10 c:/program files (x86)/microchip/xc32/v2.30/bin/bin/../../lib/gcc/pic32c/6.2.1/../../../../pic32c/lib/v7e-m/fpv4-sp/hard\libc.a(lib_a-mlock.o)
 .debug_ranges  0x00000fa8       0x10 c:/program files (x86)/microchip/xc32/v2.30/bin/bin/../../lib/gcc/pic32c/6.2.1/../../../../pic32c/lib/v7e-m/fpv4-sp/hard\libc.a(lib_a-sbrkr.o)
 .debug_ranges  0x00000fb8       0x18 c:/program files (x86)/microchip/xc32/v2.30/bin/bin/../../lib/gcc/pic32c/6.2.1/../../../../pic32c/lib/v7e-m/fpv4-sp/hard\libc.a(lib_a-freer.o)
 .debug_ranges  0x00000fd0       0x48 c:/program files (x86)/microchip/xc32/v2.30/bin/bin/../../lib/gcc/pic32c/6.2.1/../../../../pic32c/lib/v7e-m/fpv4-sp/hard\libc.a(lib_a-reent.o)
 .debug_ranges  0x00001018       0x10 c:/program files (x86)/microchip/xc32/v2.30/bin/bin/../../lib/gcc/pic32c/6.2.1/../../../../pic32c/lib/v7e-m/fpv4-sp/hard\libpic32c.a(sbrk.o)

.debug_line     0x00000000     0x99f7
 .debug_line    0x00000000      0x1be build/LAN9253_D51_SQI_Indirect_mode/production/_ext/1984496892/plib_clock.o
 .debug_line    0x000001be      0x577 build/LAN9253_D51_SQI_Indirect_mode/production/_ext/1865161661/plib_dmac.o
 .debug_line    0x00000735      0x207 build/LAN9253_D51_SQI_Indirect_mode/production/_ext/60167341/plib_eic.o
 .debug_line    0x0000093c      0x13a build/LAN9253_D51_SQI_Indirect_mode/production/_ext/1986646378/plib_evsys.o
 .debug_line    0x00000a76      0x1c9 build/LAN9253_D51_SQI_Indirect_mode/production/_ext/1865468468/plib_nvic.o
 .debug_line    0x00000c3f      0x35e build/LAN9253_D51_SQI_Indirect_mode/production/_ext/1593096446/plib_nvmctrl.o
 .debug_line    0x00000f9d      0x213 build/LAN9253_D51_SQI_Indirect_mode/production/_ext/1865521619/plib_port.o
 .debug_line    0x000011b0      0x2bb build/LAN9253_D51_SQI_Indirect_mode/production/_ext/1865555181/plib_qspi.o
 .debug_line    0x0000146b      0x214 build/LAN9253_D51_SQI_Indirect_mode/production/_ext/1827571544/plib_systick.o
 .debug_line    0x0000167f      0x398 build/LAN9253_D51_SQI_Indirect_mode/production/_ext/1171490990/exceptions.o
 .debug_line    0x00001a17      0x552 build/LAN9253_D51_SQI_Indirect_mode/production/_ext/1171490990/initialization.o
 .debug_line    0x00001f69      0x379 build/LAN9253_D51_SQI_Indirect_mode/production/_ext/1171490990/interrupts.o
 .debug_line    0x000022e2      0x3dd build/LAN9253_D51_SQI_Indirect_mode/production/_ext/1171490990/startup_xc32.o
 .debug_line    0x000026bf      0x357 build/LAN9253_D51_SQI_Indirect_mode/production/_ext/1171490990/tasks.o
 .debug_line    0x00002a16      0x670 build/LAN9253_D51_SQI_Indirect_mode/production/_ext/1671622979/Drivers.o
 .debug_line    0x00003086      0x41c build/LAN9253_D51_SQI_Indirect_mode/production/_ext/108147519/ESC_Utils.o
 .debug_line    0x000034a2      0x5d0 build/LAN9253_D51_SQI_Indirect_mode/production/_ext/108147519/LAN925x.o
 .debug_line    0x00003a72      0x197 build/LAN9253_D51_SQI_Indirect_mode/production/_ext/108134065/bootmode.o
 .debug_line    0x00003c09      0x51e build/LAN9253_D51_SQI_Indirect_mode/production/_ext/108134065/coeappl.o
 .debug_line    0x00004127      0x5b1 build/LAN9253_D51_SQI_Indirect_mode/production/_ext/108134065/ecatappl.o
 .debug_line    0x000046d8      0x1b2 build/LAN9253_D51_SQI_Indirect_mode/production/_ext/108134065/ecatcoe.o
 .debug_line    0x0000488a      0x460 build/LAN9253_D51_SQI_Indirect_mode/production/_ext/108134065/ecatfoe.o
 .debug_line    0x00004cea      0xb22 build/LAN9253_D51_SQI_Indirect_mode/production/_ext/108134065/ecatslv.o
 .debug_line    0x0000580c      0x442 build/LAN9253_D51_SQI_Indirect_mode/production/_ext/108134065/emcy.o
 .debug_line    0x00005c4e      0x40f build/LAN9253_D51_SQI_Indirect_mode/production/_ext/108134065/foeappl.o
 .debug_line    0x0000605d      0x5c8 build/LAN9253_D51_SQI_Indirect_mode/production/_ext/108134065/mailbox.o
 .debug_line    0x00006625      0x84e build/LAN9253_D51_SQI_Indirect_mode/production/_ext/108134065/objdef.o
 .debug_line    0x00006e73      0x5a7 build/LAN9253_D51_SQI_Indirect_mode/production/_ext/108134065/sample_app.o
 .debug_line    0x0000741a      0x675 build/LAN9253_D51_SQI_Indirect_mode/production/_ext/108134065/sdoserv.o
 .debug_line    0x00007a8f      0x34b build/LAN9253_D51_SQI_Indirect_mode/production/_ext/1360937237/main.o
 .debug_line    0x00007dda      0x4af build/LAN9253_D51_SQI_Indirect_mode/production/_ext/1360937237/app.o
 .debug_line    0x00008289       0xd8 c:/program files (x86)/microchip/xc32/v2.30/bin/bin/../../lib/gcc/pic32c/6.2.1/../../../../pic32c/lib/v7e-m/fpv4-sp/hard\libpic32c.a(data_init.o)
 .debug_line    0x00008361      0x11d c:/program files (x86)/microchip/xc32/v2.30/bin/bin/../../lib/gcc/pic32c/6.2.1/../../../../pic32c/lib/v7e-m/fpv4-sp/hard\libc.a(lib_a-init.o)
 .debug_line    0x0000847e      0x21e c:/program files (x86)/microchip/xc32/v2.30/bin/bin/../../lib/gcc/pic32c/6.2.1/../../../../pic32c/lib/v7e-m/fpv4-sp/hard\libc.a(lib_a-malloc.o)
 .debug_line    0x0000869c      0x347 c:/program files (x86)/microchip/xc32/v2.30/bin/bin/../../lib/gcc/pic32c/6.2.1/../../../../pic32c/lib/v7e-m/fpv4-sp/hard\libc.a(lib_a-mallocr.o)
 .debug_line    0x000089e3      0x218 c:/program files (x86)/microchip/xc32/v2.30/bin/bin/../../lib/gcc/pic32c/6.2.1/../../../../pic32c/lib/v7e-m/fpv4-sp/hard\libc.a(lib_a-memcpy-stub.o)
 .debug_line    0x00008bfb      0x2ae c:/program files (x86)/microchip/xc32/v2.30/bin/bin/../../lib/gcc/pic32c/6.2.1/../../../../pic32c/lib/v7e-m/fpv4-sp/hard\libc.a(lib_a-memset.o)
 .debug_line    0x00008ea9      0x18d c:/program files (x86)/microchip/xc32/v2.30/bin/bin/../../lib/gcc/pic32c/6.2.1/../../../../pic32c/lib/v7e-m/fpv4-sp/hard\libc.a(lib_a-mlock.o)
 .debug_line    0x00009036      0x212 c:/program files (x86)/microchip/xc32/v2.30/bin/bin/../../lib/gcc/pic32c/6.2.1/../../../../pic32c/lib/v7e-m/fpv4-sp/hard\libc.a(lib_a-sbrkr.o)
 .debug_line    0x00009248       0xb1 c:/program files (x86)/microchip/xc32/v2.30/bin/bin/../../lib/gcc/pic32c/6.2.1/../../../../pic32c/lib/v7e-m/fpv4-sp/hard\libc.a(lib_a-strlen.o)
 .debug_line    0x000092f9      0x2a1 c:/program files (x86)/microchip/xc32/v2.30/bin/bin/../../lib/gcc/pic32c/6.2.1/../../../../pic32c/lib/v7e-m/fpv4-sp/hard\libc.a(lib_a-freer.o)
 .debug_line    0x0000959a      0x17e c:/program files (x86)/microchip/xc32/v2.30/bin/bin/../../lib/gcc/pic32c/6.2.1/../../../../pic32c/lib/v7e-m/fpv4-sp/hard\libc.a(lib_a-impure.o)
 .debug_line    0x00009718      0x23d c:/program files (x86)/microchip/xc32/v2.30/bin/bin/../../lib/gcc/pic32c/6.2.1/../../../../pic32c/lib/v7e-m/fpv4-sp/hard\libc.a(lib_a-reent.o)
 .debug_line    0x00009955       0xa2 c:/program files (x86)/microchip/xc32/v2.30/bin/bin/../../lib/gcc/pic32c/6.2.1/../../../../pic32c/lib/v7e-m/fpv4-sp/hard\libpic32c.a(sbrk.o)

.debug_str      0x00000000     0x11c4
 .debug_str     0x00000000       0x1e build/LAN9253_D51_SQI_Indirect_mode/production/_ext/1984496892/plib_clock.o
 .debug_str     0x0000001e       0x5a build/LAN9253_D51_SQI_Indirect_mode/production/_ext/1865161661/plib_dmac.o
 .debug_str     0x00000078        0x9 build/LAN9253_D51_SQI_Indirect_mode/production/_ext/60167341/plib_eic.o
 .debug_str     0x00000081        0x0 build/LAN9253_D51_SQI_Indirect_mode/production/_ext/1986646378/plib_evsys.o
 .debug_str     0x00000081        0xa build/LAN9253_D51_SQI_Indirect_mode/production/_ext/1865468468/plib_nvic.o
 .debug_str     0x0000008b       0x29 build/LAN9253_D51_SQI_Indirect_mode/production/_ext/1593096446/plib_nvmctrl.o
 .debug_str     0x000000b4        0xb build/LAN9253_D51_SQI_Indirect_mode/production/_ext/1865521619/plib_port.o
 .debug_str     0x000000bf       0x9a build/LAN9253_D51_SQI_Indirect_mode/production/_ext/1865555181/plib_qspi.o
 .debug_str     0x00000159        0x9 build/LAN9253_D51_SQI_Indirect_mode/production/_ext/1827571544/plib_systick.o
 .debug_str     0x00000162        0xe build/LAN9253_D51_SQI_Indirect_mode/production/_ext/1171490990/exceptions.o
 .debug_str     0x00000170       0xb9 build/LAN9253_D51_SQI_Indirect_mode/production/_ext/1171490990/initialization.o
 .debug_str     0x00000229        0xe build/LAN9253_D51_SQI_Indirect_mode/production/_ext/1171490990/interrupts.o
 .debug_str     0x00000237       0x79 build/LAN9253_D51_SQI_Indirect_mode/production/_ext/1171490990/startup_xc32.o
 .debug_str     0x000002b0       0x18 build/LAN9253_D51_SQI_Indirect_mode/production/_ext/1171490990/tasks.o
 .debug_str     0x000002c8      0x16a build/LAN9253_D51_SQI_Indirect_mode/production/_ext/1671622979/Drivers.o
 .debug_str     0x00000432       0x30 build/LAN9253_D51_SQI_Indirect_mode/production/_ext/108147519/ESC_Utils.o
 .debug_str     0x00000462      0x122 build/LAN9253_D51_SQI_Indirect_mode/production/_ext/108147519/LAN925x.o
 .debug_str     0x00000584        0xe build/LAN9253_D51_SQI_Indirect_mode/production/_ext/108134065/bootmode.o
 .debug_str     0x00000592       0x5f build/LAN9253_D51_SQI_Indirect_mode/production/_ext/108134065/coeappl.o
 .debug_str     0x000005f1      0x17d build/LAN9253_D51_SQI_Indirect_mode/production/_ext/108134065/ecatappl.o
 .debug_str     0x0000076e       0x64 build/LAN9253_D51_SQI_Indirect_mode/production/_ext/108134065/ecatcoe.o
 .debug_str     0x000007d2       0x7c build/LAN9253_D51_SQI_Indirect_mode/production/_ext/108134065/ecatfoe.o
 .debug_str     0x0000084e      0x24d build/LAN9253_D51_SQI_Indirect_mode/production/_ext/108134065/ecatslv.o
 .debug_str     0x00000a9b       0x40 build/LAN9253_D51_SQI_Indirect_mode/production/_ext/108134065/emcy.o
 .debug_str     0x00000adb       0x31 build/LAN9253_D51_SQI_Indirect_mode/production/_ext/108134065/foeappl.o
 .debug_str     0x00000b0c      0x154 build/LAN9253_D51_SQI_Indirect_mode/production/_ext/108134065/mailbox.o
 .debug_str     0x00000c60       0xbd build/LAN9253_D51_SQI_Indirect_mode/production/_ext/108134065/objdef.o
 .debug_str     0x00000d1d       0x92 build/LAN9253_D51_SQI_Indirect_mode/production/_ext/108134065/sample_app.o
 .debug_str     0x00000daf      0x147 build/LAN9253_D51_SQI_Indirect_mode/production/_ext/108134065/sdoserv.o
 .debug_str     0x00000ef6       0x27 build/LAN9253_D51_SQI_Indirect_mode/production/_ext/1360937237/main.o
 .debug_str     0x00000f1d       0xc4 build/LAN9253_D51_SQI_Indirect_mode/production/_ext/1360937237/app.o
 .debug_str     0x00000fe1        0x0 c:/program files (x86)/microchip/xc32/v2.30/bin/bin/../../lib/gcc/pic32c/6.2.1/../../../../pic32c/lib/v7e-m/fpv4-sp/hard\libpic32c.a(data_init.o)
 .debug_str     0x00000fe1        0x0 c:/program files (x86)/microchip/xc32/v2.30/bin/bin/../../lib/gcc/pic32c/6.2.1/../../../../pic32c/lib/v7e-m/fpv4-sp/hard\libc.a(lib_a-init.o)
 .debug_str     0x00000fe1       0x18 c:/program files (x86)/microchip/xc32/v2.30/bin/bin/../../lib/gcc/pic32c/6.2.1/../../../../pic32c/lib/v7e-m/fpv4-sp/hard\libc.a(lib_a-malloc.o)
 .debug_str     0x00000ff9       0x36 c:/program files (x86)/microchip/xc32/v2.30/bin/bin/../../lib/gcc/pic32c/6.2.1/../../../../pic32c/lib/v7e-m/fpv4-sp/hard\libc.a(lib_a-mallocr.o)
 .debug_str     0x0000102f        0xe c:/program files (x86)/microchip/xc32/v2.30/bin/bin/../../lib/gcc/pic32c/6.2.1/../../../../pic32c/lib/v7e-m/fpv4-sp/hard\libc.a(lib_a-memcpy-stub.o)
 .debug_str     0x0000103d      0x119 c:/program files (x86)/microchip/xc32/v2.30/bin/bin/../../lib/gcc/pic32c/6.2.1/../../../../pic32c/lib/v7e-m/fpv4-sp/hard\libc.a(lib_a-memset.o)
 .debug_str     0x00001156        0xe c:/program files (x86)/microchip/xc32/v2.30/bin/bin/../../lib/gcc/pic32c/6.2.1/../../../../pic32c/lib/v7e-m/fpv4-sp/hard\libc.a(lib_a-mlock.o)
 .debug_str     0x00001164        0xe c:/program files (x86)/microchip/xc32/v2.30/bin/bin/../../lib/gcc/pic32c/6.2.1/../../../../pic32c/lib/v7e-m/fpv4-sp/hard\libc.a(lib_a-sbrkr.o)
 .debug_str     0x00001172       0x36 c:/program files (x86)/microchip/xc32/v2.30/bin/bin/../../lib/gcc/pic32c/6.2.1/../../../../pic32c/lib/v7e-m/fpv4-sp/hard\libc.a(lib_a-freer.o)
 .debug_str     0x000011a8        0xe c:/program files (x86)/microchip/xc32/v2.30/bin/bin/../../lib/gcc/pic32c/6.2.1/../../../../pic32c/lib/v7e-m/fpv4-sp/hard\libc.a(lib_a-impure.o)
 .debug_str     0x000011b6        0xe c:/program files (x86)/microchip/xc32/v2.30/bin/bin/../../lib/gcc/pic32c/6.2.1/../../../../pic32c/lib/v7e-m/fpv4-sp/hard\libc.a(lib_a-reent.o)
 .debug_str     0x000011c4        0x0 c:/program files (x86)/microchip/xc32/v2.30/bin/bin/../../lib/gcc/pic32c/6.2.1/../../../../pic32c/lib/v7e-m/fpv4-sp/hard\libpic32c.a(sbrk.o)

.debug_frame    0x00000000     0x1b68
 .debug_frame   0x00000000       0x20 build/LAN9253_D51_SQI_Indirect_mode/production/_ext/1984496892/plib_clock.o
 .debug_frame   0x00000020      0x194 build/LAN9253_D51_SQI_Indirect_mode/production/_ext/1865161661/plib_dmac.o
 .debug_frame   0x000001b4       0xa8 build/LAN9253_D51_SQI_Indirect_mode/production/_ext/60167341/plib_eic.o
 .debug_frame   0x0000025c       0x20 build/LAN9253_D51_SQI_Indirect_mode/production/_ext/1986646378/plib_evsys.o
 .debug_frame   0x0000027c       0x20 build/LAN9253_D51_SQI_Indirect_mode/production/_ext/1865468468/plib_nvic.o
 .debug_frame   0x0000029c      0x160 build/LAN9253_D51_SQI_Indirect_mode/production/_ext/1593096446/plib_nvmctrl.o
 .debug_frame   0x000003fc       0xa0 build/LAN9253_D51_SQI_Indirect_mode/production/_ext/1865521619/plib_port.o
 .debug_frame   0x0000049c       0xd0 build/LAN9253_D51_SQI_Indirect_mode/production/_ext/1865555181/plib_qspi.o
 .debug_frame   0x0000056c       0xd4 build/LAN9253_D51_SQI_Indirect_mode/production/_ext/1827571544/plib_systick.o
 .debug_frame   0x00000640       0x70 build/LAN9253_D51_SQI_Indirect_mode/production/_ext/1171490990/exceptions.o
 .debug_frame   0x000006b0       0x28 build/LAN9253_D51_SQI_Indirect_mode/production/_ext/1171490990/initialization.o
 .debug_frame   0x000006d8       0x20 build/LAN9253_D51_SQI_Indirect_mode/production/_ext/1171490990/interrupts.o
 .debug_frame   0x000006f8       0x28 build/LAN9253_D51_SQI_Indirect_mode/production/_ext/1171490990/startup_xc32.o
 .debug_frame   0x00000720       0x28 build/LAN9253_D51_SQI_Indirect_mode/production/_ext/1171490990/tasks.o
 .debug_frame   0x00000748      0x21c build/LAN9253_D51_SQI_Indirect_mode/production/_ext/1671622979/Drivers.o
 .debug_frame   0x00000964       0x94 build/LAN9253_D51_SQI_Indirect_mode/production/_ext/108147519/ESC_Utils.o
 .debug_frame   0x000009f8      0x1cc build/LAN9253_D51_SQI_Indirect_mode/production/_ext/108147519/LAN925x.o
 .debug_frame   0x00000bc4       0x50 build/LAN9253_D51_SQI_Indirect_mode/production/_ext/108134065/bootmode.o
 .debug_frame   0x00000c14      0x138 build/LAN9253_D51_SQI_Indirect_mode/production/_ext/108134065/coeappl.o
 .debug_frame   0x00000d4c      0x13c build/LAN9253_D51_SQI_Indirect_mode/production/_ext/108134065/ecatappl.o
 .debug_frame   0x00000e88       0x54 build/LAN9253_D51_SQI_Indirect_mode/production/_ext/108134065/ecatcoe.o
 .debug_frame   0x00000edc       0x54 build/LAN9253_D51_SQI_Indirect_mode/production/_ext/108134065/ecatfoe.o
 .debug_frame   0x00000f30      0x26c build/LAN9253_D51_SQI_Indirect_mode/production/_ext/108134065/ecatslv.o
 .debug_frame   0x0000119c       0xc4 build/LAN9253_D51_SQI_Indirect_mode/production/_ext/108134065/emcy.o
 .debug_frame   0x00001260       0xb0 build/LAN9253_D51_SQI_Indirect_mode/production/_ext/108134065/foeappl.o
 .debug_frame   0x00001310      0x17c build/LAN9253_D51_SQI_Indirect_mode/production/_ext/108134065/mailbox.o
 .debug_frame   0x0000148c      0x180 build/LAN9253_D51_SQI_Indirect_mode/production/_ext/108134065/objdef.o
 .debug_frame   0x0000160c      0x1c4 build/LAN9253_D51_SQI_Indirect_mode/production/_ext/108134065/sample_app.o
 .debug_frame   0x000017d0       0xd4 build/LAN9253_D51_SQI_Indirect_mode/production/_ext/108134065/sdoserv.o
 .debug_frame   0x000018a4       0x28 build/LAN9253_D51_SQI_Indirect_mode/production/_ext/1360937237/main.o
 .debug_frame   0x000018cc       0x58 build/LAN9253_D51_SQI_Indirect_mode/production/_ext/1360937237/app.o
 .debug_frame   0x00001924       0x2c c:/program files (x86)/microchip/xc32/v2.30/bin/bin/../../lib/gcc/pic32c/6.2.1/../../../../pic32c/lib/v7e-m/fpv4-sp/hard\libpic32c.a(data_init.o)
 .debug_frame   0x00001950       0x2c c:/program files (x86)/microchip/xc32/v2.30/bin/bin/../../lib/gcc/pic32c/6.2.1/../../../../pic32c/lib/v7e-m/fpv4-sp/hard\libc.a(lib_a-init.o)
 .debug_frame   0x0000197c       0x30 c:/program files (x86)/microchip/xc32/v2.30/bin/bin/../../lib/gcc/pic32c/6.2.1/../../../../pic32c/lib/v7e-m/fpv4-sp/hard\libc.a(lib_a-malloc.o)
 .debug_frame   0x000019ac       0x40 c:/program files (x86)/microchip/xc32/v2.30/bin/bin/../../lib/gcc/pic32c/6.2.1/../../../../pic32c/lib/v7e-m/fpv4-sp/hard\libc.a(lib_a-mallocr.o)
 .debug_frame   0x000019ec       0x28 c:/program files (x86)/microchip/xc32/v2.30/bin/bin/../../lib/gcc/pic32c/6.2.1/../../../../pic32c/lib/v7e-m/fpv4-sp/hard\libc.a(lib_a-memcpy-stub.o)
 .debug_frame   0x00001a14       0x20 c:/program files (x86)/microchip/xc32/v2.30/bin/bin/../../lib/gcc/pic32c/6.2.1/../../../../pic32c/lib/v7e-m/fpv4-sp/hard\libc.a(lib_a-memset.o)
 .debug_frame   0x00001a34       0x30 c:/program files (x86)/microchip/xc32/v2.30/bin/bin/../../lib/gcc/pic32c/6.2.1/../../../../pic32c/lib/v7e-m/fpv4-sp/hard\libc.a(lib_a-mlock.o)
 .debug_frame   0x00001a64       0x2c c:/program files (x86)/microchip/xc32/v2.30/bin/bin/../../lib/gcc/pic32c/6.2.1/../../../../pic32c/lib/v7e-m/fpv4-sp/hard\libc.a(lib_a-sbrkr.o)
 .debug_frame   0x00001a90       0x5c c:/program files (x86)/microchip/xc32/v2.30/bin/bin/../../lib/gcc/pic32c/6.2.1/../../../../pic32c/lib/v7e-m/fpv4-sp/hard\libc.a(lib_a-freer.o)
 .debug_frame   0x00001aec       0x5c c:/program files (x86)/microchip/xc32/v2.30/bin/bin/../../lib/gcc/pic32c/6.2.1/../../../../pic32c/lib/v7e-m/fpv4-sp/hard\libc.a(lib_a-reent.o)
 .debug_frame   0x00001b48       0x20 c:/program files (x86)/microchip/xc32/v2.30/bin/bin/../../lib/gcc/pic32c/6.2.1/../../../../pic32c/lib/v7e-m/fpv4-sp/hard\libpic32c.a(sbrk.o)

.debug_loc      0x00000000     0xb33e
 .debug_loc     0x00000000      0x7a8 build/LAN9253_D51_SQI_Indirect_mode/production/_ext/1865161661/plib_dmac.o
 .debug_loc     0x000007a8       0xda build/LAN9253_D51_SQI_Indirect_mode/production/_ext/60167341/plib_eic.o
 .debug_loc     0x00000882      0x1d2 build/LAN9253_D51_SQI_Indirect_mode/production/_ext/1865468468/plib_nvic.o
 .debug_loc     0x00000a54      0x42c build/LAN9253_D51_SQI_Indirect_mode/production/_ext/1593096446/plib_nvmctrl.o
 .debug_loc     0x00000e80       0x63 build/LAN9253_D51_SQI_Indirect_mode/production/_ext/1865521619/plib_port.o
 .debug_loc     0x00000ee3      0xa45 build/LAN9253_D51_SQI_Indirect_mode/production/_ext/1865555181/plib_qspi.o
 .debug_loc     0x00001928       0xc8 build/LAN9253_D51_SQI_Indirect_mode/production/_ext/1827571544/plib_systick.o
 .debug_loc     0x000019f0       0x41 build/LAN9253_D51_SQI_Indirect_mode/production/_ext/1171490990/initialization.o
 .debug_loc     0x00001a31       0x34 build/LAN9253_D51_SQI_Indirect_mode/production/_ext/1171490990/startup_xc32.o
 .debug_loc     0x00001a65       0x20 build/LAN9253_D51_SQI_Indirect_mode/production/_ext/1171490990/tasks.o
 .debug_loc     0x00001a85      0xa42 build/LAN9253_D51_SQI_Indirect_mode/production/_ext/1671622979/Drivers.o
 .debug_loc     0x000024c7      0x654 build/LAN9253_D51_SQI_Indirect_mode/production/_ext/108147519/ESC_Utils.o
 .debug_loc     0x00002b1b      0xa5a build/LAN9253_D51_SQI_Indirect_mode/production/_ext/108147519/LAN925x.o
 .debug_loc     0x00003575       0x21 build/LAN9253_D51_SQI_Indirect_mode/production/_ext/108134065/bootmode.o
 .debug_loc     0x00003596      0x54d build/LAN9253_D51_SQI_Indirect_mode/production/_ext/108134065/coeappl.o
 .debug_loc     0x00003ae3      0x2fe build/LAN9253_D51_SQI_Indirect_mode/production/_ext/108134065/ecatappl.o
 .debug_loc     0x00003de1      0x151 build/LAN9253_D51_SQI_Indirect_mode/production/_ext/108134065/ecatcoe.o
 .debug_loc     0x00003f32      0x493 build/LAN9253_D51_SQI_Indirect_mode/production/_ext/108134065/ecatfoe.o
 .debug_loc     0x000043c5     0x1927 build/LAN9253_D51_SQI_Indirect_mode/production/_ext/108134065/ecatslv.o
 .debug_loc     0x00005cec      0x218 build/LAN9253_D51_SQI_Indirect_mode/production/_ext/108134065/emcy.o
 .debug_loc     0x00005f04      0x41d build/LAN9253_D51_SQI_Indirect_mode/production/_ext/108134065/foeappl.o
 .debug_loc     0x00006321      0x771 build/LAN9253_D51_SQI_Indirect_mode/production/_ext/108134065/mailbox.o
 .debug_loc     0x00006a92     0x1ce5 build/LAN9253_D51_SQI_Indirect_mode/production/_ext/108134065/objdef.o
 .debug_loc     0x00008777      0x842 build/LAN9253_D51_SQI_Indirect_mode/production/_ext/108134065/sample_app.o
 .debug_loc     0x00008fb9     0x11f9 build/LAN9253_D51_SQI_Indirect_mode/production/_ext/108134065/sdoserv.o
 .debug_loc     0x0000a1b2       0x20 build/LAN9253_D51_SQI_Indirect_mode/production/_ext/1360937237/main.o
 .debug_loc     0x0000a1d2      0x104 build/LAN9253_D51_SQI_Indirect_mode/production/_ext/1360937237/app.o
 .debug_loc     0x0000a2d6       0x74 c:/program files (x86)/microchip/xc32/v2.30/bin/bin/../../lib/gcc/pic32c/6.2.1/../../../../pic32c/lib/v7e-m/fpv4-sp/hard\libc.a(lib_a-init.o)
 .debug_loc     0x0000a34a       0x58 c:/program files (x86)/microchip/xc32/v2.30/bin/bin/../../lib/gcc/pic32c/6.2.1/../../../../pic32c/lib/v7e-m/fpv4-sp/hard\libc.a(lib_a-malloc.o)
 .debug_loc     0x0000a3a2      0x875 c:/program files (x86)/microchip/xc32/v2.30/bin/bin/../../lib/gcc/pic32c/6.2.1/../../../../pic32c/lib/v7e-m/fpv4-sp/hard\libc.a(lib_a-mallocr.o)
 .debug_loc     0x0000ac17       0xb2 c:/program files (x86)/microchip/xc32/v2.30/bin/bin/../../lib/gcc/pic32c/6.2.1/../../../../pic32c/lib/v7e-m/fpv4-sp/hard\libc.a(lib_a-memcpy-stub.o)
 .debug_loc     0x0000acc9       0x4c c:/program files (x86)/microchip/xc32/v2.30/bin/bin/../../lib/gcc/pic32c/6.2.1/../../../../pic32c/lib/v7e-m/fpv4-sp/hard\libc.a(lib_a-memset.o)
 .debug_loc     0x0000ad15       0x6d c:/program files (x86)/microchip/xc32/v2.30/bin/bin/../../lib/gcc/pic32c/6.2.1/../../../../pic32c/lib/v7e-m/fpv4-sp/hard\libc.a(lib_a-sbrkr.o)
 .debug_loc     0x0000ad82      0x42d c:/program files (x86)/microchip/xc32/v2.30/bin/bin/../../lib/gcc/pic32c/6.2.1/../../../../pic32c/lib/v7e-m/fpv4-sp/hard\libc.a(lib_a-freer.o)
 .debug_loc     0x0000b1af      0x18f c:/program files (x86)/microchip/xc32/v2.30/bin/bin/../../lib/gcc/pic32c/6.2.1/../../../../pic32c/lib/v7e-m/fpv4-sp/hard\libc.a(lib_a-reent.o)

.stack          0x20004c18      0x100
 .stack         0x20004c18      0x100 stack

.data.impure_data%1
                0x20003560      0x418
 .data.impure_data
                0x20003560      0x418 c:/program files (x86)/microchip/xc32/v2.30/bin/bin/../../lib/gcc/pic32c/6.2.1/../../../../pic32c/lib/v7e-m/fpv4-sp/hard\libc.a(lib_a-impure.o)

.data.__malloc_av_%2
                0x20003978      0x408
 .data.__malloc_av_
                0x20003978      0x408 c:/program files (x86)/microchip/xc32/v2.30/bin/bin/../../lib/gcc/pic32c/6.2.1/../../../../pic32c/lib/v7e-m/fpv4-sp/hard\libc.a(lib_a-mallocr.o)
                0x20003978                __malloc_av_

.data.Inputs0x6000%3
                0x20003d80      0x204
 .data.Inputs0x6000
                0x20003d80      0x204 build/LAN9253_D51_SQI_Indirect_mode/production/_ext/108134065/sample_app.o
                0x20003d80                Inputs0x6000

.data.InputsProcessDataMapping0x1A00%4
                0x20003f84      0x204
 .data.InputsProcessDataMapping0x1A00
                0x20003f84      0x204 build/LAN9253_D51_SQI_Indirect_mode/production/_ext/108134065/sample_app.o
                0x20003f84                InputsProcessDataMapping0x1A00

.data.Outputs0x7010%5
                0x20004188      0x204
 .data.Outputs0x7010
                0x20004188      0x204 build/LAN9253_D51_SQI_Indirect_mode/production/_ext/108134065/sample_app.o
                0x20004188                Outputs0x7010

.data.OutputsProcessDataMapping0x1601%6
                0x2000438c      0x204
 .data.OutputsProcessDataMapping0x1601
                0x2000438c      0x204 build/LAN9253_D51_SQI_Indirect_mode/production/_ext/108134065/sample_app.o
                0x2000438c                OutputsProcessDataMapping0x1601

.data.GenObjDic%7
                0x20004590      0x1e0
 .data.GenObjDic
                0x20004590      0x1e0 build/LAN9253_D51_SQI_Indirect_mode/production/_ext/108134065/coeappl.o
                0x20004590                GenObjDic

.data.ApplicationObjDic%8
                0x20004770      0x118
 .data.ApplicationObjDic
                0x20004770      0x118 build/LAN9253_D51_SQI_Indirect_mode/production/_ext/108134065/coeappl.o
                0x20004770                ApplicationObjDic

.bss.__malloc_current_mallinfo%9
                0x20004888       0x28
 .bss.__malloc_current_mallinfo
                0x20004888       0x28 c:/program files (x86)/microchip/xc32/v2.30/bin/bin/../../lib/gcc/pic32c/6.2.1/../../../../pic32c/lib/v7e-m/fpv4-sp/hard\libc.a(lib_a-mallocr.o)
                0x20004888                __malloc_current_mallinfo

.data.gau8DummyCntArr%10
                0x200048b0       0x27
 .data.gau8DummyCntArr
                0x200048b0       0x27 build/LAN9253_D51_SQI_Indirect_mode/production/_ext/108147519/LAN925x.o
                0x200048b0                gau8DummyCntArr

.bss._write_back_section%11
                0x200048d8       0x20
 .bss._write_back_section
                0x200048d8       0x20 build/LAN9253_D51_SQI_Indirect_mode/production/_ext/1865161661/plib_dmac.o

.bss.descriptor_section%12
                0x200048f8       0x20
 .bss.descriptor_section
                0x200048f8       0x20 build/LAN9253_D51_SQI_Indirect_mode/production/_ext/1865161661/plib_dmac.o

.bss.gau8rx_data%13
                0x20004918       0x20
 .bss.gau8rx_data
                0x20004918       0x20 build/LAN9253_D51_SQI_Indirect_mode/production/_ext/1671622979/Drivers.o

.bss%14         0x20004938       0x1c
 .bss           0x20004938       0x1c c:/program files (x86)/microchip/xc32/v2.30/bin/bin/../../lib/gcc/pic32c/6.2.1/v7e-m/fpv4-sp/hard/crtbegin.o

.data.acDevicename%15
                0x20004954       0x16
 .data.acDevicename
                0x20004954       0x16 build/LAN9253_D51_SQI_Indirect_mode/production/_ext/108134065/coeappl.o
                0x20004954                acDevicename

.data.sIdentity%16
                0x2000496c       0x14
 .data.sIdentity
                0x2000496c       0x14 build/LAN9253_D51_SQI_Indirect_mode/production/_ext/108134065/coeappl.o
                0x2000496c                sIdentity

.data.aSubindexDesc%17
                0x20004980        0xd
 .data.aSubindexDesc
                0x20004980        0xd build/LAN9253_D51_SQI_Indirect_mode/production/_ext/108134065/objdef.o
                0x20004980                aSubindexDesc

.data.sErrorSettings%18
                0x20004990        0xc
 .data.sErrorSettings
                0x20004990        0xc build/LAN9253_D51_SQI_Indirect_mode/production/_ext/108134065/objdef.o
                0x20004990                sErrorSettings

.bss.u64Timestamp%19
                0x200049a0        0x8
 .bss.u64Timestamp
                0x200049a0        0x8 build/LAN9253_D51_SQI_Indirect_mode/production/_ext/108134065/coeappl.o
                0x200049a0                u64Timestamp

.data.sSyncmanagertype%20
                0x200049a8        0x6
 .data.sSyncmanagertype
                0x200049a8        0x6 build/LAN9253_D51_SQI_Indirect_mode/production/_ext/108134065/coeappl.o
                0x200049a8                sSyncmanagertype

.bss.ObjDicList%21
                0x2000499c        0x4
 .bss.ObjDicList
                0x2000499c        0x4 build/LAN9253_D51_SQI_Indirect_mode/production/_ext/108134065/coeappl.o
                0x2000499c                ObjDicList

.data.acHardwareversion%22
                0x200049b0        0x4
 .data.acHardwareversion
                0x200049b0        0x4 build/LAN9253_D51_SQI_Indirect_mode/production/_ext/108134065/coeappl.o
                0x200049b0                acHardwareversion

.data.acSoftwareversion%23
                0x200049b4        0x4
 .data.acSoftwareversion
                0x200049b4        0x4 build/LAN9253_D51_SQI_Indirect_mode/production/_ext/108134065/coeappl.o
                0x200049b4                acSoftwareversion

.data.u32Devicetype%24
                0x200049b8        0x4
 .data.u32Devicetype
                0x200049b8        0x4 build/LAN9253_D51_SQI_Indirect_mode/production/_ext/108134065/coeappl.o
                0x200049b8                u32Devicetype

.bss.SMActivate%25
                0x200049bc        0x4
 .bss.SMActivate
                0x200049bc        0x4 build/LAN9253_D51_SQI_Indirect_mode/production/_ext/108134065/ecatslv.o
                0x200049bc                SMActivate

.bss.gTriggerCounterValMeasure%26
                0x200049c0        0x4
 .bss.gTriggerCounterValMeasure
                0x200049c0        0x4 build/LAN9253_D51_SQI_Indirect_mode/production/_ext/108134065/sample_app.o
                0x200049c0                gTriggerCounterValMeasure

.bss.nFileStartWriteAddress%27
                0x200049c4        0x4
 .bss.nFileStartWriteAddress
                0x200049c4        0x4 build/LAN9253_D51_SQI_Indirect_mode/production/_ext/108134065/sample_app.o
                0x200049c4                nFileStartWriteAddress

.bss.nFileWriteOffset%28
                0x200049c8        0x4
 .bss.nFileWriteOffset
                0x200049c8        0x4 build/LAN9253_D51_SQI_Indirect_mode/production/_ext/108134065/sample_app.o
                0x200049c8                nFileWriteOffset

.bss.u32FileSize%29
                0x200049cc        0x4
 .bss.u32FileSize
                0x200049cc        0x4 build/LAN9253_D51_SQI_Indirect_mode/production/_ext/108134065/sample_app.o
                0x200049cc                u32FileSize

.data.gFOETestFrameSize%30
                0x200049d0        0x4
 .data.gFOETestFrameSize
                0x200049d0        0x4 build/LAN9253_D51_SQI_Indirect_mode/production/_ext/108134065/sample_app.o
                0x200049d0                gFOETestFrameSize

.data.sRxPDOassign%31
                0x200049d4        0x4
 .data.sRxPDOassign
                0x200049d4        0x4 build/LAN9253_D51_SQI_Indirect_mode/production/_ext/108134065/sample_app.o
                0x200049d4                sRxPDOassign

.data.sTxPDOassign%32
                0x200049d8        0x4
 .data.sTxPDOassign
                0x200049d8        0x4 build/LAN9253_D51_SQI_Indirect_mode/production/_ext/108134065/sample_app.o
                0x200049d8                sTxPDOassign

.bss.__malloc_max_sbrked_mem%33
                0x200049dc        0x4
 .bss.__malloc_max_sbrked_mem
                0x200049dc        0x4 c:/program files (x86)/microchip/xc32/v2.30/bin/bin/../../lib/gcc/pic32c/6.2.1/../../../../pic32c/lib/v7e-m/fpv4-sp/hard\libc.a(lib_a-mallocr.o)
                0x200049dc                __malloc_max_sbrked_mem

.bss.__malloc_max_total_mem%34
                0x200049e0        0x4
 .bss.__malloc_max_total_mem
                0x200049e0        0x4 c:/program files (x86)/microchip/xc32/v2.30/bin/bin/../../lib/gcc/pic32c/6.2.1/../../../../pic32c/lib/v7e-m/fpv4-sp/hard\libc.a(lib_a-mallocr.o)
                0x200049e0                __malloc_max_total_mem

.bss.__malloc_top_pad%35
                0x200049e4        0x4
 .bss.__malloc_top_pad
                0x200049e4        0x4 c:/program files (x86)/microchip/xc32/v2.30/bin/bin/../../lib/gcc/pic32c/6.2.1/../../../../pic32c/lib/v7e-m/fpv4-sp/hard\libc.a(lib_a-mallocr.o)
                0x200049e4                __malloc_top_pad

.data.__malloc_sbrk_base%36
                0x200049e8        0x4
 .data.__malloc_sbrk_base
                0x200049e8        0x4 c:/program files (x86)/microchip/xc32/v2.30/bin/bin/../../lib/gcc/pic32c/6.2.1/../../../../pic32c/lib/v7e-m/fpv4-sp/hard\libc.a(lib_a-mallocr.o)
                0x200049e8                __malloc_sbrk_base

.data.__malloc_trim_threshold%37
                0x200049ec        0x4
 .data.__malloc_trim_threshold
                0x200049ec        0x4 c:/program files (x86)/microchip/xc32/v2.30/bin/bin/../../lib/gcc/pic32c/6.2.1/../../../../pic32c/lib/v7e-m/fpv4-sp/hard\libc.a(lib_a-mallocr.o)
                0x200049ec                __malloc_trim_threshold

.data._impure_ptr%38
                0x200049f0        0x4
 .data._impure_ptr
                0x200049f0        0x4 c:/program files (x86)/microchip/xc32/v2.30/bin/bin/../../lib/gcc/pic32c/6.2.1/../../../../pic32c/lib/v7e-m/fpv4-sp/hard\libc.a(lib_a-impure.o)
                0x200049f0                _impure_ptr

.bss%39         0x200049f4        0x4
 .bss           0x200049f4        0x4 c:/program files (x86)/microchip/xc32/v2.30/bin/bin/../../lib/gcc/pic32c/6.2.1/../../../../pic32c/lib/v7e-m/fpv4-sp/hard\libpic32c.a(sbrk.o)

.bss.nvm_error%40
                0x2000496a        0x2
 .bss.nvm_error
                0x2000496a        0x2 build/LAN9253_D51_SQI_Indirect_mode/production/_ext/1593096446/plib_nvmctrl.o

.bss.u16ErrorRegister%41
                0x200049ae        0x2
 .bss.u16ErrorRegister
                0x200049ae        0x2 build/LAN9253_D51_SQI_Indirect_mode/production/_ext/108134065/coeappl.o
                0x200049ae                u16ErrorRegister

.bss.gbALEvtOpEnabled%42
                0x200048d7        0x1
 .bss.gbALEvtOpEnabled
                0x200048d7        0x1 build/LAN9253_D51_SQI_Indirect_mode/production/_ext/108147519/LAN925x.o
                0x200048d7                gbALEvtOpEnabled

.bss.bInitFinished%43
                0x2000498d        0x1
 .bss.bInitFinished
                0x2000498d        0x1 build/LAN9253_D51_SQI_Indirect_mode/production/_ext/108134065/ecatappl.o
                0x2000498d                bInitFinished

.bss.EepromLoaded%44
                0x2000498e        0x1
 .bss.EepromLoaded
                0x2000498e        0x1 build/LAN9253_D51_SQI_Indirect_mode/production/_ext/108134065/ecatslv.o
                0x2000498e                EepromLoaded

.bss.gFirmwareDownload_Finished%45
                0x2000498f        0x1
 .bss.gFirmwareDownload_Finished
                0x2000498f        0x1 build/LAN9253_D51_SQI_Indirect_mode/production/_ext/108134065/sample_app.o
                0x2000498f                gFirmwareDownload_Finished

.bss.gFirmwareDownload_Started%46
                0x200049f8        0x1
 .bss.gFirmwareDownload_Started
                0x200049f8        0x1 build/LAN9253_D51_SQI_Indirect_mode/production/_ext/108134065/sample_app.o
                0x200049f8                gFirmwareDownload_Started

.bss.bSdoInWork%47
                0x200049f9        0x1
 .bss.bSdoInWork
                0x200049f9        0x1 build/LAN9253_D51_SQI_Indirect_mode/production/_ext/108134065/sdoserv.o
                0x200049f9                bSdoInWork

.eh_frame%z1    0x00000000        0x0
 .eh_frame      0x00000000        0x0 c:/program files (x86)/microchip/xc32/v2.30/bin/bin/../../lib/gcc/pic32c/6.2.1/v7e-m/fpv4-sp/hard/crtbegin.o

.dinit%48       0x00000280     0x16c0
 .dinit         0x00000280     0x16c0 data_init

.text.AL_ControlInd%49
                0x00001940      0x924
 .text.AL_ControlInd
                0x00001940      0x924 build/LAN9253_D51_SQI_Indirect_mode/production/_ext/108134065/ecatslv.o
                0x00001940                AL_ControlInd

.text.SDOS_SdoInd%50
                0x00002264      0x81c
 .text.SDOS_SdoInd
                0x00002264      0x81c build/LAN9253_D51_SQI_Indirect_mode/production/_ext/108134065/sdoserv.o
                0x00002264                SDOS_SdoInd

.rodata.aName0x1601%51
                0x00002a80      0x6a0
 .rodata.aName0x1601
                0x00002a80      0x6a0 build/LAN9253_D51_SQI_Indirect_mode/production/_ext/108134065/coeappl.o
                0x00002a80                aName0x1601

.rodata.aName0x1A00%52
                0x00003120      0x6a0
 .rodata.aName0x1A00
                0x00003120      0x6a0 build/LAN9253_D51_SQI_Indirect_mode/production/_ext/108134065/coeappl.o
                0x00003120                aName0x1A00

.text.StartInputHandler%53
                0x000037c0      0x664
 .text.StartInputHandler
                0x000037c0      0x664 build/LAN9253_D51_SQI_Indirect_mode/production/_ext/108134065/ecatslv.o
                0x000037c0                StartInputHandler

.rodata.aName0x7010%54
                0x00003e24      0x520
 .rodata.aName0x7010
                0x00003e24      0x520 build/LAN9253_D51_SQI_Indirect_mode/production/_ext/108134065/coeappl.o
                0x00003e24                aName0x7010

.rodata.aName0x6000%55
                0x00004344      0x51c
 .rodata.aName0x6000
                0x00004344      0x51c build/LAN9253_D51_SQI_Indirect_mode/production/_ext/108134065/coeappl.o
                0x00004344                aName0x6000

.text.OBJ_Write%56
                0x00004860      0x510
 .text.OBJ_Write
                0x00004860      0x510 build/LAN9253_D51_SQI_Indirect_mode/production/_ext/108134065/objdef.o
                0x00004860                OBJ_Write

.text.OBJ_Read%57
                0x00004d70      0x46c
 .text.OBJ_Read
                0x00004d70      0x46c build/LAN9253_D51_SQI_Indirect_mode/production/_ext/108134065/objdef.o
                0x00004d70                OBJ_Read

.text._malloc_r%58
                0x000051dc      0x438
 .text._malloc_r
                0x000051dc      0x438 c:/program files (x86)/microchip/xc32/v2.30/bin/bin/../../lib/gcc/pic32c/6.2.1/../../../../pic32c/lib/v7e-m/fpv4-sp/hard\libc.a(lib_a-mallocr.o)
                0x000051dc                _malloc_r

.rodata.asEntryDesc0x1601%59
                0x00005614      0x308
 .rodata.asEntryDesc0x1601
                0x00005614      0x308 build/LAN9253_D51_SQI_Indirect_mode/production/_ext/108134065/coeappl.o
                0x00005614                asEntryDesc0x1601

.rodata.asEntryDesc0x1A00%60
                0x0000591c      0x308
 .rodata.asEntryDesc0x1A00
                0x0000591c      0x308 build/LAN9253_D51_SQI_Indirect_mode/production/_ext/108134065/coeappl.o
                0x0000591c                asEntryDesc0x1A00

.rodata.asEntryDesc0x6000%61
                0x00005c24      0x308
 .rodata.asEntryDesc0x6000
                0x00005c24      0x308 build/LAN9253_D51_SQI_Indirect_mode/production/_ext/108134065/coeappl.o
                0x00005c24                asEntryDesc0x6000

.rodata.asEntryDesc0x7010%62
                0x00005f2c      0x308
 .rodata.asEntryDesc0x7010
                0x00005f2c      0x308 build/LAN9253_D51_SQI_Indirect_mode/production/_ext/108134065/coeappl.o
                0x00005f2c                asEntryDesc0x7010

.text.FOE_ServiceInd%63
                0x00006234      0x2ec
 .text.FOE_ServiceInd
                0x00006234      0x2ec build/LAN9253_D51_SQI_Indirect_mode/production/_ext/108134065/ecatfoe.o
                0x00006234                FOE_ServiceInd

.text.SDOS_SdoInfoInd%64
                0x00006520      0x2c4
 .text.SDOS_SdoInfoInd
                0x00006520      0x2c4 build/LAN9253_D51_SQI_Indirect_mode/production/_ext/108134065/sdoserv.o
                0x00006520                SDOS_SdoInfoInd

.text.AL_ControlRes%65
                0x000067e4      0x24c
 .text.AL_ControlRes
                0x000067e4      0x24c build/LAN9253_D51_SQI_Indirect_mode/production/_ext/108134065/ecatslv.o
                0x000067e4                AL_ControlRes

.text.CheckSmSettings%66
                0x00006a30      0x244
 .text.CheckSmSettings
                0x00006a30      0x244 build/LAN9253_D51_SQI_Indirect_mode/production/_ext/108134065/ecatslv.o
                0x00006a30                CheckSmSettings

.text._free_r%67
                0x00006c74      0x178
 .text._free_r  0x00006c74      0x178 c:/program files (x86)/microchip/xc32/v2.30/bin/bin/../../lib/gcc/pic32c/6.2.1/../../../../pic32c/lib/v7e-m/fpv4-sp/hard\libc.a(lib_a-freer.o)
                0x00006c74                _free_r

.text.ECAT_Main%68
                0x00006dec      0x14c
 .text.ECAT_Main
                0x00006dec      0x14c build/LAN9253_D51_SQI_Indirect_mode/production/_ext/108134065/ecatslv.o
                0x00006dec                ECAT_Main

.text.CheckSyncTypeValue%69
                0x00006f38      0x134
 .text.CheckSyncTypeValue
                0x00006f38      0x134 build/LAN9253_D51_SQI_Indirect_mode/production/_ext/108134065/objdef.o
                0x00006f38                CheckSyncTypeValue

.text.ECAT_Init%70
                0x0000706c      0x124
 .text.ECAT_Init
                0x0000706c      0x124 build/LAN9253_D51_SQI_Indirect_mode/production/_ext/108134065/ecatslv.o
                0x0000706c                ECAT_Init

.text.SetALStatus%71
                0x00007190      0x114
 .text.SetALStatus