Archive member included to satisfy reference by file (symbol)

c:/program files (x86)/microchip/xc32/v2.30/bin/bin/../../lib/gcc/pic32c/6.2.1/../../../../pic32c/lib/v7e-m/fpv4-sp/hard\libpic32c.a(data_init.o)
                              build/LAN9253_D51_SPI_Indirect_mode/production/_ext/1171490990/startup_xc32.o (__pic32c_data_initialization)
c:/program files (x86)/microchip/xc32/v2.30/bin/bin/../../lib/gcc/pic32c/6.2.1/../../../../pic32c/lib/v7e-m/fpv4-sp/hard\libc.a(lib_a-init.o)
                              build/LAN9253_D51_SPI_Indirect_mode/production/_ext/1171490990/startup_xc32.o (__libc_init_array)
c:/program files (x86)/microchip/xc32/v2.30/bin/bin/../../lib/gcc/pic32c/6.2.1/../../../../pic32c/lib/v7e-m/fpv4-sp/hard\libc.a(lib_a-malloc.o)
                              build/LAN9253_D51_SPI_Indirect_mode/production/_ext/108134065/ecatcoe.o (malloc)
c:/program files (x86)/microchip/xc32/v2.30/bin/bin/../../lib/gcc/pic32c/6.2.1/../../../../pic32c/lib/v7e-m/fpv4-sp/hard\libc.a(lib_a-mallocr.o)
                              c:/program files (x86)/microchip/xc32/v2.30/bin/bin/../../lib/gcc/pic32c/6.2.1/../../../../pic32c/lib/v7e-m/fpv4-sp/hard\libc.a(lib_a-malloc.o) (_malloc_r)
c:/program files (x86)/microchip/xc32/v2.30/bin/bin/../../lib/gcc/pic32c/6.2.1/../../../../pic32c/lib/v7e-m/fpv4-sp/hard\libc.a(lib_a-memcpy-stub.o)
                              build/LAN9253_D51_SPI_Indirect_mode/production/_ext/1593096446/plib_nvmctrl.o (memcpy)
c:/program files (x86)/microchip/xc32/v2.30/bin/bin/../../lib/gcc/pic32c/6.2.1/../../../../pic32c/lib/v7e-m/fpv4-sp/hard\libc.a(lib_a-memset.o)
                              build/LAN9253_D51_SPI_Indirect_mode/production/_ext/1671622979/Drivers.o (memset)
c:/program files (x86)/microchip/xc32/v2.30/bin/bin/../../lib/gcc/pic32c/6.2.1/../../../../pic32c/lib/v7e-m/fpv4-sp/hard\libc.a(lib_a-mlock.o)
                              c:/program files (x86)/microchip/xc32/v2.30/bin/bin/../../lib/gcc/pic32c/6.2.1/../../../../pic32c/lib/v7e-m/fpv4-sp/hard\libc.a(lib_a-mallocr.o) (__malloc_lock)
c:/program files (x86)/microchip/xc32/v2.30/bin/bin/../../lib/gcc/pic32c/6.2.1/../../../../pic32c/lib/v7e-m/fpv4-sp/hard\libc.a(lib_a-sbrkr.o)
                              c:/program files (x86)/microchip/xc32/v2.30/bin/bin/../../lib/gcc/pic32c/6.2.1/../../../../pic32c/lib/v7e-m/fpv4-sp/hard\libc.a(lib_a-mallocr.o) (_sbrk_r)
c:/program files (x86)/microchip/xc32/v2.30/bin/bin/../../lib/gcc/pic32c/6.2.1/../../../../pic32c/lib/v7e-m/fpv4-sp/hard\libc.a(lib_a-strlen.o)
                              build/LAN9253_D51_SPI_Indirect_mode/production/_ext/108134065/objdef.o (strlen)
c:/program files (x86)/microchip/xc32/v2.30/bin/bin/../../lib/gcc/pic32c/6.2.1/../../../../pic32c/lib/v7e-m/fpv4-sp/hard\libc.a(lib_a-freer.o)
                              c:/program files (x86)/microchip/xc32/v2.30/bin/bin/../../lib/gcc/pic32c/6.2.1/../../../../pic32c/lib/v7e-m/fpv4-sp/hard\libc.a(lib_a-malloc.o) (_free_r)
c:/program files (x86)/microchip/xc32/v2.30/bin/bin/../../lib/gcc/pic32c/6.2.1/../../../../pic32c/lib/v7e-m/fpv4-sp/hard\libc.a(lib_a-impure.o)
                              c:/program files (x86)/microchip/xc32/v2.30/bin/bin/../../lib/gcc/pic32c/6.2.1/../../../../pic32c/lib/v7e-m/fpv4-sp/hard\libc.a(lib_a-malloc.o) (_impure_ptr)
c:/program files (x86)/microchip/xc32/v2.30/bin/bin/../../lib/gcc/pic32c/6.2.1/../../../../pic32c/lib/v7e-m/fpv4-sp/hard\libc.a(lib_a-reent.o)
                              c:/program files (x86)/microchip/xc32/v2.30/bin/bin/../../lib/gcc/pic32c/6.2.1/../../../../pic32c/lib/v7e-m/fpv4-sp/hard\libc.a(lib_a-sbrkr.o) (errno)
c:/program files (x86)/microchip/xc32/v2.30/bin/bin/../../lib/gcc/pic32c/6.2.1/../../../../pic32c/lib/v7e-m/fpv4-sp/hard\libpic32c.a(sbrk.o)
                              c:/program files (x86)/microchip/xc32/v2.30/bin/bin/../../lib/gcc/pic32c/6.2.1/../../../../pic32c/lib/v7e-m/fpv4-sp/hard\libc.a(lib_a-sbrkr.o) (_sbrk)

Allocating common symbols
Common symbol       size              file

b3BufferMode        0x1               build/LAN9253_D51_SPI_Indirect_mode/production/_ext/108134065/ecatslv.o
nEcatStateTrans     0x2               build/LAN9253_D51_SPI_Indirect_mode/production/_ext/108134065/ecatslv.o
EcatWdCounter       0x2               build/LAN9253_D51_SPI_Indirect_mode/production/_ext/108134065/ecatslv.o
sSendEmcyQueue      0x10              build/LAN9253_D51_SPI_Indirect_mode/production/_ext/108134065/emcy.o
bApplEsmPending     0x1               build/LAN9253_D51_SPI_Indirect_mode/production/_ext/108134065/ecatslv.o
pCoeSendStored      0x4               build/LAN9253_D51_SPI_Indirect_mode/production/_ext/108134065/ecatcoe.o
nSdoInfoIndex       0x2               build/LAN9253_D51_SPI_Indirect_mode/production/_ext/108134065/sdoserv.o
pStoreData          0x4               build/LAN9253_D51_SPI_Indirect_mode/production/_ext/108134065/sdoserv.o
[...]
Memory Configuration

Name             Origin             Length             Attributes
rom              0x00000000         0x00080000         xrl
ram              0x20000000         0x00030000         xw !r
config_00804000  0x00804000         0x00000004
config_00804004  0x00804004         0x00000004
config_00804008  0x00804008         0x00000004
*default*        0x00000000         0xffffffff

Linker script and memory map

LOAD c:/program files (x86)/microchip/xc32/v2.30/bin/bin/../../lib/gcc/pic32c/6.2.1/v7e-m/fpv4-sp/hard/crti.o
LOAD c:/program files (x86)/microchip/xc32/v2.30/bin/bin/../../lib/gcc/pic32c/6.2.1/v7e-m/fpv4-sp/hard/crtbegin.o
LOAD build/LAN9253_D51_SPI_Indirect_mode/production/_ext/2070931557/drv_spi.o
LOAD build/LAN9253_D51_SPI_Indirect_mode/production/_ext/1984496892/plib_clock.o
LOAD build/LAN9253_D51_SPI_Indirect_mode/production/_ext/1865131932/plib_cmcc.o
LOAD build/LAN9253_D51_SPI_Indirect_mode/production/_ext/1865161661/plib_dmac.o
LOAD build/LAN9253_D51_SPI_Indirect_mode/production/_ext/60167341/plib_eic.o
LOAD build/LAN9253_D51_SPI_Indirect_mode/production/_ext/1986646378/plib_evsys.o
LOAD build/LAN9253_D51_SPI_Indirect_mode/production/_ext/1865468468/plib_nvic.o
LOAD build/LAN9253_D51_SPI_Indirect_mode/production/_ext/1593096446/plib_nvmctrl.o
LOAD build/LAN9253_D51_SPI_Indirect_mode/production/_ext/1865521619/plib_port.o
LOAD build/LAN9253_D51_SPI_Indirect_mode/production/_ext/1865555181/plib_qspi_spi.o
LOAD build/LAN9253_D51_SPI_Indirect_mode/production/_ext/1865555181/plib_qspi.o
LOAD build/LAN9253_D51_SPI_Indirect_mode/production/_ext/1827571544/plib_systick.o
LOAD build/LAN9253_D51_SPI_Indirect_mode/production/_ext/163028504/xc32_monitor.o
LOAD build/LAN9253_D51_SPI_Indirect_mode/production/_ext/1014039709/sys_cache.o
LOAD build/LAN9253_D51_SPI_Indirect_mode/production/_ext/14461671/sys_dma.o
LOAD build/LAN9253_D51_SPI_Indirect_mode/production/_ext/1881668453/sys_int.o
LOAD build/LAN9253_D51_SPI_Indirect_mode/production/_ext/1171490990/exceptions.o
LOAD build/LAN9253_D51_SPI_Indirect_mode/production/_ext/1171490990/initialization.o
LOAD build/LAN9253_D51_SPI_Indirect_mode/production/_ext/1171490990/interrupts.o
LOAD build/LAN9253_D51_SPI_Indirect_mode/production/_ext/1171490990/libc_syscalls.o
LOAD build/LAN9253_D51_SPI_Indirect_mode/production/_ext/1171490990/startup_xc32.o
LOAD build/LAN9253_D51_SPI_Indirect_mode/production/_ext/1171490990/tasks.o
LOAD build/LAN9253_D51_SPI_Indirect_mode/production/_ext/1671622979/Drivers.o
LOAD build/LAN9253_D51_SPI_Indirect_mode/production/_ext/108147519/ESC_Utils.o
LOAD build/LAN9253_D51_SPI_Indirect_mode/production/_ext/108147519/LAN925x.o
LOAD build/LAN9253_D51_SPI_Indirect_mode/production/_ext/108134065/bootmode.o
LOAD build/LAN9253_D51_SPI_Indirect_mode/production/_ext/108134065/coeappl.o
LOAD build/LAN9253_D51_SPI_Indirect_mode/production/_ext/108134065/ecatappl.o
LOAD build/LAN9253_D51_SPI_Indirect_mode/production/_ext/108134065/ecatcoe.o
LOAD build/LAN9253_D51_SPI_Indirect_mode/production/_ext/108134065/ecatfoe.o
LOAD build/LAN9253_D51_SPI_Indirect_mode/production/_ext/108134065/ecatslv.o
LOAD build/LAN9253_D51_SPI_Indirect_mode/production/_ext/108134065/emcy.o
LOAD build/LAN9253_D51_SPI_Indirect_mode/production/_ext/108134065/foeappl.o
LOAD build/LAN9253_D51_SPI_Indirect_mode/production/_ext/108134065/mailbox.o
LOAD build/LAN9253_D51_SPI_Indirect_mode/production/_ext/108134065/objdef.o
LOAD build/LAN9253_D51_SPI_Indirect_mode/production/_ext/108134065/sample_app.o
LOAD build/LAN9253_D51_SPI_Indirect_mode/production/_ext/108134065/sdoserv.o
LOAD build/LAN9253_D51_SPI_Indirect_mode/production/_ext/1360937237/main.o
LOAD build/LAN9253_D51_SPI_Indirect_mode/production/_ext/1360937237/app.o
LOAD build/LAN9253_D51_SPI_Indirect_mode/production/_ext/1360937237/Developer_Test.o
                0x00000001                __MPLAB_BUILD = 0x1
                0x00000200                _min_heap_size = 0x200
START GROUP
LOAD c:/program files (x86)/microchip/xc32/v2.30/bin/bin/../../lib/gcc/pic32c/6.2.1/../../../../pic32c/lib/v7e-m/fpv4-sp/hard\libpic32c.a
LOAD c:/program files (x86)/microchip/xc32/v2.30/bin/bin/../../lib/gcc/pic32c/6.2.1/v7e-m/fpv4-sp/hard\libgcc.a
LOAD c:/program files (x86)/microchip/xc32/v2.30/bin/bin/../../lib/gcc/pic32c/6.2.1/../../../../pic32c/lib/v7e-m/fpv4-sp/hard\libc.a
LOAD c:/program files (x86)/microchip/xc32/v2.30/bin/bin/../../lib/gcc/pic32c/6.2.1/../../../../pic32c/lib/v7e-m/fpv4-sp/hard\libm.a
END GROUP
LOAD c:/program files (x86)/microchip/xc32/v2.30/bin/bin/../../lib/gcc/pic32c/6.2.1/v7e-m/fpv4-sp/hard/crtend.o
LOAD c:/program files (x86)/microchip/xc32/v2.30/bin/bin/../../lib/gcc/pic32c/6.2.1/v7e-m/fpv4-sp/hard/crtn.o
                0x00080000                __rom_end = (ORIGIN (rom) + LENGTH (rom))
                0x20030000                __ram_end = (ORIGIN (ram) + LENGTH (ram))

.config_00804000
 *(.config_00804000)

.config_00804004
 *(.config_00804004)

.config_00804008
 *(.config_00804008)

.vectors        0x00000000      0x260
                0x00000000                . = ALIGN (0x4)
                0x00000000                _sfixed = .
 *(.vectors .vectors.* .vectors_default .vectors_default.*)
 .vectors       0x00000000      0x260 build/LAN9253_D51_SPI_Indirect_mode/production/_ext/1171490990/interrupts.o
                0x00000000                exception_table
 *(.isr_vector)
 *(.reset*)
 *(.after_vectors)

.text           0x00000260       0x20
                0x00000260                . = ALIGN (0x4)
 *(.glue_7t)
 .glue_7t       0x00000260        0x0 linker stubs
 *(.glue_7)
 .glue_7        0x00000260        0x0 linker stubs
 *(.gnu.linkonce.r.*)
 *(.ARM.extab* .gnu.linkonce.armextab.*)
                0x00000260                . = ALIGN (0x4)
 *(.init)
 .init          0x00000260        0x4 c:/program files (x86)/microchip/xc32/v2.30/bin/bin/../../lib/gcc/pic32c/6.2.1/v7e-m/fpv4-sp/hard/crti.o
                0x00000260                _init
 .init          0x00000264        0x8 c:/program files (x86)/microchip/xc32/v2.30/bin/bin/../../lib/gcc/pic32c/6.2.1/v7e-m/fpv4-sp/hard/crtn.o
                0x0000026c                . = ALIGN (0x4)
                0x0000026c                __preinit_array_start = .
 *(.preinit_array)
                0x0000026c                __preinit_array_end = .
                0x0000026c                . = ALIGN (0x4)
                0x0000026c                __init_array_start = .
 *(SORT(.init_array.*))
 *(.init_array)
 .init_array    0x0000026c        0x4 c:/program files (x86)/microchip/xc32/v2.30/bin/bin/../../lib/gcc/pic32c/6.2.1/v7e-m/fpv4-sp/hard/crtbegin.o
                0x00000270                __init_array_end = .
                0x00000270                . = ALIGN (0x4)
 *crtbegin.o(.ctors)
 *(EXCLUDE_FILE(*crtend.o) .ctors)
 *(SORT(.ctors.*))
 *crtend.o(.ctors)
                0x00000270                . = ALIGN (0x4)
 *(.fini)
 .fini          0x00000270        0x4 c:/program files (x86)/microchip/xc32/v2.30/bin/bin/../../lib/gcc/pic32c/6.2.1/v7e-m/fpv4-sp/hard/crti.o
                0x00000270                _fini
 .fini          0x00000274        0x8 c:/program files (x86)/microchip/xc32/v2.30/bin/bin/../../lib/gcc/pic32c/6.2.1/v7e-m/fpv4-sp/hard/crtn.o
                0x0000027c                . = ALIGN (0x4)
                0x0000027c                __fini_array_start = .
 *(.fini_array)
 .fini_array    0x0000027c        0x4 c:/program files (x86)/microchip/xc32/v2.30/bin/bin/../../lib/gcc/pic32c/6.2.1/v7e-m/fpv4-sp/hard/crtbegin.o
 *(SORT(.fini_array.*))
                0x00000280                __fini_array_end = .
 *crtbegin.o(.dtors)
 *(EXCLUDE_FILE(*crtend.o) .dtors)
 *(SORT(.dtors.*))
 *crtend.o(.dtors)
                0x00000280                . = ALIGN (0x4)
                0x00000280                _efixed = .
                [!provide]                PROVIDE (__exidx_start, .)

.ARM.exidx
 *(.ARM.exidx* .gnu.linkonce.armexidx.*)
                [!provide]                PROVIDE (__exidx_end, .)
                0x00000280                . = ALIGN (0x4)
                0x00000280                _etext = .

.bss            0x20000000     0x3dac
                0x20000000                . = ALIGN (0x4)
                0x20000000                __bss_start__ = .
                0x20000000                _sbss = .
                0x20000000                _szero = .
 *(COMMON)
 COMMON         0x20000000       0x1c build/LAN9253_D51_SPI_Indirect_mode/production/_ext/2070931557/drv_spi.o
                0x20000000                transferTxHandle
                0x20000004                transferRxHandle
                0x20000008                setup
 COMMON         0x2000001c       0x20 build/LAN9253_D51_SPI_Indirect_mode/production/_ext/1865161661/plib_dmac.o
                0x2000001c                dmacChannelObj
 COMMON         0x2000003c       0xc0 build/LAN9253_D51_SPI_Indirect_mode/production/_ext/60167341/plib_eic.o
                0x2000003c                eicCallbackObject
 COMMON         0x200000fc       0x28 build/LAN9253_D51_SPI_Indirect_mode/production/_ext/1865555181/plib_qspi_spi.o
                0x200000fc                qspiObj
 COMMON         0x20000124        0xc build/LAN9253_D51_SPI_Indirect_mode/production/_ext/1827571544/plib_systick.o
                0x20000124                systick
 COMMON         0x20000130        0x8 build/LAN9253_D51_SPI_Indirect_mode/production/_ext/1171490990/initialization.o
                0x20000130                handle
                0x20000134                sysObj
 COMMON         0x20000138      0x800 build/LAN9253_D51_SPI_Indirect_mode/production/_ext/1671622979/Drivers.o
                0x20000138                gau8DmaBuff
 COMMON         0x20000938        0x2 build/LAN9253_D51_SPI_Indirect_mode/production/_ext/108147519/LAN925x.o
                0x20000938                gEscALEvent
 *fill*         0x2000093a        0x2 
 COMMON         0x2000093c        0x8 build/LAN9253_D51_SPI_Indirect_mode/production/_ext/108134065/coeappl.o
                0x2000093c                u32LastDc32Value
                0x20000940                u32CheckForDcOverrunCnt
 COMMON         0x20000944     0x123c build/LAN9253_D51_SPI_Indirect_mode/production/_ext/108134065/ecatappl.o
                0x20000944                bMinCycleTimeMeasurementStarted
                0x20000948                u32CycleTimeStartValue
                0x2000094c                bRunApplication
                0x20000950                u32SystemTimeReadFailure
                0x20000954                bEcatWaitForInputUpdate
                0x20000958                u32MinCycleTimeValue
                0x2000095c                aPdOutputData
                0x2000125c                pAPPL_FoeError
                0x20001260                pAPPL_FoeReadData
                0x20001264                pAPPL_MainLoop
                0x20001268                bEtherCATErrorLed
                0x2000126c                u32MinCycleTimeStartValue
                0x20001270                aPdInputData
                0x20001b70                bEtherCATRunLed
                0x20001b74                pAPPL_FoeWriteData
                0x20001b78                pAPPL_FoeRead
                0x20001b7c                pAPPL_FoeWrite
 COMMON         0x20001b80        0x4 build/LAN9253_D51_SPI_Indirect_mode/production/_ext/108134065/ecatcoe.o
                0x20001b80                pCoeSendStored
 COMMON         0x20001b84       0x16 build/LAN9253_D51_SPI_Indirect_mode/production/_ext/108134065/ecatfoe.o
                0x20001b84                u32FileOffset
                0x20001b88                u16FileAccessState
                0x20001b8c                u32PacketNo
                0x20001b90                pFoeSendStored
                0x20001b94                u32LastFileOffset
                0x20001b98                u16FoeMaxSendBlockSize
 *fill*         0x20001b9a        0x2 
 COMMON         0x20001b9c       0x52 build/LAN9253_D51_SPI_Indirect_mode/production/_ext/108134065/ecatslv.o
                0x20001b9c                b3BufferMode
                0x20001b9e                nEcatStateTrans
                0x20001ba0                EcatWdCounter
                0x20001ba2                bApplEsmPending
                0x20001ba3                nAlStatus
                0x20001ba4                nPdOutputSize
                0x20001ba6                u16LocalErrorCode
                0x20001ba8                Sync0WdCounter
                0x20001baa                bLocalErrorFlag
                0x20001bac                LatchInputSync0Counter
                0x20001bae                i16WaitForPllRunningCnt
                0x20001bb0                nEscAddrOutputData
                0x20001bb2                Sync0WdValue
                0x20001bb4                u8EcatRunLed
                0x20001bb6                i16WaitForPllRunningTimeout
                0x20001bb8                Sync1WdValue
                0x20001bba                u16ALEventMask
                0x20001bbc                bDcRunning
                0x20001bc0                u32dummy
                0x20001bc4                SyncManInfo
                0x20001bcc                b32BitDc
                0x20001bce                LatchInputSync0Value
                0x20001bd0                bEcatWaitForAlControlRes
                0x20001bd2                nPdInputSize
                0x20001bd4                u16SmSync0Value
                0x20001bd6                nMaxEscAddress
                0x20001bd8                bEcatFirstOutputsReceived
                0x20001bd9                bSmSyncSequenceValid
                0x20001bda                EsmTimeoutCounter
                0x20001bdc                bBootMode
                0x20001bdd                bDcSyncActive
                0x20001bde                bEcatOutputUpdateRunning
                0x20001be0                Sync1WdCounter
                0x20001be2                EcatWdValue
                0x20001be4                bEcatInputUpdateRunning
                0x20001be5                bEscIntEnabled
                0x20001be6                bWdTrigger
                0x20001be8                u16SmSync0Counter
                0x20001bea                nMaxSyncMan
                0x20001beb                u8EcatErrorLed
                0x20001bec                nEscAddrInputData
 *fill*         0x20001bee        0x2 
 COMMON         0x20001bf0       0x28 build/LAN9253_D51_SPI_Indirect_mode/production/_ext/108134065/emcy.o
                0x20001bf0                sSendEmcyQueue
                0x20001c00                asEmcy
                0x20001c08                sEmptyEmcyQueue
 COMMON         0x20001c18       0x94 build/LAN9253_D51_SPI_Indirect_mode/production/_ext/108134065/mailbox.o
                0x20001c18                u8MbxReadCounter
                0x20001c1c                sMbxSendQueue
                0x20001c50                sMbxReceiveQueue
                0x20001c84                bNoMbxMemoryAvailable
                0x20001c85                bSendMbxIsFull
                0x20001c86                bMbxRunning
                0x20001c88                u16EscAddrReceiveMbx
                0x20001c8c                psStoreMbx
                0x20001c90                u16SendMbxSize
                0x20001c94                psReadMbx
                0x20001c98                bReceiveMbxIsLocked
                0x20001c9a                u16EscAddrSendMbx
                0x20001c9c                psWriteMbx
                0x20001ca0                u8MbxWriteCounter
                0x20001ca1                u8MailboxSendReqStored
                0x20001ca2                u16ReceiveMbxSize
                0x20001ca4                bMbxRepeatToggle
                0x20001ca8                psRepeatMbx
 COMMON         0x20001cac       0x8e build/LAN9253_D51_SPI_Indirect_mode/production/_ext/108134065/objdef.o
                0x20001cac                sSyncManInPar
                0x20001cf0                sSyncManOutPar
                0x20001d34                bSyncSetByUser
                0x20001d38                sCycleDiag
 *fill*         0x20001d3a        0x2 
 COMMON         0x20001d3c     0x2016 build/LAN9253_D51_SPI_Indirect_mode/production/_ext/108134065/sample_app.o
                0x20001d3c                aFileData
                0x20003d3c                aFileName
 *fill*         0x20003d52        0x2 
 COMMON         0x20003d54       0x4d build/LAN9253_D51_SPI_Indirect_mode/production/_ext/108134065/sdoserv.o
                0x20003d54                nSdoInfoIndex
                0x20003d58                pStoreData
                0x20003d5c                nSdoSegBytesToHandle
                0x20003d60                bSdoSegAccess
                0x20003d61                bSdoSegFollows
                0x20003d64                nSdoSegCompleteSize
                0x20003d68                pSdoPendFunc
                0x20003d6c                u8PendingSdo
                0x20003d6d                bStoreCompleteAccess
                0x20003d6e                bSdoSegLastToggle
                0x20003d6f                nSdoSegService
                0x20003d70                pSdoInfoObjEntry
                0x20003d74                nSdoInfoFragmentsLeft
                0x20003d78                pSdoResStored
                0x20003d7c                u32StoreDataSize
                0x20003d80                pSdoSegData
                0x20003d84                nSdoSegIndex
                0x20003d88                aSdoInfoHeader
                0x20003d98                pSdoSegObjEntry
                0x20003d9c                nSdoSegSubindex
                0x20003d9e                u16StoreIndex
                0x20003da0                u8StoreSubindex
 *fill*         0x20003da1        0x3 
 COMMON         0x20003da4        0x1 build/LAN9253_D51_SPI_Indirect_mode/production/_ext/1360937237/app.o
                0x20003da4                appData
 *fill*         0x20003da5        0x3 
 COMMON         0x20003da8        0x4 c:/program files (x86)/microchip/xc32/v2.30/bin/bin/../../lib/gcc/pic32c/6.2.1/../../../../pic32c/lib/v7e-m/fpv4-sp/hard\libc.a(lib_a-reent.o)
                0x20003da8                errno
                0x20003dac                . = ALIGN (0x4)
                0x20003dac                __bss_end__ = .
                0x20003dac                _ebss = .
                0x20003dac                _ezero = .
                0x20003dac                . = ALIGN (0x4)
                0x20003dac                _end = .
                0x2002ffff                _ram_end_ = ((ORIGIN (ram) + LENGTH (ram)) - 0x1)
OUTPUT(dist/LAN9253_D51_SPI_Indirect_mode/production/ESF_EVB_LAN9253.production.elf elf32-littlearm)
LOAD stack
LOAD data_init

.ARM.attributes
                0x00000000       0x30
 .ARM.attributes
                0x00000000       0x22 c:/program files (x86)/microchip/xc32/v2.30/bin/bin/../../lib/gcc/pic32c/6.2.1/v7e-m/fpv4-sp/hard/crti.o
 .ARM.attributes
                0x00000022       0x34 c:/program files (x86)/microchip/xc32/v2.30/bin/bin/../../lib/gcc/pic32c/6.2.1/v7e-m/fpv4-sp/hard/crtbegin.o
 .ARM.attributes
                0x00000056       0x39 build/LAN9253_D51_SPI_Indirect_mode/production/_ext/2070931557/drv_spi.o
 .ARM.attributes
                0x0000008f       0x39 build/LAN9253_D51_SPI_Indirect_mode/production/_ext/1984496892/plib_clock.o
 .ARM.attributes
                0x000000c8       0x39 build/LAN9253_D51_SPI_Indirect_mode/production/_ext/1865161661/plib_dmac.o
 .ARM.attributes
                0x00000101       0x39 build/LAN9253_D51_SPI_Indirect_mode/production/_ext/60167341/plib_eic.o
 .ARM.attributes
                0x0000013a       0x39 build/LAN9253_D51_SPI_Indirect_mode/production/_ext/1986646378/plib_evsys.o
 .ARM.attributes
                0x00000173       0x39 build/LAN9253_D51_SPI_Indirect_mode/production/_ext/1865468468/plib_nvic.o
 .ARM.attributes
                0x000001ac       0x39 build/LAN9253_D51_SPI_Indirect_mode/production/_ext/1593096446/plib_nvmctrl.o
 .ARM.attributes
                0x000001e5       0x39 build/LAN9253_D51_SPI_Indirect_mode/production/_ext/1865521619/plib_port.o
 .ARM.attributes
                0x0000021e       0x39 build/LAN9253_D51_SPI_Indirect_mode/production/_ext/1865555181/plib_qspi_spi.o
 .ARM.attributes
                0x00000257       0x39 build/LAN9253_D51_SPI_Indirect_mode/production/_ext/1827571544/plib_systick.o
 .ARM.attributes
                0x00000290       0x39 build/LAN9253_D51_SPI_Indirect_mode/production/_ext/14461671/sys_dma.o
 .ARM.attributes
                0x000002c9       0x39 build/LAN9253_D51_SPI_Indirect_mode/production/_ext/1881668453/sys_int.o
 .ARM.attributes
                0x00000302       0x39 build/LAN9253_D51_SPI_Indirect_mode/production/_ext/1171490990/exceptions.o
 .ARM.attributes
                0x0000033b       0x39 build/LAN9253_D51_SPI_Indirect_mode/production/_ext/1171490990/initialization.o
 .ARM.attributes
                0x00000374       0x39 build/LAN9253_D51_SPI_Indirect_mode/production/_ext/1171490990/interrupts.o
 .ARM.attributes
                0x000003ad       0x39 build/LAN9253_D51_SPI_Indirect_mode/production/_ext/1171490990/startup_xc32.o
 .ARM.attributes
                0x000003e6       0x39 build/LAN9253_D51_SPI_Indirect_mode/production/_ext/1171490990/tasks.o
 .ARM.attributes
                0x0000041f       0x39 build/LAN9253_D51_SPI_Indirect_mode/production/_ext/1671622979/Drivers.o
 .ARM.attributes
                0x00000458       0x39 build/LAN9253_D51_SPI_Indirect_mode/production/_ext/108147519/ESC_Utils.o
 .ARM.attributes
                0x00000491       0x39 build/LAN9253_D51_SPI_Indirect_mode/production/_ext/108147519/LAN925x.o
 .ARM.attributes
                0x000004ca       0x39 build/LAN9253_D51_SPI_Indirect_mode/production/_ext/108134065/bootmode.o
 .ARM.attributes
                0x00000503       0x39 build/LAN9253_D51_SPI_Indirect_mode/production/_ext/108134065/coeappl.o
 .ARM.attributes
                0x0000053c       0x39 build/LAN9253_D51_SPI_Indirect_mode/production/_ext/108134065/ecatappl.o
 .ARM.attributes
                0x00000575       0x39 build/LAN9253_D51_SPI_Indirect_mode/production/_ext/108134065/ecatcoe.o
 .ARM.attributes
                0x000005ae       0x39 build/LAN9253_D51_SPI_Indirect_mode/production/_ext/108134065/ecatfoe.o
 .ARM.attributes
                0x000005e7       0x39 build/LAN9253_D51_SPI_Indirect_mode/production/_ext/108134065/ecatslv.o
 .ARM.attributes
                0x00000620       0x39 build/LAN9253_D51_SPI_Indirect_mode/production/_ext/108134065/emcy.o
 .ARM.attributes
                0x00000659       0x39 build/LAN9253_D51_SPI_Indirect_mode/production/_ext/108134065/foeappl.o
 .ARM.attributes
                0x00000692       0x39 build/LAN9253_D51_SPI_Indirect_mode/production/_ext/108134065/mailbox.o
 .ARM.attributes
                0x000006cb       0x39 build/LAN9253_D51_SPI_Indirect_mode/production/_ext/108134065/objdef.o
 .ARM.attributes
                0x00000704       0x39 build/LAN9253_D51_SPI_Indirect_mode/production/_ext/108134065/sample_app.o
 .ARM.attributes
                0x0000073d       0x39 build/LAN9253_D51_SPI_Indirect_mode/production/_ext/108134065/sdoserv.o
 .ARM.attributes
                0x00000776       0x39 build/LAN9253_D51_SPI_Indirect_mode/production/_ext/1360937237/main.o
 .ARM.attributes
                0x000007af       0x39 build/LAN9253_D51_SPI_Indirect_mode/production/_ext/1360937237/app.o
 .ARM.attributes
                0x000007e8       0x34 c:/program files (x86)/microchip/xc32/v2.30/bin/bin/../../lib/gcc/pic32c/6.2.1/../../../../pic32c/lib/v7e-m/fpv4-sp/hard\libpic32c.a(data_init.o)
 .ARM.attributes
                0x0000081c       0x34 c:/program files (x86)/microchip/xc32/v2.30/bin/bin/../../lib/gcc/pic32c/6.2.1/../../../../pic32c/lib/v7e-m/fpv4-sp/hard\libc.a(lib_a-init.o)
 .ARM.attributes
                0x00000850       0x34 c:/program files (x86)/microchip/xc32/v2.30/bin/bin/../../lib/gcc/pic32c/6.2.1/../../../../pic32c/lib/v7e-m/fpv4-sp/hard\libc.a(lib_a-malloc.o)
 .ARM.attributes
                0x00000884       0x34 c:/program files (x86)/microchip/xc32/v2.30/bin/bin/../../lib/gcc/pic32c/6.2.1/../../../../pic32c/lib/v7e-m/fpv4-sp/hard\libc.a(lib_a-mallocr.o)
 .ARM.attributes
                0x000008b8       0x34 c:/program files (x86)/microchip/xc32/v2.30/bin/bin/../../lib/gcc/pic32c/6.2.1/../../../../pic32c/lib/v7e-m/fpv4-sp/hard\libc.a(lib_a-memcpy-stub.o)
 .ARM.attributes
                0x000008ec       0x34 c:/program files (x86)/microchip/xc32/v2.30/bin/bin/../../lib/gcc/pic32c/6.2.1/../../../../pic32c/lib/v7e-m/fpv4-sp/hard\libc.a(lib_a-memset.o)
 .ARM.attributes
                0x00000920       0x34 c:/program files (x86)/microchip/xc32/v2.30/bin/bin/../../lib/gcc/pic32c/6.2.1/../../../../pic32c/lib/v7e-m/fpv4-sp/hard\libc.a(lib_a-mlock.o)
 .ARM.attributes
                0x00000954       0x34 c:/program files (x86)/microchip/xc32/v2.30/bin/bin/../../lib/gcc/pic32c/6.2.1/../../../../pic32c/lib/v7e-m/fpv4-sp/hard\libc.a(lib_a-sbrkr.o)
 .ARM.attributes
                0x00000988       0x1b c:/program files (x86)/microchip/xc32/v2.30/bin/bin/../../lib/gcc/pic32c/6.2.1/../../../../pic32c/lib/v7e-m/fpv4-sp/hard\libc.a(lib_a-strlen.o)
 .ARM.attributes
                0x000009a3       0x34 c:/program files (x86)/microchip/xc32/v2.30/bin/bin/../../lib/gcc/pic32c/6.2.1/../../../../pic32c/lib/v7e-m/fpv4-sp/hard\libc.a(lib_a-freer.o)
 .ARM.attributes
                0x000009d7       0x34 c:/program files (x86)/microchip/xc32/v2.30/bin/bin/../../lib/gcc/pic32c/6.2.1/../../../../pic32c/lib/v7e-m/fpv4-sp/hard\libc.a(lib_a-impure.o)
 .ARM.attributes
                0x00000a0b       0x34 c:/program files (x86)/microchip/xc32/v2.30/bin/bin/../../lib/gcc/pic32c/6.2.1/../../../../pic32c/lib/v7e-m/fpv4-sp/hard\libc.a(lib_a-reent.o)
 .ARM.attributes
                0x00000a3f       0x34 c:/program files (x86)/microchip/xc32/v2.30/bin/bin/../../lib/gcc/pic32c/6.2.1/../../../../pic32c/lib/v7e-m/fpv4-sp/hard\libpic32c.a(sbrk.o)
 .ARM.attributes
                0x00000a73       0x22 c:/program files (x86)/microchip/xc32/v2.30/bin/bin/../../lib/gcc/pic32c/6.2.1/v7e-m/fpv4-sp/hard/crtn.o

.comment        0x00000000       0x3c
 .comment       0x00000000       0x3c c:/program files (x86)/microchip/xc32/v2.30/bin/bin/../../lib/gcc/pic32c/6.2.1/v7e-m/fpv4-sp/hard/crtbegin.o
                                 0x3d (size before relaxing)
 .comment       0x0000003c       0x3d build/LAN9253_D51_SPI_Indirect_mode/production/_ext/2070931557/drv_spi.o
 .comment       0x0000003c       0x3d build/LAN9253_D51_SPI_Indirect_mode/production/_ext/1984496892/plib_clock.o
 .comment       0x0000003c       0x3d build/LAN9253_D51_SPI_Indirect_mode/production/_ext/1865161661/plib_dmac.o
 .comment       0x0000003c       0x3d build/LAN9253_D51_SPI_Indirect_mode/production/_ext/60167341/plib_eic.o
 .comment       0x0000003c       0x3d build/LAN9253_D51_SPI_Indirect_mode/production/_ext/1986646378/plib_evsys.o
 .comment       0x0000003c       0x3d build/LAN9253_D51_SPI_Indirect_mode/production/_ext/1865468468/plib_nvic.o
 .comment       0x0000003c       0x3d build/LAN9253_D51_SPI_Indirect_mode/production/_ext/1593096446/plib_nvmctrl.o
 .comment       0x0000003c       0x3d build/LAN9253_D51_SPI_Indirect_mode/production/_ext/1865521619/plib_port.o
 .comment       0x0000003c       0x3d build/LAN9253_D51_SPI_Indirect_mode/production/_ext/1865555181/plib_qspi_spi.o
 .comment       0x0000003c       0x3d build/LAN9253_D51_SPI_Indirect_mode/production/_ext/1827571544/plib_systick.o
 .comment       0x0000003c       0x3d build/LAN9253_D51_SPI_Indirect_mode/production/_ext/14461671/sys_dma.o
 .comment       0x0000003c       0x3d build/LAN9253_D51_SPI_Indirect_mode/production/_ext/1881668453/sys_int.o
 .comment       0x0000003c       0x3d build/LAN9253_D51_SPI_Indirect_mode/production/_ext/1171490990/exceptions.o
 .comment       0x0000003c       0x3d build/LAN9253_D51_SPI_Indirect_mode/production/_ext/1171490990/initialization.o
 .comment       0x0000003c       0x3d build/LAN9253_D51_SPI_Indirect_mode/production/_ext/1171490990/interrupts.o
 .comment       0x0000003c       0x3d build/LAN9253_D51_SPI_Indirect_mode/production/_ext/1171490990/startup_xc32.o
 .comment       0x0000003c       0x3d build/LAN9253_D51_SPI_Indirect_mode/production/_ext/1171490990/tasks.o
 .comment       0x0000003c       0x3d build/LAN9253_D51_SPI_Indirect_mode/production/_ext/1671622979/Drivers.o
 .comment       0x0000003c       0x3d build/LAN9253_D51_SPI_Indirect_mode/production/_ext/108147519/ESC_Utils.o
 .comment       0x0000003c       0x3d build/LAN9253_D51_SPI_Indirect_mode/production/_ext/108147519/LAN925x.o
 .comment       0x0000003c       0x3d build/LAN9253_D51_SPI_Indirect_mode/production/_ext/108134065/bootmode.o
 .comment       0x0000003c       0x3d build/LAN9253_D51_SPI_Indirect_mode/production/_ext/108134065/coeappl.o
 .comment       0x0000003c       0x3d build/LAN9253_D51_SPI_Indirect_mode/production/_ext/108134065/ecatappl.o
 .comment       0x0000003c       0x3d build/LAN9253_D51_SPI_Indirect_mode/production/_ext/108134065/ecatcoe.o
 .comment       0x0000003c       0x3d build/LAN9253_D51_SPI_Indirect_mode/production/_ext/108134065/ecatfoe.o
 .comment       0x0000003c       0x3d build/LAN9253_D51_SPI_Indirect_mode/production/_ext/108134065/ecatslv.o
 .comment       0x0000003c       0x3d build/LAN9253_D51_SPI_Indirect_mode/production/_ext/108134065/emcy.o
 .comment       0x0000003c       0x3d build/LAN9253_D51_SPI_Indirect_mode/production/_ext/108134065/foeappl.o
 .comment       0x0000003c       0x3d build/LAN9253_D51_SPI_Indirect_mode/production/_ext/108134065/mailbox.o
 .comment       0x0000003c       0x3d build/LAN9253_D51_SPI_Indirect_mode/production/_ext/108134065/objdef.o
 .comment       0x0000003c       0x3d build/LAN9253_D51_SPI_Indirect_mode/production/_ext/108134065/sample_app.o
 .comment       0x0000003c       0x3d build/LAN9253_D51_SPI_Indirect_mode/production/_ext/108134065/sdoserv.o
 .comment       0x0000003c       0x3d build/LAN9253_D51_SPI_Indirect_mode/production/_ext/1360937237/main.o
 .comment       0x0000003c       0x3d build/LAN9253_D51_SPI_Indirect_mode/production/_ext/1360937237/app.o
 .comment       0x0000003c       0x3d c:/program files (x86)/microchip/xc32/v2.30/bin/bin/../../lib/gcc/pic32c/6.2.1/../../../../pic32c/lib/v7e-m/fpv4-sp/hard\libpic32c.a(data_init.o)
 .comment       0x0000003c       0x3d c:/program files (x86)/microchip/xc32/v2.30/bin/bin/../../lib/gcc/pic32c/6.2.1/../../../../pic32c/lib/v7e-m/fpv4-sp/hard\libc.a(lib_a-init.o)
 .comment       0x0000003c       0x3d c:/program files (x86)/microchip/xc32/v2.30/bin/bin/../../lib/gcc/pic32c/6.2.1/../../../../pic32c/lib/v7e-m/fpv4-sp/hard\libc.a(lib_a-malloc.o)
 .comment       0x0000003c       0x3d c:/program files (x86)/microchip/xc32/v2.30/bin/bin/../../lib/gcc/pic32c/6.2.1/../../../../pic32c/lib/v7e-m/fpv4-sp/hard\libc.a(lib_a-mallocr.o)
 .comment       0x0000003c       0x3d c:/program files (x86)/microchip/xc32/v2.30/bin/bin/../../lib/gcc/pic32c/6.2.1/../../../../pic32c/lib/v7e-m/fpv4-sp/hard\libc.a(lib_a-memcpy-stub.o)
 .comment       0x0000003c       0x3d c:/program files (x86)/microchip/xc32/v2.30/bin/bin/../../lib/gcc/pic32c/6.2.1/../../../../pic32c/lib/v7e-m/fpv4-sp/hard\libc.a(lib_a-memset.o)
 .comment       0x0000003c       0x3d c:/program files (x86)/microchip/xc32/v2.30/bin/bin/../../lib/gcc/pic32c/6.2.1/../../../../pic32c/lib/v7e-m/fpv4-sp/hard\libc.a(lib_a-mlock.o)
 .comment       0x0000003c       0x3d c:/program files (x86)/microchip/xc32/v2.30/bin/bin/../../lib/gcc/pic32c/6.2.1/../../../../pic32c/lib/v7e-m/fpv4-sp/hard\libc.a(lib_a-sbrkr.o)
 .comment       0x0000003c       0x3d c:/program files (x86)/microchip/xc32/v2.30/bin/bin/../../lib/gcc/pic32c/6.2.1/../../../../pic32c/lib/v7e-m/fpv4-sp/hard\libc.a(lib_a-freer.o)
 .comment       0x0000003c       0x3d c:/program files (x86)/microchip/xc32/v2.30/bin/bin/../../lib/gcc/pic32c/6.2.1/../../../../pic32c/lib/v7e-m/fpv4-sp/hard\libc.a(lib_a-impure.o)
 .comment       0x0000003c       0x3d c:/program files (x86)/microchip/xc32/v2.30/bin/bin/../../lib/gcc/pic32c/6.2.1/../../../../pic32c/lib/v7e-m/fpv4-sp/hard\libc.a(lib_a-reent.o)
 .comment       0x0000003c       0x3d c:/program files (x86)/microchip/xc32/v2.30/bin/bin/../../lib/gcc/pic32c/6.2.1/../../../../pic32c/lib/v7e-m/fpv4-sp/hard\libpic32c.a(sbrk.o)

.debug_info     0x00000000    0x5da8d
 .debug_info    0x00000000     0x4c7a build/LAN9253_D51_SPI_Indirect_mode/production/_ext/2070931557/drv_spi.o
 .debug_info    0x00004c7a      0xb8b build/LAN9253_D51_SPI_Indirect_mode/production/_ext/1984496892/plib_clock.o
 .debug_info    0x00005805     0x2c23 build/LAN9253_D51_SPI_Indirect_mode/production/_ext/1865161661/plib_dmac.o
 .debug_info    0x00008428      0x7f9 build/LAN9253_D51_SPI_Indirect_mode/production/_ext/60167341/plib_eic.o
 .debug_info    0x00008c21      0x374 build/LAN9253_D51_SPI_Indirect_mode/production/_ext/1986646378/plib_evsys.o
 .debug_info    0x00008f95     0x1107 build/LAN9253_D51_SPI_Indirect_mode/production/_ext/1865468468/plib_nvic.o
 .debug_info    0x0000a09c     0x16d4 build/LAN9253_D51_SPI_Indirect_mode/production/_ext/1593096446/plib_nvmctrl.o
 .debug_info    0x0000b770      0x830 build/LAN9253_D51_SPI_Indirect_mode/production/_ext/1865521619/plib_port.o
 .debug_info    0x0000bfa0     0x21f4 build/LAN9253_D51_SPI_Indirect_mode/production/_ext/1865555181/plib_qspi_spi.o
 .debug_info    0x0000e194      0x6cf build/LAN9253_D51_SPI_Indirect_mode/production/_ext/1827571544/plib_systick.o
 .debug_info    0x0000e863     0x1488 build/LAN9253_D51_SPI_Indirect_mode/production/_ext/14461671/sys_dma.o
 .debug_info    0x0000fceb     0x110d build/LAN9253_D51_SPI_Indirect_mode/production/_ext/1881668453/sys_int.o
 .debug_info    0x00010df8     0x19ed build/LAN9253_D51_SPI_Indirect_mode/production/_ext/1171490990/exceptions.o
 .debug_info    0x000127e5     0x3251 build/LAN9253_D51_SPI_Indirect_mode/production/_ext/1171490990/initialization.o
 .debug_info    0x00015a36     0x2cc9 build/LAN9253_D51_SPI_Indirect_mode/production/_ext/1171490990/interrupts.o
 .debug_info    0x000186ff     0x1df6 build/LAN9253_D51_SPI_Indirect_mode/production/_ext/1171490990/startup_xc32.o
 .debug_info    0x0001a4f5     0x191d build/LAN9253_D51_SPI_Indirect_mode/production/_ext/1171490990/tasks.o
 .debug_info    0x0001be12     0x45c9 build/LAN9253_D51_SPI_Indirect_mode/production/_ext/1671622979/Drivers.o
 .debug_info    0x000203db     0x1b54 build/LAN9253_D51_SPI_Indirect_mode/production/_ext/108147519/ESC_Utils.o
 .debug_info    0x00021f2f     0x280b build/LAN9253_D51_SPI_Indirect_mode/production/_ext/108147519/LAN925x.o
 .debug_info    0x0002473a     0x1266 build/LAN9253_D51_SPI_Indirect_mode/production/_ext/108134065/bootmode.o
 .debug_info    0x000259a0     0x5aed build/LAN9253_D51_SPI_Indirect_mode/production/_ext/108134065/coeappl.o
 .debug_info    0x0002b48d     0x5389 build/LAN9253_D51_SPI_Indirect_mode/production/_ext/108134065/ecatappl.o
 .debug_info    0x00030816     0x167e build/LAN9253_D51_SPI_Indirect_mode/production/_ext/108134065/ecatcoe.o
 .debug_info    0x00031e94     0x23ee build/LAN9253_D51_SPI_Indirect_mode/production/_ext/108134065/ecatfoe.o
 .debug_info    0x00034282     0x5994 build/LAN9253_D51_SPI_Indirect_mode/production/_ext/108134065/ecatslv.o
 .debug_info    0x00039c16     0x2476 build/LAN9253_D51_SPI_Indirect_mode/production/_ext/108134065/emcy.o
 .debug_info    0x0003c08c     0x284c build/LAN9253_D51_SPI_Indirect_mode/production/_ext/108134065/foeappl.o
 .debug_info    0x0003e8d8     0x2b33 build/LAN9253_D51_SPI_Indirect_mode/production/_ext/108134065/mailbox.o
 .debug_info    0x0004140b     0x3141 build/LAN9253_D51_SPI_Indirect_mode/production/_ext/108134065/objdef.o
 .debug_info    0x0004454c     0x5812 build/LAN9253_D51_SPI_Indirect_mode/production/_ext/108134065/sample_app.o
 .debug_info    0x00049d5e     0x3446 build/LAN9253_D51_SPI_Indirect_mode/production/_ext/108134065/sdoserv.o
 .debug_info    0x0004d1a4     0x190c build/LAN9253_D51_SPI_Indirect_mode/production/_ext/1360937237/main.o
 .debug_info    0x0004eab0     0x5195 build/LAN9253_D51_SPI_Indirect_mode/production/_ext/1360937237/app.o
 .debug_info    0x00053c45      0x2a2 c:/program files (x86)/microchip/xc32/v2.30/bin/bin/../../lib/gcc/pic32c/6.2.1/../../../../pic32c/lib/v7e-m/fpv4-sp/hard\libpic32c.a(data_init.o)
 .debug_info    0x00053ee7      0x41a c:/program files (x86)/microchip/xc32/v2.30/bin/bin/../../lib/gcc/pic32c/6.2.1/../../../../pic32c/lib/v7e-m/fpv4-sp/hard\libc.a(lib_a-init.o)
 .debug_info    0x00054301      0xe58 c:/program files (x86)/microchip/xc32/v2.30/bin/bin/../../lib/gcc/pic32c/6.2.1/../../../../pic32c/lib/v7e-m/fpv4-sp/hard\libc.a(lib_a-malloc.o)
 .debug_info    0x00055159     0x14ca c:/program files (x86)/microchip/xc32/v2.30/bin/bin/../../lib/gcc/pic32c/6.2.1/../../../../pic32c/lib/v7e-m/fpv4-sp/hard\libc.a(lib_a-mallocr.o)
 .debug_info    0x00056623      0xe2e c:/program files (x86)/microchip/xc32/v2.30/bin/bin/../../lib/gcc/pic32c/6.2.1/../../../../pic32c/lib/v7e-m/fpv4-sp/hard\libc.a(lib_a-memcpy-stub.o)
 .debug_info    0x00057451     0x156f c:/program files (x86)/microchip/xc32/v2.30/bin/bin/../../lib/gcc/pic32c/6.2.1/../../../../pic32c/lib/v7e-m/fpv4-sp/hard\libc.a(lib_a-memset.o)
 .debug_info    0x000589c0      0xdf2 c:/program files (x86)/microchip/xc32/v2.30/bin/bin/../../lib/gcc/pic32c/6.2.1/../../../../pic32c/lib/v7e-m/fpv4-sp/hard\libc.a(lib_a-mlock.o)
 .debug_info    0x000597b2      0xea5 c:/program files (x86)/microchip/xc32/v2.30/bin/bin/../../lib/gcc/pic32c/6.2.1/../../../../pic32c/lib/v7e-m/fpv4-sp/hard\libc.a(lib_a-sbrkr.o)
 .debug_info    0x0005a657      0x125 c:/program files (x86)/microchip/xc32/v2.30/bin/bin/../../lib/gcc/pic32c/6.2.1/../../../../pic32c/lib/v7e-m/fpv4-sp/hard\libc.a(lib_a-strlen.o)
 .debug_info    0x0005a77c     0x137d c:/program files (x86)/microchip/xc32/v2.30/bin/bin/../../lib/gcc/pic32c/6.2.1/../../../../pic32c/lib/v7e-m/fpv4-sp/hard\libc.a(lib_a-freer.o)
 .debug_info    0x0005baf9      0xdb5 c:/program files (x86)/microchip/xc32/v2.30/bin/bin/../../lib/gcc/pic32c/6.2.1/../../../../pic32c/lib/v7e-m/fpv4-sp/hard\libc.a(lib_a-impure.o)
 .debug_info    0x0005c8ae      0xf59 c:/program files (x86)/microchip/xc32/v2.30/bin/bin/../../lib/gcc/pic32c/6.2.1/../../../../pic32c/lib/v7e-m/fpv4-sp/hard\libc.a(lib_a-reent.o)
 .debug_info    0x0005d807      0x286 c:/program files (x86)/microchip/xc32/v2.30/bin/bin/../../lib/gcc/pic32c/6.2.1/../../../../pic32c/lib/v7e-m/fpv4-sp/hard\libpic32c.a(sbrk.o)

.debug_abbrev   0x00000000     0x6268
 .debug_abbrev  0x00000000      0x454 build/LAN9253_D51_SPI_Indirect_mode/production/_ext/2070931557/drv_spi.o
 .debug_abbrev  0x00000454       0xfd build/LAN9253_D51_SPI_Indirect_mode/production/_ext/1984496892/plib_clock.o
 .debug_abbrev  0x00000551      0x345 build/LAN9253_D51_SPI_Indirect_mode/production/_ext/1865161661/plib_dmac.o
 .debug_abbrev  0x00000896      0x15d build/LAN9253_D51_SPI_Indirect_mode/production/_ext/60167341/plib_eic.o
 .debug_abbrev  0x000009f3       0x5e build/LAN9253_D51_SPI_Indirect_mode/production/_ext/1986646378/plib_evsys.o
 .debug_abbrev  0x00000a51      0x14d build/LAN9253_D51_SPI_Indirect_mode/production/_ext/1865468468/plib_nvic.o
 .debug_abbrev  0x00000b9e      0x25d build/LAN9253_D51_SPI_Indirect_mode/production/_ext/1593096446/plib_nvmctrl.o
 .debug_abbrev  0x00000dfb      0x151 build/LAN9253_D51_SPI_Indirect_mode/production/_ext/1865521619/plib_port.o
 .debug_abbrev  0x00000f4c      0x29a build/LAN9253_D51_SPI_Indirect_mode/production/_ext/1865555181/plib_qspi_spi.o
 .debug_abbrev  0x000011e6      0x15c build/LAN9253_D51_SPI_Indirect_mode/production/_ext/1827571544/plib_systick.o
 .debug_abbrev  0x00001342      0x1e7 build/LAN9253_D51_SPI_Indirect_mode/production/_ext/14461671/sys_dma.o
 .debug_abbrev  0x00001529      0x206 build/LAN9253_D51_SPI_Indirect_mode/production/_ext/1881668453/sys_int.o
 .debug_abbrev  0x0000172f      0x1d1 build/LAN9253_D51_SPI_Indirect_mode/production/_ext/1171490990/exceptions.o
 .debug_abbrev  0x00001900      0x23a build/LAN9253_D51_SPI_Indirect_mode/production/_ext/1171490990/initialization.o
 .debug_abbrev  0x00001b3a      0x1d1 build/LAN9253_D51_SPI_Indirect_mode/production/_ext/1171490990/interrupts.o
 .debug_abbrev  0x00001d0b      0x2a9 build/LAN9253_D51_SPI_Indirect_mode/production/_ext/1171490990/startup_xc32.o
 .debug_abbrev  0x00001fb4      0x1d1 build/LAN9253_D51_SPI_Indirect_mode/production/_ext/1171490990/tasks.o
 .debug_abbrev  0x00002185      0x409 build/LAN9253_D51_SPI_Indirect_mode/production/_ext/1671622979/Drivers.o
 .debug_abbrev  0x0000258e      0x232 build/LAN9253_D51_SPI_Indirect_mode/production/_ext/108147519/ESC_Utils.o
 .debug_abbrev  0x000027c0      0x2c3 build/LAN9253_D51_SPI_Indirect_mode/production/_ext/108147519/LAN925x.o
 .debug_abbrev  0x00002a83      0x1f9 build/LAN9253_D51_SPI_Indirect_mode/production/_ext/108134065/bootmode.o
 .debug_abbrev  0x00002c7c      0x300 build/LAN9253_D51_SPI_Indirect_mode/production/_ext/108134065/coeappl.o
 .debug_abbrev  0x00002f7c      0x2b2 build/LAN9253_D51_SPI_Indirect_mode/production/_ext/108134065/ecatappl.o
 .debug_abbrev  0x0000322e      0x1ee build/LAN9253_D51_SPI_Indirect_mode/production/_ext/108134065/ecatcoe.o
 .debug_abbrev  0x0000341c      0x283 build/LAN9253_D51_SPI_Indirect_mode/production/_ext/108134065/ecatfoe.o
 .debug_abbrev  0x0000369f      0x2fb build/LAN9253_D51_SPI_Indirect_mode/production/_ext/108134065/ecatslv.o
 .debug_abbrev  0x0000399a      0x2c7 build/LAN9253_D51_SPI_Indirect_mode/production/_ext/108134065/emcy.o
 .debug_abbrev  0x00003c61      0x292 build/LAN9253_D51_SPI_Indirect_mode/production/_ext/108134065/foeappl.o
 .debug_abbrev  0x00003ef3      0x2ba build/LAN9253_D51_SPI_Indirect_mode/production/_ext/108134065/mailbox.o
 .debug_abbrev  0x000041ad      0x2ec build/LAN9253_D51_SPI_Indirect_mode/production/_ext/108134065/objdef.o
 .debug_abbrev  0x00004499      0x375 build/LAN9253_D51_SPI_Indirect_mode/production/_ext/108134065/sample_app.o
 .debug_abbrev  0x0000480e      0x309 build/LAN9253_D51_SPI_Indirect_mode/production/_ext/108134065/sdoserv.o
 .debug_abbrev  0x00004b17      0x1d3 build/LAN9253_D51_SPI_Indirect_mode/production/_ext/1360937237/main.o
 .debug_abbrev  0x00004cea      0x2b8 build/LAN9253_D51_SPI_Indirect_mode/production/_ext/1360937237/app.o
 .debug_abbrev  0x00004fa2       0x2a c:/program files (x86)/microchip/xc32/v2.30/bin/bin/../../lib/gcc/pic32c/6.2.1/../../../../pic32c/lib/v7e-m/fpv4-sp/hard\libpic32c.a(data_init.o)
 .debug_abbrev  0x00004fcc       0xa3 c:/program files (x86)/microchip/xc32/v2.30/bin/bin/../../lib/gcc/pic32c/6.2.1/../../../../pic32c/lib/v7e-m/fpv4-sp/hard\libc.a(lib_a-init.o)
 .debug_abbrev  0x0000506f      0x1f8 c:/program files (x86)/microchip/xc32/v2.30/bin/bin/../../lib/gcc/pic32c/6.2.1/../../../../pic32c/lib/v7e-m/fpv4-sp/hard\libc.a(lib_a-malloc.o)
 .debug_abbrev  0x00005267      0x29b c:/program files (x86)/microchip/xc32/v2.30/bin/bin/../../lib/gcc/pic32c/6.2.1/../../../../pic32c/lib/v7e-m/fpv4-sp/hard\libc.a(lib_a-mallocr.o)
 .debug_abbrev  0x00005502      0x1c1 c:/program files (x86)/microchip/xc32/v2.30/bin/bin/../../lib/gcc/pic32c/6.2.1/../../../../pic32c/lib/v7e-m/fpv4-sp/hard\libc.a(lib_a-memcpy-stub.o)
 .debug_abbrev  0x000056c3      0x1b5 c:/program files (x86)/microchip/xc32/v2.30/bin/bin/../../lib/gcc/pic32c/6.2.1/../../../../pic32c/lib/v7e-m/fpv4-sp/hard\libc.a(lib_a-memset.o)
 .debug_abbrev  0x00005878      0x1aa c:/program files (x86)/microchip/xc32/v2.30/bin/bin/../../lib/gcc/pic32c/6.2.1/../../../../pic32c/lib/v7e-m/fpv4-sp/hard\libc.a(lib_a-mlock.o)
 .debug_abbrev  0x00005a22      0x1ed c:/program files (x86)/microchip/xc32/v2.30/bin/bin/../../lib/gcc/pic32c/6.2.1/../../../../pic32c/lib/v7e-m/fpv4-sp/hard\libc.a(lib_a-sbrkr.o)
 .debug_abbrev  0x00005c0f       0x14 c:/program files (x86)/microchip/xc32/v2.30/bin/bin/../../lib/gcc/pic32c/6.2.1/../../../../pic32c/lib/v7e-m/fpv4-sp/hard\libc.a(lib_a-strlen.o)
 .debug_abbrev  0x00005c23      0x24d c:/program files (x86)/microchip/xc32/v2.30/bin/bin/../../lib/gcc/pic32c/6.2.1/../../../../pic32c/lib/v7e-m/fpv4-sp/hard\libc.a(lib_a-freer.o)
 .debug_abbrev  0x00005e70      0x176 c:/program files (x86)/microchip/xc32/v2.30/bin/bin/../../lib/gcc/pic32c/6.2.1/../../../../pic32c/lib/v7e-m/fpv4-sp/hard\libc.a(lib_a-impure.o)
 .debug_abbrev  0x00005fe6      0x258 c:/program files (x86)/microchip/xc32/v2.30/bin/bin/../../lib/gcc/pic32c/6.2.1/../../../../pic32c/lib/v7e-m/fpv4-sp/hard\libc.a(lib_a-reent.o)
 .debug_abbrev  0x0000623e       0x2a c:/program files (x86)/microchip/xc32/v2.30/bin/bin/../../lib/gcc/pic32c/6.2.1/../../../../pic32c/lib/v7e-m/fpv4-sp/hard\libpic32c.a(sbrk.o)

.debug_loc      0x00000000     0x76e8
 .debug_loc     0x00000000      0xca8 build/LAN9253_D51_SPI_Indirect_mode/production/_ext/2070931557/drv_spi.o
 .debug_loc     0x00000ca8      0x208 build/LAN9253_D51_SPI_Indirect_mode/production/_ext/1984496892/plib_clock.o
 .debug_loc     0x00000eb0      0x5c4 build/LAN9253_D51_SPI_Indirect_mode/production/_ext/1865161661/plib_dmac.o
 .debug_loc     0x00001474      0x1dc build/LAN9253_D51_SPI_Indirect_mode/production/_ext/60167341/plib_eic.o
 .debug_loc     0x00001650       0x44 build/LAN9253_D51_SPI_Indirect_mode/production/_ext/1986646378/plib_evsys.o
 .debug_loc     0x00001694      0x140 build/LAN9253_D51_SPI_Indirect_mode/production/_ext/1865468468/plib_nvic.o
 .debug_loc     0x000017d4      0x5c0 build/LAN9253_D51_SPI_Indirect_mode/production/_ext/1593096446/plib_nvmctrl.o
 .debug_loc     0x00001d94      0x324 build/LAN9253_D51_SPI_Indirect_mode/production/_ext/1865521619/plib_port.o
 .debug_loc     0x000020b8      0x28c build/LAN9253_D51_SPI_Indirect_mode/production/_ext/1865555181/plib_qspi_spi.o
 .debug_loc     0x00002344      0x31c build/LAN9253_D51_SPI_Indirect_mode/production/_ext/1827571544/plib_systick.o
 .debug_loc     0x00002660       0xa0 build/LAN9253_D51_SPI_Indirect_mode/production/_ext/14461671/sys_dma.o
 .debug_loc     0x00002700      0x2b0 build/LAN9253_D51_SPI_Indirect_mode/production/_ext/1881668453/sys_int.o
 .debug_loc     0x000029b0      0x108 build/LAN9253_D51_SPI_Indirect_mode/production/_ext/1171490990/exceptions.o
 .debug_loc     0x00002ab8       0x50 build/LAN9253_D51_SPI_Indirect_mode/production/_ext/1171490990/initialization.o
 .debug_loc     0x00002b08      0x11c build/LAN9253_D51_SPI_Indirect_mode/production/_ext/1171490990/startup_xc32.o
 .debug_loc     0x00002c24       0x2c build/LAN9253_D51_SPI_Indirect_mode/production/_ext/1171490990/tasks.o
 .debug_loc     0x00002c50      0xdfc build/LAN9253_D51_SPI_Indirect_mode/production/_ext/1671622979/Drivers.o
 .debug_loc     0x00003a4c      0x130 build/LAN9253_D51_SPI_Indirect_mode/production/_ext/108147519/ESC_Utils.o
 .debug_loc     0x00003b7c      0x4b0 build/LAN9253_D51_SPI_Indirect_mode/production/_ext/108147519/LAN925x.o
 .debug_loc     0x0000402c      0x158 build/LAN9253_D51_SPI_Indirect_mode/production/_ext/108134065/bootmode.o
 .debug_loc     0x00004184      0x370 build/LAN9253_D51_SPI_Indirect_mode/production/_ext/108134065/coeappl.o
 .debug_loc     0x000044f4      0x2e0 build/LAN9253_D51_SPI_Indirect_mode/production/_ext/108134065/ecatappl.o
 .debug_loc     0x000047d4       0xe4 build/LAN9253_D51_SPI_Indirect_mode/production/_ext/108134065/ecatcoe.o
 .debug_loc     0x000048b8       0xe4 build/LAN9253_D51_SPI_Indirect_mode/production/_ext/108134065/ecatfoe.o
 .debug_loc     0x0000499c      0x682 build/LAN9253_D51_SPI_Indirect_mode/production/_ext/108134065/ecatslv.o
 .debug_loc     0x0000501e      0x2f4 build/LAN9253_D51_SPI_Indirect_mode/production/_ext/108134065/emcy.o
 .debug_loc     0x00005312      0x1e0 build/LAN9253_D51_SPI_Indirect_mode/production/_ext/108134065/foeappl.o
 .debug_loc     0x000054f2      0x428 build/LAN9253_D51_SPI_Indirect_mode/production/_ext/108134065/mailbox.o
 .debug_loc     0x0000591a      0x40e build/LAN9253_D51_SPI_Indirect_mode/production/_ext/108134065/objdef.o
 .debug_loc     0x00005d28      0x5d4 build/LAN9253_D51_SPI_Indirect_mode/production/_ext/108134065/sample_app.o
 .debug_loc     0x000062fc      0x210 build/LAN9253_D51_SPI_Indirect_mode/production/_ext/108134065/sdoserv.o
 .debug_loc     0x0000650c       0x2c build/LAN9253_D51_SPI_Indirect_mode/production/_ext/1360937237/main.o
 .debug_loc     0x00006538      0x148 build/LAN9253_D51_SPI_Indirect_mode/production/_ext/1360937237/app.o
 .debug_loc     0x00006680       0x74 c:/program files (x86)/microchip/xc32/v2.30/bin/bin/../../lib/gcc/pic32c/6.2.1/../../../../pic32c/lib/v7e-m/fpv4-sp/hard\libc.a(lib_a-init.o)
 .debug_loc     0x000066f4       0x58 c:/program files (x86)/microchip/xc32/v2.30/bin/bin/../../lib/gcc/pic32c/6.2.1/../../../../pic32c/lib/v7e-m/fpv4-sp/hard\libc.a(lib_a-malloc.o)
 .debug_loc     0x0000674c      0x875 c:/program files (x86)/microchip/xc32/v2.30/bin/bin/../../lib/gcc/pic32c/6.2.1/../../../../pic32c/lib/v7e-m/fpv4-sp/hard\libc.a(lib_a-mallocr.o)
 .debug_loc     0x00006fc1       0xb2 c:/program files (x86)/microchip/xc32/v2.30/bin/bin/../../lib/gcc/pic32c/6.2.1/../../../../pic32c/lib/v7e-m/fpv4-sp/hard\libc.a(lib_a-memcpy-stub.o)
 .debug_loc     0x00007073       0x4c c:/program files (x86)/microchip/xc32/v2.30/bin/bin/../../lib/gcc/pic32c/6.2.1/../../../../pic32c/lib/v7e-m/fpv4-sp/hard\libc.a(lib_a-memset.o)
 .debug_loc     0x000070bf       0x6d c:/program files (x86)/microchip/xc32/v2.30/bin/bin/../../lib/gcc/pic32c/6.2.1/../../../../pic32c/lib/v7e-m/fpv4-sp/hard\libc.a(lib_a-sbrkr.o)
 .debug_loc     0x0000712c      0x42d c:/program files (x86)/microchip/xc32/v2.30/bin/bin/../../lib/gcc/pic32c/6.2.1/../../../../pic32c/lib/v7e-m/fpv4-sp/hard\libc.a(lib_a-freer.o)
 .debug_loc     0x00007559      0x18f c:/program files (x86)/microchip/xc32/v2.30/bin/bin/../../lib/gcc/pic32c/6.2.1/../../../../pic32c/lib/v7e-m/fpv4-sp/hard\libc.a(lib_a-reent.o)

.debug_aranges  0x00000000      0xf88
 .debug_aranges
                0x00000000      0x150 build/LAN9253_D51_SPI_Indirect_mode/production/_ext/2070931557/drv_spi.o
 .debug_aranges
                0x00000150       0x58 build/LAN9253_D51_SPI_Indirect_mode/production/_ext/1984496892/plib_clock.o
 .debug_aranges
                0x000001a8       0xa8 build/LAN9253_D51_SPI_Indirect_mode/production/_ext/1865161661/plib_dmac.o
 .debug_aranges
                0x00000250       0x50 build/LAN9253_D51_SPI_Indirect_mode/production/_ext/60167341/plib_eic.o
 .debug_aranges
                0x000002a0       0x20 build/LAN9253_D51_SPI_Indirect_mode/production/_ext/1986646378/plib_evsys.o
 .debug_aranges
                0x000002c0       0x38 build/LAN9253_D51_SPI_Indirect_mode/production/_ext/1865468468/plib_nvic.o
 .debug_aranges
                0x000002f8       0xb0 build/LAN9253_D51_SPI_Indirect_mode/production/_ext/1593096446/plib_nvmctrl.o
 .debug_aranges
                0x000003a8       0x60 build/LAN9253_D51_SPI_Indirect_mode/production/_ext/1865521619/plib_port.o
 .debug_aranges
                0x00000408       0x58 build/LAN9253_D51_SPI_Indirect_mode/production/_ext/1865555181/plib_qspi_spi.o
 .debug_aranges
                0x00000460       0x70 build/LAN9253_D51_SPI_Indirect_mode/production/_ext/1827571544/plib_systick.o
 .debug_aranges
                0x000004d0       0x28 build/LAN9253_D51_SPI_Indirect_mode/production/_ext/14461671/sys_dma.o
 .debug_aranges
                0x000004f8       0x58 build/LAN9253_D51_SPI_Indirect_mode/production/_ext/1881668453/sys_int.o
 .debug_aranges
                0x00000550       0x48 build/LAN9253_D51_SPI_Indirect_mode/production/_ext/1171490990/exceptions.o
 .debug_aranges
                0x00000598       0x20 build/LAN9253_D51_SPI_Indirect_mode/production/_ext/1171490990/initialization.o
 .debug_aranges
                0x000005b8       0x20 build/LAN9253_D51_SPI_Indirect_mode/production/_ext/1171490990/interrupts.o
 .debug_aranges
                0x000005d8       0x38 build/LAN9253_D51_SPI_Indirect_mode/production/_ext/1171490990/startup_xc32.o
 .debug_aranges
                0x00000610       0x20 build/LAN9253_D51_SPI_Indirect_mode/production/_ext/1171490990/tasks.o
 .debug_aranges
                0x00000630      0x190 build/LAN9253_D51_SPI_Indirect_mode/production/_ext/1671622979/Drivers.o
 .debug_aranges
                0x000007c0       0x40 build/LAN9253_D51_SPI_Indirect_mode/production/_ext/108147519/ESC_Utils.o
 .debug_aranges
                0x00000800       0x90 build/LAN9253_D51_SPI_Indirect_mode/production/_ext/108147519/LAN925x.o
 .debug_aranges
                0x00000890       0x38 build/LAN9253_D51_SPI_Indirect_mode/production/_ext/108134065/bootmode.o
 .debug_aranges
                0x000008c8       0x70 build/LAN9253_D51_SPI_Indirect_mode/production/_ext/108134065/coeappl.o
 .debug_aranges
                0x00000938       0x70 build/LAN9253_D51_SPI_Indirect_mode/production/_ext/108134065/ecatappl.o
 .debug_aranges
                0x000009a8       0x30 build/LAN9253_D51_SPI_Indirect_mode/production/_ext/108134065/ecatcoe.o
 .debug_aranges
                0x000009d8       0x30 build/LAN9253_D51_SPI_Indirect_mode/production/_ext/108134065/ecatfoe.o
 .debug_aranges
                0x00000a08       0xc8 build/LAN9253_D51_SPI_Indirect_mode/production/_ext/108134065/ecatslv.o
 .debug_aranges
                0x00000ad0       0x60 build/LAN9253_D51_SPI_Indirect_mode/production/_ext/108134065/emcy.o
 .debug_aranges
                0x00000b30       0x48 build/LAN9253_D51_SPI_Indirect_mode/production/_ext/108134065/foeappl.o
 .debug_aranges
                0x00000b78       0x80 build/LAN9253_D51_SPI_Indirect_mode/production/_ext/108134065/mailbox.o
 .debug_aranges
                0x00000bf8       0x78 build/LAN9253_D51_SPI_Indirect_mode/production/_ext/108134065/objdef.o
 .debug_aranges
                0x00000c70       0xb8 build/LAN9253_D51_SPI_Indirect_mode/production/_ext/108134065/sample_app.o
 .debug_aranges
                0x00000d28       0x50 build/LAN9253_D51_SPI_Indirect_mode/production/_ext/108134065/sdoserv.o
 .debug_aranges
                0x00000d78       0x20 build/LAN9253_D51_SPI_Indirect_mode/production/_ext/1360937237/main.o
 .debug_aranges
                0x00000d98       0x40 build/LAN9253_D51_SPI_Indirect_mode/production/_ext/1360937237/app.o
 .debug_aranges
                0x00000dd8       0x20 c:/program files (x86)/microchip/xc32/v2.30/bin/bin/../../lib/gcc/pic32c/6.2.1/../../../../pic32c/lib/v7e-m/fpv4-sp/hard\libpic32c.a(data_init.o)
 .debug_aranges
                0x00000df8       0x20 c:/program files (x86)/microchip/xc32/v2.30/bin/bin/../../lib/gcc/pic32c/6.2.1/../../../../pic32c/lib/v7e-m/fpv4-sp/hard\libc.a(lib_a-init.o)
 .debug_aranges
                0x00000e18       0x28 c:/program files (x86)/microchip/xc32/v2.30/bin/bin/../../lib/gcc/pic32c/6.2.1/../../../../pic32c/lib/v7e-m/fpv4-sp/hard\libc.a(lib_a-malloc.o)
 .debug_aranges
                0x00000e40       0x20 c:/program files (x86)/microchip/xc32/v2.30/bin/bin/../../lib/gcc/pic32c/6.2.1/../../../../pic32c/lib/v7e-m/fpv4-sp/hard\libc.a(lib_a-mallocr.o)
 .debug_aranges
                0x00000e60       0x20 c:/program files (x86)/microchip/xc32/v2.30/bin/bin/../../lib/gcc/pic32c/6.2.1/../../../../pic32c/lib/v7e-m/fpv4-sp/hard\libc.a(lib_a-memcpy-stub.o)
 .debug_aranges
                0x00000e80       0x20 c:/program files (x86)/microchip/xc32/v2.30/bin/bin/../../lib/gcc/pic32c/6.2.1/../../../../pic32c/lib/v7e-m/fpv4-sp/hard\libc.a(lib_a-memset.o)
 .debug_aranges
                0x00000ea0       0x20 c:/program files (x86)/microchip/xc32/v2.30/bin/bin/../../lib/gcc/pic32c/6.2.1/../../../../pic32c/lib/v7e-m/fpv4-sp/hard\libc.a(lib_a-mlock.o)
 .debug_aranges
                0x00000ec0       0x20 c:/program files (x86)/microchip/xc32/v2.30/bin/bin/../../lib/gcc/pic32c/6.2.1/../../../../pic32c/lib/v7e-m/fpv4-sp/hard\libc.a(lib_a-sbrkr.o)
 .debug_aranges
                0x00000ee0       0x20 c:/program files (x86)/microchip/xc32/v2.30/bin/bin/../../lib/gcc/pic32c/6.2.1/../../../../pic32c/lib/v7e-m/fpv4-sp/hard\libc.a(lib_a-strlen.o)
 .debug_aranges
                0x00000f00       0x28 c:/program files (x86)/microchip/xc32/v2.30/bin/bin/../../lib/gcc/pic32c/6.2.1/../../../../pic32c/lib/v7e-m/fpv4-sp/hard\libc.a(lib_a-freer.o)
 .debug_aranges
                0x00000f28       0x18 c:/program files (x86)/microchip/xc32/v2.30/bin/bin/../../lib/gcc/pic32c/6.2.1/../../../../pic32c/lib/v7e-m/fpv4-sp/hard\libc.a(lib_a-impure.o)
 .debug_aranges
                0x00000f40       0x28 c:/program files (x86)/microchip/xc32/v2.30/bin/bin/../../lib/gcc/pic32c/6.2.1/../../../../pic32c/lib/v7e-m/fpv4-sp/hard\libc.a(lib_a-reent.o)
 .debug_aranges
                0x00000f68       0x20 c:/program files (x86)/microchip/xc32/v2.30/bin/bin/../../lib/gcc/pic32c/6.2.1/../../../../pic32c/lib/v7e-m/fpv4-sp/hard\libpic32c.a(sbrk.o)

.debug_ranges   0x00000000      0xd98
 .debug_ranges  0x00000000      0x140 build/LAN9253_D51_SPI_Indirect_mode/production/_ext/2070931557/drv_spi.o
 .debug_ranges  0x00000140       0x48 build/LAN9253_D51_SPI_Indirect_mode/production/_ext/1984496892/plib_clock.o
 .debug_ranges  0x00000188       0x98 build/LAN9253_D51_SPI_Indirect_mode/production/_ext/1865161661/plib_dmac.o
 .debug_ranges  0x00000220       0x40 build/LAN9253_D51_SPI_Indirect_mode/production/_ext/60167341/plib_eic.o
 .debug_ranges  0x00000260       0x10 build/LAN9253_D51_SPI_Indirect_mode/production/_ext/1986646378/plib_evsys.o
 .debug_ranges  0x00000270       0x28 build/LAN9253_D51_SPI_Indirect_mode/production/_ext/1865468468/plib_nvic.o
 .debug_ranges  0x00000298       0xa0 build/LAN9253_D51_SPI_Indirect_mode/production/_ext/1593096446/plib_nvmctrl.o
 .debug_ranges  0x00000338       0x50 build/LAN9253_D51_SPI_Indirect_mode/production/_ext/1865521619/plib_port.o
 .debug_ranges  0x00000388       0x48 build/LAN9253_D51_SPI_Indirect_mode/production/_ext/1865555181/plib_qspi_spi.o
 .debug_ranges  0x000003d0       0x60 build/LAN9253_D51_SPI_Indirect_mode/production/_ext/1827571544/plib_systick.o
 .debug_ranges  0x00000430       0x18 build/LAN9253_D51_SPI_Indirect_mode/production/_ext/14461671/sys_dma.o
 .debug_ranges  0x00000448       0x48 build/LAN9253_D51_SPI_Indirect_mode/production/_ext/1881668453/sys_int.o
 .debug_ranges  0x00000490       0x38 build/LAN9253_D51_SPI_Indirect_mode/production/_ext/1171490990/exceptions.o
 .debug_ranges  0x000004c8       0x10 build/LAN9253_D51_SPI_Indirect_mode/production/_ext/1171490990/initialization.o
 .debug_ranges  0x000004d8       0x10 build/LAN9253_D51_SPI_Indirect_mode/production/_ext/1171490990/interrupts.o
 .debug_ranges  0x000004e8       0x28 build/LAN9253_D51_SPI_Indirect_mode/production/_ext/1171490990/startup_xc32.o
 .debug_ranges  0x00000510       0x10 build/LAN9253_D51_SPI_Indirect_mode/production/_ext/1171490990/tasks.o
 .debug_ranges  0x00000520      0x180 build/LAN9253_D51_SPI_Indirect_mode/production/_ext/1671622979/Drivers.o
 .debug_ranges  0x000006a0       0x30 build/LAN9253_D51_SPI_Indirect_mode/production/_ext/108147519/ESC_Utils.o
 .debug_ranges  0x000006d0       0x80 build/LAN9253_D51_SPI_Indirect_mode/production/_ext/108147519/LAN925x.o
 .debug_ranges  0x00000750       0x28 build/LAN9253_D51_SPI_Indirect_mode/production/_ext/108134065/bootmode.o
 .debug_ranges  0x00000778       0x78 build/LAN9253_D51_SPI_Indirect_mode/production/_ext/108134065/coeappl.o
 .debug_ranges  0x000007f0       0x78 build/LAN9253_D51_SPI_Indirect_mode/production/_ext/108134065/ecatappl.o
 .debug_ranges  0x00000868       0x20 build/LAN9253_D51_SPI_Indirect_mode/production/_ext/108134065/ecatcoe.o
 .debug_ranges  0x00000888       0x80 build/LAN9253_D51_SPI_Indirect_mode/production/_ext/108134065/ecatfoe.o
 .debug_ranges  0x00000908       0xb8 build/LAN9253_D51_SPI_Indirect_mode/production/_ext/108134065/ecatslv.o
 .debug_ranges  0x000009c0       0x50 build/LAN9253_D51_SPI_Indirect_mode/production/_ext/108134065/emcy.o
 .debug_ranges  0x00000a10       0x38 build/LAN9253_D51_SPI_Indirect_mode/production/_ext/108134065/foeappl.o
 .debug_ranges  0x00000a48       0x70 build/LAN9253_D51_SPI_Indirect_mode/production/_ext/108134065/mailbox.o
 .debug_ranges  0x00000ab8       0x80 build/LAN9253_D51_SPI_Indirect_mode/production/_ext/108134065/objdef.o
 .debug_ranges  0x00000b38       0xa8 build/LAN9253_D51_SPI_Indirect_mode/production/_ext/108134065/sample_app.o
 .debug_ranges  0x00000be0       0x68 build/LAN9253_D51_SPI_Indirect_mode/production/_ext/108134065/sdoserv.o
 .debug_ranges  0x00000c48       0x10 build/LAN9253_D51_SPI_Indirect_mode/production/_ext/1360937237/main.o
 .debug_ranges  0x00000c58       0x30 build/LAN9253_D51_SPI_Indirect_mode/production/_ext/1360937237/app.o
 .debug_ranges  0x00000c88       0x10 c:/program files (x86)/microchip/xc32/v2.30/bin/bin/../../lib/gcc/pic32c/6.2.1/../../../../pic32c/lib/v7e-m/fpv4-sp/hard\libpic32c.a(data_init.o)
 .debug_ranges  0x00000c98       0x10 c:/program files (x86)/microchip/xc32/v2.30/bin/bin/../../lib/gcc/pic32c/6.2.1/../../../../pic32c/lib/v7e-m/fpv4-sp/hard\libc.a(lib_a-init.o)
 .debug_ranges  0x00000ca8       0x18 c:/program files (x86)/microchip/xc32/v2.30/bin/bin/../../lib/gcc/pic32c/6.2.1/../../../../pic32c/lib/v7e-m/fpv4-sp/hard\libc.a(lib_a-malloc.o)
 .debug_ranges  0x00000cc0       0x28 c:/program files (x86)/microchip/xc32/v2.30/bin/bin/../../lib/gcc/pic32c/6.2.1/../../../../pic32c/lib/v7e-m/fpv4-sp/hard\libc.a(lib_a-mallocr.o)
 .debug_ranges  0x00000ce8       0x10 c:/program files (x86)/microchip/xc32/v2.30/bin/bin/../../lib/gcc/pic32c/6.2.1/../../../../pic32c/lib/v7e-m/fpv4-sp/hard\libc.a(lib_a-memcpy-stub.o)
 .debug_ranges  0x00000cf8       0x10 c:/program files (x86)/microchip/xc32/v2.30/bin/bin/../../lib/gcc/pic32c/6.2.1/../../../../pic32c/lib/v7e-m/fpv4-sp/hard\libc.a(lib_a-memset.o)
 .debug_ranges  0x00000d08       0x10 c:/program files (x86)/microchip/xc32/v2.30/bin/bin/../../lib/gcc/pic32c/6.2.1/../../../../pic32c/lib/v7e-m/fpv4-sp/hard\libc.a(lib_a-mlock.o)
 .debug_ranges  0x00000d18       0x10 c:/program files (x86)/microchip/xc32/v2.30/bin/bin/../../lib/gcc/pic32c/6.2.1/../../../../pic32c/lib/v7e-m/fpv4-sp/hard\libc.a(lib_a-sbrkr.o)
 .debug_ranges  0x00000d28       0x18 c:/program files (x86)/microchip/xc32/v2.30/bin/bin/../../lib/gcc/pic32c/6.2.1/../../../../pic32c/lib/v7e-m/fpv4-sp/hard\libc.a(lib_a-freer.o)
 .debug_ranges  0x00000d40       0x48 c:/program files (x86)/microchip/xc32/v2.30/bin/bin/../../lib/gcc/pic32c/6.2.1/../../../../pic32c/lib/v7e-m/fpv4-sp/hard\libc.a(lib_a-reent.o)
 .debug_ranges  0x00000d88       0x10 c:/program files (x86)/microchip/xc32/v2.30/bin/bin/../../lib/gcc/pic32c/6.2.1/../../../../pic32c/lib/v7e-m/fpv4-sp/hard\libpic32c.a(sbrk.o)

.debug_line     0x00000000     0xaacd
 .debug_line    0x00000000      0xaf1 build/LAN9253_D51_SPI_Indirect_mode/production/_ext/2070931557/drv_spi.o
 .debug_line    0x00000af1      0x246 build/LAN9253_D51_SPI_Indirect_mode/production/_ext/1984496892/plib_clock.o
 .debug_line    0x00000d37      0x588 build/LAN9253_D51_SPI_Indirect_mode/production/_ext/1865161661/plib_dmac.o
 .debug_line    0x000012bf      0x20e build/LAN9253_D51_SPI_Indirect_mode/production/_ext/60167341/plib_eic.o
 .debug_line    0x000014cd      0x13b build/LAN9253_D51_SPI_Indirect_mode/production/_ext/1986646378/plib_evsys.o
 .debug_line    0x00001608      0x1da build/LAN9253_D51_SPI_Indirect_mode/production/_ext/1865468468/plib_nvic.o
 .debug_line    0x000017e2      0x379 build/LAN9253_D51_SPI_Indirect_mode/production/_ext/1593096446/plib_nvmctrl.o
 .debug_line    0x00001b5b      0x219 build/LAN9253_D51_SPI_Indirect_mode/production/_ext/1865521619/plib_port.o
 .debug_line    0x00001d74      0x4b0 build/LAN9253_D51_SPI_Indirect_mode/production/_ext/1865555181/plib_qspi_spi.o
 .debug_line    0x00002224      0x216 build/LAN9253_D51_SPI_Indirect_mode/production/_ext/1827571544/plib_systick.o
 .debug_line    0x0000243a      0x203 build/LAN9253_D51_SPI_Indirect_mode/production/_ext/14461671/sys_dma.o
 .debug_line    0x0000263d      0x291 build/LAN9253_D51_SPI_Indirect_mode/production/_ext/1881668453/sys_int.o
 .debug_line    0x000028ce      0x39e build/LAN9253_D51_SPI_Indirect_mode/production/_ext/1171490990/exceptions.o
 .debug_line    0x00002c6c      0x421 build/LAN9253_D51_SPI_Indirect_mode/production/_ext/1171490990/initialization.o
 .debug_line    0x0000308d      0x379 build/LAN9253_D51_SPI_Indirect_mode/production/_ext/1171490990/interrupts.o
 .debug_line    0x00003406      0x407 build/LAN9253_D51_SPI_Indirect_mode/production/_ext/1171490990/startup_xc32.o
 .debug_line    0x0000380d      0x348 build/LAN9253_D51_SPI_Indirect_mode/production/_ext/1171490990/tasks.o
 .debug_line    0x00003b55      0xa4a build/LAN9253_D51_SPI_Indirect_mode/production/_ext/1671622979/Drivers.o
 .debug_line    0x0000459f      0x402 build/LAN9253_D51_SPI_Indirect_mode/production/_ext/108147519/ESC_Utils.o
 .debug_line    0x000049a1      0x5af build/LAN9253_D51_SPI_Indirect_mode/production/_ext/108147519/LAN925x.o
 .debug_line    0x00004f50      0x19b build/LAN9253_D51_SPI_Indirect_mode/production/_ext/108134065/bootmode.o
 .debug_line    0x000050eb      0x50c build/LAN9253_D51_SPI_Indirect_mode/production/_ext/108134065/coeappl.o
 .debug_line    0x000055f7      0x56e build/LAN9253_D51_SPI_Indirect_mode/production/_ext/108134065/ecatappl.o
 .debug_line    0x00005b65      0x1b0 build/LAN9253_D51_SPI_Indirect_mode/production/_ext/108134065/ecatcoe.o
 .debug_line    0x00005d15      0x42c build/LAN9253_D51_SPI_Indirect_mode/production/_ext/108134065/ecatfoe.o
 .debug_line    0x00006141      0x9b3 build/LAN9253_D51_SPI_Indirect_mode/production/_ext/108134065/ecatslv.o
 .debug_line    0x00006af4      0x448 build/LAN9253_D51_SPI_Indirect_mode/production/_ext/108134065/emcy.o
 .debug_line    0x00006f3c      0x414 build/LAN9253_D51_SPI_Indirect_mode/production/_ext/108134065/foeappl.o
 .debug_line    0x00007350      0x596 build/LAN9253_D51_SPI_Indirect_mode/production/_ext/108134065/mailbox.o
 .debug_line    0x000078e6      0x71c build/LAN9253_D51_SPI_Indirect_mode/production/_ext/108134065/objdef.o
 .debug_line    0x00008002      0x5ac build/LAN9253_D51_SPI_Indirect_mode/production/_ext/108134065/sample_app.o
 .debug_line    0x000085ae      0x5fa build/LAN9253_D51_SPI_Indirect_mode/production/_ext/108134065/sdoserv.o
 .debug_line    0x00008ba8      0x34b build/LAN9253_D51_SPI_Indirect_mode/production/_ext/1360937237/main.o
 .debug_line    0x00008ef3      0x46c build/LAN9253_D51_SPI_Indirect_mode/production/_ext/1360937237/app.o
 .debug_line    0x0000935f       0xd8 c:/program files (x86)/microchip/xc32/v2.30/bin/bin/../../lib/gcc/pic32c/6.2.1/../../../../pic32c/lib/v7e-m/fpv4-sp/hard\libpic32c.a(data_init.o)
 .debug_line    0x00009437      0x11d c:/program files (x86)/microchip/xc32/v2.30/bin/bin/../../lib/gcc/pic32c/6.2.1/../../../../pic32c/lib/v7e-m/fpv4-sp/hard\libc.a(lib_a-init.o)
 .debug_line    0x00009554      0x21e c:/program files (x86)/microchip/xc32/v2.30/bin/bin/../../lib/gcc/pic32c/6.2.1/../../../../pic32c/lib/v7e-m/fpv4-sp/hard\libc.a(lib_a-malloc.o)
 .debug_line    0x00009772      0x347 c:/program files (x86)/microchip/xc32/v2.30/bin/bin/../../lib/gcc/pic32c/6.2.1/../../../../pic32c/lib/v7e-m/fpv4-sp/hard\libc.a(lib_a-mallocr.o)
 .debug_line    0x00009ab9      0x218 c:/program files (x86)/microchip/xc32/v2.30/bin/bin/../../lib/gcc/pic32c/6.2.1/../../../../pic32c/lib/v7e-m/fpv4-sp/hard\libc.a(lib_a-memcpy-stub.o)
 .debug_line    0x00009cd1      0x2ae c:/program files (x86)/microchip/xc32/v2.30/bin/bin/../../lib/gcc/pic32c/6.2.1/../../../../pic32c/lib/v7e-m/fpv4-sp/hard\libc.a(lib_a-memset.o)
 .debug_line    0x00009f7f      0x18d c:/program files (x86)/microchip/xc32/v2.30/bin/bin/../../lib/gcc/pic32c/6.2.1/../../../../pic32c/lib/v7e-m/fpv4-sp/hard\libc.a(lib_a-mlock.o)
 .debug_line    0x0000a10c      0x212 c:/program files (x86)/microchip/xc32/v2.30/bin/bin/../../lib/gcc/pic32c/6.2.1/../../../../pic32c/lib/v7e-m/fpv4-sp/hard\libc.a(lib_a-sbrkr.o)
 .debug_line    0x0000a31e       0xb1 c:/program files (x86)/microchip/xc32/v2.30/bin/bin/../../lib/gcc/pic32c/6.2.1/../../../../pic32c/lib/v7e-m/fpv4-sp/hard\libc.a(lib_a-strlen.o)
 .debug_line    0x0000a3cf      0x2a1 c:/program files (x86)/microchip/xc32/v2.30/bin/bin/../../lib/gcc/pic32c/6.2.1/../../../../pic32c/lib/v7e-m/fpv4-sp/hard\libc.a(lib_a-freer.o)
 .debug_line    0x0000a670      0x17e c:/program files (x86)/microchip/xc32/v2.30/bin/bin/../../lib/gcc/pic32c/6.2.1/../../../../pic32c/lib/v7e-m/fpv4-sp/hard\libc.a(lib_a-impure.o)
 .debug_line    0x0000a7ee      0x23d c:/program files (x86)/microchip/xc32/v2.30/bin/bin/../../lib/gcc/pic32c/6.2.1/../../../../pic32c/lib/v7e-m/fpv4-sp/hard\libc.a(lib_a-reent.o)
 .debug_line    0x0000aa2b       0xa2 c:/program files (x86)/microchip/xc32/v2.30/bin/bin/../../lib/gcc/pic32c/6.2.1/../../../../pic32c/lib/v7e-m/fpv4-sp/hard\libpic32c.a(sbrk.o)

.debug_str      0x00000000      0xa50
 .debug_str     0x00000000      0x192 build/LAN9253_D51_SPI_Indirect_mode/production/_ext/2070931557/drv_spi.o
 .debug_str     0x00000192       0x1e build/LAN9253_D51_SPI_Indirect_mode/production/_ext/1984496892/plib_clock.o
 .debug_str     0x000001b0       0x5a build/LAN9253_D51_SPI_Indirect_mode/production/_ext/1865161661/plib_dmac.o
 .debug_str     0x0000020a        0x9 build/LAN9253_D51_SPI_Indirect_mode/production/_ext/60167341/plib_eic.o
 .debug_str     0x00000213        0x0 build/LAN9253_D51_SPI_Indirect_mode/production/_ext/1986646378/plib_evsys.o
 .debug_str     0x00000213        0xa build/LAN9253_D51_SPI_Indirect_mode/production/_ext/1865468468/plib_nvic.o
 .debug_str     0x0000021d       0x29 build/LAN9253_D51_SPI_Indirect_mode/production/_ext/1593096446/plib_nvmctrl.o
 .debug_str     0x00000246        0xb build/LAN9253_D51_SPI_Indirect_mode/production/_ext/1865521619/plib_port.o
 .debug_str     0x00000251       0x62 build/LAN9253_D51_SPI_Indirect_mode/production/_ext/1865555181/plib_qspi_spi.o
 .debug_str     0x000002b3        0x9 build/LAN9253_D51_SPI_Indirect_mode/production/_ext/1827571544/plib_systick.o
 .debug_str     0x000002bc        0xe build/LAN9253_D51_SPI_Indirect_mode/production/_ext/14461671/sys_dma.o
 .debug_str     0x000002ca       0x10 build/LAN9253_D51_SPI_Indirect_mode/production/_ext/1881668453/sys_int.o
 .debug_str     0x000002da        0xe build/LAN9253_D51_SPI_Indirect_mode/production/_ext/1171490990/exceptions.o
 .debug_str     0x000002e8       0x1b build/LAN9253_D51_SPI_Indirect_mode/production/_ext/1171490990/initialization.o
 .debug_str     0x00000303        0xe build/LAN9253_D51_SPI_Indirect_mode/production/_ext/1171490990/interrupts.o
 .debug_str     0x00000311        0xe build/LAN9253_D51_SPI_Indirect_mode/production/_ext/1171490990/startup_xc32.o
 .debug_str     0x0000031f        0xe build/LAN9253_D51_SPI_Indirect_mode/production/_ext/1171490990/tasks.o
 .debug_str     0x0000032d       0xf8 build/LAN9253_D51_SPI_Indirect_mode/production/_ext/1671622979/Drivers.o
 .debug_str     0x00000425        0xe build/LAN9253_D51_SPI_Indirect_mode/production/_ext/108147519/ESC_Utils.o
 .debug_str     0x00000433       0x55 build/LAN9253_D51_SPI_Indirect_mode/production/_ext/108147519/LAN925x.o
 .debug_str     0x00000488        0xe build/LAN9253_D51_SPI_Indirect_mode/production/_ext/108134065/bootmode.o
 .debug_str     0x00000496       0x48 build/LAN9253_D51_SPI_Indirect_mode/production/_ext/108134065/coeappl.o
 .debug_str     0x000004de       0x42 build/LAN9253_D51_SPI_Indirect_mode/production/_ext/108134065/ecatappl.o
 .debug_str     0x00000520       0x35 build/LAN9253_D51_SPI_Indirect_mode/production/_ext/108134065/ecatcoe.o
 .debug_str     0x00000555       0x24 build/LAN9253_D51_SPI_Indirect_mode/production/_ext/108134065/ecatfoe.o
 .debug_str     0x00000579       0x6b build/LAN9253_D51_SPI_Indirect_mode/production/_ext/108134065/ecatslv.o
 .debug_str     0x000005e4       0x2d build/LAN9253_D51_SPI_Indirect_mode/production/_ext/108134065/emcy.o
 .debug_str     0x00000611       0x31 build/LAN9253_D51_SPI_Indirect_mode/production/_ext/108134065/foeappl.o
 .debug_str     0x00000642       0x50 build/LAN9253_D51_SPI_Indirect_mode/production/_ext/108134065/mailbox.o
 .debug_str     0x00000692       0xa5 build/LAN9253_D51_SPI_Indirect_mode/production/_ext/108134065/objdef.o
 .debug_str     0x00000737       0x5c build/LAN9253_D51_SPI_Indirect_mode/production/_ext/108134065/sample_app.o
 .debug_str     0x00000793       0xa8 build/LAN9253_D51_SPI_Indirect_mode/production/_ext/108134065/sdoserv.o
 .debug_str     0x0000083b        0xe build/LAN9253_D51_SPI_Indirect_mode/production/_ext/1360937237/main.o
 .debug_str     0x00000849       0x24 build/LAN9253_D51_SPI_Indirect_mode/production/_ext/1360937237/app.o
 .debug_str     0x0000086d        0x0 c:/program files (x86)/microchip/xc32/v2.30/bin/bin/../../lib/gcc/pic32c/6.2.1/../../../../pic32c/lib/v7e-m/fpv4-sp/hard\libpic32c.a(data_init.o)
 .debug_str     0x0000086d        0x0 c:/program files (x86)/microchip/xc32/v2.30/bin/bin/../../lib/gcc/pic32c/6.2.1/../../../../pic32c/lib/v7e-m/fpv4-sp/hard\libc.a(lib_a-init.o)
 .debug_str     0x0000086d       0x18 c:/program files (x86)/microchip/xc32/v2.30/bin/bin/../../lib/gcc/pic32c/6.2.1/../../../../pic32c/lib/v7e-m/fpv4-sp/hard\libc.a(lib_a-malloc.o)
 .debug_str     0x00000885       0x36 c:/program files (x86)/microchip/xc32/v2.30/bin/bin/../../lib/gcc/pic32c/6.2.1/../../../../pic32c/lib/v7e-m/fpv4-sp/hard\libc.a(lib_a-mallocr.o)
 .debug_str     0x000008bb        0xe c:/program files (x86)/microchip/xc32/v2.30/bin/bin/../../lib/gcc/pic32c/6.2.1/../../../../pic32c/lib/v7e-m/fpv4-sp/hard\libc.a(lib_a-memcpy-stub.o)
 .debug_str     0x000008c9      0x119 c:/program files (x86)/microchip/xc32/v2.30/bin/bin/../../lib/gcc/pic32c/6.2.1/../../../../pic32c/lib/v7e-m/fpv4-sp/hard\libc.a(lib_a-memset.o)
 .debug_str     0x000009e2        0xe c:/program files (x86)/microchip/xc32/v2.30/bin/bin/../../lib/gcc/pic32c/6.2.1/../../../../pic32c/lib/v7e-m/fpv4-sp/hard\libc.a(lib_a-mlock.o)
 .debug_str     0x000009f0        0xe c:/program files (x86)/microchip/xc32/v2.30/bin/bin/../../lib/gcc/pic32c/6.2.1/../../../../pic32c/lib/v7e-m/fpv4-sp/hard\libc.a(lib_a-sbrkr.o)
 .debug_str     0x000009fe       0x36 c:/program files (x86)/microchip/xc32/v2.30/bin/bin/../../lib/gcc/pic32c/6.2.1/../../../../pic32c/lib/v7e-m/fpv4-sp/hard\libc.a(lib_a-freer.o)
 .debug_str     0x00000a34        0xe c:/program files (x86)/microchip/xc32/v2.30/bin/bin/../../lib/gcc/pic32c/6.2.1/../../../../pic32c/lib/v7e-m/fpv4-sp/hard\libc.a(lib_a-impure.o)
 .debug_str     0x00000a42        0xe c:/program files (x86)/microchip/xc32/v2.30/bin/bin/../../lib/gcc/pic32c/6.2.1/../../../../pic32c/lib/v7e-m/fpv4-sp/hard\libc.a(lib_a-reent.o)
 .debug_str     0x00000a50        0x0 c:/program files (x86)/microchip/xc32/v2.30/bin/bin/../../lib/gcc/pic32c/6.2.1/../../../../pic32c/lib/v7e-m/fpv4-sp/hard\libpic32c.a(sbrk.o)

.debug_frame    0x00000000     0x3408
 .debug_frame   0x00000000      0x5c4 build/LAN9253_D51_SPI_Indirect_mode/production/_ext/2070931557/drv_spi.o
 .debug_frame   0x000005c4      0x10c build/LAN9253_D51_SPI_Indirect_mode/production/_ext/1984496892/plib_clock.o
 .debug_frame   0x000006d0      0x2ac build/LAN9253_D51_SPI_Indirect_mode/production/_ext/1865161661/plib_dmac.o
 .debug_frame   0x0000097c       0xfc build/LAN9253_D51_SPI_Indirect_mode/production/_ext/60167341/plib_eic.o
 .debug_frame   0x00000a78       0x30 build/LAN9253_D51_SPI_Indirect_mode/production/_ext/1986646378/plib_evsys.o
 .debug_frame   0x00000aa8       0xa4 build/LAN9253_D51_SPI_Indirect_mode/production/_ext/1865468468/plib_nvic.o
 .debug_frame   0x00000b4c      0x2ac build/LAN9253_D51_SPI_Indirect_mode/production/_ext/1593096446/plib_nvmctrl.o
 .debug_frame   0x00000df8      0x170 build/LAN9253_D51_SPI_Indirect_mode/production/_ext/1865521619/plib_port.o
 .debug_frame   0x00000f68      0x138 build/LAN9253_D51_SPI_Indirect_mode/production/_ext/1865555181/plib_qspi_spi.o
 .debug_frame   0x000010a0      0x184 build/LAN9253_D51_SPI_Indirect_mode/production/_ext/1827571544/plib_systick.o
 .debug_frame   0x00001224       0x58 build/LAN9253_D51_SPI_Indirect_mode/production/_ext/14461671/sys_dma.o
 .debug_frame   0x0000127c      0x140 build/LAN9253_D51_SPI_Indirect_mode/production/_ext/1881668453/sys_int.o
 .debug_frame   0x000013bc       0xa0 build/LAN9253_D51_SPI_Indirect_mode/production/_ext/1171490990/exceptions.o
 .debug_frame   0x0000145c       0x34 build/LAN9253_D51_SPI_Indirect_mode/production/_ext/1171490990/initialization.o
 .debug_frame   0x00001490       0x20 build/LAN9253_D51_SPI_Indirect_mode/production/_ext/1171490990/interrupts.o
 .debug_frame   0x000014b0       0x98 build/LAN9253_D51_SPI_Indirect_mode/production/_ext/1171490990/startup_xc32.o
 .debug_frame   0x00001548       0x2c build/LAN9253_D51_SPI_Indirect_mode/production/_ext/1171490990/tasks.o
 .debug_frame   0x00001574      0x6a8 build/LAN9253_D51_SPI_Indirect_mode/production/_ext/1671622979/Drivers.o
 .debug_frame   0x00001c1c       0xb4 build/LAN9253_D51_SPI_Indirect_mode/production/_ext/108147519/ESC_Utils.o
 .debug_frame   0x00001cd0      0x22c build/LAN9253_D51_SPI_Indirect_mode/production/_ext/108147519/LAN925x.o
 .debug_frame   0x00001efc       0xa8 build/LAN9253_D51_SPI_Indirect_mode/production/_ext/108134065/bootmode.o
 .debug_frame   0x00001fa4      0x1a8 build/LAN9253_D51_SPI_Indirect_mode/production/_ext/108134065/coeappl.o
 .debug_frame   0x0000214c      0x180 build/LAN9253_D51_SPI_Indirect_mode/production/_ext/108134065/ecatappl.o
 .debug_frame   0x000022cc       0x78 build/LAN9253_D51_SPI_Indirect_mode/production/_ext/108134065/ecatcoe.o
 .debug_frame   0x00002344       0x7c build/LAN9253_D51_SPI_Indirect_mode/production/_ext/108134065/ecatfoe.o
 .debug_frame   0x000023c0      0x320 build/LAN9253_D51_SPI_Indirect_mode/production/_ext/108134065/ecatslv.o
 .debug_frame   0x000026e0      0x160 build/LAN9253_D51_SPI_Indirect_mode/production/_ext/108134065/emcy.o
 .debug_frame   0x00002840       0xec build/LAN9253_D51_SPI_Indirect_mode/production/_ext/108134065/foeappl.o
 .debug_frame   0x0000292c      0x1ec build/LAN9253_D51_SPI_Indirect_mode/production/_ext/108134065/mailbox.o
 .debug_frame   0x00002b18      0x1e8 build/LAN9253_D51_SPI_Indirect_mode/production/_ext/108134065/objdef.o
 .debug_frame   0x00002d00      0x2c4 build/LAN9253_D51_SPI_Indirect_mode/production/_ext/108134065/sample_app.o
 .debug_frame   0x00002fc4      0x120 build/LAN9253_D51_SPI_Indirect_mode/production/_ext/108134065/sdoserv.o
 .debug_frame   0x000030e4       0x2c build/LAN9253_D51_SPI_Indirect_mode/production/_ext/1360937237/main.o
 .debug_frame   0x00003110       0xb4 build/LAN9253_D51_SPI_Indirect_mode/production/_ext/1360937237/app.o
 .debug_frame   0x000031c4       0x2c c:/program files (x86)/microchip/xc32/v2.30/bin/bin/../../lib/gcc/pic32c/6.2.1/../../../../pic32c/lib/v7e-m/fpv4-sp/hard\libpic32c.a(data_init.o)
 .debug_frame   0x000031f0       0x2c c:/program files (x86)/microchip/xc32/v2.30/bin/bin/../../lib/gcc/pic32c/6.2.1/../../../../pic32c/lib/v7e-m/fpv4-sp/hard\libc.a(lib_a-init.o)
 .debug_frame   0x0000321c       0x30 c:/program files (x86)/microchip/xc32/v2.30/bin/bin/../../lib/gcc/pic32c/6.2.1/../../../../pic32c/lib/v7e-m/fpv4-sp/hard\libc.a(lib_a-malloc.o)
 .debug_frame   0x0000324c       0x40 c:/program files (x86)/microchip/xc32/v2.30/bin/bin/../../lib/gcc/pic32c/6.2.1/../../../../pic32c/lib/v7e-m/fpv4-sp/hard\libc.a(lib_a-mallocr.o)
 .debug_frame   0x0000328c       0x28 c:/program files (x86)/microchip/xc32/v2.30/bin/bin/../../lib/gcc/pic32c/6.2.1/../../../../pic32c/lib/v7e-m/fpv4-sp/hard\libc.a(lib_a-memcpy-stub.o)
 .debug_frame   0x000032b4       0x20 c:/program files (x86)/microchip/xc32/v2.30/bin/bin/../../lib/gcc/pic32c/6.2.1/../../../../pic32c/lib/v7e-m/fpv4-sp/hard\libc.a(lib_a-memset.o)
 .debug_frame   0x000032d4       0x30 c:/program files (x86)/microchip/xc32/v2.30/bin/bin/../../lib/gcc/pic32c/6.2.1/../../../../pic32c/lib/v7e-m/fpv4-sp/hard\libc.a(lib_a-mlock.o)
 .debug_frame   0x00003304       0x2c c:/program files (x86)/microchip/xc32/v2.30/bin/bin/../../lib/gcc/pic32c/6.2.1/../../../../pic32c/lib/v7e-m/fpv4-sp/hard\libc.a(lib_a-sbrkr.o)
 .debug_frame   0x00003330       0x5c c:/program files (x86)/microchip/xc32/v2.30/bin/bin/../../lib/gcc/pic32c/6.2.1/../../../../pic32c/lib/v7e-m/fpv4-sp/hard\libc.a(lib_a-freer.o)
 .debug_frame   0x0000338c       0x5c c:/program files (x86)/microchip/xc32/v2.30/bin/bin/../../lib/gcc/pic32c/6.2.1/../../../../pic32c/lib/v7e-m/fpv4-sp/hard\libc.a(lib_a-reent.o)
 .debug_frame   0x000033e8       0x20 c:/program files (x86)/microchip/xc32/v2.30/bin/bin/../../lib/gcc/pic32c/6.2.1/../../../../pic32c/lib/v7e-m/fpv4-sp/hard\libpic32c.a(sbrk.o)

.stack          0x20005588      0x100
 .stack         0x20005588      0x100 stack

.data.impure_data%1
                0x20003db0      0x418
 .data.impure_data
                0x20003db0      0x418 c:/program files (x86)/microchip/xc32/v2.30/bin/bin/../../lib/gcc/pic32c/6.2.1/../../../../pic32c/lib/v7e-m/fpv4-sp/hard\libc.a(lib_a-impure.o)

.data.__malloc_av_%2
                0x200041c8      0x408
 .data.__malloc_av_
                0x200041c8      0x408 c:/program files (x86)/microchip/xc32/v2.30/bin/bin/../../lib/gcc/pic32c/6.2.1/../../../../pic32c/lib/v7e-m/fpv4-sp/hard\libc.a(lib_a-mallocr.o)
                0x200041c8                __malloc_av_

.data.OutputsProcessDataMapping0x1601%3
                0x200045d0      0x204
 .data.OutputsProcessDataMapping0x1601
                0x200045d0      0x204 build/LAN9253_D51_SPI_Indirect_mode/production/_ext/108134065/sample_app.o
                0x200045d0                OutputsProcessDataMapping0x1601

.data.InputsProcessDataMapping0x1A00%4
                0x200047d4      0x204
 .data.InputsProcessDataMapping0x1A00
                0x200047d4      0x204 build/LAN9253_D51_SPI_Indirect_mode/production/_ext/108134065/sample_app.o
                0x200047d4                InputsProcessDataMapping0x1A00

.data.Inputs0x6000%5
                0x200049d8      0x204
 .data.Inputs0x6000
                0x200049d8      0x204 build/LAN9253_D51_SPI_Indirect_mode/production/_ext/108134065/sample_app.o
                0x200049d8                Inputs0x6000

.data.Outputs0x7010%6
                0x20004bdc      0x204
 .data.Outputs0x7010
                0x20004bdc      0x204 build/LAN9253_D51_SPI_Indirect_mode/production/_ext/108134065/sample_app.o
                0x20004bdc                Outputs0x7010

.data.GenObjDic%7
                0x20004de0      0x1e0
 .data.GenObjDic
                0x20004de0      0x1e0 build/LAN9253_D51_SPI_Indirect_mode/production/_ext/108134065/coeappl.o
                0x20004de0                GenObjDic

.data.ApplicationObjDic%8
                0x20004fc0      0x118
 .data.ApplicationObjDic
                0x20004fc0      0x118 build/LAN9253_D51_SPI_Indirect_mode/production/_ext/108134065/coeappl.o
                0x20004fc0                ApplicationObjDic

.bss.drvSPI0TransferObjPool%9
                0x200050d8       0x90
 .bss.drvSPI0TransferObjPool
                0x200050d8       0x90 build/LAN9253_D51_SPI_Indirect_mode/production/_ext/1171490990/initialization.o

.bss.gDrvSPIObj%10
                0x20005168       0x6c
 .bss.gDrvSPIObj
                0x20005168       0x6c build/LAN9253_D51_SPI_Indirect_mode/production/_ext/2070931557/drv_spi.o

.bss.drvSPI0ClientObjPool%11
                0x200051d4       0x28
 .bss.drvSPI0ClientObjPool
                0x200051d4       0x28 build/LAN9253_D51_SPI_Indirect_mode/production/_ext/1171490990/initialization.o

.bss.__malloc_current_mallinfo%12
                0x200051fc       0x28
 .bss.__malloc_current_mallinfo
                0x200051fc       0x28 c:/program files (x86)/microchip/xc32/v2.30/bin/bin/../../lib/gcc/pic32c/6.2.1/../../../../pic32c/lib/v7e-m/fpv4-sp/hard\libc.a(lib_a-mallocr.o)
                0x200051fc                __malloc_current_mallinfo

.data.gau8DummyCntArr%13
                0x20005224       0x27
 .data.gau8DummyCntArr
                0x20005224       0x27 build/LAN9253_D51_SPI_Indirect_mode/production/_ext/108147519/LAN925x.o
                0x20005224                gau8DummyCntArr

.bss.txDummyData%14
                0x20005250       0x20
 .bss.txDummyData
                0x20005250       0x20 build/LAN9253_D51_SPI_Indirect_mode/production/_ext/2070931557/drv_spi.o

.bss._write_back_section%15
                0x20005270       0x20
 .bss._write_back_section
                0x20005270       0x20 build/LAN9253_D51_SPI_Indirect_mode/production/_ext/1865161661/plib_dmac.o

.bss.descriptor_section%16
                0x20005290       0x20
 .bss.descriptor_section
                0x20005290       0x20 build/LAN9253_D51_SPI_Indirect_mode/production/_ext/1865161661/plib_dmac.o

.bss%17         0x200052b0       0x1c
 .bss           0x200052b0       0x1c c:/program files (x86)/microchip/xc32/v2.30/bin/bin/../../lib/gcc/pic32c/6.2.1/v7e-m/fpv4-sp/hard/crtbegin.o

.data.acDevicename%18
                0x200052cc       0x16
 .data.acDevicename
                0x200052cc       0x16 build/LAN9253_D51_SPI_Indirect_mode/production/_ext/108134065/coeappl.o
                0x200052cc                acDevicename

.data.sIdentity%19
                0x200052e4       0x14
 .data.sIdentity
                0x200052e4       0x14 build/LAN9253_D51_SPI_Indirect_mode/production/_ext/108134065/coeappl.o
                0x200052e4                sIdentity

.data.aSubindexDesc%20
                0x200052f8        0xd
 .data.aSubindexDesc
                0x200052f8        0xd build/LAN9253_D51_SPI_Indirect_mode/production/_ext/108134065/objdef.o
                0x200052f8                aSubindexDesc

.data.sErrorSettings%21
                0x20005308        0xc
 .data.sErrorSettings
                0x20005308        0xc build/LAN9253_D51_SPI_Indirect_mode/production/_ext/108134065/objdef.o
                0x20005308                sErrorSettings

.bss.u64Timestamp%22
                0x20005318        0x8
 .bss.u64Timestamp
                0x20005318        0x8 build/LAN9253_D51_SPI_Indirect_mode/production/_ext/108134065/coeappl.o
                0x20005318                u64Timestamp

.data.sSyncmanagertype%23
                0x20005320        0x6
 .data.sSyncmanagertype
                0x20005320        0x6 build/LAN9253_D51_SPI_Indirect_mode/production/_ext/108134065/coeappl.o
                0x20005320                sSyncmanagertype

.data.u32Devicetype%24
                0x20003dac        0x4
 .data.u32Devicetype
                0x20003dac        0x4 build/LAN9253_D51_SPI_Indirect_mode/production/_ext/108134065/coeappl.o
                0x20003dac                u32Devicetype

.data.acHardwareversion%25
                0x20005314        0x4
 .data.acHardwareversion
                0x20005314        0x4 build/LAN9253_D51_SPI_Indirect_mode/production/_ext/108134065/coeappl.o
                0x20005314                acHardwareversion

.data.acSoftwareversion%26
                0x2000524c        0x4
 .data.acSoftwareversion
                0x2000524c        0x4 build/LAN9253_D51_SPI_Indirect_mode/production/_ext/108134065/coeappl.o
                0x2000524c                acSoftwareversion

.bss.ObjDicList%27
                0x20005328        0x4
 .bss.ObjDicList
                0x20005328        0x4 build/LAN9253_D51_SPI_Indirect_mode/production/_ext/108134065/coeappl.o
                0x20005328                ObjDicList

.bss.SMActivate%28
                0x2000532c        0x4
 .bss.SMActivate
                0x2000532c        0x4 build/LAN9253_D51_SPI_Indirect_mode/production/_ext/108134065/ecatslv.o
                0x2000532c                SMActivate

.data.sRxPDOassign%29
                0x20005330        0x4
 .data.sRxPDOassign
                0x20005330        0x4 build/LAN9253_D51_SPI_Indirect_mode/production/_ext/108134065/sample_app.o
                0x20005330                sRxPDOassign

.data.sTxPDOassign%30
                0x20005334        0x4
 .data.sTxPDOassign
                0x20005334        0x4 build/LAN9253_D51_SPI_Indirect_mode/production/_ext/108134065/sample_app.o
                0x20005334                sTxPDOassign

.bss.gTriggerCounterValMeasure%31
                0x20005338        0x4
 .bss.gTriggerCounterValMeasure
                0x20005338        0x4 build/LAN9253_D51_SPI_Indirect_mode/production/_ext/108134065/sample_app.o
                0x20005338                gTriggerCounterValMeasure

.data.gFOETestFrameSize%32
                0x2000533c        0x4
 .data.gFOETestFrameSize
                0x2000533c        0x4 build/LAN9253_D51_SPI_Indirect_mode/production/_ext/108134065/sample_app.o
                0x2000533c                gFOETestFrameSize

.bss.nFileWriteOffset%33
                0x20005340        0x4
 .bss.nFileWriteOffset
                0x20005340        0x4 build/LAN9253_D51_SPI_Indirect_mode/production/_ext/108134065/sample_app.o
                0x20005340                nFileWriteOffset

.bss.nFileStartWriteAddress%34
                0x20005344        0x4
 .bss.nFileStartWriteAddress
                0x20005344        0x4 build/LAN9253_D51_SPI_Indirect_mode/production/_ext/108134065/sample_app.o
                0x20005344                nFileStartWriteAddress

.bss.u32FileSize%35
                0x20005348        0x4
 .bss.u32FileSize
                0x20005348        0x4 build/LAN9253_D51_SPI_Indirect_mode/production/_ext/108134065/sample_app.o
                0x20005348                u32FileSize

.bss.__malloc_max_sbrked_mem%36
                0x2000534c        0x4
 .bss.__malloc_max_sbrked_mem
                0x2000534c        0x4 c:/program files (x86)/microchip/xc32/v2.30/bin/bin/../../lib/gcc/pic32c/6.2.1/../../../../pic32c/lib/v7e-m/fpv4-sp/hard\libc.a(lib_a-mallocr.o)
                0x2000534c                __malloc_max_sbrked_mem

.bss.__malloc_max_total_mem%37
                0x20005350        0x4
 .bss.__malloc_max_total_mem
                0x20005350        0x4 c:/program files (x86)/microchip/xc32/v2.30/bin/bin/../../lib/gcc/pic32c/6.2.1/../../../../pic32c/lib/v7e-m/fpv4-sp/hard\libc.a(lib_a-mallocr.o)
                0x20005350                __malloc_max_total_mem

.bss.__malloc_top_pad%38
                0x20005354        0x4
 .bss.__malloc_top_pad
                0x20005354        0x4 c:/program files (x86)/microchip/xc32/v2.30/bin/bin/../../lib/gcc/pic32c/6.2.1/../../../../pic32c/lib/v7e-m/fpv4-sp/hard\libc.a(lib_a-mallocr.o)
                0x20005354                __malloc_top_pad

.data.__malloc_sbrk_base%39
                0x20005358        0x4
 .data.__malloc_sbrk_base
                0x20005358        0x4 c:/program files (x86)/microchip/xc32/v2.30/bin/bin/../../lib/gcc/pic32c/6.2.1/../../../../pic32c/lib/v7e-m/fpv4-sp/hard\libc.a(lib_a-mallocr.o)
                0x20005358                __malloc_sbrk_base

.data.__malloc_trim_threshold%40
                0x2000535c        0x4
 .data.__malloc_trim_threshold
                0x2000535c        0x4 c:/program files (x86)/microchip/xc32/v2.30/bin/bin/../../lib/gcc/pic32c/6.2.1/../../../../pic32c/lib/v7e-m/fpv4-sp/hard\libc.a(lib_a-mallocr.o)
                0x2000535c                __malloc_trim_threshold

.data._impure_ptr%41
                0x20005360        0x4
 .data._impure_ptr
                0x20005360        0x4 c:/program files (x86)/microchip/xc32/v2.30/bin/bin/../../lib/gcc/pic32c/6.2.1/../../../../pic32c/lib/v7e-m/fpv4-sp/hard\libc.a(lib_a-impure.o)
                0x20005360                _impure_ptr

.bss%42         0x20005364        0x4
 .bss           0x20005364        0x4 c:/program files (x86)/microchip/xc32/v2.30/bin/bin/../../lib/gcc/pic32c/6.2.1/../../../../pic32c/lib/v7e-m/fpv4-sp/hard\libpic32c.a(sbrk.o)

.bss.nvm_error%43
                0x200052e2        0x2
 .bss.nvm_error
                0x200052e2        0x2 build/LAN9253_D51_SPI_Indirect_mode/production/_ext/1593096446/plib_nvmctrl.o

.bss.u16ErrorRegister%44
                0x20005326        0x2
 .bss.u16ErrorRegister
                0x20005326        0x2 build/LAN9253_D51_SPI_Indirect_mode/production/_ext/108134065/coeappl.o
                0x20005326                u16ErrorRegister

.data.gis_Tx_DMAComplete%45
                0x2000524b        0x1
 .data.gis_Tx_DMAComplete
                0x2000524b        0x1 build/LAN9253_D51_SPI_Indirect_mode/production/_ext/2070931557/drv_spi.o
                0x2000524b                gis_Tx_DMAComplete

.data.gis_Rx_DMAComplete%46
                0x20005305        0x1
 .data.gis_Rx_DMAComplete
                0x20005305        0x1 build/LAN9253_D51_SPI_Indirect_mode/production/_ext/2070931557/drv_spi.o
                0x20005305                gis_Rx_DMAComplete

.bss.isLastByteTransferInProgress.9878%47
                0x20005306        0x1
 .bss.isLastByteTransferInProgress.9878
                0x20005306        0x1 build/LAN9253_D51_SPI_Indirect_mode/production/_ext/1865555181/plib_qspi_spi.o

.bss.gchEtherCATQSPITransmission%48
                0x20005307        0x1
 .bss.gchEtherCATQSPITransmission
                0x20005307        0x1 build/LAN9253_D51_SPI_Indirect_mode/production/_ext/1671622979/Drivers.o
                0x20005307                gchEtherCATQSPITransmission

.bss.gbALEvtOpEnabled%49
                0x20005368        0x1
 .bss.gbALEvtOpEnabled
                0x20005368        0x1 build/LAN9253_D51_SPI_Indirect_mode/production/_ext/108147519/LAN925x.o
                0x20005368                gbALEvtOpEnabled

.bss.bInitFinished%50
                0x20005369        0x1
 .bss.bInitFinished
                0x20005369        0x1 build/LAN9253_D51_SPI_Indirect_mode/production/_ext/108134065/ecatappl.o
                0x20005369                bInitFinished

.bss.EepromLoaded%51
                0x2000536a        0x1
 .bss.EepromLoaded
                0x2000536a        0x1 build/LAN9253_D51_SPI_Indirect_mode/production/_ext/108134065/ecatslv.o
                0x2000536a                EepromLoaded

.bss.gFirmwareDownload_Started%52
                0x2000536b        0x1
 .bss.gFirmwareDownload_Started
                0x2000536b        0x1 build/LAN9253_D51_SPI_Indirect_mode/production/_ext/108134065/sample_app.o
                0x2000536b                gFirmwareDownload_Started

.bss.gFirmwareDownload_Finished%53
                0x2000536c        0x1
 .bss.gFirmwareDownload_Finished
                0x2000536c        0x1 build/LAN9253_D51_SPI_Indirect_mode/production/_ext/108134065/sample_app.o