Archive member included to satisfy reference by file (symbol)

c:/program files (x86)/microchip/xc32/v2.30/bin/bin/../../lib/gcc/pic32c/6.2.1/../../../../pic32c/lib/v7e-m/fpv4-sp/hard\libpic32c.a(data_init.o)
                              build/LAN9253_D51_SQI_direct_mode/production/_ext/1171490990/startup_xc32.o (__pic32c_data_initialization)
c:/program files (x86)/microchip/xc32/v2.30/bin/bin/../../lib/gcc/pic32c/6.2.1/../../../../pic32c/lib/v7e-m/fpv4-sp/hard\libc.a(lib_a-init.o)
                              build/LAN9253_D51_SQI_direct_mode/production/_ext/1171490990/startup_xc32.o (__libc_init_array)
c:/program files (x86)/microchip/xc32/v2.30/bin/bin/../../lib/gcc/pic32c/6.2.1/../../../../pic32c/lib/v7e-m/fpv4-sp/hard\libc.a(lib_a-malloc.o)
                              build/LAN9253_D51_SQI_direct_mode/production/_ext/108134065/ecatcoe.o (malloc)
c:/program files (x86)/microchip/xc32/v2.30/bin/bin/../../lib/gcc/pic32c/6.2.1/../../../../pic32c/lib/v7e-m/fpv4-sp/hard\libc.a(lib_a-mallocr.o)
                              c:/program files (x86)/microchip/xc32/v2.30/bin/bin/../../lib/gcc/pic32c/6.2.1/../../../../pic32c/lib/v7e-m/fpv4-sp/hard\libc.a(lib_a-malloc.o) (_malloc_r)
c:/program files (x86)/microchip/xc32/v2.30/bin/bin/../../lib/gcc/pic32c/6.2.1/../../../../pic32c/lib/v7e-m/fpv4-sp/hard\libc.a(lib_a-memcpy-stub.o)
                              build/LAN9253_D51_SQI_direct_mode/production/_ext/1593096446/plib_nvmctrl.o (memcpy)
c:/program files (x86)/microchip/xc32/v2.30/bin/bin/../../lib/gcc/pic32c/6.2.1/../../../../pic32c/lib/v7e-m/fpv4-sp/hard\libc.a(lib_a-memset.o)
                              build/LAN9253_D51_SQI_direct_mode/production/_ext/1671622979/Drivers.o (memset)
c:/program files (x86)/microchip/xc32/v2.30/bin/bin/../../lib/gcc/pic32c/6.2.1/../../../../pic32c/lib/v7e-m/fpv4-sp/hard\libc.a(lib_a-mlock.o)
                              c:/program files (x86)/microchip/xc32/v2.30/bin/bin/../../lib/gcc/pic32c/6.2.1/../../../../pic32c/lib/v7e-m/fpv4-sp/hard\libc.a(lib_a-mallocr.o) (__malloc_lock)
c:/program files (x86)/microchip/xc32/v2.30/bin/bin/../../lib/gcc/pic32c/6.2.1/../../../../pic32c/lib/v7e-m/fpv4-sp/hard\libc.a(lib_a-sbrkr.o)
                              c:/program files (x86)/microchip/xc32/v2.30/bin/bin/../../lib/gcc/pic32c/6.2.1/../../../../pic32c/lib/v7e-m/fpv4-sp/hard\libc.a(lib_a-mallocr.o) (_sbrk_r)
c:/program files (x86)/microchip/xc32/v2.30/bin/bin/../../lib/gcc/pic32c/6.2.1/../../../../pic32c/lib/v7e-m/fpv4-sp/hard\libc.a(lib_a-strlen.o)
                              build/LAN9253_D51_SQI_direct_mode/production/_ext/108134065/objdef.o (strlen)
c:/program files (x86)/microchip/xc32/v2.30/bin/bin/../../lib/gcc/pic32c/6.2.1/../../../../pic32c/lib/v7e-m/fpv4-sp/hard\libc.a(lib_a-freer.o)
                              c:/program files (x86)/microchip/xc32/v2.30/bin/bin/../../lib/gcc/pic32c/6.2.1/../../../../pic32c/lib/v7e-m/fpv4-sp/hard\libc.a(lib_a-malloc.o) (_free_r)
c:/program files (x86)/microchip/xc32/v2.30/bin/bin/../../lib/gcc/pic32c/6.2.1/../../../../pic32c/lib/v7e-m/fpv4-sp/hard\libc.a(lib_a-impure.o)
                              c:/program files (x86)/microchip/xc32/v2.30/bin/bin/../../lib/gcc/pic32c/6.2.1/../../../../pic32c/lib/v7e-m/fpv4-sp/hard\libc.a(lib_a-malloc.o) (_impure_ptr)
c:/program files (x86)/microchip/xc32/v2.30/bin/bin/../../lib/gcc/pic32c/6.2.1/../../../../pic32c/lib/v7e-m/fpv4-sp/hard\libc.a(lib_a-reent.o)
                              c:/program files (x86)/microchip/xc32/v2.30/bin/bin/../../lib/gcc/pic32c/6.2.1/../../../../pic32c/lib/v7e-m/fpv4-sp/hard\libc.a(lib_a-sbrkr.o) (errno)
c:/program files (x86)/microchip/xc32/v2.30/bin/bin/../../lib/gcc/pic32c/6.2.1/../../../../pic32c/lib/v7e-m/fpv4-sp/hard\libpic32c.a(sbrk.o)
                              c:/program files (x86)/microchip/xc32/v2.30/bin/bin/../../lib/gcc/pic32c/6.2.1/../../../../pic32c/lib/v7e-m/fpv4-sp/hard\libc.a(lib_a-sbrkr.o) (_sbrk)

Allocating common symbols
Common symbol       size              file

b3BufferMode        0x1               build/LAN9253_D51_SQI_direct_mode/production/_ext/108134065/ecatslv.o
nEcatStateTrans     0x2               build/LAN9253_D51_SQI_direct_mode/production/_ext/108134065/ecatslv.o
EcatWdCounter       0x2               build/LAN9253_D51_SQI_direct_mode/production/_ext/108134065/ecatslv.o
sSendEmcyQueue      0x10              build/LAN9253_D51_SQI_direct_mode/production/_ext/108134065/emcy.o
bApplEsmPending     0x1               build/LAN9253_D51_SQI_direct_mode/production/_ext/108134065/ecatslv.o
pCoeSendStored      0x4               build/LAN9253_D51_SQI_direct_mode/production/_ext/108134065/ecatcoe.o
nSdoInfoIndex       0x2               build/LAN9253_D51_SQI_direct_mode/production/_ext/108134065/sdoserv.o
pStoreData          0x4               build/LAN9253_D51_SQI_direct_mode/production/_ext/108134065/sdoserv.o
u8MbxReadCounter    0x1               build/LAN9253_D51_SQI_direct_mode/production/_ext/108134065/mailbox.o
[...]
Memory Configuration

Name             Origin             Length             Attributes
rom              0x00000000         0x00080000         xrl
ram              0x20000000         0x00030000         xw !r
config_00804000  0x00804000         0x00000004
config_00804004  0x00804004         0x00000004
config_00804008  0x00804008         0x00000004
*default*        0x00000000         0xffffffff

Linker script and memory map

LOAD c:/program files (x86)/microchip/xc32/v2.30/bin/bin/../../lib/gcc/pic32c/6.2.1/v7e-m/fpv4-sp/hard/crti.o
LOAD c:/program files (x86)/microchip/xc32/v2.30/bin/bin/../../lib/gcc/pic32c/6.2.1/v7e-m/fpv4-sp/hard/crtbegin.o
LOAD build/LAN9253_D51_SQI_direct_mode/production/_ext/2070931557/drv_spi.o
LOAD build/LAN9253_D51_SQI_direct_mode/production/_ext/1984496892/plib_clock.o
LOAD build/LAN9253_D51_SQI_direct_mode/production/_ext/1865131932/plib_cmcc.o
LOAD build/LAN9253_D51_SQI_direct_mode/production/_ext/1865161661/plib_dmac.o
LOAD build/LAN9253_D51_SQI_direct_mode/production/_ext/60167341/plib_eic.o
LOAD build/LAN9253_D51_SQI_direct_mode/production/_ext/1986646378/plib_evsys.o
LOAD build/LAN9253_D51_SQI_direct_mode/production/_ext/1865468468/plib_nvic.o
LOAD build/LAN9253_D51_SQI_direct_mode/production/_ext/1593096446/plib_nvmctrl.o
LOAD build/LAN9253_D51_SQI_direct_mode/production/_ext/1865521619/plib_port.o
LOAD build/LAN9253_D51_SQI_direct_mode/production/_ext/1865555181/plib_qspi_spi.o
LOAD build/LAN9253_D51_SQI_direct_mode/production/_ext/1865555181/plib_qspi.o
LOAD build/LAN9253_D51_SQI_direct_mode/production/_ext/1827571544/plib_systick.o
LOAD build/LAN9253_D51_SQI_direct_mode/production/_ext/163028504/xc32_monitor.o
LOAD build/LAN9253_D51_SQI_direct_mode/production/_ext/1014039709/sys_cache.o
LOAD build/LAN9253_D51_SQI_direct_mode/production/_ext/14461671/sys_dma.o
LOAD build/LAN9253_D51_SQI_direct_mode/production/_ext/1881668453/sys_int.o
LOAD build/LAN9253_D51_SQI_direct_mode/production/_ext/1171490990/exceptions.o
LOAD build/LAN9253_D51_SQI_direct_mode/production/_ext/1171490990/initialization.o
LOAD build/LAN9253_D51_SQI_direct_mode/production/_ext/1171490990/interrupts.o
LOAD build/LAN9253_D51_SQI_direct_mode/production/_ext/1171490990/libc_syscalls.o
LOAD build/LAN9253_D51_SQI_direct_mode/production/_ext/1171490990/startup_xc32.o
LOAD build/LAN9253_D51_SQI_direct_mode/production/_ext/1171490990/tasks.o
LOAD build/LAN9253_D51_SQI_direct_mode/production/_ext/1671622979/Drivers.o
LOAD build/LAN9253_D51_SQI_direct_mode/production/_ext/108147519/ESC_Utils.o
LOAD build/LAN9253_D51_SQI_direct_mode/production/_ext/108147519/LAN925x.o
LOAD build/LAN9253_D51_SQI_direct_mode/production/_ext/108134065/bootmode.o
LOAD build/LAN9253_D51_SQI_direct_mode/production/_ext/108134065/coeappl.o
LOAD build/LAN9253_D51_SQI_direct_mode/production/_ext/108134065/ecatappl.o
LOAD build/LAN9253_D51_SQI_direct_mode/production/_ext/108134065/ecatcoe.o
LOAD build/LAN9253_D51_SQI_direct_mode/production/_ext/108134065/ecatfoe.o
LOAD build/LAN9253_D51_SQI_direct_mode/production/_ext/108134065/ecatslv.o
LOAD build/LAN9253_D51_SQI_direct_mode/production/_ext/108134065/emcy.o
LOAD build/LAN9253_D51_SQI_direct_mode/production/_ext/108134065/foeappl.o
LOAD build/LAN9253_D51_SQI_direct_mode/production/_ext/108134065/mailbox.o
LOAD build/LAN9253_D51_SQI_direct_mode/production/_ext/108134065/objdef.o
LOAD build/LAN9253_D51_SQI_direct_mode/production/_ext/108134065/sample_app.o
LOAD build/LAN9253_D51_SQI_direct_mode/production/_ext/108134065/sdoserv.o
LOAD build/LAN9253_D51_SQI_direct_mode/production/_ext/1360937237/main.o
LOAD build/LAN9253_D51_SQI_direct_mode/production/_ext/1360937237/app.o
LOAD build/LAN9253_D51_SQI_direct_mode/production/_ext/1360937237/Developer_Test.o
                0x00000001                __MPLAB_BUILD = 0x1
                0x00000200                _min_heap_size = 0x200
START GROUP
LOAD c:/program files (x86)/microchip/xc32/v2.30/bin/bin/../../lib/gcc/pic32c/6.2.1/../../../../pic32c/lib/v7e-m/fpv4-sp/hard\libpic32c.a
LOAD c:/program files (x86)/microchip/xc32/v2.30/bin/bin/../../lib/gcc/pic32c/6.2.1/v7e-m/fpv4-sp/hard\libgcc.a
LOAD c:/program files (x86)/microchip/xc32/v2.30/bin/bin/../../lib/gcc/pic32c/6.2.1/../../../../pic32c/lib/v7e-m/fpv4-sp/hard\libc.a
LOAD c:/program files (x86)/microchip/xc32/v2.30/bin/bin/../../lib/gcc/pic32c/6.2.1/../../../../pic32c/lib/v7e-m/fpv4-sp/hard\libm.a
END GROUP
LOAD c:/program files (x86)/microchip/xc32/v2.30/bin/bin/../../lib/gcc/pic32c/6.2.1/v7e-m/fpv4-sp/hard/crtend.o
LOAD c:/program files (x86)/microchip/xc32/v2.30/bin/bin/../../lib/gcc/pic32c/6.2.1/v7e-m/fpv4-sp/hard/crtn.o
                0x00080000                __rom_end = (ORIGIN (rom) + LENGTH (rom))
                0x20030000                __ram_end = (ORIGIN (ram) + LENGTH (ram))

.config_00804000
 *(.config_00804000)

.config_00804004
 *(.config_00804004)

.config_00804008
 *(.config_00804008)

.vectors        0x00000000      0x260
                0x00000000                . = ALIGN (0x4)
                0x00000000                _sfixed = .
 *(.vectors .vectors.* .vectors_default .vectors_default.*)
 .vectors       0x00000000      0x260 build/LAN9253_D51_SQI_direct_mode/production/_ext/1171490990/interrupts.o
                0x00000000                exception_table
 *(.isr_vector)
 *(.reset*)
 *(.after_vectors)

.text           0x00000260       0x20
                0x00000260                . = ALIGN (0x4)
 *(.glue_7t)
 .glue_7t       0x00000260        0x0 linker stubs
 *(.glue_7)
 .glue_7        0x00000260        0x0 linker stubs
 *(.gnu.linkonce.r.*)
 *(.ARM.extab* .gnu.linkonce.armextab.*)
                0x00000260                . = ALIGN (0x4)
 *(.init)
 .init          0x00000260        0x4 c:/program files (x86)/microchip/xc32/v2.30/bin/bin/../../lib/gcc/pic32c/6.2.1/v7e-m/fpv4-sp/hard/crti.o
                0x00000260                _init
 .init          0x00000264        0x8 c:/program files (x86)/microchip/xc32/v2.30/bin/bin/../../lib/gcc/pic32c/6.2.1/v7e-m/fpv4-sp/hard/crtn.o
                0x0000026c                . = ALIGN (0x4)
                0x0000026c                __preinit_array_start = .
 *(.preinit_array)
                0x0000026c                __preinit_array_end = .
                0x0000026c                . = ALIGN (0x4)
                0x0000026c                __init_array_start = .
 *(SORT(.init_array.*))
 *(.init_array)
 .init_array    0x0000026c        0x4 c:/program files (x86)/microchip/xc32/v2.30/bin/bin/../../lib/gcc/pic32c/6.2.1/v7e-m/fpv4-sp/hard/crtbegin.o
                0x00000270                __init_array_end = .
                0x00000270                . = ALIGN (0x4)
 *crtbegin.o(.ctors)
 *(EXCLUDE_FILE(*crtend.o) .ctors)
 *(SORT(.ctors.*))
 *crtend.o(.ctors)
                0x00000270                . = ALIGN (0x4)
 *(.fini)
 .fini          0x00000270        0x4 c:/program files (x86)/microchip/xc32/v2.30/bin/bin/../../lib/gcc/pic32c/6.2.1/v7e-m/fpv4-sp/hard/crti.o
                0x00000270                _fini
 .fini          0x00000274        0x8 c:/program files (x86)/microchip/xc32/v2.30/bin/bin/../../lib/gcc/pic32c/6.2.1/v7e-m/fpv4-sp/hard/crtn.o
                0x0000027c                . = ALIGN (0x4)
                0x0000027c                __fini_array_start = .
 *(.fini_array)
 .fini_array    0x0000027c        0x4 c:/program files (x86)/microchip/xc32/v2.30/bin/bin/../../lib/gcc/pic32c/6.2.1/v7e-m/fpv4-sp/hard/crtbegin.o
 *(SORT(.fini_array.*))
                0x00000280                __fini_array_end = .
 *crtbegin.o(.dtors)
 *(EXCLUDE_FILE(*crtend.o) .dtors)
 *(SORT(.dtors.*))
 *crtend.o(.dtors)
                0x00000280                . = ALIGN (0x4)
                0x00000280                _efixed = .
                [!provide]                PROVIDE (__exidx_start, .)

.ARM.exidx
 *(.ARM.exidx* .gnu.linkonce.armexidx.*)
                [!provide]                PROVIDE (__exidx_end, .)
                0x00000280                . = ALIGN (0x4)
                0x00000280                _etext = .

.bss            0x20000000     0x355c
                0x20000000                . = ALIGN (0x4)
                0x20000000                __bss_start__ = .
                0x20000000                _sbss = .
                0x20000000                _szero = .
 *(COMMON)
 COMMON         0x20000000       0x20 build/LAN9253_D51_SQI_direct_mode/production/_ext/1865161661/plib_dmac.o
                0x20000000                dmacChannelObj
 COMMON         0x20000020       0xc0 build/LAN9253_D51_SQI_direct_mode/production/_ext/60167341/plib_eic.o
                0x20000020                eicCallbackObject
 COMMON         0x200000e0        0xc build/LAN9253_D51_SQI_direct_mode/production/_ext/1827571544/plib_systick.o
                0x200000e0                systick
 COMMON         0x200000ec        0x8 build/LAN9253_D51_SQI_direct_mode/production/_ext/108134065/coeappl.o
                0x200000ec                u32LastDc32Value
                0x200000f0                u32CheckForDcOverrunCnt
 COMMON         0x200000f4     0x123c build/LAN9253_D51_SQI_direct_mode/production/_ext/108134065/ecatappl.o
                0x200000f4                bMinCycleTimeMeasurementStarted
                0x200000f8                u32CycleTimeStartValue
                0x200000fc                bRunApplication
                0x20000100                u32SystemTimeReadFailure
                0x20000104                bEcatWaitForInputUpdate
                0x20000108                u32MinCycleTimeValue
                0x2000010c                aPdOutputData
                0x20000a0c                pAPPL_FoeError
                0x20000a10                pAPPL_FoeReadData
                0x20000a14                pAPPL_MainLoop
                0x20000a18                bEtherCATErrorLed
                0x20000a1c                u32MinCycleTimeStartValue
                0x20000a20                aPdInputData
                0x20001320                bEtherCATRunLed
                0x20001324                pAPPL_FoeWriteData
                0x20001328                pAPPL_FoeRead
                0x2000132c                pAPPL_FoeWrite
 COMMON         0x20001330        0x4 build/LAN9253_D51_SQI_direct_mode/production/_ext/108134065/ecatcoe.o
                0x20001330                pCoeSendStored
 COMMON         0x20001334       0x16 build/LAN9253_D51_SQI_direct_mode/production/_ext/108134065/ecatfoe.o
                0x20001334                u32FileOffset
                0x20001338                u16FileAccessState
                0x2000133c                u32PacketNo
                0x20001340                pFoeSendStored
                0x20001344                u32LastFileOffset
                0x20001348                u16FoeMaxSendBlockSize
 *fill*         0x2000134a        0x2 
 COMMON         0x2000134c       0x52 build/LAN9253_D51_SQI_direct_mode/production/_ext/108134065/ecatslv.o
                0x2000134c                b3BufferMode
                0x2000134e                nEcatStateTrans
                0x20001350                EcatWdCounter
                0x20001352                bApplEsmPending
                0x20001353                nAlStatus
                0x20001354                nPdOutputSize
                0x20001356                u16LocalErrorCode
                0x20001358                Sync0WdCounter
                0x2000135a                bLocalErrorFlag
                0x2000135c                LatchInputSync0Counter
                0x2000135e                i16WaitForPllRunningCnt
                0x20001360                nEscAddrOutputData
                0x20001362                Sync0WdValue
                0x20001364                u8EcatRunLed
                0x20001366                i16WaitForPllRunningTimeout
                0x20001368                Sync1WdValue
                0x2000136a                u16ALEventMask
                0x2000136c                bDcRunning
                0x20001370                u32dummy
                0x20001374                SyncManInfo
                0x2000137c                b32BitDc
                0x2000137e                LatchInputSync0Value
                0x20001380                bEcatWaitForAlControlRes
                0x20001382                nPdInputSize
                0x20001384                u16SmSync0Value
                0x20001386                nMaxEscAddress
                0x20001388                bEcatFirstOutputsReceived
                0x20001389                bSmSyncSequenceValid
                0x2000138a                EsmTimeoutCounter
                0x2000138c                bBootMode
                0x2000138d                bDcSyncActive
                0x2000138e                bEcatOutputUpdateRunning
                0x20001390                Sync1WdCounter
                0x20001392                EcatWdValue
                0x20001394                bEcatInputUpdateRunning
                0x20001395                bEscIntEnabled
                0x20001396                bWdTrigger
                0x20001398                u16SmSync0Counter
                0x2000139a                nMaxSyncMan
                0x2000139b                u8EcatErrorLed
                0x2000139c                nEscAddrInputData
 *fill*         0x2000139e        0x2 
 COMMON         0x200013a0       0x28 build/LAN9253_D51_SQI_direct_mode/production/_ext/108134065/emcy.o
                0x200013a0                sSendEmcyQueue
                0x200013b0                asEmcy
                0x200013b8                sEmptyEmcyQueue
 COMMON         0x200013c8       0x94 build/LAN9253_D51_SQI_direct_mode/production/_ext/108134065/mailbox.o
                0x200013c8                u8MbxReadCounter
                0x200013cc                sMbxSendQueue
                0x20001400                sMbxReceiveQueue
                0x20001434                bNoMbxMemoryAvailable
                0x20001435                bSendMbxIsFull
                0x20001436                bMbxRunning
                0x20001438                u16EscAddrReceiveMbx
                0x2000143c                psStoreMbx
                0x20001440                u16SendMbxSize
                0x20001444                psReadMbx
                0x20001448                bReceiveMbxIsLocked
                0x2000144a                u16EscAddrSendMbx
                0x2000144c                psWriteMbx
                0x20001450                u8MbxWriteCounter
                0x20001451                u8MailboxSendReqStored
                0x20001452                u16ReceiveMbxSize
                0x20001454                bMbxRepeatToggle
                0x20001458                psRepeatMbx
 COMMON         0x2000145c       0x8e build/LAN9253_D51_SQI_direct_mode/production/_ext/108134065/objdef.o
                0x2000145c                sSyncManInPar
                0x200014a0                sSyncManOutPar
                0x200014e4                bSyncSetByUser
                0x200014e8                sCycleDiag
 *fill*         0x200014ea        0x2 
 COMMON         0x200014ec     0x2016 build/LAN9253_D51_SQI_direct_mode/production/_ext/108134065/sample_app.o
                0x200014ec                aFileData
                0x200034ec                aFileName
 *fill*         0x20003502        0x2 
 COMMON         0x20003504       0x4d build/LAN9253_D51_SQI_direct_mode/production/_ext/108134065/sdoserv.o
                0x20003504                nSdoInfoIndex
                0x20003508                pStoreData
                0x2000350c                nSdoSegBytesToHandle
                0x20003510                bSdoSegAccess
                0x20003511                bSdoSegFollows
                0x20003514                nSdoSegCompleteSize
                0x20003518                pSdoPendFunc
                0x2000351c                u8PendingSdo
                0x2000351d                bStoreCompleteAccess
                0x2000351e                bSdoSegLastToggle
                0x2000351f                nSdoSegService
                0x20003520                pSdoInfoObjEntry
                0x20003524                nSdoInfoFragmentsLeft
                0x20003528                pSdoResStored
                0x2000352c                u32StoreDataSize
                0x20003530                pSdoSegData
                0x20003534                nSdoSegIndex
                0x20003538                aSdoInfoHeader
                0x20003548                pSdoSegObjEntry
                0x2000354c                nSdoSegSubindex
                0x2000354e                u16StoreIndex
                0x20003550                u8StoreSubindex
 *fill*         0x20003551        0x3 
 COMMON         0x20003554        0x1 build/LAN9253_D51_SQI_direct_mode/production/_ext/1360937237/app.o
                0x20003554                appData
 *fill*         0x20003555        0x3 
 COMMON         0x20003558        0x4 c:/program files (x86)/microchip/xc32/v2.30/bin/bin/../../lib/gcc/pic32c/6.2.1/../../../../pic32c/lib/v7e-m/fpv4-sp/hard\libc.a(lib_a-reent.o)
                0x20003558                errno
                0x2000355c                . = ALIGN (0x4)
                0x2000355c                __bss_end__ = .
                0x2000355c                _ebss = .
                0x2000355c                _ezero = .
                0x2000355c                . = ALIGN (0x4)
                0x2000355c                _end = .
                0x2002ffff                _ram_end_ = ((ORIGIN (ram) + LENGTH (ram)) - 0x1)
OUTPUT(dist/LAN9253_D51_SQI_direct_mode/production/ESF_EVB_LAN9253.production.elf elf32-littlearm)
LOAD stack
LOAD data_init

.ARM.attributes
                0x00000000       0x30
 .ARM.attributes
                0x00000000       0x22 c:/program files (x86)/microchip/xc32/v2.30/bin/bin/../../lib/gcc/pic32c/6.2.1/v7e-m/fpv4-sp/hard/crti.o
 .ARM.attributes
                0x00000022       0x34 c:/program files (x86)/microchip/xc32/v2.30/bin/bin/../../lib/gcc/pic32c/6.2.1/v7e-m/fpv4-sp/hard/crtbegin.o
 .ARM.attributes
                0x00000056       0x39 build/LAN9253_D51_SQI_direct_mode/production/_ext/1984496892/plib_clock.o
 .ARM.attributes
                0x0000008f       0x39 build/LAN9253_D51_SQI_direct_mode/production/_ext/1865161661/plib_dmac.o
 .ARM.attributes
                0x000000c8       0x39 build/LAN9253_D51_SQI_direct_mode/production/_ext/60167341/plib_eic.o
 .ARM.attributes
                0x00000101       0x39 build/LAN9253_D51_SQI_direct_mode/production/_ext/1986646378/plib_evsys.o
 .ARM.attributes
                0x0000013a       0x39 build/LAN9253_D51_SQI_direct_mode/production/_ext/1865468468/plib_nvic.o
 .ARM.attributes
                0x00000173       0x39 build/LAN9253_D51_SQI_direct_mode/production/_ext/1593096446/plib_nvmctrl.o
 .ARM.attributes
                0x000001ac       0x39 build/LAN9253_D51_SQI_direct_mode/production/_ext/1865521619/plib_port.o
 .ARM.attributes
                0x000001e5       0x39 build/LAN9253_D51_SQI_direct_mode/production/_ext/1865555181/plib_qspi.o
 .ARM.attributes
                0x0000021e       0x39 build/LAN9253_D51_SQI_direct_mode/production/_ext/1827571544/plib_systick.o
 .ARM.attributes
                0x00000257       0x39 build/LAN9253_D51_SQI_direct_mode/production/_ext/1171490990/exceptions.o
 .ARM.attributes
                0x00000290       0x39 build/LAN9253_D51_SQI_direct_mode/production/_ext/1171490990/initialization.o
 .ARM.attributes
                0x000002c9       0x39 build/LAN9253_D51_SQI_direct_mode/production/_ext/1171490990/interrupts.o
 .ARM.attributes
                0x00000302       0x39 build/LAN9253_D51_SQI_direct_mode/production/_ext/1171490990/startup_xc32.o
 .ARM.attributes
                0x0000033b       0x39 build/LAN9253_D51_SQI_direct_mode/production/_ext/1171490990/tasks.o
 .ARM.attributes
                0x00000374       0x39 build/LAN9253_D51_SQI_direct_mode/production/_ext/1671622979/Drivers.o
 .ARM.attributes
                0x000003ad       0x39 build/LAN9253_D51_SQI_direct_mode/production/_ext/108147519/ESC_Utils.o
 .ARM.attributes
                0x000003e6       0x39 build/LAN9253_D51_SQI_direct_mode/production/_ext/108147519/LAN925x.o
 .ARM.attributes
                0x0000041f       0x39 build/LAN9253_D51_SQI_direct_mode/production/_ext/108134065/bootmode.o
 .ARM.attributes
                0x00000458       0x39 build/LAN9253_D51_SQI_direct_mode/production/_ext/108134065/coeappl.o
 .ARM.attributes
                0x00000491       0x39 build/LAN9253_D51_SQI_direct_mode/production/_ext/108134065/ecatappl.o
 .ARM.attributes
                0x000004ca       0x39 build/LAN9253_D51_SQI_direct_mode/production/_ext/108134065/ecatcoe.o
 .ARM.attributes
                0x00000503       0x39 build/LAN9253_D51_SQI_direct_mode/production/_ext/108134065/ecatfoe.o
 .ARM.attributes
                0x0000053c       0x39 build/LAN9253_D51_SQI_direct_mode/production/_ext/108134065/ecatslv.o
 .ARM.attributes
                0x00000575       0x39 build/LAN9253_D51_SQI_direct_mode/production/_ext/108134065/emcy.o
 .ARM.attributes
                0x000005ae       0x39 build/LAN9253_D51_SQI_direct_mode/production/_ext/108134065/foeappl.o
 .ARM.attributes
                0x000005e7       0x39 build/LAN9253_D51_SQI_direct_mode/production/_ext/108134065/mailbox.o
 .ARM.attributes
                0x00000620       0x39 build/LAN9253_D51_SQI_direct_mode/production/_ext/108134065/objdef.o
 .ARM.attributes
                0x00000659       0x39 build/LAN9253_D51_SQI_direct_mode/production/_ext/108134065/sample_app.o
 .ARM.attributes
                0x00000692       0x39 build/LAN9253_D51_SQI_direct_mode/production/_ext/108134065/sdoserv.o
 .ARM.attributes
                0x000006cb       0x39 build/LAN9253_D51_SQI_direct_mode/production/_ext/1360937237/main.o
 .ARM.attributes
                0x00000704       0x39 build/LAN9253_D51_SQI_direct_mode/production/_ext/1360937237/app.o
 .ARM.attributes
                0x0000073d       0x34 c:/program files (x86)/microchip/xc32/v2.30/bin/bin/../../lib/gcc/pic32c/6.2.1/../../../../pic32c/lib/v7e-m/fpv4-sp/hard\libpic32c.a(data_init.o)
 .ARM.attributes
                0x00000771       0x34 c:/program files (x86)/microchip/xc32/v2.30/bin/bin/../../lib/gcc/pic32c/6.2.1/../../../../pic32c/lib/v7e-m/fpv4-sp/hard\libc.a(lib_a-init.o)
 .ARM.attributes
                0x000007a5       0x34 c:/program files (x86)/microchip/xc32/v2.30/bin/bin/../../lib/gcc/pic32c/6.2.1/../../../../pic32c/lib/v7e-m/fpv4-sp/hard\libc.a(lib_a-malloc.o)
 .ARM.attributes
                0x000007d9       0x34 c:/program files (x86)/microchip/xc32/v2.30/bin/bin/../../lib/gcc/pic32c/6.2.1/../../../../pic32c/lib/v7e-m/fpv4-sp/hard\libc.a(lib_a-mallocr.o)
 .ARM.attributes
                0x0000080d       0x34 c:/program files (x86)/microchip/xc32/v2.30/bin/bin/../../lib/gcc/pic32c/6.2.1/../../../../pic32c/lib/v7e-m/fpv4-sp/hard\libc.a(lib_a-memcpy-stub.o)
 .ARM.attributes
                0x00000841       0x34 c:/program files (x86)/microchip/xc32/v2.30/bin/bin/../../lib/gcc/pic32c/6.2.1/../../../../pic32c/lib/v7e-m/fpv4-sp/hard\libc.a(lib_a-memset.o)
 .ARM.attributes
                0x00000875       0x34 c:/program files (x86)/microchip/xc32/v2.30/bin/bin/../../lib/gcc/pic32c/6.2.1/../../../../pic32c/lib/v7e-m/fpv4-sp/hard\libc.a(lib_a-mlock.o)
 .ARM.attributes
                0x000008a9       0x34 c:/program files (x86)/microchip/xc32/v2.30/bin/bin/../../lib/gcc/pic32c/6.2.1/../../../../pic32c/lib/v7e-m/fpv4-sp/hard\libc.a(lib_a-sbrkr.o)
 .ARM.attributes
                0x000008dd       0x1b c:/program files (x86)/microchip/xc32/v2.30/bin/bin/../../lib/gcc/pic32c/6.2.1/../../../../pic32c/lib/v7e-m/fpv4-sp/hard\libc.a(lib_a-strlen.o)
 .ARM.attributes
                0x000008f8       0x34 c:/program files (x86)/microchip/xc32/v2.30/bin/bin/../../lib/gcc/pic32c/6.2.1/../../../../pic32c/lib/v7e-m/fpv4-sp/hard\libc.a(lib_a-freer.o)
 .ARM.attributes
                0x0000092c       0x34 c:/program files (x86)/microchip/xc32/v2.30/bin/bin/../../lib/gcc/pic32c/6.2.1/../../../../pic32c/lib/v7e-m/fpv4-sp/hard\libc.a(lib_a-impure.o)
 .ARM.attributes
                0x00000960       0x34 c:/program files (x86)/microchip/xc32/v2.30/bin/bin/../../lib/gcc/pic32c/6.2.1/../../../../pic32c/lib/v7e-m/fpv4-sp/hard\libc.a(lib_a-reent.o)
 .ARM.attributes
                0x00000994       0x34 c:/program files (x86)/microchip/xc32/v2.30/bin/bin/../../lib/gcc/pic32c/6.2.1/../../../../pic32c/lib/v7e-m/fpv4-sp/hard\libpic32c.a(sbrk.o)
 .ARM.attributes
                0x000009c8       0x22 c:/program files (x86)/microchip/xc32/v2.30/bin/bin/../../lib/gcc/pic32c/6.2.1/v7e-m/fpv4-sp/hard/crtn.o

.comment        0x00000000       0x3c
 .comment       0x00000000       0x3c c:/program files (x86)/microchip/xc32/v2.30/bin/bin/../../lib/gcc/pic32c/6.2.1/v7e-m/fpv4-sp/hard/crtbegin.o
                                 0x3d (size before relaxing)
 .comment       0x0000003c       0x3d build/LAN9253_D51_SQI_direct_mode/production/_ext/1984496892/plib_clock.o
 .comment       0x0000003c       0x3d build/LAN9253_D51_SQI_direct_mode/production/_ext/1865161661/plib_dmac.o
 .comment       0x0000003c       0x3d build/LAN9253_D51_SQI_direct_mode/production/_ext/60167341/plib_eic.o
 .comment       0x0000003c       0x3d build/LAN9253_D51_SQI_direct_mode/production/_ext/1986646378/plib_evsys.o
 .comment       0x0000003c       0x3d build/LAN9253_D51_SQI_direct_mode/production/_ext/1865468468/plib_nvic.o
 .comment       0x0000003c       0x3d build/LAN9253_D51_SQI_direct_mode/production/_ext/1593096446/plib_nvmctrl.o
 .comment       0x0000003c       0x3d build/LAN9253_D51_SQI_direct_mode/production/_ext/1865521619/plib_port.o
 .comment       0x0000003c       0x3d build/LAN9253_D51_SQI_direct_mode/production/_ext/1865555181/plib_qspi.o
 .comment       0x0000003c       0x3d build/LAN9253_D51_SQI_direct_mode/production/_ext/1827571544/plib_systick.o
 .comment       0x0000003c       0x3d build/LAN9253_D51_SQI_direct_mode/production/_ext/1171490990/exceptions.o
 .comment       0x0000003c       0x3d build/LAN9253_D51_SQI_direct_mode/production/_ext/1171490990/initialization.o
 .comment       0x0000003c       0x3d build/LAN9253_D51_SQI_direct_mode/production/_ext/1171490990/interrupts.o
 .comment       0x0000003c       0x3d build/LAN9253_D51_SQI_direct_mode/production/_ext/1171490990/startup_xc32.o
 .comment       0x0000003c       0x3d build/LAN9253_D51_SQI_direct_mode/production/_ext/1171490990/tasks.o
 .comment       0x0000003c       0x3d build/LAN9253_D51_SQI_direct_mode/production/_ext/1671622979/Drivers.o
 .comment       0x0000003c       0x3d build/LAN9253_D51_SQI_direct_mode/production/_ext/108147519/ESC_Utils.o
 .comment       0x0000003c       0x3d build/LAN9253_D51_SQI_direct_mode/production/_ext/108147519/LAN925x.o
 .comment       0x0000003c       0x3d build/LAN9253_D51_SQI_direct_mode/production/_ext/108134065/bootmode.o
 .comment       0x0000003c       0x3d build/LAN9253_D51_SQI_direct_mode/production/_ext/108134065/coeappl.o
 .comment       0x0000003c       0x3d build/LAN9253_D51_SQI_direct_mode/production/_ext/108134065/ecatappl.o
 .comment       0x0000003c       0x3d build/LAN9253_D51_SQI_direct_mode/production/_ext/108134065/ecatcoe.o
 .comment       0x0000003c       0x3d build/LAN9253_D51_SQI_direct_mode/production/_ext/108134065/ecatfoe.o
 .comment       0x0000003c       0x3d build/LAN9253_D51_SQI_direct_mode/production/_ext/108134065/ecatslv.o
 .comment       0x0000003c       0x3d build/LAN9253_D51_SQI_direct_mode/production/_ext/108134065/emcy.o
 .comment       0x0000003c       0x3d build/LAN9253_D51_SQI_direct_mode/production/_ext/108134065/foeappl.o
 .comment       0x0000003c       0x3d build/LAN9253_D51_SQI_direct_mode/production/_ext/108134065/mailbox.o
 .comment       0x0000003c       0x3d build/LAN9253_D51_SQI_direct_mode/production/_ext/108134065/objdef.o
 .comment       0x0000003c       0x3d build/LAN9253_D51_SQI_direct_mode/production/_ext/108134065/sample_app.o
 .comment       0x0000003c       0x3d build/LAN9253_D51_SQI_direct_mode/production/_ext/108134065/sdoserv.o
 .comment       0x0000003c       0x3d build/LAN9253_D51_SQI_direct_mode/production/_ext/1360937237/main.o
 .comment       0x0000003c       0x3d build/LAN9253_D51_SQI_direct_mode/production/_ext/1360937237/app.o
 .comment       0x0000003c       0x3d c:/program files (x86)/microchip/xc32/v2.30/bin/bin/../../lib/gcc/pic32c/6.2.1/../../../../pic32c/lib/v7e-m/fpv4-sp/hard\libpic32c.a(data_init.o)
 .comment       0x0000003c       0x3d c:/program files (x86)/microchip/xc32/v2.30/bin/bin/../../lib/gcc/pic32c/6.2.1/../../../../pic32c/lib/v7e-m/fpv4-sp/hard\libc.a(lib_a-init.o)
 .comment       0x0000003c       0x3d c:/program files (x86)/microchip/xc32/v2.30/bin/bin/../../lib/gcc/pic32c/6.2.1/../../../../pic32c/lib/v7e-m/fpv4-sp/hard\libc.a(lib_a-malloc.o)
 .comment       0x0000003c       0x3d c:/program files (x86)/microchip/xc32/v2.30/bin/bin/../../lib/gcc/pic32c/6.2.1/../../../../pic32c/lib/v7e-m/fpv4-sp/hard\libc.a(lib_a-mallocr.o)
 .comment       0x0000003c       0x3d c:/program files (x86)/microchip/xc32/v2.30/bin/bin/../../lib/gcc/pic32c/6.2.1/../../../../pic32c/lib/v7e-m/fpv4-sp/hard\libc.a(lib_a-memcpy-stub.o)
 .comment       0x0000003c       0x3d c:/program files (x86)/microchip/xc32/v2.30/bin/bin/../../lib/gcc/pic32c/6.2.1/../../../../pic32c/lib/v7e-m/fpv4-sp/hard\libc.a(lib_a-memset.o)
 .comment       0x0000003c       0x3d c:/program files (x86)/microchip/xc32/v2.30/bin/bin/../../lib/gcc/pic32c/6.2.1/../../../../pic32c/lib/v7e-m/fpv4-sp/hard\libc.a(lib_a-mlock.o)
 .comment       0x0000003c       0x3d c:/program files (x86)/microchip/xc32/v2.30/bin/bin/../../lib/gcc/pic32c/6.2.1/../../../../pic32c/lib/v7e-m/fpv4-sp/hard\libc.a(lib_a-sbrkr.o)
 .comment       0x0000003c       0x3d c:/program files (x86)/microchip/xc32/v2.30/bin/bin/../../lib/gcc/pic32c/6.2.1/../../../../pic32c/lib/v7e-m/fpv4-sp/hard\libc.a(lib_a-freer.o)
 .comment       0x0000003c       0x3d c:/program files (x86)/microchip/xc32/v2.30/bin/bin/../../lib/gcc/pic32c/6.2.1/../../../../pic32c/lib/v7e-m/fpv4-sp/hard\libc.a(lib_a-impure.o)
 .comment       0x0000003c       0x3d c:/program files (x86)/microchip/xc32/v2.30/bin/bin/../../lib/gcc/pic32c/6.2.1/../../../../pic32c/lib/v7e-m/fpv4-sp/hard\libc.a(lib_a-reent.o)
 .comment       0x0000003c       0x3d c:/program files (x86)/microchip/xc32/v2.30/bin/bin/../../lib/gcc/pic32c/6.2.1/../../../../pic32c/lib/v7e-m/fpv4-sp/hard\libpic32c.a(sbrk.o)

.debug_info     0x00000000    0x53553
 .debug_info    0x00000000      0xb91 build/LAN9253_D51_SQI_direct_mode/production/_ext/1984496892/plib_clock.o
 .debug_info    0x00000b91     0x2c63 build/LAN9253_D51_SQI_direct_mode/production/_ext/1865161661/plib_dmac.o
 .debug_info    0x000037f4      0x7ff build/LAN9253_D51_SQI_direct_mode/production/_ext/60167341/plib_eic.o
 .debug_info    0x00003ff3      0x37a build/LAN9253_D51_SQI_direct_mode/production/_ext/1986646378/plib_evsys.o
 .debug_info    0x0000436d     0x110d build/LAN9253_D51_SQI_direct_mode/production/_ext/1865468468/plib_nvic.o
 .debug_info    0x0000547a     0x16da build/LAN9253_D51_SQI_direct_mode/production/_ext/1593096446/plib_nvmctrl.o
 .debug_info    0x00006b54      0x836 build/LAN9253_D51_SQI_direct_mode/production/_ext/1865521619/plib_port.o
 .debug_info    0x0000738a      0xc9c build/LAN9253_D51_SQI_direct_mode/production/_ext/1865555181/plib_qspi.o
 .debug_info    0x00008026      0x6d5 build/LAN9253_D51_SQI_direct_mode/production/_ext/1827571544/plib_systick.o
 .debug_info    0x000086fb     0x1a2d build/LAN9253_D51_SQI_direct_mode/production/_ext/1171490990/exceptions.o
 .debug_info    0x0000a128     0x1a50 build/LAN9253_D51_SQI_direct_mode/production/_ext/1171490990/initialization.o
 .debug_info    0x0000bb78     0x2d09 build/LAN9253_D51_SQI_direct_mode/production/_ext/1171490990/interrupts.o
 .debug_info    0x0000e881     0x1e36 build/LAN9253_D51_SQI_direct_mode/production/_ext/1171490990/startup_xc32.o
 .debug_info    0x000106b7     0x195d build/LAN9253_D51_SQI_direct_mode/production/_ext/1171490990/tasks.o
 .debug_info    0x00012014     0x3a9d build/LAN9253_D51_SQI_direct_mode/production/_ext/1671622979/Drivers.o
 .debug_info    0x00015ab1     0x1b94 build/LAN9253_D51_SQI_direct_mode/production/_ext/108147519/ESC_Utils.o
 .debug_info    0x00017645     0x28af build/LAN9253_D51_SQI_direct_mode/production/_ext/108147519/LAN925x.o
 .debug_info    0x00019ef4     0x126c build/LAN9253_D51_SQI_direct_mode/production/_ext/108134065/bootmode.o
 .debug_info    0x0001b160     0x5b2d build/LAN9253_D51_SQI_direct_mode/production/_ext/108134065/coeappl.o
 .debug_info    0x00020c8d     0x53c9 build/LAN9253_D51_SQI_direct_mode/production/_ext/108134065/ecatappl.o
 .debug_info    0x00026056     0x1684 build/LAN9253_D51_SQI_direct_mode/production/_ext/108134065/ecatcoe.o
 .debug_info    0x000276da     0x242e build/LAN9253_D51_SQI_direct_mode/production/_ext/108134065/ecatfoe.o
 .debug_info    0x00029b08     0x59d4 build/LAN9253_D51_SQI_direct_mode/production/_ext/108134065/ecatslv.o
 .debug_info    0x0002f4dc     0x24b6 build/LAN9253_D51_SQI_direct_mode/production/_ext/108134065/emcy.o
 .debug_info    0x00031992     0x288c build/LAN9253_D51_SQI_direct_mode/production/_ext/108134065/foeappl.o
 .debug_info    0x0003421e     0x2b73 build/LAN9253_D51_SQI_direct_mode/production/_ext/108134065/mailbox.o
 .debug_info    0x00036d91     0x3181 build/LAN9253_D51_SQI_direct_mode/production/_ext/108134065/objdef.o
 .debug_info    0x00039f12     0x5852 build/LAN9253_D51_SQI_direct_mode/production/_ext/108134065/sample_app.o
 .debug_info    0x0003f764     0x3486 build/LAN9253_D51_SQI_direct_mode/production/_ext/108134065/sdoserv.o
 .debug_info    0x00042bea     0x194c build/LAN9253_D51_SQI_direct_mode/production/_ext/1360937237/main.o
 .debug_info    0x00044536     0x51d5 build/LAN9253_D51_SQI_direct_mode/production/_ext/1360937237/app.o
 .debug_info    0x0004970b      0x2a2 c:/program files (x86)/microchip/xc32/v2.30/bin/bin/../../lib/gcc/pic32c/6.2.1/../../../../pic32c/lib/v7e-m/fpv4-sp/hard\libpic32c.a(data_init.o)
 .debug_info    0x000499ad      0x41a c:/program files (x86)/microchip/xc32/v2.30/bin/bin/../../lib/gcc/pic32c/6.2.1/../../../../pic32c/lib/v7e-m/fpv4-sp/hard\libc.a(lib_a-init.o)
 .debug_info    0x00049dc7      0xe58 c:/program files (x86)/microchip/xc32/v2.30/bin/bin/../../lib/gcc/pic32c/6.2.1/../../../../pic32c/lib/v7e-m/fpv4-sp/hard\libc.a(lib_a-malloc.o)
 .debug_info    0x0004ac1f     0x14ca c:/program files (x86)/microchip/xc32/v2.30/bin/bin/../../lib/gcc/pic32c/6.2.1/../../../../pic32c/lib/v7e-m/fpv4-sp/hard\libc.a(lib_a-mallocr.o)
 .debug_info    0x0004c0e9      0xe2e c:/program files (x86)/microchip/xc32/v2.30/bin/bin/../../lib/gcc/pic32c/6.2.1/../../../../pic32c/lib/v7e-m/fpv4-sp/hard\libc.a(lib_a-memcpy-stub.o)
 .debug_info    0x0004cf17     0x156f c:/program files (x86)/microchip/xc32/v2.30/bin/bin/../../lib/gcc/pic32c/6.2.1/../../../../pic32c/lib/v7e-m/fpv4-sp/hard\libc.a(lib_a-memset.o)
 .debug_info    0x0004e486      0xdf2 c:/program files (x86)/microchip/xc32/v2.30/bin/bin/../../lib/gcc/pic32c/6.2.1/../../../../pic32c/lib/v7e-m/fpv4-sp/hard\libc.a(lib_a-mlock.o)
 .debug_info    0x0004f278      0xea5 c:/program files (x86)/microchip/xc32/v2.30/bin/bin/../../lib/gcc/pic32c/6.2.1/../../../../pic32c/lib/v7e-m/fpv4-sp/hard\libc.a(lib_a-sbrkr.o)
 .debug_info    0x0005011d      0x125 c:/program files (x86)/microchip/xc32/v2.30/bin/bin/../../lib/gcc/pic32c/6.2.1/../../../../pic32c/lib/v7e-m/fpv4-sp/hard\libc.a(lib_a-strlen.o)
 .debug_info    0x00050242     0x137d c:/program files (x86)/microchip/xc32/v2.30/bin/bin/../../lib/gcc/pic32c/6.2.1/../../../../pic32c/lib/v7e-m/fpv4-sp/hard\libc.a(lib_a-freer.o)
 .debug_info    0x000515bf      0xdb5 c:/program files (x86)/microchip/xc32/v2.30/bin/bin/../../lib/gcc/pic32c/6.2.1/../../../../pic32c/lib/v7e-m/fpv4-sp/hard\libc.a(lib_a-impure.o)
 .debug_info    0x00052374      0xf59 c:/program files (x86)/microchip/xc32/v2.30/bin/bin/../../lib/gcc/pic32c/6.2.1/../../../../pic32c/lib/v7e-m/fpv4-sp/hard\libc.a(lib_a-reent.o)
 .debug_info    0x000532cd      0x286 c:/program files (x86)/microchip/xc32/v2.30/bin/bin/../../lib/gcc/pic32c/6.2.1/../../../../pic32c/lib/v7e-m/fpv4-sp/hard\libpic32c.a(sbrk.o)

.debug_abbrev   0x00000000     0x58fd
 .debug_abbrev  0x00000000       0xfd build/LAN9253_D51_SQI_direct_mode/production/_ext/1984496892/plib_clock.o
 .debug_abbrev  0x000000fd      0x345 build/LAN9253_D51_SQI_direct_mode/production/_ext/1865161661/plib_dmac.o
 .debug_abbrev  0x00000442      0x15d build/LAN9253_D51_SQI_direct_mode/production/_ext/60167341/plib_eic.o
 .debug_abbrev  0x0000059f       0x5e build/LAN9253_D51_SQI_direct_mode/production/_ext/1986646378/plib_evsys.o
 .debug_abbrev  0x000005fd      0x14d build/LAN9253_D51_SQI_direct_mode/production/_ext/1865468468/plib_nvic.o
 .debug_abbrev  0x0000074a      0x25d build/LAN9253_D51_SQI_direct_mode/production/_ext/1593096446/plib_nvmctrl.o
 .debug_abbrev  0x000009a7      0x151 build/LAN9253_D51_SQI_direct_mode/production/_ext/1865521619/plib_port.o
 .debug_abbrev  0x00000af8      0x227 build/LAN9253_D51_SQI_direct_mode/production/_ext/1865555181/plib_qspi.o
 .debug_abbrev  0x00000d1f      0x15c build/LAN9253_D51_SQI_direct_mode/production/_ext/1827571544/plib_systick.o
 .debug_abbrev  0x00000e7b      0x1d1 build/LAN9253_D51_SQI_direct_mode/production/_ext/1171490990/exceptions.o
 .debug_abbrev  0x0000104c      0x1ed build/LAN9253_D51_SQI_direct_mode/production/_ext/1171490990/initialization.o
 .debug_abbrev  0x00001239      0x1d1 build/LAN9253_D51_SQI_direct_mode/production/_ext/1171490990/interrupts.o
 .debug_abbrev  0x0000140a      0x2a9 build/LAN9253_D51_SQI_direct_mode/production/_ext/1171490990/startup_xc32.o
 .debug_abbrev  0x000016b3      0x1d1 build/LAN9253_D51_SQI_direct_mode/production/_ext/1171490990/tasks.o
 .debug_abbrev  0x00001884      0x396 build/LAN9253_D51_SQI_direct_mode/production/_ext/1671622979/Drivers.o
 .debug_abbrev  0x00001c1a      0x232 build/LAN9253_D51_SQI_direct_mode/production/_ext/108147519/ESC_Utils.o
 .debug_abbrev  0x00001e4c      0x2cc build/LAN9253_D51_SQI_direct_mode/production/_ext/108147519/LAN925x.o
 .debug_abbrev  0x00002118      0x1f9 build/LAN9253_D51_SQI_direct_mode/production/_ext/108134065/bootmode.o
 .debug_abbrev  0x00002311      0x300 build/LAN9253_D51_SQI_direct_mode/production/_ext/108134065/coeappl.o
 .debug_abbrev  0x00002611      0x2b2 build/LAN9253_D51_SQI_direct_mode/production/_ext/108134065/ecatappl.o
 .debug_abbrev  0x000028c3      0x1ee build/LAN9253_D51_SQI_direct_mode/production/_ext/108134065/ecatcoe.o
 .debug_abbrev  0x00002ab1      0x283 build/LAN9253_D51_SQI_direct_mode/production/_ext/108134065/ecatfoe.o
 .debug_abbrev  0x00002d34      0x2fb build/LAN9253_D51_SQI_direct_mode/production/_ext/108134065/ecatslv.o
 .debug_abbrev  0x0000302f      0x2c7 build/LAN9253_D51_SQI_direct_mode/production/_ext/108134065/emcy.o
 .debug_abbrev  0x000032f6      0x292 build/LAN9253_D51_SQI_direct_mode/production/_ext/108134065/foeappl.o
 .debug_abbrev  0x00003588      0x2ba build/LAN9253_D51_SQI_direct_mode/production/_ext/108134065/mailbox.o
 .debug_abbrev  0x00003842      0x2ec build/LAN9253_D51_SQI_direct_mode/production/_ext/108134065/objdef.o
 .debug_abbrev  0x00003b2e      0x375 build/LAN9253_D51_SQI_direct_mode/production/_ext/108134065/sample_app.o
 .debug_abbrev  0x00003ea3      0x309 build/LAN9253_D51_SQI_direct_mode/production/_ext/108134065/sdoserv.o
 .debug_abbrev  0x000041ac      0x1d3 build/LAN9253_D51_SQI_direct_mode/production/_ext/1360937237/main.o
 .debug_abbrev  0x0000437f      0x2b8 build/LAN9253_D51_SQI_direct_mode/production/_ext/1360937237/app.o
 .debug_abbrev  0x00004637       0x2a c:/program files (x86)/microchip/xc32/v2.30/bin/bin/../../lib/gcc/pic32c/6.2.1/../../../../pic32c/lib/v7e-m/fpv4-sp/hard\libpic32c.a(data_init.o)
 .debug_abbrev  0x00004661       0xa3 c:/program files (x86)/microchip/xc32/v2.30/bin/bin/../../lib/gcc/pic32c/6.2.1/../../../../pic32c/lib/v7e-m/fpv4-sp/hard\libc.a(lib_a-init.o)
 .debug_abbrev  0x00004704      0x1f8 c:/program files (x86)/microchip/xc32/v2.30/bin/bin/../../lib/gcc/pic32c/6.2.1/../../../../pic32c/lib/v7e-m/fpv4-sp/hard\libc.a(lib_a-malloc.o)
 .debug_abbrev  0x000048fc      0x29b c:/program files (x86)/microchip/xc32/v2.30/bin/bin/../../lib/gcc/pic32c/6.2.1/../../../../pic32c/lib/v7e-m/fpv4-sp/hard\libc.a(lib_a-mallocr.o)
 .debug_abbrev  0x00004b97      0x1c1 c:/program files (x86)/microchip/xc32/v2.30/bin/bin/../../lib/gcc/pic32c/6.2.1/../../../../pic32c/lib/v7e-m/fpv4-sp/hard\libc.a(lib_a-memcpy-stub.o)
 .debug_abbrev  0x00004d58      0x1b5 c:/program files (x86)/microchip/xc32/v2.30/bin/bin/../../lib/gcc/pic32c/6.2.1/../../../../pic32c/lib/v7e-m/fpv4-sp/hard\libc.a(lib_a-memset.o)
 .debug_abbrev  0x00004f0d      0x1aa c:/program files (x86)/microchip/xc32/v2.30/bin/bin/../../lib/gcc/pic32c/6.2.1/../../../../pic32c/lib/v7e-m/fpv4-sp/hard\libc.a(lib_a-mlock.o)
 .debug_abbrev  0x000050b7      0x1ed c:/program files (x86)/microchip/xc32/v2.30/bin/bin/../../lib/gcc/pic32c/6.2.1/../../../../pic32c/lib/v7e-m/fpv4-sp/hard\libc.a(lib_a-sbrkr.o)
 .debug_abbrev  0x000052a4       0x14 c:/program files (x86)/microchip/xc32/v2.30/bin/bin/../../lib/gcc/pic32c/6.2.1/../../../../pic32c/lib/v7e-m/fpv4-sp/hard\libc.a(lib_a-strlen.o)
 .debug_abbrev  0x000052b8      0x24d c:/program files (x86)/microchip/xc32/v2.30/bin/bin/../../lib/gcc/pic32c/6.2.1/../../../../pic32c/lib/v7e-m/fpv4-sp/hard\libc.a(lib_a-freer.o)
 .debug_abbrev  0x00005505      0x176 c:/program files (x86)/microchip/xc32/v2.30/bin/bin/../../lib/gcc/pic32c/6.2.1/../../../../pic32c/lib/v7e-m/fpv4-sp/hard\libc.a(lib_a-impure.o)
 .debug_abbrev  0x0000567b      0x258 c:/program files (x86)/microchip/xc32/v2.30/bin/bin/../../lib/gcc/pic32c/6.2.1/../../../../pic32c/lib/v7e-m/fpv4-sp/hard\libc.a(lib_a-reent.o)
 .debug_abbrev  0x000058d3       0x2a c:/program files (x86)/microchip/xc32/v2.30/bin/bin/../../lib/gcc/pic32c/6.2.1/../../../../pic32c/lib/v7e-m/fpv4-sp/hard\libpic32c.a(sbrk.o)

.debug_loc      0x00000000     0x60f8
 .debug_loc     0x00000000      0x208 build/LAN9253_D51_SQI_direct_mode/production/_ext/1984496892/plib_clock.o
 .debug_loc     0x00000208      0x5c4 build/LAN9253_D51_SQI_direct_mode/production/_ext/1865161661/plib_dmac.o
 .debug_loc     0x000007cc      0x1dc build/LAN9253_D51_SQI_direct_mode/production/_ext/60167341/plib_eic.o
 .debug_loc     0x000009a8       0x44 build/LAN9253_D51_SQI_direct_mode/production/_ext/1986646378/plib_evsys.o
 .debug_loc     0x000009ec      0x140 build/LAN9253_D51_SQI_direct_mode/production/_ext/1865468468/plib_nvic.o
 .debug_loc     0x00000b2c      0x5c0 build/LAN9253_D51_SQI_direct_mode/production/_ext/1593096446/plib_nvmctrl.o
 .debug_loc     0x000010ec      0x324 build/LAN9253_D51_SQI_direct_mode/production/_ext/1865521619/plib_port.o
 .debug_loc     0x00001410      0x338 build/LAN9253_D51_SQI_direct_mode/production/_ext/1865555181/plib_qspi.o
 .debug_loc     0x00001748      0x31c build/LAN9253_D51_SQI_direct_mode/production/_ext/1827571544/plib_systick.o
 .debug_loc     0x00001a64      0x108 build/LAN9253_D51_SQI_direct_mode/production/_ext/1171490990/exceptions.o
 .debug_loc     0x00001b6c       0x50 build/LAN9253_D51_SQI_direct_mode/production/_ext/1171490990/initialization.o
 .debug_loc     0x00001bbc      0x11c build/LAN9253_D51_SQI_direct_mode/production/_ext/1171490990/startup_xc32.o
 .debug_loc     0x00001cd8       0x2c build/LAN9253_D51_SQI_direct_mode/production/_ext/1171490990/tasks.o
 .debug_loc     0x00001d04      0x758 build/LAN9253_D51_SQI_direct_mode/production/_ext/1671622979/Drivers.o
 .debug_loc     0x0000245c      0x130 build/LAN9253_D51_SQI_direct_mode/production/_ext/108147519/ESC_Utils.o
 .debug_loc     0x0000258c      0x4b0 build/LAN9253_D51_SQI_direct_mode/production/_ext/108147519/LAN925x.o
 .debug_loc     0x00002a3c      0x158 build/LAN9253_D51_SQI_direct_mode/production/_ext/108134065/bootmode.o
 .debug_loc     0x00002b94      0x370 build/LAN9253_D51_SQI_direct_mode/production/_ext/108134065/coeappl.o
 .debug_loc     0x00002f04      0x2e0 build/LAN9253_D51_SQI_direct_mode/production/_ext/108134065/ecatappl.o
 .debug_loc     0x000031e4       0xe4 build/LAN9253_D51_SQI_direct_mode/production/_ext/108134065/ecatcoe.o
 .debug_loc     0x000032c8       0xe4 build/LAN9253_D51_SQI_direct_mode/production/_ext/108134065/ecatfoe.o
 .debug_loc     0x000033ac      0x682 build/LAN9253_D51_SQI_direct_mode/production/_ext/108134065/ecatslv.o
 .debug_loc     0x00003a2e      0x2f4 build/LAN9253_D51_SQI_direct_mode/production/_ext/108134065/emcy.o
 .debug_loc     0x00003d22      0x1e0 build/LAN9253_D51_SQI_direct_mode/production/_ext/108134065/foeappl.o
 .debug_loc     0x00003f02      0x428 build/LAN9253_D51_SQI_direct_mode/production/_ext/108134065/mailbox.o
 .debug_loc     0x0000432a      0x40e build/LAN9253_D51_SQI_direct_mode/production/_ext/108134065/objdef.o
 .debug_loc     0x00004738      0x5d4 build/LAN9253_D51_SQI_direct_mode/production/_ext/108134065/sample_app.o
 .debug_loc     0x00004d0c      0x210 build/LAN9253_D51_SQI_direct_mode/production/_ext/108134065/sdoserv.o
 .debug_loc     0x00004f1c       0x2c build/LAN9253_D51_SQI_direct_mode/production/_ext/1360937237/main.o
 .debug_loc     0x00004f48      0x148 build/LAN9253_D51_SQI_direct_mode/production/_ext/1360937237/app.o
 .debug_loc     0x00005090       0x74 c:/program files (x86)/microchip/xc32/v2.30/bin/bin/../../lib/gcc/pic32c/6.2.1/../../../../pic32c/lib/v7e-m/fpv4-sp/hard\libc.a(lib_a-init.o)
 .debug_loc     0x00005104       0x58 c:/program files (x86)/microchip/xc32/v2.30/bin/bin/../../lib/gcc/pic32c/6.2.1/../../../../pic32c/lib/v7e-m/fpv4-sp/hard\libc.a(lib_a-malloc.o)
 .debug_loc     0x0000515c      0x875 c:/program files (x86)/microchip/xc32/v2.30/bin/bin/../../lib/gcc/pic32c/6.2.1/../../../../pic32c/lib/v7e-m/fpv4-sp/hard\libc.a(lib_a-mallocr.o)
 .debug_loc     0x000059d1       0xb2 c:/program files (x86)/microchip/xc32/v2.30/bin/bin/../../lib/gcc/pic32c/6.2.1/../../../../pic32c/lib/v7e-m/fpv4-sp/hard\libc.a(lib_a-memcpy-stub.o)
 .debug_loc     0x00005a83       0x4c c:/program files (x86)/microchip/xc32/v2.30/bin/bin/../../lib/gcc/pic32c/6.2.1/../../../../pic32c/lib/v7e-m/fpv4-sp/hard\libc.a(lib_a-memset.o)
 .debug_loc     0x00005acf       0x6d c:/program files (x86)/microchip/xc32/v2.30/bin/bin/../../lib/gcc/pic32c/6.2.1/../../../../pic32c/lib/v7e-m/fpv4-sp/hard\libc.a(lib_a-sbrkr.o)
 .debug_loc     0x00005b3c      0x42d c:/program files (x86)/microchip/xc32/v2.30/bin/bin/../../lib/gcc/pic32c/6.2.1/../../../../pic32c/lib/v7e-m/fpv4-sp/hard\libc.a(lib_a-freer.o)
 .debug_loc     0x00005f69      0x18f c:/program files (x86)/microchip/xc32/v2.30/bin/bin/../../lib/gcc/pic32c/6.2.1/../../../../pic32c/lib/v7e-m/fpv4-sp/hard\libc.a(lib_a-reent.o)

.debug_aranges  0x00000000      0xd18
 .debug_aranges
                0x00000000       0x58 build/LAN9253_D51_SQI_direct_mode/production/_ext/1984496892/plib_clock.o
 .debug_aranges
                0x00000058       0xa8 build/LAN9253_D51_SQI_direct_mode/production/_ext/1865161661/plib_dmac.o
 .debug_aranges
                0x00000100       0x50 build/LAN9253_D51_SQI_direct_mode/production/_ext/60167341/plib_eic.o
 .debug_aranges
                0x00000150       0x20 build/LAN9253_D51_SQI_direct_mode/production/_ext/1986646378/plib_evsys.o
 .debug_aranges
                0x00000170       0x38 build/LAN9253_D51_SQI_direct_mode/production/_ext/1865468468/plib_nvic.o
 .debug_aranges
                0x000001a8       0xb0 build/LAN9253_D51_SQI_direct_mode/production/_ext/1593096446/plib_nvmctrl.o
 .debug_aranges
                0x00000258       0x60 build/LAN9253_D51_SQI_direct_mode/production/_ext/1865521619/plib_port.o
 .debug_aranges
                0x000002b8       0x68 build/LAN9253_D51_SQI_direct_mode/production/_ext/1865555181/plib_qspi.o
 .debug_aranges
                0x00000320       0x70 build/LAN9253_D51_SQI_direct_mode/production/_ext/1827571544/plib_systick.o
 .debug_aranges
                0x00000390       0x48 build/LAN9253_D51_SQI_direct_mode/production/_ext/1171490990/exceptions.o
 .debug_aranges
                0x000003d8       0x20 build/LAN9253_D51_SQI_direct_mode/production/_ext/1171490990/initialization.o
 .debug_aranges
                0x000003f8       0x20 build/LAN9253_D51_SQI_direct_mode/production/_ext/1171490990/interrupts.o
 .debug_aranges
                0x00000418       0x38 build/LAN9253_D51_SQI_direct_mode/production/_ext/1171490990/startup_xc32.o
 .debug_aranges
                0x00000450       0x20 build/LAN9253_D51_SQI_direct_mode/production/_ext/1171490990/tasks.o
 .debug_aranges
                0x00000470       0xe0 build/LAN9253_D51_SQI_direct_mode/production/_ext/1671622979/Drivers.o
 .debug_aranges
                0x00000550       0x40 build/LAN9253_D51_SQI_direct_mode/production/_ext/108147519/ESC_Utils.o
 .debug_aranges
                0x00000590       0x90 build/LAN9253_D51_SQI_direct_mode/production/_ext/108147519/LAN925x.o
 .debug_aranges
                0x00000620       0x38 build/LAN9253_D51_SQI_direct_mode/production/_ext/108134065/bootmode.o
 .debug_aranges
                0x00000658       0x70 build/LAN9253_D51_SQI_direct_mode/production/_ext/108134065/coeappl.o
 .debug_aranges
                0x000006c8       0x70 build/LAN9253_D51_SQI_direct_mode/production/_ext/108134065/ecatappl.o
 .debug_aranges
                0x00000738       0x30 build/LAN9253_D51_SQI_direct_mode/production/_ext/108134065/ecatcoe.o
 .debug_aranges
                0x00000768       0x30 build/LAN9253_D51_SQI_direct_mode/production/_ext/108134065/ecatfoe.o
 .debug_aranges
                0x00000798       0xc8 build/LAN9253_D51_SQI_direct_mode/production/_ext/108134065/ecatslv.o
 .debug_aranges
                0x00000860       0x60 build/LAN9253_D51_SQI_direct_mode/production/_ext/108134065/emcy.o
 .debug_aranges
                0x000008c0       0x48 build/LAN9253_D51_SQI_direct_mode/production/_ext/108134065/foeappl.o
 .debug_aranges
                0x00000908       0x80 build/LAN9253_D51_SQI_direct_mode/production/_ext/108134065/mailbox.o
 .debug_aranges
                0x00000988       0x78 build/LAN9253_D51_SQI_direct_mode/production/_ext/108134065/objdef.o
 .debug_aranges
                0x00000a00       0xb8 build/LAN9253_D51_SQI_direct_mode/production/_ext/108134065/sample_app.o
 .debug_aranges
                0x00000ab8       0x50 build/LAN9253_D51_SQI_direct_mode/production/_ext/108134065/sdoserv.o
 .debug_aranges
                0x00000b08       0x20 build/LAN9253_D51_SQI_direct_mode/production/_ext/1360937237/main.o
 .debug_aranges
                0x00000b28       0x40 build/LAN9253_D51_SQI_direct_mode/production/_ext/1360937237/app.o
 .debug_aranges
                0x00000b68       0x20 c:/program files (x86)/microchip/xc32/v2.30/bin/bin/../../lib/gcc/pic32c/6.2.1/../../../../pic32c/lib/v7e-m/fpv4-sp/hard\libpic32c.a(data_init.o)
 .debug_aranges
                0x00000b88       0x20 c:/program files (x86)/microchip/xc32/v2.30/bin/bin/../../lib/gcc/pic32c/6.2.1/../../../../pic32c/lib/v7e-m/fpv4-sp/hard\libc.a(lib_a-init.o)
 .debug_aranges
                0x00000ba8       0x28 c:/program files (x86)/microchip/xc32/v2.30/bin/bin/../../lib/gcc/pic32c/6.2.1/../../../../pic32c/lib/v7e-m/fpv4-sp/hard\libc.a(lib_a-malloc.o)
 .debug_aranges
                0x00000bd0       0x20 c:/program files (x86)/microchip/xc32/v2.30/bin/bin/../../lib/gcc/pic32c/6.2.1/../../../../pic32c/lib/v7e-m/fpv4-sp/hard\libc.a(lib_a-mallocr.o)
 .debug_aranges
                0x00000bf0       0x20 c:/program files (x86)/microchip/xc32/v2.30/bin/bin/../../lib/gcc/pic32c/6.2.1/../../../../pic32c/lib/v7e-m/fpv4-sp/hard\libc.a(lib_a-memcpy-stub.o)
 .debug_aranges
                0x00000c10       0x20 c:/program files (x86)/microchip/xc32/v2.30/bin/bin/../../lib/gcc/pic32c/6.2.1/../../../../pic32c/lib/v7e-m/fpv4-sp/hard\libc.a(lib_a-memset.o)
 .debug_aranges
                0x00000c30       0x20 c:/program files (x86)/microchip/xc32/v2.30/bin/bin/../../lib/gcc/pic32c/6.2.1/../../../../pic32c/lib/v7e-m/fpv4-sp/hard\libc.a(lib_a-mlock.o)
 .debug_aranges
                0x00000c50       0x20 c:/program files (x86)/microchip/xc32/v2.30/bin/bin/../../lib/gcc/pic32c/6.2.1/../../../../pic32c/lib/v7e-m/fpv4-sp/hard\libc.a(lib_a-sbrkr.o)
 .debug_aranges
                0x00000c70       0x20 c:/program files (x86)/microchip/xc32/v2.30/bin/bin/../../lib/gcc/pic32c/6.2.1/../../../../pic32c/lib/v7e-m/fpv4-sp/hard\libc.a(lib_a-strlen.o)
 .debug_aranges
                0x00000c90       0x28 c:/program files (x86)/microchip/xc32/v2.30/bin/bin/../../lib/gcc/pic32c/6.2.1/../../../../pic32c/lib/v7e-m/fpv4-sp/hard\libc.a(lib_a-freer.o)
 .debug_aranges
                0x00000cb8       0x18 c:/program files (x86)/microchip/xc32/v2.30/bin/bin/../../lib/gcc/pic32c/6.2.1/../../../../pic32c/lib/v7e-m/fpv4-sp/hard\libc.a(lib_a-impure.o)
 .debug_aranges
                0x00000cd0       0x28 c:/program files (x86)/microchip/xc32/v2.30/bin/bin/../../lib/gcc/pic32c/6.2.1/../../../../pic32c/lib/v7e-m/fpv4-sp/hard\libc.a(lib_a-reent.o)
 .debug_aranges
                0x00000cf8       0x20 c:/program files (x86)/microchip/xc32/v2.30/bin/bin/../../lib/gcc/pic32c/6.2.1/../../../../pic32c/lib/v7e-m/fpv4-sp/hard\libpic32c.a(sbrk.o)

.debug_ranges   0x00000000      0xb58
 .debug_ranges  0x00000000       0x48 build/LAN9253_D51_SQI_direct_mode/production/_ext/1984496892/plib_clock.o
 .debug_ranges  0x00000048       0x98 build/LAN9253_D51_SQI_direct_mode/production/_ext/1865161661/plib_dmac.o
 .debug_ranges  0x000000e0       0x40 build/LAN9253_D51_SQI_direct_mode/production/_ext/60167341/plib_eic.o
 .debug_ranges  0x00000120       0x10 build/LAN9253_D51_SQI_direct_mode/production/_ext/1986646378/plib_evsys.o
 .debug_ranges  0x00000130       0x28 build/LAN9253_D51_SQI_direct_mode/production/_ext/1865468468/plib_nvic.o
 .debug_ranges  0x00000158       0xa0 build/LAN9253_D51_SQI_direct_mode/production/_ext/1593096446/plib_nvmctrl.o
 .debug_ranges  0x000001f8       0x50 build/LAN9253_D51_SQI_direct_mode/production/_ext/1865521619/plib_port.o
 .debug_ranges  0x00000248       0x58 build/LAN9253_D51_SQI_direct_mode/production/_ext/1865555181/plib_qspi.o
 .debug_ranges  0x000002a0       0x60 build/LAN9253_D51_SQI_direct_mode/production/_ext/1827571544/plib_systick.o
 .debug_ranges  0x00000300       0x38 build/LAN9253_D51_SQI_direct_mode/production/_ext/1171490990/exceptions.o
 .debug_ranges  0x00000338       0x10 build/LAN9253_D51_SQI_direct_mode/production/_ext/1171490990/initialization.o
 .debug_ranges  0x00000348       0x10 build/LAN9253_D51_SQI_direct_mode/production/_ext/1171490990/interrupts.o
 .debug_ranges  0x00000358       0x28 build/LAN9253_D51_SQI_direct_mode/production/_ext/1171490990/startup_xc32.o
 .debug_ranges  0x00000380       0x10 build/LAN9253_D51_SQI_direct_mode/production/_ext/1171490990/tasks.o
 .debug_ranges  0x00000390       0xd0 build/LAN9253_D51_SQI_direct_mode/production/_ext/1671622979/Drivers.o
 .debug_ranges  0x00000460       0x30 build/LAN9253_D51_SQI_direct_mode/production/_ext/108147519/ESC_Utils.o
 .debug_ranges  0x00000490       0x80 build/LAN9253_D51_SQI_direct_mode/production/_ext/108147519/LAN925x.o
 .debug_ranges  0x00000510       0x28 build/LAN9253_D51_SQI_direct_mode/production/_ext/108134065/bootmode.o
 .debug_ranges  0x00000538       0x78 build/LAN9253_D51_SQI_direct_mode/production/_ext/108134065/coeappl.o
 .debug_ranges  0x000005b0       0x78 build/LAN9253_D51_SQI_direct_mode/production/_ext/108134065/ecatappl.o
 .debug_ranges  0x00000628       0x20 build/LAN9253_D51_SQI_direct_mode/production/_ext/108134065/ecatcoe.o
 .debug_ranges  0x00000648       0x80 build/LAN9253_D51_SQI_direct_mode/production/_ext/108134065/ecatfoe.o
 .debug_ranges  0x000006c8       0xb8 build/LAN9253_D51_SQI_direct_mode/production/_ext/108134065/ecatslv.o
 .debug_ranges  0x00000780       0x50 build/LAN9253_D51_SQI_direct_mode/production/_ext/108134065/emcy.o
 .debug_ranges  0x000007d0       0x38 build/LAN9253_D51_SQI_direct_mode/production/_ext/108134065/foeappl.o
 .debug_ranges  0x00000808       0x70 build/LAN9253_D51_SQI_direct_mode/production/_ext/108134065/mailbox.o
 .debug_ranges  0x00000878       0x80 build/LAN9253_D51_SQI_direct_mode/production/_ext/108134065/objdef.o
 .debug_ranges  0x000008f8       0xa8 build/LAN9253_D51_SQI_direct_mode/production/_ext/108134065/sample_app.o
 .debug_ranges  0x000009a0       0x68 build/LAN9253_D51_SQI_direct_mode/production/_ext/108134065/sdoserv.o
 .debug_ranges  0x00000a08       0x10 build/LAN9253_D51_SQI_direct_mode/production/_ext/1360937237/main.o
 .debug_ranges  0x00000a18       0x30 build/LAN9253_D51_SQI_direct_mode/production/_ext/1360937237/app.o
 .debug_ranges  0x00000a48       0x10 c:/program files (x86)/microchip/xc32/v2.30/bin/bin/../../lib/gcc/pic32c/6.2.1/../../../../pic32c/lib/v7e-m/fpv4-sp/hard\libpic32c.a(data_init.o)
 .debug_ranges  0x00000a58       0x10 c:/program files (x86)/microchip/xc32/v2.30/bin/bin/../../lib/gcc/pic32c/6.2.1/../../../../pic32c/lib/v7e-m/fpv4-sp/hard\libc.a(lib_a-init.o)
 .debug_ranges  0x00000a68       0x18 c:/program files (x86)/microchip/xc32/v2.30/bin/bin/../../lib/gcc/pic32c/6.2.1/../../../../pic32c/lib/v7e-m/fpv4-sp/hard\libc.a(lib_a-malloc.o)
 .debug_ranges  0x00000a80       0x28 c:/program files (x86)/microchip/xc32/v2.30/bin/bin/../../lib/gcc/pic32c/6.2.1/../../../../pic32c/lib/v7e-m/fpv4-sp/hard\libc.a(lib_a-mallocr.o)
 .debug_ranges  0x00000aa8       0x10 c:/program files (x86)/microchip/xc32/v2.30/bin/bin/../../lib/gcc/pic32c/6.2.1/../../../../pic32c/lib/v7e-m/fpv4-sp/hard\libc.a(lib_a-memcpy-stub.o)
 .debug_ranges  0x00000ab8       0x10 c:/program files (x86)/microchip/xc32/v2.30/bin/bin/../../lib/gcc/pic32c/6.2.1/../../../../pic32c/lib/v7e-m/fpv4-sp/hard\libc.a(lib_a-memset.o)
 .debug_ranges  0x00000ac8       0x10 c:/program files (x86)/microchip/xc32/v2.30/bin/bin/../../lib/gcc/pic32c/6.2.1/../../../../pic32c/lib/v7e-m/fpv4-sp/hard\libc.a(lib_a-mlock.o)
 .debug_ranges  0x00000ad8       0x10 c:/program files (x86)/microchip/xc32/v2.30/bin/bin/../../lib/gcc/pic32c/6.2.1/../../../../pic32c/lib/v7e-m/fpv4-sp/hard\libc.a(lib_a-sbrkr.o)
 .debug_ranges  0x00000ae8       0x18 c:/program files (x86)/microchip/xc32/v2.30/bin/bin/../../lib/gcc/pic32c/6.2.1/../../../../pic32c/lib/v7e-m/fpv4-sp/hard\libc.a(lib_a-freer.o)
 .debug_ranges  0x00000b00       0x48 c:/program files (x86)/microchip/xc32/v2.30/bin/bin/../../lib/gcc/pic32c/6.2.1/../../../../pic32c/lib/v7e-m/fpv4-sp/hard\libc.a(lib_a-reent.o)
 .debug_ranges  0x00000b48       0x10 c:/program files (x86)/microchip/xc32/v2.30/bin/bin/../../lib/gcc/pic32c/6.2.1/../../../../pic32c/lib/v7e-m/fpv4-sp/hard\libpic32c.a(sbrk.o)

.debug_line     0x00000000     0x954f
 .debug_line    0x00000000      0x246 build/LAN9253_D51_SQI_direct_mode/production/_ext/1984496892/plib_clock.o
 .debug_line    0x00000246      0x588 build/LAN9253_D51_SQI_direct_mode/production/_ext/1865161661/plib_dmac.o
 .debug_line    0x000007ce      0x20e build/LAN9253_D51_SQI_direct_mode/production/_ext/60167341/plib_eic.o
 .debug_line    0x000009dc      0x13b build/LAN9253_D51_SQI_direct_mode/production/_ext/1986646378/plib_evsys.o
 .debug_line    0x00000b17      0x1da build/LAN9253_D51_SQI_direct_mode/production/_ext/1865468468/plib_nvic.o
 .debug_line    0x00000cf1      0x379 build/LAN9253_D51_SQI_direct_mode/production/_ext/1593096446/plib_nvmctrl.o
 .debug_line    0x0000106a      0x21a build/LAN9253_D51_SQI_direct_mode/production/_ext/1865521619/plib_port.o
 .debug_line    0x00001284      0x2d7 build/LAN9253_D51_SQI_direct_mode/production/_ext/1865555181/plib_qspi.o
 .debug_line    0x0000155b      0x216 build/LAN9253_D51_SQI_direct_mode/production/_ext/1827571544/plib_systick.o
 .debug_line    0x00001771      0x39e build/LAN9253_D51_SQI_direct_mode/production/_ext/1171490990/exceptions.o
 .debug_line    0x00001b0f      0x358 build/LAN9253_D51_SQI_direct_mode/production/_ext/1171490990/initialization.o
 .debug_line    0x00001e67      0x379 build/LAN9253_D51_SQI_direct_mode/production/_ext/1171490990/interrupts.o
 .debug_line    0x000021e0      0x407 build/LAN9253_D51_SQI_direct_mode/production/_ext/1171490990/startup_xc32.o
 .debug_line    0x000025e7      0x348 build/LAN9253_D51_SQI_direct_mode/production/_ext/1171490990/tasks.o
 .debug_line    0x0000292f      0x6a3 build/LAN9253_D51_SQI_direct_mode/production/_ext/1671622979/Drivers.o
 .debug_line    0x00002fd2      0x402 build/LAN9253_D51_SQI_direct_mode/production/_ext/108147519/ESC_Utils.o
 .debug_line    0x000033d4      0x5fe build/LAN9253_D51_SQI_direct_mode/production/_ext/108147519/LAN925x.o
 .debug_line    0x000039d2      0x19b build/LAN9253_D51_SQI_direct_mode/production/_ext/108134065/bootmode.o
 .debug_line    0x00003b6d      0x50c build/LAN9253_D51_SQI_direct_mode/production/_ext/108134065/coeappl.o
 .debug_line    0x00004079      0x56e build/LAN9253_D51_SQI_direct_mode/production/_ext/108134065/ecatappl.o
 .debug_line    0x000045e7      0x1b0 build/LAN9253_D51_SQI_direct_mode/production/_ext/108134065/ecatcoe.o
 .debug_line    0x00004797      0x42c build/LAN9253_D51_SQI_direct_mode/production/_ext/108134065/ecatfoe.o
 .debug_line    0x00004bc3      0x9b3 build/LAN9253_D51_SQI_direct_mode/production/_ext/108134065/ecatslv.o
 .debug_line    0x00005576      0x448 build/LAN9253_D51_SQI_direct_mode/production/_ext/108134065/emcy.o
 .debug_line    0x000059be      0x414 build/LAN9253_D51_SQI_direct_mode/production/_ext/108134065/foeappl.o
 .debug_line    0x00005dd2      0x596 build/LAN9253_D51_SQI_direct_mode/production/_ext/108134065/mailbox.o
 .debug_line    0x00006368      0x71c build/LAN9253_D51_SQI_direct_mode/production/_ext/108134065/objdef.o
 .debug_line    0x00006a84      0x5ac build/LAN9253_D51_SQI_direct_mode/production/_ext/108134065/sample_app.o
 .debug_line    0x00007030      0x5fa build/LAN9253_D51_SQI_direct_mode/production/_ext/108134065/sdoserv.o
 .debug_line    0x0000762a      0x34b build/LAN9253_D51_SQI_direct_mode/production/_ext/1360937237/main.o
 .debug_line    0x00007975      0x46c build/LAN9253_D51_SQI_direct_mode/production/_ext/1360937237/app.o
 .debug_line    0x00007de1       0xd8 c:/program files (x86)/microchip/xc32/v2.30/bin/bin/../../lib/gcc/pic32c/6.2.1/../../../../pic32c/lib/v7e-m/fpv4-sp/hard\libpic32c.a(data_init.o)
 .debug_line    0x00007eb9      0x11d c:/program files (x86)/microchip/xc32/v2.30/bin/bin/../../lib/gcc/pic32c/6.2.1/../../../../pic32c/lib/v7e-m/fpv4-sp/hard\libc.a(lib_a-init.o)
 .debug_line    0x00007fd6      0x21e c:/program files (x86)/microchip/xc32/v2.30/bin/bin/../../lib/gcc/pic32c/6.2.1/../../../../pic32c/lib/v7e-m/fpv4-sp/hard\libc.a(lib_a-malloc.o)
 .debug_line    0x000081f4      0x347 c:/program files (x86)/microchip/xc32/v2.30/bin/bin/../../lib/gcc/pic32c/6.2.1/../../../../pic32c/lib/v7e-m/fpv4-sp/hard\libc.a(lib_a-mallocr.o)
 .debug_line    0x0000853b      0x218 c:/program files (x86)/microchip/xc32/v2.30/bin/bin/../../lib/gcc/pic32c/6.2.1/../../../../pic32c/lib/v7e-m/fpv4-sp/hard\libc.a(lib_a-memcpy-stub.o)
 .debug_line    0x00008753      0x2ae c:/program files (x86)/microchip/xc32/v2.30/bin/bin/../../lib/gcc/pic32c/6.2.1/../../../../pic32c/lib/v7e-m/fpv4-sp/hard\libc.a(lib_a-memset.o)
 .debug_line    0x00008a01      0x18d c:/program files (x86)/microchip/xc32/v2.30/bin/bin/../../lib/gcc/pic32c/6.2.1/../../../../pic32c/lib/v7e-m/fpv4-sp/hard\libc.a(lib_a-mlock.o)
 .debug_line    0x00008b8e      0x212 c:/program files (x86)/microchip/xc32/v2.30/bin/bin/../../lib/gcc/pic32c/6.2.1/../../../../pic32c/lib/v7e-m/fpv4-sp/hard\libc.a(lib_a-sbrkr.o)
 .debug_line    0x00008da0       0xb1 c:/program files (x86)/microchip/xc32/v2.30/bin/bin/../../lib/gcc/pic32c/6.2.1/../../../../pic32c/lib/v7e-m/fpv4-sp/hard\libc.a(lib_a-strlen.o)
 .debug_line    0x00008e51      0x2a1 c:/program files (x86)/microchip/xc32/v2.30/bin/bin/../../lib/gcc/pic32c/6.2.1/../../../../pic32c/lib/v7e-m/fpv4-sp/hard\libc.a(lib_a-freer.o)
 .debug_line    0x000090f2      0x17e c:/program files (x86)/microchip/xc32/v2.30/bin/bin/../../lib/gcc/pic32c/6.2.1/../../../../pic32c/lib/v7e-m/fpv4-sp/hard\libc.a(lib_a-impure.o)
 .debug_line    0x00009270      0x23d c:/program files (x86)/microchip/xc32/v2.30/bin/bin/../../lib/gcc/pic32c/6.2.1/../../../../pic32c/lib/v7e-m/fpv4-sp/hard\libc.a(lib_a-reent.o)
 .debug_line    0x000094ad       0xa2 c:/program files (x86)/microchip/xc32/v2.30/bin/bin/../../lib/gcc/pic32c/6.2.1/../../../../pic32c/lib/v7e-m/fpv4-sp/hard\libpic32c.a(sbrk.o)

.debug_str      0x00000000      0x836
 .debug_str     0x00000000       0x1e build/LAN9253_D51_SQI_direct_mode/production/_ext/1984496892/plib_clock.o
 .debug_str     0x0000001e       0x5a build/LAN9253_D51_SQI_direct_mode/production/_ext/1865161661/plib_dmac.o
 .debug_str     0x00000078        0x9 build/LAN9253_D51_SQI_direct_mode/production/_ext/60167341/plib_eic.o
 .debug_str     0x00000081        0x0 build/LAN9253_D51_SQI_direct_mode/production/_ext/1986646378/plib_evsys.o
 .debug_str     0x00000081        0xa build/LAN9253_D51_SQI_direct_mode/production/_ext/1865468468/plib_nvic.o
 .debug_str     0x0000008b       0x29 build/LAN9253_D51_SQI_direct_mode/production/_ext/1593096446/plib_nvmctrl.o
 .debug_str     0x000000b4        0xb build/LAN9253_D51_SQI_direct_mode/production/_ext/1865521619/plib_port.o
 .debug_str     0x000000bf       0x9a build/LAN9253_D51_SQI_direct_mode/production/_ext/1865555181/plib_qspi.o
 .debug_str     0x00000159        0x9 build/LAN9253_D51_SQI_direct_mode/production/_ext/1827571544/plib_systick.o
 .debug_str     0x00000162        0xe build/LAN9253_D51_SQI_direct_mode/production/_ext/1171490990/exceptions.o
 .debug_str     0x00000170        0xe build/LAN9253_D51_SQI_direct_mode/production/_ext/1171490990/initialization.o
 .debug_str     0x0000017e        0xe build/LAN9253_D51_SQI_direct_mode/production/_ext/1171490990/interrupts.o
 .debug_str     0x0000018c        0xe build/LAN9253_D51_SQI_direct_mode/production/_ext/1171490990/startup_xc32.o
 .debug_str     0x0000019a        0xe build/LAN9253_D51_SQI_direct_mode/production/_ext/1171490990/tasks.o
 .debug_str     0x000001a8       0x6d build/LAN9253_D51_SQI_direct_mode/production/_ext/1671622979/Drivers.o
 .debug_str     0x00000215        0xe build/LAN9253_D51_SQI_direct_mode/production/_ext/108147519/ESC_Utils.o
 .debug_str     0x00000223       0x4b build/LAN9253_D51_SQI_direct_mode/production/_ext/108147519/LAN925x.o
 .debug_str     0x0000026e        0xe build/LAN9253_D51_SQI_direct_mode/production/_ext/108134065/bootmode.o
 .debug_str     0x0000027c       0x48 build/LAN9253_D51_SQI_direct_mode/production/_ext/108134065/coeappl.o
 .debug_str     0x000002c4       0x42 build/LAN9253_D51_SQI_direct_mode/production/_ext/108134065/ecatappl.o
 .debug_str     0x00000306       0x35 build/LAN9253_D51_SQI_direct_mode/production/_ext/108134065/ecatcoe.o
 .debug_str     0x0000033b       0x24 build/LAN9253_D51_SQI_direct_mode/production/_ext/108134065/ecatfoe.o
 .debug_str     0x0000035f       0x6b build/LAN9253_D51_SQI_direct_mode/production/_ext/108134065/ecatslv.o
 .debug_str     0x000003ca       0x2d build/LAN9253_D51_SQI_direct_mode/production/_ext/108134065/emcy.o
 .debug_str     0x000003f7       0x31 build/LAN9253_D51_SQI_direct_mode/production/_ext/108134065/foeappl.o
 .debug_str     0x00000428       0x50 build/LAN9253_D51_SQI_direct_mode/production/_ext/108134065/mailbox.o
 .debug_str     0x00000478       0xa5 build/LAN9253_D51_SQI_direct_mode/production/_ext/108134065/objdef.o
 .debug_str     0x0000051d       0x5c build/LAN9253_D51_SQI_direct_mode/production/_ext/108134065/sample_app.o
 .debug_str     0x00000579       0xa8 build/LAN9253_D51_SQI_direct_mode/production/_ext/108134065/sdoserv.o
 .debug_str     0x00000621        0xe build/LAN9253_D51_SQI_direct_mode/production/_ext/1360937237/main.o
 .debug_str     0x0000062f       0x24 build/LAN9253_D51_SQI_direct_mode/production/_ext/1360937237/app.o
 .debug_str     0x00000653        0x0 c:/program files (x86)/microchip/xc32/v2.30/bin/bin/../../lib/gcc/pic32c/6.2.1/../../../../pic32c/lib/v7e-m/fpv4-sp/hard\libpic32c.a(data_init.o)
 .debug_str     0x00000653        0x0 c:/program files (x86)/microchip/xc32/v2.30/bin/bin/../../lib/gcc/pic32c/6.2.1/../../../../pic32c/lib/v7e-m/fpv4-sp/hard\libc.a(lib_a-init.o)
 .debug_str     0x00000653       0x18 c:/program files (x86)/microchip/xc32/v2.30/bin/bin/../../lib/gcc/pic32c/6.2.1/../../../../pic32c/lib/v7e-m/fpv4-sp/hard\libc.a(lib_a-malloc.o)
 .debug_str     0x0000066b       0x36 c:/program files (x86)/microchip/xc32/v2.30/bin/bin/../../lib/gcc/pic32c/6.2.1/../../../../pic32c/lib/v7e-m/fpv4-sp/hard\libc.a(lib_a-mallocr.o)
 .debug_str     0x000006a1        0xe c:/program files (x86)/microchip/xc32/v2.30/bin/bin/../../lib/gcc/pic32c/6.2.1/../../../../pic32c/lib/v7e-m/fpv4-sp/hard\libc.a(lib_a-memcpy-stub.o)
 .debug_str     0x000006af      0x119 c:/program files (x86)/microchip/xc32/v2.30/bin/bin/../../lib/gcc/pic32c/6.2.1/../../../../pic32c/lib/v7e-m/fpv4-sp/hard\libc.a(lib_a-memset.o)
 .debug_str     0x000007c8        0xe c:/program files (x86)/microchip/xc32/v2.30/bin/bin/../../lib/gcc/pic32c/6.2.1/../../../../pic32c/lib/v7e-m/fpv4-sp/hard\libc.a(lib_a-mlock.o)
 .debug_str     0x000007d6        0xe c:/program files (x86)/microchip/xc32/v2.30/bin/bin/../../lib/gcc/pic32c/6.2.1/../../../../pic32c/lib/v7e-m/fpv4-sp/hard\libc.a(lib_a-sbrkr.o)
 .debug_str     0x000007e4       0x36 c:/program files (x86)/microchip/xc32/v2.30/bin/bin/../../lib/gcc/pic32c/6.2.1/../../../../pic32c/lib/v7e-m/fpv4-sp/hard\libc.a(lib_a-freer.o)
 .debug_str     0x0000081a        0xe c:/program files (x86)/microchip/xc32/v2.30/bin/bin/../../lib/gcc/pic32c/6.2.1/../../../../pic32c/lib/v7e-m/fpv4-sp/hard\libc.a(lib_a-impure.o)
 .debug_str     0x00000828        0xe c:/program files (x86)/microchip/xc32/v2.30/bin/bin/../../lib/gcc/pic32c/6.2.1/../../../../pic32c/lib/v7e-m/fpv4-sp/hard\libc.a(lib_a-reent.o)
 .debug_str     0x00000836        0x0 c:/program files (x86)/microchip/xc32/v2.30/bin/bin/../../lib/gcc/pic32c/6.2.1/../../../../pic32c/lib/v7e-m/fpv4-sp/hard\libpic32c.a(sbrk.o)

.debug_frame    0x00000000     0x29c8
 .debug_frame   0x00000000      0x10c build/LAN9253_D51_SQI_direct_mode/production/_ext/1984496892/plib_clock.o
 .debug_frame   0x0000010c      0x2ac build/LAN9253_D51_SQI_direct_mode/production/_ext/1865161661/plib_dmac.o
 .debug_frame   0x000003b8       0xfc build/LAN9253_D51_SQI_direct_mode/production/_ext/60167341/plib_eic.o
 .debug_frame   0x000004b4       0x30 build/LAN9253_D51_SQI_direct_mode/production/_ext/1986646378/plib_evsys.o
 .debug_frame   0x000004e4       0xa4 build/LAN9253_D51_SQI_direct_mode/production/_ext/1865468468/plib_nvic.o
 .debug_frame   0x00000588      0x2ac build/LAN9253_D51_SQI_direct_mode/production/_ext/1593096446/plib_nvmctrl.o
 .debug_frame   0x00000834      0x170 build/LAN9253_D51_SQI_direct_mode/production/_ext/1865521619/plib_port.o
 .debug_frame   0x000009a4      0x180 build/LAN9253_D51_SQI_direct_mode/production/_ext/1865555181/plib_qspi.o
 .debug_frame   0x00000b24      0x184 build/LAN9253_D51_SQI_direct_mode/production/_ext/1827571544/plib_systick.o
 .debug_frame   0x00000ca8       0xa0 build/LAN9253_D51_SQI_direct_mode/production/_ext/1171490990/exceptions.o
 .debug_frame   0x00000d48       0x34 build/LAN9253_D51_SQI_direct_mode/production/_ext/1171490990/initialization.o
 .debug_frame   0x00000d7c       0x20 build/LAN9253_D51_SQI_direct_mode/production/_ext/1171490990/interrupts.o
 .debug_frame   0x00000d9c       0x98 build/LAN9253_D51_SQI_direct_mode/production/_ext/1171490990/startup_xc32.o
 .debug_frame   0x00000e34       0x2c build/LAN9253_D51_SQI_direct_mode/production/_ext/1171490990/tasks.o
 .debug_frame   0x00000e60      0x37c build/LAN9253_D51_SQI_direct_mode/production/_ext/1671622979/Drivers.o
 .debug_frame   0x000011dc       0xb4 build/LAN9253_D51_SQI_direct_mode/production/_ext/108147519/ESC_Utils.o
 .debug_frame   0x00001290      0x22c build/LAN9253_D51_SQI_direct_mode/production/_ext/108147519/LAN925x.o
 .debug_frame   0x000014bc       0xa8 build/LAN9253_D51_SQI_direct_mode/production/_ext/108134065/bootmode.o
 .debug_frame   0x00001564      0x1a8 build/LAN9253_D51_SQI_direct_mode/production/_ext/108134065/coeappl.o
 .debug_frame   0x0000170c      0x180 build/LAN9253_D51_SQI_direct_mode/production/_ext/108134065/ecatappl.o
 .debug_frame   0x0000188c       0x78 build/LAN9253_D51_SQI_direct_mode/production/_ext/108134065/ecatcoe.o
 .debug_frame   0x00001904       0x7c build/LAN9253_D51_SQI_direct_mode/production/_ext/108134065/ecatfoe.o
 .debug_frame   0x00001980      0x320 build/LAN9253_D51_SQI_direct_mode/production/_ext/108134065/ecatslv.o
 .debug_frame   0x00001ca0      0x160 build/LAN9253_D51_SQI_direct_mode/production/_ext/108134065/emcy.o
 .debug_frame   0x00001e00       0xec build/LAN9253_D51_SQI_direct_mode/production/_ext/108134065/foeappl.o
 .debug_frame   0x00001eec      0x1ec build/LAN9253_D51_SQI_direct_mode/production/_ext/108134065/mailbox.o
 .debug_frame   0x000020d8      0x1e8 build/LAN9253_D51_SQI_direct_mode/production/_ext/108134065/objdef.o
 .debug_frame   0x000022c0      0x2c4 build/LAN9253_D51_SQI_direct_mode/production/_ext/108134065/sample_app.o
 .debug_frame   0x00002584      0x120 build/LAN9253_D51_SQI_direct_mode/production/_ext/108134065/sdoserv.o
 .debug_frame   0x000026a4       0x2c build/LAN9253_D51_SQI_direct_mode/production/_ext/1360937237/main.o
 .debug_frame   0x000026d0       0xb4 build/LAN9253_D51_SQI_direct_mode/production/_ext/1360937237/app.o
 .debug_frame   0x00002784       0x2c c:/program files (x86)/microchip/xc32/v2.30/bin/bin/../../lib/gcc/pic32c/6.2.1/../../../../pic32c/lib/v7e-m/fpv4-sp/hard\libpic32c.a(data_init.o)
 .debug_frame   0x000027b0       0x2c c:/program files (x86)/microchip/xc32/v2.30/bin/bin/../../lib/gcc/pic32c/6.2.1/../../../../pic32c/lib/v7e-m/fpv4-sp/hard\libc.a(lib_a-init.o)
 .debug_frame   0x000027dc       0x30 c:/program files (x86)/microchip/xc32/v2.30/bin/bin/../../lib/gcc/pic32c/6.2.1/../../../../pic32c/lib/v7e-m/fpv4-sp/hard\libc.a(lib_a-malloc.o)
 .debug_frame   0x0000280c       0x40 c:/program files (x86)/microchip/xc32/v2.30/bin/bin/../../lib/gcc/pic32c/6.2.1/../../../../pic32c/lib/v7e-m/fpv4-sp/hard\libc.a(lib_a-mallocr.o)
 .debug_frame   0x0000284c       0x28 c:/program files (x86)/microchip/xc32/v2.30/bin/bin/../../lib/gcc/pic32c/6.2.1/../../../../pic32c/lib/v7e-m/fpv4-sp/hard\libc.a(lib_a-memcpy-stub.o)
 .debug_frame   0x00002874       0x20 c:/program files (x86)/microchip/xc32/v2.30/bin/bin/../../lib/gcc/pic32c/6.2.1/../../../../pic32c/lib/v7e-m/fpv4-sp/hard\libc.a(lib_a-memset.o)
 .debug_frame   0x00002894       0x30 c:/program files (x86)/microchip/xc32/v2.30/bin/bin/../../lib/gcc/pic32c/6.2.1/../../../../pic32c/lib/v7e-m/fpv4-sp/hard\libc.a(lib_a-mlock.o)
 .debug_frame   0x000028c4       0x2c c:/program files (x86)/microchip/xc32/v2.30/bin/bin/../../lib/gcc/pic32c/6.2.1/../../../../pic32c/lib/v7e-m/fpv4-sp/hard\libc.a(lib_a-sbrkr.o)
 .debug_frame   0x000028f0       0x5c c:/program files (x86)/microchip/xc32/v2.30/bin/bin/../../lib/gcc/pic32c/6.2.1/../../../../pic32c/lib/v7e-m/fpv4-sp/hard\libc.a(lib_a-freer.o)
 .debug_frame   0x0000294c       0x5c c:/program files (x86)/microchip/xc32/v2.30/bin/bin/../../lib/gcc/pic32c/6.2.1/../../../../pic32c/lib/v7e-m/fpv4-sp/hard\libc.a(lib_a-reent.o)
 .debug_frame   0x000029a8       0x20 c:/program files (x86)/microchip/xc32/v2.30/bin/bin/../../lib/gcc/pic32c/6.2.1/../../../../pic32c/lib/v7e-m/fpv4-sp/hard\libpic32c.a(sbrk.o)

.stack          0x20004c10      0x100
 .stack         0x20004c10      0x100 stack

.data.impure_data%1
                0x20003560      0x418
 .data.impure_data
                0x20003560      0x418 c:/program files (x86)/microchip/xc32/v2.30/bin/bin/../../lib/gcc/pic32c/6.2.1/../../../../pic32c/lib/v7e-m/fpv4-sp/hard\libc.a(lib_a-impure.o)

.data.__malloc_av_%2
                0x20003978      0x408
 .data.__malloc_av_
                0x20003978      0x408 c:/program files (x86)/microchip/xc32/v2.30/bin/bin/../../lib/gcc/pic32c/6.2.1/../../../../pic32c/lib/v7e-m/fpv4-sp/hard\libc.a(lib_a-mallocr.o)
                0x20003978                __malloc_av_

.data.OutputsProcessDataMapping0x1601%3
                0x20003d80      0x204
 .data.OutputsProcessDataMapping0x1601
                0x20003d80      0x204 build/LAN9253_D51_SQI_direct_mode/production/_ext/108134065/sample_app.o
                0x20003d80                OutputsProcessDataMapping0x1601

.data.InputsProcessDataMapping0x1A00%4
                0x20003f84      0x204
 .data.InputsProcessDataMapping0x1A00
                0x20003f84      0x204 build/LAN9253_D51_SQI_direct_mode/production/_ext/108134065/sample_app.o
                0x20003f84                InputsProcessDataMapping0x1A00

.data.Inputs0x6000%5
                0x20004188      0x204
 .data.Inputs0x6000
                0x20004188      0x204 build/LAN9253_D51_SQI_direct_mode/production/_ext/108134065/sample_app.o
                0x20004188                Inputs0x6000

.data.Outputs0x7010%6
                0x2000438c      0x204
 .data.Outputs0x7010
                0x2000438c      0x204 build/LAN9253_D51_SQI_direct_mode/production/_ext/108134065/sample_app.o
                0x2000438c                Outputs0x7010

.data.GenObjDic%7
                0x20004590      0x1e0
 .data.GenObjDic
                0x20004590      0x1e0 build/LAN9253_D51_SQI_direct_mode/production/_ext/108134065/coeappl.o
                0x20004590                GenObjDic

.data.ApplicationObjDic%8
                0x20004770      0x118
 .data.ApplicationObjDic
                0x20004770      0x118 build/LAN9253_D51_SQI_direct_mode/production/_ext/108134065/coeappl.o
                0x20004770                ApplicationObjDic

.bss.__malloc_current_mallinfo%9
                0x20004888       0x28
 .bss.__malloc_current_mallinfo
                0x20004888       0x28 c:/program files (x86)/microchip/xc32/v2.30/bin/bin/../../lib/gcc/pic32c/6.2.1/../../../../pic32c/lib/v7e-m/fpv4-sp/hard\libc.a(lib_a-mallocr.o)
                0x20004888                __malloc_current_mallinfo

.data.gau8DummyCntArr%10
                0x200048b0       0x27
 .data.gau8DummyCntArr
                0x200048b0       0x27 build/LAN9253_D51_SQI_direct_mode/production/_ext/108147519/LAN925x.o
                0x200048b0                gau8DummyCntArr

.bss._write_back_section%11
                0x200048d8       0x20
 .bss._write_back_section
                0x200048d8       0x20 build/LAN9253_D51_SQI_direct_mode/production/_ext/1865161661/plib_dmac.o

.bss.descriptor_section%12
                0x200048f8       0x20
 .bss.descriptor_section
                0x200048f8       0x20 build/LAN9253_D51_SQI_direct_mode/production/_ext/1865161661/plib_dmac.o

.bss.gau8rx_data%13
                0x20004918       0x20
 .bss.gau8rx_data
                0x20004918       0x20 build/LAN9253_D51_SQI_direct_mode/production/_ext/1671622979/Drivers.o

.bss%14         0x20004938       0x1c
 .bss           0x20004938       0x1c c:/program files (x86)/microchip/xc32/v2.30/bin/bin/../../lib/gcc/pic32c/6.2.1/v7e-m/fpv4-sp/hard/crtbegin.o

.data.acDevicename%15
                0x20004954       0x16
 .data.acDevicename
                0x20004954       0x16 build/LAN9253_D51_SQI_direct_mode/production/_ext/108134065/coeappl.o
                0x20004954                acDevicename

.data.sIdentity%16
                0x2000496c       0x14
 .data.sIdentity
                0x2000496c       0x14 build/LAN9253_D51_SQI_direct_mode/production/_ext/108134065/coeappl.o
                0x2000496c                sIdentity

.data.aSubindexDesc%17
                0x20004980        0xd
 .data.aSubindexDesc
                0x20004980        0xd build/LAN9253_D51_SQI_direct_mode/production/_ext/108134065/objdef.o
                0x20004980                aSubindexDesc

.data.sErrorSettings%18
                0x20004990        0xc
 .data.sErrorSettings
                0x20004990        0xc build/LAN9253_D51_SQI_direct_mode/production/_ext/108134065/objdef.o
                0x20004990                sErrorSettings

.bss.u64Timestamp%19
                0x200049a0        0x8
 .bss.u64Timestamp
                0x200049a0        0x8 build/LAN9253_D51_SQI_direct_mode/production/_ext/108134065/coeappl.o
                0x200049a0                u64Timestamp

.data.sSyncmanagertype%20
                0x200049a8        0x6
 .data.sSyncmanagertype
                0x200049a8        0x6 build/LAN9253_D51_SQI_direct_mode/production/_ext/108134065/coeappl.o
                0x200049a8                sSyncmanagertype

.data.u32Devicetype%21
                0x2000355c        0x4
 .data.u32Devicetype
                0x2000355c        0x4 build/LAN9253_D51_SQI_direct_mode/production/_ext/108134065/coeappl.o
                0x2000355c                u32Devicetype

.data.acHardwareversion%22
                0x2000499c        0x4
 .data.acHardwareversion
                0x2000499c        0x4 build/LAN9253_D51_SQI_direct_mode/production/_ext/108134065/coeappl.o
                0x2000499c                acHardwareversion

.data.acSoftwareversion%23
                0x200049b0        0x4
 .data.acSoftwareversion
                0x200049b0        0x4 build/LAN9253_D51_SQI_direct_mode/production/_ext/108134065/coeappl.o
                0x200049b0                acSoftwareversion

.bss.ObjDicList%24
                0x200049b4        0x4
 .bss.ObjDicList
                0x200049b4        0x4 build/LAN9253_D51_SQI_direct_mode/production/_ext/108134065/coeappl.o
                0x200049b4                ObjDicList

.bss.SMActivate%25
                0x200049b8        0x4
 .bss.SMActivate
                0x200049b8        0x4 build/LAN9253_D51_SQI_direct_mode/production/_ext/108134065/ecatslv.o
                0x200049b8                SMActivate

.data.sRxPDOassign%26
                0x200049bc        0x4
 .data.sRxPDOassign
                0x200049bc        0x4 build/LAN9253_D51_SQI_direct_mode/production/_ext/108134065/sample_app.o
                0x200049bc                sRxPDOassign

.data.sTxPDOassign%27
                0x200049c0        0x4
 .data.sTxPDOassign
                0x200049c0        0x4 build/LAN9253_D51_SQI_direct_mode/production/_ext/108134065/sample_app.o
                0x200049c0                sTxPDOassign

.bss.gTriggerCounterValMeasure%28
                0x200049c4        0x4
 .bss.gTriggerCounterValMeasure
                0x200049c4        0x4 build/LAN9253_D51_SQI_direct_mode/production/_ext/108134065/sample_app.o
                0x200049c4                gTriggerCounterValMeasure

.data.gFOETestFrameSize%29
                0x200049c8        0x4
 .data.gFOETestFrameSize
                0x200049c8        0x4 build/LAN9253_D51_SQI_direct_mode/production/_ext/108134065/sample_app.o
                0x200049c8                gFOETestFrameSize

.bss.nFileWriteOffset%30
                0x200049cc        0x4
 .bss.nFileWriteOffset
                0x200049cc        0x4 build/LAN9253_D51_SQI_direct_mode/production/_ext/108134065/sample_app.o
                0x200049cc                nFileWriteOffset

.bss.nFileStartWriteAddress%31
                0x200049d0        0x4
 .bss.nFileStartWriteAddress
                0x200049d0        0x4 build/LAN9253_D51_SQI_direct_mode/production/_ext/108134065/sample_app.o
                0x200049d0                nFileStartWriteAddress

.bss.u32FileSize%32
                0x200049d4        0x4
 .bss.u32FileSize
                0x200049d4        0x4 build/LAN9253_D51_SQI_direct_mode/production/_ext/108134065/sample_app.o
                0x200049d4                u32FileSize

.bss.__malloc_max_sbrked_mem%33
                0x200049d8        0x4
 .bss.__malloc_max_sbrked_mem
                0x200049d8        0x4 c:/program files (x86)/microchip/xc32/v2.30/bin/bin/../../lib/gcc/pic32c/6.2.1/../../../../pic32c/lib/v7e-m/fpv4-sp/hard\libc.a(lib_a-mallocr.o)
                0x200049d8                __malloc_max_sbrked_mem

.bss.__malloc_max_total_mem%34
                0x200049dc        0x4
 .bss.__malloc_max_total_mem
                0x200049dc        0x4 c:/program files (x86)/microchip/xc32/v2.30/bin/bin/../../lib/gcc/pic32c/6.2.1/../../../../pic32c/lib/v7e-m/fpv4-sp/hard\libc.a(lib_a-mallocr.o)
                0x200049dc                __malloc_max_total_mem

.bss.__malloc_top_pad%35
                0x200049e0        0x4
 .bss.__malloc_top_pad
                0x200049e0        0x4 c:/program files (x86)/microchip/xc32/v2.30/bin/bin/../../lib/gcc/pic32c/6.2.1/../../../../pic32c/lib/v7e-m/fpv4-sp/hard\libc.a(lib_a-mallocr.o)
                0x200049e0                __malloc_top_pad

.data.__malloc_sbrk_base%36
                0x200049e4        0x4
 .data.__malloc_sbrk_base
                0x200049e4        0x4 c:/program files (x86)/microchip/xc32/v2.30/bin/bin/../../lib/gcc/pic32c/6.2.1/../../../../pic32c/lib/v7e-m/fpv4-sp/hard\libc.a(lib_a-mallocr.o)
                0x200049e4                __malloc_sbrk_base

.data.__malloc_trim_threshold%37
                0x200049e8        0x4
 .data.__malloc_trim_threshold
                0x200049e8        0x4 c:/program files (x86)/microchip/xc32/v2.30/bin/bin/../../lib/gcc/pic32c/6.2.1/../../../../pic32c/lib/v7e-m/fpv4-sp/hard\libc.a(lib_a-mallocr.o)
                0x200049e8                __malloc_trim_threshold

.data._impure_ptr%38
                0x200049ec        0x4
 .data._impure_ptr
                0x200049ec        0x4 c:/program files (x86)/microchip/xc32/v2.30/bin/bin/../../lib/gcc/pic32c/6.2.1/../../../../pic32c/lib/v7e-m/fpv4-sp/hard\libc.a(lib_a-impure.o)
                0x200049ec                _impure_ptr

.bss%39         0x200049f0        0x4
 .bss           0x200049f0        0x4 c:/program files (x86)/microchip/xc32/v2.30/bin/bin/../../lib/gcc/pic32c/6.2.1/../../../../pic32c/lib/v7e-m/fpv4-sp/hard\libpic32c.a(sbrk.o)

.bss.nvm_error%40
                0x2000496a        0x2
 .bss.nvm_error
                0x2000496a        0x2 build/LAN9253_D51_SQI_direct_mode/production/_ext/1593096446/plib_nvmctrl.o

.bss.u16ErrorRegister%41
                0x200049ae        0x2
 .bss.u16ErrorRegister
                0x200049ae        0x2 build/LAN9253_D51_SQI_direct_mode/production/_ext/108134065/coeappl.o
                0x200049ae                u16ErrorRegister

.bss.bInitFinished%42
                0x200048d7        0x1
 .bss.bInitFinished
                0x200048d7        0x1 build/LAN9253_D51_SQI_direct_mode/production/_ext/108134065/ecatappl.o
                0x200048d7                bInitFinished

.bss.EepromLoaded%43
                0x2000498d        0x1
 .bss.EepromLoaded
                0x2000498d        0x1 build/LAN9253_D51_SQI_direct_mode/production/_ext/108134065/ecatslv.o
                0x2000498d                EepromLoaded

.bss.gFirmwareDownload_Started%44
                0x2000498e        0x1
 .bss.gFirmwareDownload_Started
                0x2000498e        0x1 build/LAN9253_D51_SQI_direct_mode/production/_ext/108134065/sample_app.o
                0x2000498e                gFirmwareDownload_Started

.bss.gFirmwareDownload_Finished%45
                0x2000498f        0x1
 .bss.gFirmwareDownload_Finished
                0x2000498f        0x1 build/LAN9253_D51_SQI_direct_mode/production/_ext/108134065/sample_app.o
                0x2000498f                gFirmwareDownload_Finished

.bss.bSdoInWork%46
                0x200049f4        0x1
 .bss.bSdoInWork
                0x200049f4        0x1 build/LAN9253_D51_SQI_direct_mode/production/_ext/108134065/sdoserv.o
                0x200049f4                bSdoInWork

.eh_frame%z1    0x00000000        0x0
 .eh_frame      0x00000000        0x0 c:/program files (x86)/microchip/xc32/v2.30/bin/bin/../../lib/gcc/pic32c/6.2.1/v7e-m/fpv4-sp/hard/crtbegin.o

.dinit%47       0x00000280     0x16b0
 .dinit         0x00000280     0x16b0 data_init

.text.StartInputHandler%48
                0x00001930      0x7e4
 .text.StartInputHandler
                0x00001930      0x7e4 build/LAN9253_D51_SQI_direct_mode/production/_ext/108134065/ecatslv.o
                0x00001930                StartInputHandler

.text.AL_ControlInd%49
                0x00002114      0x790
 .text.AL_ControlInd
                0x00002114      0x790 build/LAN9253_D51_SQI_direct_mode/production/_ext/108134065/ecatslv.o
                0x00002114                AL_ControlInd

.text.OBJ_Write%50
                0x000028a4      0x710
 .text.OBJ_Write
                0x000028a4      0x710 build/LAN9253_D51_SQI_direct_mode/production/_ext/108134065/objdef.o
                0x000028a4                OBJ_Write

.rodata.aName0x1601%51
                0x00002fb4      0x6a0
 .rodata.aName0x1601
                0x00002fb4      0x6a0 build/LAN9253_D51_SQI_direct_mode/production/_ext/108134065/coeappl.o
                0x00002fb4                aName0x1601

.rodata.aName0x1A00%52
                0x00003654      0x6a0
 .rodata.aName0x1A00
                0x00003654      0x6a0 build/LAN9253_D51_SQI_direct_mode/production/_ext/108134065/coeappl.o
                0x00003654                aName0x1A00

.text.OBJ_Read%53
                0x00003cf4      0x67c
 .text.OBJ_Read
                0x00003cf4      0x67c build/LAN9253_D51_SQI_direct_mode/production/_ext/108134065/objdef.o
                0x00003cf4                OBJ_Read

.text.SDOS_SdoInd%54
                0x00004370      0x5e4
 .text.SDOS_SdoInd
                0x00004370      0x5e4 build/LAN9253_D51_SQI_direct_mode/production/_ext/108134065/sdoserv.o
                0x00004370                SDOS_SdoInd

.rodata.aName0x7010%55
                0x00004954      0x520
 .rodata.aName0x7010
                0x00004954      0x520 build/LAN9253_D51_SQI_direct_mode/production/_ext/108134065/coeappl.o
                0x00004954                aName0x7010

.rodata.aName0x6000%56
                0x00004e74      0x51c
 .rodata.aName0x6000
                0x00004e74      0x51c build/LAN9253_D51_SQI_direct_mode/production/_ext/108134065/coeappl.o
                0x00004e74                aName0x6000

.text.FOE_ServiceInd%57
                0x00005390      0x488
 .text.FOE_ServiceInd
                0x00005390      0x488 build/LAN9253_D51_SQI_direct_mode/production/_ext/108134065/ecatfoe.o
                0x00005390                FOE_ServiceInd

.text._malloc_r%58
                0x00005818      0x438
 .text._malloc_r
                0x00005818      0x438 c:/program files (x86)/microchip/xc32/v2.30/bin/bin/../../lib/gcc/pic32c/6.2.1/../../../../pic32c/lib/v7e-m/fpv4-sp/hard\libc.a(lib_a-mallocr.o)
                0x00005818                _malloc_r

.text.SDOS_SdoInfoInd%59
                0x00005c50      0x434
 .text.SDOS_SdoInfoInd
                0x00005c50      0x434 build/LAN9253_D51_SQI_direct_mode/production/_ext/108134065/sdoserv.o
                0x00005c50                SDOS_SdoInfoInd

.text.SdoDownloadSegmentInd%60
                0x00006084      0x3b4
 .text.SdoDownloadSegmentInd
                0x00006084      0x3b4 build/LAN9253_D51_SQI_direct_mode/production/_ext/108134065/sdoserv.o

.text.CheckSmSettings%61
                0x00006438      0x3a4
 .text.CheckSmSettings
                0x00006438      0x3a4 build/LAN9253_D51_SQI_direct_mode/production/_ext/108134065/ecatslv.o
                0x00006438                CheckSmSettings

.rodata.asEntryDesc0x1601%62
                0x000067dc      0x308
 .rodata.asEntryDesc0x1601
                0x000067dc      0x308 build/LAN9253_D51_SQI_direct_mode/production/_ext/108134065/coeappl.o
                0x000067dc                asEntryDesc0x1601

.rodata.asEntryDesc0x1A00%63
                0x00006ae4      0x308
 .rodata.asEntryDesc0x1A00
                0x00006ae4      0x308 build/LAN9253_D51_SQI_direct_mode/production/_ext/108134065/coeappl.o
                0x00006ae4                asEntryDesc0x1A00

.rodata.asEntryDesc0x6000%64
                0x00006dec      0x308
 .rodata.asEntryDesc0x6000
                0x00006dec      0x308 build/LAN9253_D51_SQI_direct_mode/production/_ext/108134065/coeappl.o
                0x00006dec                asEntryDesc0x6000

.rodata.asEntryDesc0x7010%65
                0x000070f4      0x308
 .rodata.asEntryDesc0x7010
                0x000070f4      0x308 build/LAN9253_D51_SQI_direct_mode/production/_ext/108134065/coeappl.o
                0x000070f4                asEntryDesc0x7010

.text.AL_ControlRes%66
                0x000073fc      0x2bc
 .text.AL_ControlRes
                0x000073fc      0x2bc build/LAN9253_D51_SQI_direct_mode/production/_ext/108134065/ecatslv.o
                0x000073fc                AL_ControlRes

.text.SdoUploadSegmentInd%67
                0x000076b8      0x260
 .text.SdoUploadSegmentInd
                0x000076b8      0x260 build/LAN9253_D51_SQI_direct_mode/production/_ext/108134065/sdoserv.o

.text.SendSmFailedEmergency%68
                0x00007918      0x1e0
 .text.SendSmFailedEmergency
                0x00007918      0x1e0 build/LAN9253_D51_SQI_direct_mode/production/_ext/108134065/ecatslv.o
                0x00007918                SendSmFailedEmergency

.text.SdoRes%69
                0x00007af8      0x1bc
 .text.SdoRes   0x00007af8      0x1bc build/LAN9253_D51_SQI_direct_mode/production/_ext/108134065/sdoserv.o
                0x00007af8                SdoRes

.text.CheckSyncTypeValue%70
                0x00007cb4      0x1b4
 .text.CheckSyncTypeValue
                0x00007cb4      0x1b4 build/LAN9253_D51_SQI_direct_mode/production/_ext/108134065/objdef.o
                0x00007cb4                CheckSyncTypeValue

.text.ECAT_Main%71
                0x00007e68      0x1a8
 .text.ECAT_Main
                0x00007e68      0x1a8 build/LAN9253_D51_SQI_direct_mode/production/_ext/108134065/ecatslv.o
                0x00007e68                ECAT_Main

.text.OBJ_GetEntryOffset%72
                0x00008010      0x178
 .text.OBJ_GetEntryOffset
                0x00008010      0x178 build/LAN9253_D51_SQI_direct_mode/production/_ext/108134065/objdef.o
                0x00008010                OBJ_GetEntryOffset

.text._free_r%73
                0x00008188      0x178
 .text._free_r  0x00008188      0x178 c:/program files (x86)/microchip/xc32/v2.30/bin/bin/../../lib/gcc/pic32c/6.2.1/../../../../pic32c/lib/v7e-m/fpv4-sp/hard\libc.a(lib_a-freer.o)
                0x00008188                _free_r

.text.APPL_GenerateMapping%74
                0x00008300      0x174
 .text.APPL_GenerateMapping